02-16 14:28:56.773 E/WifiClientModeImpl[6737054:wlan0]( 2645): Failed to get mlo info
02-16 14:28:56.840 E/libsensor-displayalgo( 2260): value of coefs 5,850.073000,4.965174,-2.685090,1.640057,-4.685160, line 101
02-16 14:28:56.862 E/ActivityManagerWrapper( 4043): get all recent tasks force including -1
02-16 14:28:56.864 E/ActivityManagerWrapper( 4043): get all recent tasks force including -1
02-16 14:28:56.903 E/PowerKeeper.Thermal( 9694): ProcessInfo java.lang.NumberFormatException: For input string: "CPU usage from 101741ms to 83787ms ago (2026-02-16 14"
02-16 14:28:57.240 E/libsensor-displayalgo( 2260): value of coefs 5,850.073000,4.965174,-2.685090,1.640057,-4.685160, line 101
02-16 14:28:57.261 E/vendor.qti.hardware.perf-hal-service( 1460): ExtendedPerfBoost: extended_perfboost_verification() 738: Ok, set boost params. hintid=4225 hinttype=1 prio=3, clientpid=2645 packagename=com.pr4y.app.dev params=boost:1 cpu0:1958400 cpu4:2400000 cpumask:ff
02-16 14:28:57.262 E/PreStartUtils( 4043): preLaunchProcess success infoPackage: com.pr4y.app.dev
02-16 14:28:57.263 E/RotationHelper( 4043): setCurrentStateRequest: request=0
02-16 14:28:57.267 E/Zygote  (16000): process_name_ptr:16000 com.pr4y.app.dev
02-16 14:28:57.267 E/Zygote  (16000): SetMemoryProtected process_name_ptr:16000 com.pr4y.app.dev
02-16 14:28:57.327 E/ANDR-PERF-LM( 1460): MetaMeter: handleAsync() 166: AdaptLaunch Invalid Async
02-16 14:28:57.327 E/Launcher.application( 4043): setClickAppWaitForCallback = true
02-16 14:28:57.328 E/Launcher.application( 4043): setClickAppWaitForCallback = true
02-16 14:28:57.328 E/Launcher( 4043): superStartActivity   type=13
02-16 14:28:57.329 E/vendor.qti.hardware.perf-hal-service( 1460): ExtendedPerfBoost: extended_perfboost_verification() 738: Ok, set boost params. hintid=4226 hinttype=1 prio=2, clientpid=2645 packagename=com.miui.home params=boost:1 cpu0:1958400 cpu4:2400000 cpumask:ff
02-16 14:28:57.331 E/WindowManager( 2645): setClientVisible ActivityRecord{c32d362 u0 com.pr4y.app.dev/com.pr4y.app.MainActivity true
02-16 14:28:57.333 E/vendor.qti.hardware.perf-hal-service( 1460): ExtendedPerfBoost: extended_perfboost_verification() 738: Ok, set boost params. hintid=4225 hinttype=1 prio=3, clientpid=2645 packagename=com.pr4y.app.dev params=boost:1 cpu0:1958400 cpu4:2400000 cpumask:ff
02-16 14:28:57.334 E/ANDR-PERF-MPCTL( 1460): Perflock Submit request limit reached.
02-16 14:28:57.334 E/ANDR-PERF-LM( 1460): MetaMeter: handleAsync() 166: AdaptLaunch Invalid Async
02-16 14:28:57.334 E/ANDR-PERF-MPCTL( 1460): Perflock Submit request limit reached.
02-16 14:28:57.334 E/ANDR-PERF-JNI( 2645): com_qualcomm_qtiperformance_native_perf_io_prefetch_start
02-16 14:28:57.336 E/ANDR-PERF-LM( 1460): MetaMeter: handleAsync() 166: AdaptLaunch Invalid Async
02-16 14:28:57.336 E/ANDR-PERF-LM( 1460): MetaMeter: handleAsync() 166: AdaptLaunch Invalid Async
02-16 14:28:57.340 E/ANDR-PERF-MPCTL( 1460): Perflock Submit request limit reached.
02-16 14:28:57.340 E/ANDR-PERF-LM( 1460): MetaMeter: handleAsync() 166: AdaptLaunch Invalid Async
02-16 14:28:57.344 E/ANDR-IOP( 1444): io prefetch is disabled
02-16 14:28:57.345 E/ANDR-PERF-MPCTL( 1460): Perflock Submit request limit reached.
02-16 14:28:57.348 E/WindowManager( 2645): setClientVisible ActivityRecord{c32d362 u0 com.pr4y.app.dev/com.pr4y.app.MainActivity t190} true
02-16 14:28:57.353 E/ANDR-PERF-LM( 1460): MetaMeter: handleAsync() 166: AdaptLaunch Invalid Async
02-16 14:28:57.353 E/WindowManager( 2645): setClientVisible ActivityRecord{c32d362 u0 com.pr4y.app.dev/com.pr4y.app.MainActivity t190} true
02-16 14:28:57.365 E/HyperSentinel( 2645): -------------------------------------------------------
02-16 14:28:57.365 E/HyperSentinel( 2645): Event_ThreadAmount
02-16 14:28:57.365 E/HyperSentinel( 2645): -> audit event by proc 16000 "com.pr4y.app.dev": running threads amount, 0 -> 12
02-16 14:28:57.365 E/HyperSentinel( 2645): -------------------------------------------------------
02-16 14:28:57.365 E/HyperSentinel( 2645): Event_ResidentSize
02-16 14:28:57.365 E/HyperSentinel( 2645): -> audit event by proc 16000 "com.pr4y.app.dev": RSS increasement, peak 72440kb -> 108808kb
02-16 14:28:57.376 E/WindowManager( 2645): setClientVisible ActivityRecord{c32d362 u0 com.pr4y.app.dev/com.pr4y.app.MainActivity t190} true
02-16 14:28:57.384 E/KeyguardTransitionHandlerImpl( 4422): activityCount = 0
02-16 14:28:57.389 E/ANDR-PERF-MPCTL( 1460): Perflock Submit request limit reached.
02-16 14:28:57.390 E/WindowTransitionCompat( 4043): startAnimation isFastLaunch = false
02-16 14:28:57.391 E/WindowTransitionCompat( 4043): printLeash::index = 0, root = Surface(name=Transition Root #1245: Task=190#16594)/@0x9ca86cb
02-16 14:28:57.391 E/WindowTransitionCompat( 4043): 0, check isClosingType type = 1, mode = 1
02-16 14:28:57.391 E/WindowTransitionCompat( 4043): 1, check isClosingType type = 2, mode = 4
02-16 14:28:57.396 E/onWindowDecorRectChanged( 4422): start size:1
02-16 14:28:57.396 E/onWindowDecorRectChanged( 4422): windowDecorRect: Rect(535, 10 - 684, 128)
02-16 14:28:57.403 E/WindowAnimParamsProvider( 4043): getWindowTargetBounds    bounds=Rect(0, 0 - 1220, 2712)
02-16 14:28:57.403 E/ClipAnimationHelper( 4043): updateSourceStack  mSourceInsets=Rect(0, 0 - 0, 0), mSourceStackBounds=Rect(0, 0 - 1220, 2712)
02-16 14:28:57.403 E/ClipAnimationHelper( 4043): updateHomeStack  mSourceInsets=Rect(0, 0 - 0, 0), mHomeStackBounds=Rect(0, 0 - 1220, 2712)
02-16 14:28:57.403 E/ClipAnimationHelper( 4043): updateTargetRect  mSourceRect=RectF(0.0, 0.0, 1220.0, 2712.0)   mTargetRect=RectF(0.0, 0.0, 1220.0, 2712.0)   mSourceWindowClipInsets=RectF(0.0, 0.0, 0.0, 0.0)   mHomeStackBounds=Rect(0, 0 - 1220, 2712)   targetRect=Rect(0, 0 - 1220, 2712)
02-16 14:28:57.409 E/MultiSpringDynamicAnimationbfa9660( 4043): ERROR Not Found Bundle scaleY
02-16 14:28:57.409 E/Launcher.application( 4043): setClickAppWaitForCallback = false
02-16 14:28:57.422 E/MI-SF   ( 1606): surfaceflinger setAffinity success
02-16 14:28:57.422 E/MI-SF   ( 1606): surfaceflinger setAffinity success
02-16 14:28:57.424 E/ActivityManagerWrapper( 4043): get all recent tasks force including 190
02-16 14:28:57.427 E/ActivityManagerWrapper( 4043): getRecentTasksForceIncludingTaskIdIfValid: getRecentTasks: size=1
02-16 14:28:57.427 E/ActivityManagerWrapper( 4043):  mainTaskId=190   userId=0   windowMode=1   baseIntent=Intent { act=android.intent.action.MAIN flag=270532608 cmp=ComponentInfo{com.pr4y.app.dev/com.pr4y.app.MainActivity} }
02-16 14:28:57.429 E/BluetoothAdapterService( 5593): getActiveDevices: LeAudioService is null
02-16 14:28:57.436 E/NativeTurboSchedManagerJni( 2645): ioctl 8 failed!
02-16 14:28:57.454 E/ActivityManagerWrapper( 4043): get all recent tasks force including 190
02-16 14:28:57.457 E/ActivityManagerWrapper( 4043): getRecentTasksForceIncludingTaskIdIfValid: getRecentTasks: size=1
02-16 14:28:57.457 E/ActivityManagerWrapper( 4043):  mainTaskId=190   userId=0   windowMode=1   baseIntent=Intent { act=android.intent.action.MAIN flag=270532608 cmp=ComponentInfo{com.pr4y.app.dev/com.pr4y.app.MainActivity} }
02-16 14:28:57.540 E/libsensor-displayalgo( 2260): value of coefs 5,850.073000,4.965174,-2.685090,1.640057,-4.685160, line 101
02-16 14:28:57.607 E/HyperSentinel( 2645): -------------------------------------------------------
02-16 14:28:57.607 E/HyperSentinel( 2645): Event_ResidentSize
02-16 14:28:57.607 E/HyperSentinel( 2645): -> audit event by proc 16000 "com.pr4y.app.dev": RSS increasement, peak 108808kb -> 163528kb
02-16 14:28:57.840 E/libsensor-displayalgo( 2260): value of coefs 5,850.073000,4.965174,-2.685090,1.640057,-4.685160, line 101
02-16 14:28:57.957 I/PR4Y_DEBUG(16000): Pr4yApp.onCreate|pkg=com.pr4y.app.dev|pid=16000|uid=10319|userId=0|hypothesisId=H1,H5
02-16 14:28:57.992 E/HyperSentinel( 2645): -------------------------------------------------------
02-16 14:28:57.993 E/HyperSentinel( 2645): Event_ThreadAmount
02-16 14:28:57.993 E/HyperSentinel( 2645): -> audit event by proc 16000 "com.pr4y.app.dev": running threads amount, 12 -> 23
02-16 14:28:58.031 I/PR4Y_DEBUG(16000): MainActivity.onCreate start|pkg=com.pr4y.app.dev
02-16 14:28:58.094 E/HyperSentinel( 2645): -------------------------------------------------------
02-16 14:28:58.094 E/HyperSentinel( 2645): Event_ResidentSize
02-16 14:28:58.094 E/HyperSentinel( 2645): -> audit event by proc 16000 "com.pr4y.app.dev": RSS increasement, peak 163528kb -> 245668kb
02-16 14:28:58.102 E/FramePredict(16000): registerContentObserver fail
02-16 14:28:58.116 E/PowerKeeper.Thermal( 9694): ProcessInfo java.lang.NumberFormatException: For input string: "CPU usage from 102952ms to 84998ms ago (2026-02-16 14"
02-16 14:28:58.140 E/libsensor-displayalgo( 2260): value of coefs 5,850.073000,4.965174,-2.685090,1.640057,-4.685160, line 101
02-16 14:28:58.169 E/WindowTransitionCompat( 4043): com.android.systemui.shared.recents.system.WindowTransitionCompat@b65a287 finishTransition toHome = false
02-16 14:28:58.178 E/WindowManager( 2645): setClientVisible ActivityRecord{659c16e u0 com.miui.home/.launcher.Launcher t2} false
02-16 14:28:58.179 E/WindowManager( 2645): setClientVisible WallpaperWindowToken{986b648 token=android.os.Binder@1f9a8eb} false
02-16 14:28:58.179 E/WindowManager( 2645): setClientVisible WallpaperWindowToken{cf9eac9 token=android.os.Binder@fc09382} false
02-16 14:28:58.180 E/MI-SF   ( 1606): surfaceflinger setAffinity success
02-16 14:28:58.193 E/WindowManager( 2645): setClientVisible WallpaperWindowToken{cf9eac9 token=android.os.Binder@fc09382} false
02-16 14:28:58.193 E/WindowManager( 2645): setClientVisible WallpaperWindowToken{986b648 token=android.os.Binder@1f9a8eb} false
02-16 14:28:58.193 E/WindowManager( 2645): setClientVisible WallpaperWindowToken{cf9eac9 token=android.os.Binder@fc09382} false
02-16 14:28:58.193 E/WindowManager( 2645): setClientVisible WallpaperWindowToken{986b648 token=android.os.Binder@1f9a8eb} false
02-16 14:28:58.197 E/WindowManager( 2645): setClientVisible WallpaperWindowToken{cf9eac9 token=android.os.Binder@fc09382} false
02-16 14:28:58.197 E/WindowManager( 2645): setClientVisible WallpaperWindowToken{986b648 token=android.os.Binder@1f9a8eb} false
02-16 14:28:58.204 E/NativeTurboSchedManagerJni( 2645): ioctl 8 failed!
02-16 14:28:58.214 E/ActivityManagerWrapper( 4043): get all recent tasks force including 190
02-16 14:28:58.216 E/ActivityManagerWrapper( 4043): getRecentTasksForceIncludingTaskIdIfValid: getRecentTasks: size=1
02-16 14:28:58.216 E/ActivityManagerWrapper( 4043):  mainTaskId=190   userId=0   windowMode=1   baseIntent=Intent { act=android.intent.action.MAIN flag=270532608 cmp=ComponentInfo{com.pr4y.app.dev/com.pr4y.app.MainActivity} }
02-16 14:28:58.380 E/ANDR-PERF-LM( 1460): VmRssMeter:: start() 358: Could not find pid, can not collect vmrss data
02-16 14:28:58.381 E/LB      (16000): fail to open node: No such file or directory
02-16 14:28:58.383 E/ANDR-PERF-LM( 1460): VmRssMeter:: start() 358: Could not find pid, can not collect vmrss data
02-16 14:28:58.383 E/ANDR-PERF-LM( 1460): AdaptiveLaunch: writeToDataBase() 64: Meter aborted or could not get meter data for this run
02-16 14:28:58.416 E/Launcher.application( 4043): setClickAppWaitForCallback = false
02-16 14:28:58.425 E/LB      (16000): fail to open node: No such file or directory
02-16 14:28:58.434 E/LB      (16000): fail to open node: No such file or directory
02-16 14:28:58.440 E/libsensor-displayalgo( 2260): value of coefs 5,850.073000,4.965174,-2.685090,1.640057,-4.685160, line 101
02-16 14:28:58.444 E/LB      (16000): fail to open node: No such file or directory
02-16 14:28:58.450 E/LB      (16000): fail to open node: No such file or directory
02-16 14:28:58.458 E/LB      (16000): fail to open node: No such file or directory
02-16 14:28:58.464 E/LB      (16000): fail to open node: No such file or directory
02-16 14:28:58.476 E/LB      (16000): fail to open node: No such file or directory
02-16 14:28:58.481 E/LB      (16000): fail to open node: No such file or directory
02-16 14:28:58.488 E/LB      (16000): fail to open node: No such file or directory
02-16 14:28:58.496 E/LB      (16000): fail to open node: No such file or directory
02-16 14:28:58.505 E/LB      (16000): fail to open node: No such file or directory
02-16 14:28:58.513 E/LB      (16000): fail to open node: No such file or directory
02-16 14:28:58.522 E/LB      (16000): fail to open node: No such file or directory
02-16 14:28:58.530 E/LB      (16000): fail to open node: No such file or directory
02-16 14:28:58.539 E/LB      (16000): fail to open node: No such file or directory
02-16 14:28:58.547 E/LB      (16000): fail to open node: No such file or directory
02-16 14:28:58.554 E/LB      (16000): fail to open node: No such file or directory
02-16 14:28:58.564 E/LB      (16000): fail to open node: No such file or directory
02-16 14:28:58.572 E/LB      (16000): fail to open node: No such file or directory
02-16 14:28:58.580 E/LB      (16000): fail to open node: No such file or directory
02-16 14:28:58.590 E/LB      (16000): fail to open node: No such file or directory
02-16 14:28:58.597 E/LB      (16000): fail to open node: No such file or directory
02-16 14:28:58.599 E/minksocket( 1308): MinkIPC_QRTR_Service: client with node 1 port 701e went down
02-16 14:28:58.605 E/LB      (16000): fail to open node: No such file or directory
02-16 14:28:58.618 E/LB      (16000): fail to open node: No such file or directory
02-16 14:28:58.623 E/LB      (16000): fail to open node: No such file or directory
02-16 14:28:58.630 E/LB      (16000): fail to open node: No such file or directory
02-16 14:28:58.638 E/LB      (16000): fail to open node: No such file or directory
02-16 14:28:58.647 E/LB      (16000): fail to open node: No such file or directory
02-16 14:28:58.655 E/LB      (16000): fail to open node: No such file or directory
02-16 14:28:58.663 E/LB      (16000): fail to open node: No such file or directory
02-16 14:28:58.672 E/LB      (16000): fail to open node: No such file or directory
02-16 14:28:58.680 E/LB      (16000): fail to open node: No such file or directory
02-16 14:28:58.689 E/LB      (16000): fail to open node: No such file or directory
02-16 14:28:58.691 I/PR4Y_APP(16000): --- Iniciando B├║nker PR4Y (Async) ---
02-16 14:28:58.693 I/PR4Y_CRYPTO(16000): Inicializando almac├⌐n de hardware (Intento 1)...
02-16 14:28:58.700 E/LB      (16000): fail to open node: No such file or directory
02-16 14:28:58.708 E/LB      (16000): fail to open node: No such file or directory
02-16 14:28:58.714 E/LB      (16000): fail to open node: No such file or directory
02-16 14:28:58.722 E/LB      (16000): fail to open node: No such file or directory
02-16 14:28:58.732 E/LB      (16000): fail to open node: No such file or directory
02-16 14:28:58.740 E/libsensor-displayalgo( 2260): value of coefs 5,850.073000,4.965174,-2.685090,1.640057,-4.685160, line 101
02-16 14:28:58.742 E/LB      (16000): fail to open node: No such file or directory
02-16 14:28:58.750 E/LB      (16000): fail to open node: No such file or directory
02-16 14:28:58.760 E/LB      (16000): fail to open node: No such file or directory
02-16 14:28:58.768 E/LB      (16000): fail to open node: No such file or directory
02-16 14:28:58.776 E/LB      (16000): fail to open node: No such file or directory
02-16 14:28:58.784 E/LB      (16000): fail to open node: No such file or directory
02-16 14:28:58.790 E/LB      (16000): fail to open node: No such file or directory
02-16 14:28:58.798 E/LB      (16000): fail to open node: No such file or directory
02-16 14:28:58.806 E/LB      (16000): fail to open node: No such file or directory
02-16 14:28:58.810 E/msys    (12725): E[N mns]_OnDiskCacheGetData(632)=>Start post callback cache refresh DNS resolution
02-16 14:28:58.815 E/msys    (12725): E[N mns]_LogError(228)=>Failed to resolve using system DNS resolver, getaddrinfo(): No address associated with hostname
02-16 14:28:58.815 E/msys    (12725): E[N mns]_OnDiskCacheGetData(632)=>Start post callback cache refresh DNS resolution
02-16 14:28:58.817 E/LB      (16000): fail to open node: No such file or directory
02-16 14:28:58.819 E/KeymasterUtils(  866): rsp_header->status: -28
02-16 14:28:58.819 E/KeyMasterHalDevice(  866): abort_operation
02-16 14:28:58.819 E/KeyMasterHalDevice(  866): ret: -28
02-16 14:28:58.819 E/msys    (12725): E[N mns]_LogError(228)=>Failed to resolve using system DNS resolver, getaddrinfo(): No address associated with hostname
02-16 14:28:58.825 E/LB      (16000): fail to open node: No such file or directory
02-16 14:28:58.830 E/LB      (16000): fail to open node: No such file or directory
02-16 14:28:58.835 E/KeymasterUtils(  866): rsp_header->status: -28
02-16 14:28:58.835 E/KeyMasterHalDevice(  866): abort_operation
02-16 14:28:58.835 E/KeyMasterHalDevice(  866): ret: -28
02-16 14:28:58.838 E/LB      (16000): fail to open node: No such file or directory
02-16 14:28:58.846 E/LB      (16000): fail to open node: No such file or directory
02-16 14:28:58.855 E/KeymasterUtils(  866): rsp_header->status: -28
02-16 14:28:58.855 E/KeyMasterHalDevice(  866): abort_operation
02-16 14:28:58.855 E/KeyMasterHalDevice(  866): ret: -28
02-16 14:28:58.855 E/LB      (16000): fail to open node: No such file or directory
02-16 14:28:58.862 E/LB      (16000): fail to open node: No such file or directory
02-16 14:28:58.871 E/LB      (16000): fail to open node: No such file or directory
02-16 14:28:58.872 E/KeymasterUtils(  866): rsp_header->status: -28
02-16 14:28:58.872 E/KeyMasterHalDevice(  866): abort_operation
02-16 14:28:58.872 E/KeyMasterHalDevice(  866): ret: -28
02-16 14:28:58.879 E/LB      (16000): fail to open node: No such file or directory
02-16 14:28:58.884 E/KeymasterUtils(  866): rsp_header->status: -28
02-16 14:28:58.884 E/KeyMasterHalDevice(  866): abort_operation
02-16 14:28:58.884 E/KeyMasterHalDevice(  866): ret: -28
02-16 14:28:58.888 E/LB      (16000): fail to open node: No such file or directory
02-16 14:28:58.896 E/LB      (16000): fail to open node: No such file or directory
02-16 14:28:58.898 E/KeymasterUtils(  866): rsp_header->status: -28
02-16 14:28:58.898 E/KeyMasterHalDevice(  866): abort_operation
02-16 14:28:58.898 E/KeyMasterHalDevice(  866): ret: -28
02-16 14:28:58.904 I/PR4Y_CRYPTO(16000): Almac├⌐n cifrado listo.
02-16 14:28:58.905 E/LB      (16000): fail to open node: No such file or directory
02-16 14:28:58.913 E/LB      (16000): fail to open node: No such file or directory
02-16 14:28:58.921 E/LB      (16000): fail to open node: No such file or directory
02-16 14:28:58.926 E/KeymasterUtils(  866): rsp_header->status: -28
02-16 14:28:58.926 E/KeyMasterHalDevice(  866): abort_operation
02-16 14:28:58.926 E/KeyMasterHalDevice(  866): ret: -28
02-16 14:28:58.930 E/LB      (16000): fail to open node: No such file or directory
02-16 14:28:58.938 E/LB      (16000): fail to open node: No such file or directory
02-16 14:28:58.940 E/KeymasterUtils(  866): rsp_header->status: -28
02-16 14:28:58.940 E/KeyMasterHalDevice(  866): abort_operation
02-16 14:28:58.940 E/KeyMasterHalDevice(  866): ret: -28
02-16 14:28:58.946 E/LB      (16000): fail to open node: No such file or directory
02-16 14:28:58.954 E/LB      (16000): fail to open node: No such file or directory
02-16 14:28:58.955 E/KeymasterUtils(  866): rsp_header->status: -28
02-16 14:28:58.955 E/KeyMasterHalDevice(  866): abort_operation
02-16 14:28:58.955 E/KeyMasterHalDevice(  866): ret: -28
02-16 14:28:58.963 E/LB      (16000): fail to open node: No such file or directory
02-16 14:28:58.970 E/KeymasterUtils(  866): rsp_header->status: -28
02-16 14:28:58.971 E/KeyMasterHalDevice(  866): abort_operation
02-16 14:28:58.971 E/KeyMasterHalDevice(  866): ret: -28
02-16 14:28:58.971 E/LB      (16000): fail to open node: No such file or directory
02-16 14:28:58.979 E/LB      (16000): fail to open node: No such file or directory
02-16 14:28:58.985 E/KeymasterUtils(  866): rsp_header->status: -28
02-16 14:28:58.985 E/KeyMasterHalDevice(  866): abort_operation
02-16 14:28:58.985 E/KeyMasterHalDevice(  866): ret: -28
02-16 14:28:58.988 E/LB      (16000): fail to open node: No such file or directory
02-16 14:28:58.996 E/LB      (16000): fail to open node: No such file or directory
02-16 14:28:58.999 E/KeymasterUtils(  866): rsp_header->status: -28
02-16 14:28:58.999 E/KeyMasterHalDevice(  866): abort_operation
02-16 14:28:58.999 E/KeyMasterHalDevice(  866): ret: -28
02-16 14:28:59.002 I/PR4Y_APP(16000): Login status: true
02-16 14:28:59.006 E/LB      (16000): fail to open node: No such file or directory
02-16 14:28:59.015 E/LB      (16000): fail to open node: No such file or directory
02-16 14:28:59.022 E/LB      (16000): fail to open node: No such file or directory
02-16 14:28:59.031 E/LB      (16000): fail to open node: No such file or directory
02-16 14:28:59.039 E/libsensor-displayalgo( 2260): value of coefs 5,850.073000,4.965174,-2.685090,1.640057,-4.685160, line 101
02-16 14:28:59.039 E/LB      (16000): fail to open node: No such file or directory
02-16 14:28:59.040 I/PR4Y_DEBUG(16000): initBunker finalized|isReady=true|repo=true
02-16 14:28:59.095 E/KeymasterUtils(  866): rsp_header->status: -28
02-16 14:28:59.095 E/KeyMasterHalDevice(  866): abort_operation
02-16 14:28:59.095 E/KeyMasterHalDevice(  866): ret: -28
02-16 14:28:59.110 E/KeymasterUtils(  866): rsp_header->status: -28
02-16 14:28:59.110 E/KeyMasterHalDevice(  866): abort_operation
02-16 14:28:59.110 E/KeyMasterHalDevice(  866): ret: -28
02-16 14:28:59.124 E/KeymasterUtils(  866): rsp_header->status: -28
02-16 14:28:59.124 E/KeyMasterHalDevice(  866): abort_operation
02-16 14:28:59.124 E/KeyMasterHalDevice(  866): ret: -28
02-16 14:28:59.143 E/KeymasterUtils(  866): rsp_header->status: -28
02-16 14:28:59.143 E/KeyMasterHalDevice(  866): abort_operation
02-16 14:28:59.143 E/KeyMasterHalDevice(  866): ret: -28
02-16 14:28:59.160 E/KeymasterUtils(  866): rsp_header->status: -28
02-16 14:28:59.160 E/KeyMasterHalDevice(  866): abort_operation
02-16 14:28:59.160 E/KeyMasterHalDevice(  866): ret: -28
02-16 14:28:59.182 E/KeymasterUtils(  866): rsp_header->status: -28
02-16 14:28:59.182 E/KeyMasterHalDevice(  866): abort_operation
02-16 14:28:59.182 E/KeyMasterHalDevice(  866): ret: -28
02-16 14:28:59.207 E/KeymasterUtils(  866): rsp_header->status: -28
02-16 14:28:59.207 E/KeyMasterHalDevice(  866): abort_operation
02-16 14:28:59.207 E/KeyMasterHalDevice(  866): ret: -28
02-16 14:28:59.226 E/KeymasterUtils(  866): rsp_header->status: -28
02-16 14:28:59.226 E/KeyMasterHalDevice(  866): abort_operation
02-16 14:28:59.226 E/KeyMasterHalDevice(  866): ret: -28
02-16 14:28:59.239 E/libsensor-displayalgo( 2260): value of coefs 5,850.073000,4.965174,-2.685090,1.640057,-4.685160, line 101
02-16 14:28:59.244 E/KeymasterUtils(  866): rsp_header->status: -28
02-16 14:28:59.244 E/KeyMasterHalDevice(  866): abort_operation
02-16 14:28:59.244 E/KeyMasterHalDevice(  866): ret: -28
02-16 14:28:59.263 E/KeymasterUtils(  866): rsp_header->status: -28
02-16 14:28:59.264 E/KeyMasterHalDevice(  866): abort_operation
02-16 14:28:59.264 E/KeyMasterHalDevice(  866): ret: -28
02-16 14:28:59.292 E/KeymasterUtils(  866): rsp_header->status: -28
02-16 14:28:59.292 E/KeyMasterHalDevice(  866): abort_operation
02-16 14:28:59.292 E/KeyMasterHalDevice(  866): ret: -28
02-16 14:28:59.298 E/KeymasterUtils(  866): rsp_header->status: -28
02-16 14:28:59.298 E/KeyMasterHalDevice(  866): abort_operation
02-16 14:28:59.298 E/KeyMasterHalDevice(  866): ret: -28
02-16 14:28:59.348 E/LB      (16000): fail to open node: No such file or directory
02-16 14:28:59.361 I/PR4Y_NETWORK(16000): --> GET https://pr4yapi-production.up.railway.app/v1/crypto/wrapped-dek
02-16 14:28:59.361 I/PR4Y_NETWORK(16000): Authorization: Bearer eyJhbGciOiJIUzI1NiIsInR5cCI6IkpXVCJ9.eyJzdWIiOiIwYWQ4OGFiYi1mYjQwLTQ1ZjAtOTI5MC1kNGZlODE4MDljMDciLCJlbWFpbCI6ImhlcnJlcmEuamFyYS5jcmlzdG9iYWxAZ21haWwuY29tIiwicm9sZSI6InVzZXIiLCJpYXQiOjE3NzEyNjI4NTYsImV4cCI6MTc3MTI2Mzc1Nn0.2U-tjoSfzOBJWXTK3tudzH6TOlkjPXidr47I1PMHom8
02-16 14:28:59.361 I/PR4Y_NETWORK(16000): --> END GET
02-16 14:28:59.372 E/LB      (16000): fail to open node: No such file or directory
02-16 14:28:59.379 E/LB      (16000): fail to open node: No such file or directory
02-16 14:28:59.388 E/LB      (16000): fail to open node: No such file or directory
02-16 14:28:59.396 E/LB      (16000): fail to open node: No such file or directory
02-16 14:28:59.406 E/LB      (16000): fail to open node: No such file or directory
02-16 14:28:59.413 E/LB      (16000): fail to open node: No such file or directory
02-16 14:28:59.422 E/LB      (16000): fail to open node: No such file or directory
02-16 14:28:59.430 E/LB      (16000): fail to open node: No such file or directory
02-16 14:28:59.439 E/LB      (16000): fail to open node: No such file or directory
02-16 14:28:59.441 E/libsensor-displayalgo( 2260): value of coefs 5,850.073000,4.965174,-2.685090,1.640057,-4.685160, line 101
02-16 14:28:59.447 E/LB      (16000): fail to open node: No such file or directory
02-16 14:28:59.455 E/LB      (16000): fail to open node: No such file or directory
02-16 14:28:59.463 E/LB      (16000): fail to open node: No such file or directory
02-16 14:28:59.472 E/LB      (16000): fail to open node: No such file or directory
02-16 14:28:59.480 E/LB      (16000): fail to open node: No such file or directory
02-16 14:28:59.488 E/LB      (16000): fail to open node: No such file or directory
02-16 14:28:59.497 E/LB      (16000): fail to open node: No such file or directory
02-16 14:28:59.505 E/LB      (16000): fail to open node: No such file or directory
02-16 14:28:59.514 E/LB      (16000): fail to open node: No such file or directory
02-16 14:28:59.524 E/LB      (16000): fail to open node: No such file or directory
02-16 14:28:59.532 E/LB      (16000): fail to open node: No such file or directory
02-16 14:28:59.539 E/LB      (16000): fail to open node: No such file or directory
02-16 14:28:59.548 E/LB      (16000): fail to open node: No such file or directory
02-16 14:28:59.556 E/LB      (16000): fail to open node: No such file or directory
02-16 14:28:59.563 E/LB      (16000): fail to open node: No such file or directory
02-16 14:28:59.649 E/msys    (12725): E[N mns]_OnDiskCacheGetData(632)=>Start post callback cache refresh DNS resolution
02-16 14:28:59.655 E/msys    (12725): E[N mns]_LogError(228)=>Failed to resolve using system DNS resolver, getaddrinfo(): No address associated with hostname
02-16 14:28:59.719 E/msys    (12725): E[N mns]_OnDiskCacheGetData(632)=>Start post callback cache refresh DNS resolution
02-16 14:28:59.728 E/msys    (12725): E[N mns]_LogError(228)=>Failed to resolve using system DNS resolver, getaddrinfo(): No address associated with hostname
02-16 14:28:59.740 E/libsensor-displayalgo( 2260): value of coefs 5,850.073000,4.965174,-2.685090,1.640057,-4.685160, line 101
02-16 14:28:59.785 E/WifiClientModeImpl[6737054:wlan0]( 2645): Failed to get mlo info
02-16 14:29:00.029 E/AnimationHelper( 4422): updateTime mToAod:false mHasNotification: true, mClockType: classic
02-16 14:29:00.040 E/libsensor-displayalgo( 2260): value of coefs 5,850.073000,4.965174,-2.685090,1.640057,-4.685160, line 101
02-16 14:29:00.220 I/PR4Y_NETWORK(16000): <-- 200 https://pr4yapi-production.up.railway.app/v1/crypto/wrapped-dek (859ms)
02-16 14:29:00.220 I/PR4Y_NETWORK(16000): access-control-allow-credentials: true
02-16 14:29:00.220 I/PR4Y_NETWORK(16000): content-type: application/json; charset=utf-8
02-16 14:29:00.220 I/PR4Y_NETWORK(16000): cross-origin-opener-policy: same-origin
02-16 14:29:00.220 I/PR4Y_NETWORK(16000): cross-origin-resource-policy: same-origin
02-16 14:29:00.220 I/PR4Y_NETWORK(16000): date: Mon, 16 Feb 2026 17:29:00 GMT
02-16 14:29:00.220 I/PR4Y_NETWORK(16000): origin-agent-cluster: ?1
02-16 14:29:00.220 I/PR4Y_NETWORK(16000): referrer-policy: no-referrer
02-16 14:29:00.220 I/PR4Y_NETWORK(16000): server: railway-edge
02-16 14:29:00.220 I/PR4Y_NETWORK(16000): strict-transport-security: max-age=31536000; includeSubDomains
02-16 14:29:00.220 I/PR4Y_NETWORK(16000): vary: Origin
02-16 14:29:00.220 I/PR4Y_NETWORK(16000): x-content-type-options: nosniff
02-16 14:29:00.220 I/PR4Y_NETWORK(16000): x-dns-prefetch-control: off
02-16 14:29:00.220 I/PR4Y_NETWORK(16000): x-download-options: noopen
02-16 14:29:00.220 I/PR4Y_NETWORK(16000): x-frame-options: SAMEORIGIN
02-16 14:29:00.220 I/PR4Y_NETWORK(16000): x-permitted-cross-domain-policies: none
02-16 14:29:00.220 I/PR4Y_NETWORK(16000): x-railway-edge: railway/us-east4-eqdc4a
02-16 14:29:00.220 I/PR4Y_NETWORK(16000): x-railway-request-id: B9a-R_ozRFiI6RGlezItjw
02-16 14:29:00.220 I/PR4Y_NETWORK(16000): x-ratelimit-limit: 300
02-16 14:29:00.220 I/PR4Y_NETWORK(16000): x-ratelimit-remaining: 298
02-16 14:29:00.220 I/PR4Y_NETWORK(16000): x-ratelimit-reset: 50
02-16 14:29:00.220 I/PR4Y_NETWORK(16000): x-xss-protection: 0
02-16 14:29:00.220 I/PR4Y_NETWORK(16000): content-length: 173
02-16 14:29:00.221 I/PR4Y_NETWORK(16000): 
02-16 14:29:00.222 I/PR4Y_NETWORK(16000): {"kdf":{"name":"pbkdf2","params":{},"saltB64":"H+5tnRsZxllcKf31/RCSzQ=="},"wrappedDekB64":"M96me2KtcxcpfFNeTuIAUgG0bc0Iqe6fT9O5FHQVPCUqdJ5Ot7R4f1dLyNP+xCdaebaVt6rZ0r8oaK32"}
02-16 14:29:00.222 I/PR4Y_NETWORK(16000): <-- END HTTP (173-byte body)
02-16 14:29:00.222 I/PR4Y_NETWORK(16000): HTTP SUCCESS 200: https://pr4yapi-production.up.railway.app/v1/crypto/wrapped-dek
02-16 14:29:00.288 E/msys    (12725): E[N mns]_OnDiskCacheGetData(632)=>Start post callback cache refresh DNS resolution
02-16 14:29:00.300 E/msys    (12725): E[N mns]_LogError(228)=>Failed to resolve using system DNS resolver, getaddrinfo(): No address associated with hostname
02-16 14:29:00.444 E/libsensor-displayalgo( 2260): value of coefs 5,850.073000,4.965174,-2.685090,1.640057,-4.685160, line 101
02-16 14:29:00.479 E/PowerKeeper.Thermal( 9694): ProcessInfo java.lang.NumberFormatException: For input string: "CPU usage from 105309ms to 87355ms ago (2026-02-16 14"
02-16 14:29:01.443 E/libsensor-displayalgo( 2260): value of coefs 5,850.073000,4.965174,-2.685090,1.640057,-4.685160, line 101
02-16 14:29:01.541 E/libsensor-displayalgo( 2260): value of coefs 5,850.073000,4.965174,-2.685090,1.640057,-4.685160, line 101
02-16 14:29:01.542 E/libsensor-displayalgo( 2260): value of coefs 5,850.073000,4.965174,-2.685090,1.640057,-4.685160, line 101
02-16 14:29:01.544 E/libsensor-displayalgo( 2260): value of coefs 5,850.073000,4.965174,-2.685090,1.640057,-4.685160, line 101
02-16 14:29:01.643 E/libsensor-displayalgo( 2260): value of coefs 5,850.073000,4.965174,-2.685090,1.640057,-4.685160, line 101
02-16 14:29:01.798 E/sensors-hal( 1397): handle_sns_client_event:57, har-sensor-hal: time=60362632598994 data 0.000000
02-16 14:29:01.887 E/RTMode  ( 2645): pkgName: com.pr4y.app.dev has no permission
02-16 14:29:01.890 E/RTMode  ( 2645): pkgName: com.pr4y.app.dev has no permission
02-16 14:29:01.892 E/RTMode  ( 2645): pkgName: com.pr4y.app.dev has no permission
02-16 14:29:01.895 E/RTMode  ( 2645): pkgName: com.pr4y.app.dev has no permission
02-16 14:29:01.899 E/RTMode  ( 2645): pkgName: com.pr4y.app.dev has no permission
02-16 14:29:01.903 E/RTMode  ( 2645): pkgName: com.pr4y.app.dev has no permission
02-16 14:29:01.907 E/RTMode  ( 2645): pkgName: com.pr4y.app.dev has no permission
02-16 14:29:01.911 E/RTMode  ( 2645): pkgName: com.pr4y.app.dev has no permission
02-16 14:29:01.915 E/RTMode  ( 2645): pkgName: com.pr4y.app.dev has no permission
02-16 14:29:01.919 E/RTMode  ( 2645): pkgName: com.pr4y.app.dev has no permission
02-16 14:29:01.923 E/RTMode  ( 2645): pkgName: com.pr4y.app.dev has no permission
02-16 14:29:01.928 E/RTMode  ( 2645): pkgName: com.pr4y.app.dev has no permission
02-16 14:29:01.932 E/RTMode  ( 2645): pkgName: com.pr4y.app.dev has no permission
02-16 14:29:01.936 E/RTMode  ( 2645): pkgName: com.pr4y.app.dev has no permission
02-16 14:29:01.942 E/RTMode  ( 2645): pkgName: com.pr4y.app.dev has no permission
02-16 14:29:01.945 E/RTMode  ( 2645): pkgName: com.pr4y.app.dev has no permission
02-16 14:29:01.948 E/RTMode  ( 2645): pkgName: com.pr4y.app.dev has no permission
02-16 14:29:01.952 E/RTMode  ( 2645): pkgName: com.pr4y.app.dev has no permission
02-16 14:29:01.958 E/RTMode  ( 2645): pkgName: com.pr4y.app.dev has no permission
02-16 14:29:01.960 E/RTMode  ( 2645): pkgName: com.pr4y.app.dev has no permission
02-16 14:29:01.964 E/RTMode  ( 2645): pkgName: com.pr4y.app.dev has no permission
02-16 14:29:01.968 E/RTMode  ( 2645): pkgName: com.pr4y.app.dev has no permission
02-16 14:29:01.973 E/RTMode  ( 2645): pkgName: com.pr4y.app.dev has no permission
02-16 14:29:01.974 E/minksocket( 1308): MinkIPC_QRTR_Service: client with node 1 port 705c went down
02-16 14:29:01.977 E/minksocket( 1308): MinkIPC_QRTR_Service: client with node 1 port 705d went down
02-16 14:29:01.977 E/minksocket( 1308): MinkIPC_QRTR_Service: client with node 1 port 705e went down
02-16 14:29:01.978 E/RTMode  ( 2645): pkgName: com.pr4y.app.dev has no permission
02-16 14:29:01.980 E/minksocket( 1308): MinkIPC_QRTR_Service: client with node 1 port 705f went down
02-16 14:29:01.981 E/RTMode  ( 2645): pkgName: com.pr4y.app.dev has no permission
02-16 14:29:01.984 E/RTMode  ( 2645): pkgName: com.pr4y.app.dev has no permission
02-16 14:29:01.989 E/RTMode  ( 2645): pkgName: com.pr4y.app.dev has no permission
02-16 14:29:02.001 E/RTMode  ( 2645): pkgName: com.pr4y.app.dev has no permission
02-16 14:29:02.043 E/libsensor-displayalgo( 2260): value of coefs 5,850.073000,4.965174,-2.685090,1.640057,-4.685160, line 101
02-16 14:29:02.243 E/libsensor-displayalgo( 2260): value of coefs 5,850.073000,4.965174,-2.685090,1.640057,-4.685160, line 101
02-16 14:29:02.372 E/ActivityThread( 4043): Failed to find provider info for com.miui.personalassistant.servicedeliver.system.provider
02-16 14:29:02.373 E/ServiceDeliveryCompat( 4043): isSupportServiceDelivery
02-16 14:29:02.373 E/ServiceDeliveryCompat( 4043): java.lang.IllegalArgumentException: Unknown authority com.miui.personalassistant.servicedeliver.system.provider
02-16 14:29:02.373 E/ServiceDeliveryCompat( 4043): 	at android.content.ContentResolver.call(ContentResolver.java:2466)
02-16 14:29:02.373 E/ServiceDeliveryCompat( 4043): 	at android.content.ContentResolver.call(ContentResolver.java:2449)
02-16 14:29:02.373 E/ServiceDeliveryCompat( 4043): 	at com.miui.home.launcher.servicedeliver.ServiceDeliveryUtils.isSupportServiceDelivery(ServiceDeliveryUtils.kt:28)
02-16 14:29:02.373 E/ServiceDeliveryCompat( 4043): 	at com.miui.home.launcher.servicedeliver.ServiceDeliveryReplaceHelper.lambda$tryReplaceToServiceDelivery$1(ServiceDeliveryReplaceHelper.java:67)
02-16 14:29:02.373 E/ServiceDeliveryCompat( 4043): 	at com.miui.home.launcher.servicedeliver.ServiceDeliveryReplaceHelper.$r8$lambda$WUWmthv-UjITX40FJ8ag1YKl6O8(Unknown Source:0)
02-16 14:29:02.373 E/ServiceDeliveryCompat( 4043): 	at com.miui.home.launcher.servicedeliver.ServiceDeliveryReplaceHelper$$ExternalSyntheticLambda1.run(Unknown Source:2)
02-16 14:29:02.373 E/ServiceDeliveryCompat( 4043): 	at java.util.concurrent.Executors$RunnableAdapter.call(Executors.java:520)
02-16 14:29:02.373 E/ServiceDeliveryCompat( 4043): 	at java.util.concurrent.FutureTask.run(FutureTask.java:317)
02-16 14:29:02.373 E/ServiceDeliveryCompat( 4043): 	at java.util.concurrent.ThreadPoolExecutor.runWorker(ThreadPoolExecutor.java:1154)
02-16 14:29:02.373 E/ServiceDeliveryCompat( 4043): 	at java.util.concurrent.ThreadPoolExecutor$Worker.run(ThreadPoolExecutor.java:652)
02-16 14:29:02.373 E/ServiceDeliveryCompat( 4043): 	at java.lang.Thread.run(Thread.java:1563)
02-16 14:29:02.562 E/RTMode  ( 2645): pkgName: com.pr4y.app.dev has no permission
02-16 14:29:02.641 E/libsensor-displayalgo( 2260): value of coefs 5,850.073000,4.965174,-2.685090,1.640057,-4.685160, line 101
02-16 14:29:02.742 E/com.whatsapp(19032): hiddenapi: Accessing hidden field Landroid/app/Notification;->extraNotification:Landroid/app/MiuiNotification; (runtime_flags=0, domain=platform, api=blocked) from LX/9o5; (domain=app, TargetSdkVersion=35) using reflection: denied
02-16 14:29:02.771 E/com.whatsapp(19032): hiddenapi: Accessing hidden field Landroid/app/Notification;->extraNotification:Landroid/app/MiuiNotification; (runtime_flags=0, domain=platform, api=blocked) from LX/9o5; (domain=app, TargetSdkVersion=35) using reflection: denied
02-16 14:29:02.796 E/com.whatsapp(19032): hiddenapi: Accessing hidden method Landroid/app/MiuiNotification;-><init>()V (runtime_flags=0, domain=platform, api=blocked) from LX/9o5; (domain=app, TargetSdkVersion=35) using reflection: denied
02-16 14:29:02.812 E/WifiClientModeImpl[6737054:wlan0]( 2645): Failed to get mlo info
02-16 14:29:02.941 E/libsensor-displayalgo( 2260): value of coefs 5,850.073000,4.965174,-2.685090,1.640057,-4.685160, line 101
02-16 14:29:03.241 E/libsensor-displayalgo( 2260): value of coefs 5,850.073000,4.965174,-2.685090,1.640057,-4.685160, line 101
02-16 14:29:03.251 E/backgroundBlur( 4422): setMiViewBlurMode disable com.android.systemui.statusbar.notification.row.NotificationBackgroundView
02-16 14:29:03.324 E/backgroundBlur( 4422): setMiViewBlurMode disable com.android.systemui.statusbar.notification.row.NotificationBackgroundView
02-16 14:29:03.333 E/StackScroller( 4422): updateSidePadding: viewWidth is zero
02-16 14:29:03.383 E/om.pr4y.app.dev(16000): FrameInsert open fail: No such file or directory
02-16 14:29:03.541 E/libsensor-displayalgo( 2260): value of coefs 5,850.073000,4.965174,-2.685090,1.640057,-4.685160, line 101
02-16 14:29:03.740 E/VibratorManagerServiceImpl( 2645): Vibrate ignored, not vibrating for ringtones or notify for MIUI
02-16 14:29:03.841 E/libsensor-displayalgo( 2260): value of coefs 5,850.073000,4.965174,-2.685090,1.640057,-4.685160, line 101
02-16 14:29:03.873 E/Codec2-ComponentInterface( 2162): We have a failed config
02-16 14:29:03.950 E/DlbEffectContext( 1319): setParam() received unknown parameter 21
02-16 14:29:03.953 E/PAL: Device( 1319): getInstance: 219: Unsupported device id 0
02-16 14:29:03.953 E/PAL: Device( 1319): getInstance: 219: Unsupported device id 0
02-16 14:29:03.954 E/PLUGIN: mixer( 1319): amp_pcm_mtd_control_put: 1098 pcm id 117, idx 8, value 0
02-16 14:29:03.956 E/PLUGIN: mixer( 1319): amp_pcm_mtd_control_put: 1098 pcm id 117, idx 8, value 24
02-16 14:29:03.959 E/PLUGIN: mixer( 1319): amp_pcm_set_param_put: 1359 be idx 40, pcm idx 117, pcm_control 24
02-16 14:29:03.960 E/PAL: StreamPCM( 1319): start: 412: Rx device id is 3 (PAL_DEVICE_OUT_SPEAKER)
02-16 14:29:03.963 E/agm_client_wrapper( 1319): agm_session_open: agm_server_died 0
02-16 14:29:03.967 E/ACDB    ( 1436): AcdbCmdGetGraphAlias:4153 Error[19]: Graph Alias chunk data does not exist. Is it enabled?.
02-16 14:29:03.967 E/gsl     ( 1436): gsl_get_graph_alias:2262 acdb get graph alias failed 19, len 255
02-16 14:29:03.969 E/ACDB    ( 1436): AcdbCmdGetProcSubgraphCalDataPersist:8416 Error[19]: No calibration found
02-16 14:29:03.973 E/PAL: ResourceManager( 1319): voteSleepMonitor: 1494: ioctl device is not open
02-16 14:29:03.974 E/agm_client_wrapper( 1319): agm_session_open: agm_server_died 0
02-16 14:29:03.975 E/ACDB    ( 1436): AcdbCmdGetGraphAlias:4153 Error[19]: Graph Alias chunk data does not exist. Is it enabled?.
02-16 14:29:03.975 E/gsl     ( 1436): gsl_get_graph_alias:2262 acdb get graph alias failed 19, len 255
02-16 14:29:03.983 E/ACDB    ( 1436): AcdbCmdGetProcSubgraphCalDataPersist:8416 Error[19]: No calibration found
02-16 14:29:03.983 E/ACDB    ( 1436): AcdbCmdGetProcSubgraphCalDataPersist:8416 Error[19]: No calibration found
02-16 14:29:03.983 E/ACDB    ( 1436): AcdbCmdGetProcSubgraphCalDataPersist:8416 Error[19]: No calibration found
02-16 14:29:03.983 E/ACDB    ( 1436): AcdbCmdGetProcSubgraphCalDataPersist:8416 Error[19]: No calibration found
02-16 14:29:03.984 E/PLUGIN: mixer( 1319): amp_pcm_mtd_control_put: 1098 pcm id 117, idx 8, value 24
02-16 14:29:03.984 E/PLUGIN: mixer( 1319): amp_pcm_mtd_control_put: 1098 pcm id 117, idx 8, value 24
02-16 14:29:03.984 E/PLUGIN: mixer( 1319): amp_pcm_set_param_put: 1359 be idx 40, pcm idx 117, pcm_control 24
02-16 14:29:03.985 E/PLUGIN: mixer( 1319): amp_pcm_mtd_control_put: 1098 pcm id 117, idx 8, value 24
02-16 14:29:03.985 E/PLUGIN: mixer( 1319): amp_pcm_set_param_put: 1359 be idx 40, pcm idx 117, pcm_control 24
02-16 14:29:03.986 E/PAL: SpeakerProtection( 1319): setParameter: 2353: aw enter
02-16 14:29:03.986 E/PLUGIN: mixer( 1319): amp_pcm_set_param_put: 1359 be idx 40, pcm idx 117, pcm_control 24
02-16 14:29:03.987 E/PLUGIN: mixer( 1319): amp_pcm_set_param_put: 1359 be idx 40, pcm idx 117, pcm_control 24
02-16 14:29:03.989 E/AGM: graph( 1436): configure_buffer_params: 302 Unsupported buffer mode : 0, Default to Blocking
02-16 14:29:04.073 E/PLUGIN: mixer( 1319): amp_pcm_mtd_control_put: 1098 pcm id 117, idx 8, value 24
02-16 14:29:04.075 E/PLUGIN: mixer( 1319): amp_pcm_mtd_control_put: 1098 pcm id 117, idx 8, value 24
02-16 14:29:04.101 E/PLUGIN: mixer( 1319): amp_pcm_mtd_control_put: 1098 pcm id 117, idx 8, value 24
02-16 14:29:04.102 E/ACDB    ( 1436): AcdbCmdGetSubgraphCalDataNonPersist:6151 Error[19]: No calibration found
02-16 14:29:04.104 E/PAL: API( 1319): pal_gef_rw_param: 1148: Failed to set global parameter 4, status -22
02-16 14:29:04.104 E/generic_effect_ar( 1319): gef_set_ar_param: please use gef_store_ar_cacheparam.
02-16 14:29:04.104 E/PAL: API( 1319): pal_gef_rw_param: 1148: Failed to set global parameter 4, status -22
02-16 14:29:04.104 E/generic_effect_ar( 1319): gef_set_ar_param: please use gef_store_ar_cacheparam.
02-16 14:29:04.104 E/PAL: API( 1319): pal_gef_rw_param: 1148: Failed to set global parameter 4, status -22
02-16 14:29:04.104 E/generic_effect_ar( 1319): gef_set_ar_param: please use gef_store_ar_cacheparam.
02-16 14:29:04.105 E/PAL: PayloadBuilder( 1319): payloadACDBTunnelParam: 1140: ALSA payload 0xb400007c49fb1730K size 100
02-16 14:29:04.106 E/ACDB    ( 1436): ConvertSetCalDataReqToMap:607 <iid, pid, param size>[0x4297, 0x10728, 0x4]
02-16 14:29:04.106 E/ACDB    ( 1436): ConvertSetCalDataReqToMap:607 <iid, pid, param size>[0x4297, 0x10904, 0x4]
02-16 14:29:04.639 E/libsensor-displayalgo( 2260): value of coefs 5,850.073000,4.965174,-2.685090,1.640057,-4.685160, line 101
02-16 14:29:04.647 E/JobScheduler.Background( 2645): Couldn't determine stopped state for unknown package: com.google.android.apps.turbo
02-16 14:29:04.647 E/JobScheduler.Background( 2645): Couldn't determine stopped state for unknown package: com.google.android.apps.turbo
02-16 14:29:04.647 E/JobScheduler.Background( 2645): Couldn't determine stopped state for unknown package: com.google.android.apps.turbo
02-16 14:29:04.648 E/JobScheduler.Background( 2645): Couldn't determine stopped state for unknown package: com.aura.oobe.deutsche
02-16 14:29:04.786 E/PLUGIN: mixer( 1319): amp_pcm_mtd_control_put: 1098 pcm id 117, idx 8, value 24
02-16 14:29:04.787 E/ACDB    ( 1436): AcdbCmdGetSubgraphCalDataNonPersist:6151 Error[19]: No calibration found
02-16 14:29:04.789 E/PLUGIN: mixer( 1319): amp_pcm_mtd_control_put: 1098 pcm id 117, idx 8, value 24
02-16 14:29:04.790 E/ACDB    ( 1436): AcdbComputeDeltaCKV:5762 Error[19]: No calibration data can be found. There is no difference between CKV[new] and CKV[old].
02-16 14:29:04.790 E/ACDB    ( 1436): AcdbCmdGetSubgraphCalDataNonPersist:5964 Error[19]: Failed to get the delta CKV
02-16 14:29:05.042 E/RTMode  ( 2645): pkgName: com.pr4y.app.dev has no permission
02-16 14:29:05.139 E/libsensor-displayalgo( 2260): value of coefs 5,850.073000,4.965174,-2.685090,1.640057,-4.685160, line 101
02-16 14:29:05.440 E/libsensor-displayalgo( 2260): value of coefs 5,850.073000,4.965174,-2.685090,1.640057,-4.685160, line 101
02-16 14:29:05.739 E/libsensor-displayalgo( 2260): value of coefs 5,850.073000,4.965174,-2.685090,1.640057,-4.685160, line 101
02-16 14:29:05.834 E/WifiClientModeImpl[6737054:wlan0]( 2645): Failed to get mlo info
02-16 14:29:05.921 E/RTMode  ( 2645): pkgName: com.pr4y.app.dev has no permission
02-16 14:29:06.020 E/msys    (12725): E[N mns]_OnDiskCacheGetData(632)=>Start post callback cache refresh DNS resolution
02-16 14:29:06.027 E/msys    (12725): E[N mns]_LogError(228)=>Failed to resolve using system DNS resolver, getaddrinfo(): No address associated with hostname
02-16 14:29:06.028 E/msys    (12725): E[N mns]_OnDiskCacheGetData(632)=>Start post callback cache refresh DNS resolution
02-16 14:29:06.029 E/msys    (12725): E[N mns]_LogError(228)=>Failed to resolve using system DNS resolver, getaddrinfo(): No address associated with hostname
02-16 14:29:06.039 E/libsensor-displayalgo( 2260): value of coefs 5,850.073000,4.965174,-2.685090,1.640057,-4.685160, line 101
02-16 14:29:06.047 E/ExtM    ( 2645): can_flush_idle_pages:22977 flush_number_adjust: 12000
02-16 14:29:06.113 E/vold    (19341): maxCpuFreq=2400000
02-16 14:29:06.114 E/vold    (19341): maxCpuFreq=2400000
02-16 14:29:06.339 E/libsensor-displayalgo( 2260): value of coefs 5,850.073000,4.965174,-2.685090,1.640057,-4.685160, line 101
02-16 14:29:06.448 E/vendor.xiaomi.hardware.micharge@1.0-service( 1507): Failed to open node /sys/class/qcom-battery/reverse_chg_mode
02-16 14:29:06.559 E/RTMode  ( 2645): pkgName: com.pr4y.app.dev has no permission
02-16 14:29:06.639 E/libsensor-displayalgo( 2260): value of coefs 5,850.073000,4.965174,-2.685090,1.640057,-4.685160, line 101
02-16 14:29:06.774 E/PLUGIN: mixer( 1319): amp_pcm_mtd_control_put: 1098 pcm id 117, idx 8, value 24
02-16 14:29:06.775 E/PAL: ResourceManager( 1319): voteSleepMonitor: 1494: ioctl device is not open
02-16 14:29:06.783 E/PLUGIN: mixer( 1319): amp_pcm_mtd_control_put: 1098 pcm id 117, idx 8, value 24
02-16 14:29:06.784 E/PLUGIN: mixer( 1319): amp_pcm_mtd_control_put: 1098 pcm id 117, idx 8, value 0
02-16 14:29:06.784 E/PLUGIN: mixer( 1319): amp_pcm_mtd_control_put: 1098 pcm id 117, idx 8, value 0
02-16 14:29:06.790 E/PAL: ResourceManager( 1319): checkAndUpdateGroupDevConfig: 5682: group config for -1 is missing
02-16 14:29:06.790 E/PAL: ResourceManager( 1319): restoreDevice: 11595: no valid group device config found
02-16 14:29:06.792 E/RTMode  ( 2645): pkgName: com.pr4y.app.dev has no permission
02-16 14:29:06.796 E/JobScheduler.Background( 2645): Couldn't determine stopped state for unknown package: com.google.android.apps.turbo
02-16 14:29:06.796 E/JobScheduler.Background( 2645): Couldn't determine stopped state for unknown package: com.google.android.apps.turbo
02-16 14:29:06.796 E/JobScheduler.Background( 2645): Couldn't determine stopped state for unknown package: com.google.android.apps.turbo
02-16 14:29:06.796 E/JobScheduler.Background( 2645): Couldn't determine stopped state for unknown package: com.aura.oobe.deutsche
02-16 14:29:06.925 E/msys    (12725): E[N mns]_OnDiskCacheGetData(632)=>Start post callback cache refresh DNS resolution
02-16 14:29:06.935 E/msys    (12725): E[N mns]_LogError(228)=>Failed to resolve using system DNS resolver, getaddrinfo(): No address associated with hostname
02-16 14:29:06.942 E/libsensor-displayalgo( 2260): value of coefs 5,850.073000,4.965174,-2.685090,1.640057,-4.685160, line 101
02-16 14:29:06.989 E/RTMode  ( 2645): pkgName: com.pr4y.app.dev has no permission
02-16 14:29:07.244 E/libsensor-displayalgo( 2260): value of coefs 5,850.073000,4.965174,-2.685090,1.640057,-4.685160, line 101
