--------- beginning of main
02-16 14:24:05.311 E/MiDisplayDM( 1494): setFeature, ioctl fail
02-16 14:24:05.312 E/DisplayFeatureHal( 1494): output setDispParam fail value:20
02-16 14:24:05.312 E/DisplayFeatureHal( 1494): setDisplayEffect SET_PANEL_MODE fail value: 0x14
02-16 14:24:06.423 E/Parcel  ( 1606): Reading a NULL string not supported here.
02-16 14:24:06.432 E/minksocket( 1308): MinkIPC_QRTR_Service: client with node 1 port 6ffc went down
02-16 14:24:06.435 E/minksocket( 1308): MinkIPC_QRTR_Service: client with node 1 port 6ffd went down
02-16 14:24:06.435 E/minksocket( 1308): MinkIPC_QRTR_Service: client with node 1 port 6ffe went down
02-16 14:24:06.435 E/minksocket( 1308): MinkIPC_QRTR_Service: client with node 1 port 6fff went down
02-16 14:24:06.444 E/MI-SF   ( 1606): sendMessageSync sendMessageSync stateIndex:3 value:2 done
02-16 14:24:06.445 E/MI-SF   ( 1606): setKernelCountInfo, ioctl fail
02-16 14:24:06.447 E/SDM     ( 1440): StcQdcmImpl::SetProperty():163 Invalid prop 16, function 0x18K
02-16 14:24:06.447 E/SDM     ( 1440): StcManager::SetProperty():433 Invalid ops: 16
02-16 14:24:06.447 E/sensors-hal( 1397): handle_sns_client_event:45, size_buffer = 8
02-16 14:24:06.448 E/sensors-hal( 1397): handle_sns_client_event:55, nonui_event: ts=60067272468483, event0=0.000000, event1=19.608219, event2=-1.000000
02-16 14:24:06.448 E/sensors-hal( 1397): handle_sns_client_event:45, size_buffer = 8
02-16 14:24:06.448 E/sensors-hal( 1397): handle_sns_client_event:55, nonui_event: ts=60067274318379, event0=0.000000, event1=0.000000, event2=0.000000
02-16 14:24:06.450 E/NfcService( 7440): mReceiver action : android.intent.action.SCREEN_ON
02-16 14:24:06.470 E/BluetoothUtils( 5593): isDeepDozeMode? false
02-16 14:24:06.480 E/minksocket( 1308): MinkIPC_QRTR_Service: client with node 1 port 7001 went down
02-16 14:24:06.481 E/minksocket( 1308): MinkIPC_QRTR_Service: client with node 1 port 7002 went down
02-16 14:24:06.482 E/minksocket( 1308): MinkIPC_QRTR_Service: client with node 1 port 7003 went down
02-16 14:24:06.484 E/AnimationHelper( 4422): com.android.keyguard.clock.animation.AnimationHelper@3a58371 doAnimationToNotification hasNotification: true, fromKeyguard: true, mHasNotification: true, mToAod: false
02-16 14:24:06.484 E/AnimationHelper( 4422): com.android.keyguard.clock.animation.AnimationHelper@3a58371 doAnimationToNotification hasNotification: true, fromKeyguard: true, mHasNotification: true, mToAod: false
02-16 14:24:06.484 E/minksocket( 1308): MinkIPC_QRTR_Service: client with node 1 port 7004 went down
02-16 14:24:06.485 E/sensors-hal( 1397): handle_sns_client_event:45, size_buffer = 8
02-16 14:24:06.485 E/sensors-hal( 1397): handle_sns_client_event:55, nonui_event: ts=60067319841035, event0=0.000000, event1=16.927240, event2=-1.000000
02-16 14:24:06.485 E/sensors-hal( 1397): handle_sns_client_event:65, oem_pocket_event: ts=60067319876712, event0=5.000000, event1=16.927240, event2=-1.000000
02-16 14:24:06.486 E/sensors-hal( 1397): handle_sns_client_event:65, oem_pocket_event: ts=60067320364993, event0=5.000000, event1=0.000000, event2=0.000000
02-16 14:24:06.493 E/ProcfsParsingUtils( 4237): failed to read /sys/class/net/wlan0/mtu
02-16 14:24:06.493 E/ProcfsParsingUtils( 4237): java.nio.file.AccessDeniedException: /sys/class/net/wlan0/mtu
02-16 14:24:06.493 E/ProcfsParsingUtils( 4237): 	at sun.nio.fs.UnixFileSystemProvider.newByteChannel(UnixFileSystemProvider.java:220)
02-16 14:24:06.493 E/ProcfsParsingUtils( 4237): 	at java.nio.file.Files.newByteChannel(Files.java:371)
02-16 14:24:06.493 E/ProcfsParsingUtils( 4237): 	at java.nio.file.Files.newByteChannel(Files.java:422)
02-16 14:24:06.493 E/ProcfsParsingUtils( 4237): 	at java.nio.file.spi.FileSystemProvider.newInputStream(FileSystemProvider.java:420)
02-16 14:24:06.493 E/ProcfsParsingUtils( 4237): 	at java.nio.file.Files.newInputStream(Files.java:156)
02-16 14:24:06.493 E/ProcfsParsingUtils( 4237): 	at java.nio.file.Files.newBufferedReader(Files.java:2844)
02-16 14:24:06.493 E/ProcfsParsingUtils( 4237): 	at com.android.networkstack.com.android.net.module.util.ProcfsParsingUtils.readFile(ProcfsParsingUtils.java:75)
02-16 14:24:06.493 E/ProcfsParsingUtils( 4237): 	at com.android.networkstack.com.android.net.module.util.ProcfsParsingUtils.getInterfaceMtu(ProcfsParsingUtils.java:350)
02-16 14:24:06.493 E/ProcfsParsingUtils( 4237): 	at com.android.networkstack.android.net.apf.ApfFilter$Dependencies.getInterfaceMtu(ApfFilter.java:823)
02-16 14:24:06.493 E/ProcfsParsingUtils( 4237): 	at com.android.networkstack.android.net.apf.ApfFilter.installNewProgram(ApfFilter.java:4004)
02-16 14:24:06.493 E/ProcfsParsingUtils( 4237): 	at com.android.networkstack.android.net.apf.ApfFilter.setMulticastFilter(ApfFilter.java:4290)
02-16 14:24:06.493 E/ProcfsParsingUtils( 4237): 	at com.android.networkstack.android.net.ip.IpClient$RunningState.processMessage(IpClient.java:3902)
02-16 14:24:06.493 E/ProcfsParsingUtils( 4237): 	at com.android.networkstack.com.android.internal.util.StateMachine$SmHandler.processMsg(StateMachine.java:1007)
02-16 14:24:06.493 E/ProcfsParsingUtils( 4237): 	at com.android.networkstack.com.android.internal.util.StateMachine$SmHandler.handleMessage(StateMachine.java:820)
02-16 14:24:06.493 E/ProcfsParsingUtils( 4237): 	at android.os.Handler.dispatchMessage(Handler.java:107)
02-16 14:24:06.493 E/ProcfsParsingUtils( 4237): 	at android.os.Looper.loopOnce(Looper.java:249)
02-16 14:24:06.493 E/ProcfsParsingUtils( 4237): 	at android.os.Looper.loop(Looper.java:337)
02-16 14:24:06.493 E/ProcfsParsingUtils( 4237): 	at android.os.HandlerThread.run(HandlerThread.java:85)
02-16 14:24:06.498 E/sensors-hal( 1397): handle_sns_client_event:45, size_buffer = 8
02-16 14:24:06.499 E/sensors-hal( 1397): handle_sns_client_event:55, nonui_event: ts=60067320334525, event0=0.000000, event1=0.000000, event2=0.000000
02-16 14:24:06.511 E/minksocket( 1308): MinkIPC_QRTR_Service: client with node 1 port 7006 went down
02-16 14:24:06.512 E/minksocket( 1308): MinkIPC_QRTR_Service: client with node 1 port 7007 went down
02-16 14:24:06.516 E/minksocket( 1308): MinkIPC_QRTR_Service: client with node 1 port 7008 went down
02-16 14:24:06.517 E/minksocket( 1308): MinkIPC_QRTR_Service: client with node 1 port 7009 went down
02-16 14:24:06.525 E/HyperSentinel( 2645): -------------------------------------------------------
02-16 14:24:06.525 E/HyperSentinel( 2645): Event_OpenFileFDSize
02-16 14:24:06.527 E/HyperSentinel( 2645): -> audit event by proc 2645 "system_server": Fd increasement, peak, 1127 -> 1205
02-16 14:24:06.529 E/minksocket( 1308): MinkIPC_QRTR_Service: client with node 1 port 700b went down
02-16 14:24:06.529 E/minksocket( 1308): MinkIPC_QRTR_Service: client with node 1 port 700c went down
02-16 14:24:06.530 E/minksocket( 1308): MinkIPC_QRTR_Service: client with node 1 port 700d went down
02-16 14:24:06.531 E/minksocket( 1308): MinkIPC_QRTR_Service: client with node 1 port 700e went down
02-16 14:24:06.544 E/minksocket( 1308): MinkIPC_QRTR_Service: client with node 1 port 7005 went down
02-16 14:24:06.579 E/BtGatt.ContextMap( 5593): Context not found for ID 1
02-16 14:24:06.579 E/BtGatt.ScanHelper( 5593): Advertise app or callback is null
02-16 14:24:06.605 E/AnimationHelper( 4422): updateTime mToAod:false mHasNotification: true, mClockType: classic
02-16 14:24:06.608 E/DPMJ    ( 4260): |SERVICE| sendScreenState state  trueand int value 1
02-16 14:24:06.614 E/BtGatt.ScanManager( 5593): Scan already started
--------- beginning of system
02-16 14:24:06.650 E/JobScheduler.Background( 2645): Couldn't determine stopped state for unknown package: com.google.android.apps.turbo
02-16 14:24:06.650 E/JobScheduler.Background( 2645): Couldn't determine stopped state for unknown package: com.google.android.apps.turbo
02-16 14:24:06.650 E/JobScheduler.Background( 2645): Couldn't determine stopped state for unknown package: com.google.android.apps.turbo
02-16 14:24:06.650 E/JobScheduler.Background( 2645): Couldn't determine stopped state for unknown package: com.aura.oobe.deutsche
02-16 14:24:06.662 E/Scheduler( 1606): trackPendingFrame: Too many pending frames
02-16 14:24:06.664 E/MiStcImpl( 1440): Seting Display 0 dither en 1 strength 4
02-16 14:24:06.666 E/ClockBaseAnimation( 4422): com.android.keyguard.clock.animation.classic.ClassicClockAnimation@9514f89 doAnimationToAod toAod: false, hasNotification: true
02-16 14:24:06.686 E/LockScreenMagazinePreView( 4422): getFullScreenLayout()  mRemoteFullScreenView:null
02-16 14:24:06.686 E/LockScreenMagazinePreView( 4422): getFullScreenLayout()  mRemoteFullScreenView:null
02-16 14:24:06.690 E/Scheduler( 1606): trackPendingFrame: Invalid present fence
02-16 14:24:06.690 E/Scheduler( 1606): trackPendingFrame: Invalid present fence
02-16 14:24:06.690 E/Scheduler( 1606): trackPendingFrame: Invalid present fence
02-16 14:24:06.691 E/MI-SF   ( 1606): Force skip idle timer[false]
02-16 14:24:06.699 E/libnav  ( 1440): ABA activated SVI
02-16 14:24:06.710 E/WindowManager( 2645): setClientVisible WallpaperWindowToken{cf9eac9 token=android.os.Binder@fc09382} false
02-16 14:24:06.710 E/WindowManager( 2645): setClientVisible WallpaperWindowToken{986b648 token=android.os.Binder@1f9a8eb} true
02-16 14:24:06.719 E/MiStcImpl( 1440): Lut data does not initialized, can not set lut
02-16 14:24:06.728 E/MiStcImpl( 1440): Lut data does not initialized, can not set lut
02-16 14:24:06.850 E/lowmemorykiller(  757): process_mrelease 10174 failed: No such process
02-16 14:24:06.902 E/JobScheduler.Background( 2645): Couldn't determine stopped state for unknown package: com.google.android.apps.turbo
02-16 14:24:06.907 E/JobScheduler.Background( 2645): Couldn't determine stopped state for unknown package: com.google.android.apps.turbo
02-16 14:24:06.908 E/JobScheduler.Background( 2645): Couldn't determine stopped state for unknown package: com.google.android.apps.turbo
02-16 14:24:06.912 E/JobScheduler.Background( 2645): Couldn't determine stopped state for unknown package: com.aura.oobe.deutsche
02-16 14:24:06.940 E/Zygote  (11896): process_name_ptr:11896 com.google.android.apps.messaging
02-16 14:24:06.940 E/Zygote  (11896): SetMemoryProtected process_name_ptr:11896 com.google.android.apps.messaging
02-16 14:24:06.942 E/ExtM    ( 2645): can_flush_idle_pages:17829 flush_number_adjust: 17829
02-16 14:24:07.024 E/vold    (11916): maxCpuFreq=2400000
02-16 14:24:07.025 E/vold    (11916): maxCpuFreq=2400000
02-16 14:24:07.041 E/libsensor-displayalgo( 2260): value of coefs 5,850.073000,4.965174,-2.685090,1.640057,-4.685160, line 101
02-16 14:24:07.206 E/ANDR-PERF-RESOURCEQS( 1460): Failed to apply optimization [11, 8]
02-16 14:24:07.206 E/MI-SF   ( 1606): surfaceflinger setAffinity success
02-16 14:24:07.206 E/MI-SF   ( 1606): surfaceflinger setAffinity success
02-16 14:24:07.222 E/MI-SF   ( 1606): surfaceflinger setAffinity success
02-16 14:24:07.339 E/libsensor-displayalgo( 2260): value of coefs 5,850.073000,4.965174,-2.685090,1.640057,-4.685160, line 101
02-16 14:24:07.342 E/fpc_tac ( 2210): fpc_tee_capture_image_internal: UIReady diff_time: 26
02-16 14:24:07.508 E/AnimationHelper( 4422): com.android.keyguard.clock.animation.AnimationHelper@3a58371 doAnimationToNotification hasNotification: true, fromKeyguard: true, mHasNotification: true, mToAod: false
02-16 14:24:07.508 E/AnimationHelper( 4422): com.android.keyguard.clock.animation.AnimationHelper@3a58371 doAnimationToNotification hasNotification: true, fromKeyguard: true, mHasNotification: true, mToAod: false
02-16 14:24:07.509 E/KeyguardViewMediator( 4422): mHideAnimationFinishedRunnable#run, mHideAnimationRunning=true, mHideAnimationRun=true
02-16 14:24:07.520 E/WindowManager( 2645): setClientVisible ActivityRecord{659c16e u0 com.miui.home/.launcher.Launcher t2} true
02-16 14:24:07.523 E/VibratorManagerServiceImpl( 2645): vibrationThreadSetParameters
02-16 14:24:07.524 E/VibratorManagerServiceImpl( 2645): skipandroid.os.RemoteException: Method setUsageExt is unimplemented.
02-16 14:24:07.526 E/AnimationHelper( 4422): com.android.keyguard.clock.animation.AnimationHelper@3a58371 doAnimationToNotification hasNotification: true, fromKeyguard: true, mHasNotification: true, mToAod: false
02-16 14:24:07.526 E/AnimationHelper( 4422): com.android.keyguard.clock.animation.AnimationHelper@3a58371 doAnimationToNotification hasNotification: true, fromKeyguard: true, mHasNotification: true, mToAod: false
02-16 14:24:07.551 E/WindowManager( 2645): setClientVisible WallpaperWindowToken{cf9eac9 token=android.os.Binder@fc09382} true
02-16 14:24:07.552 E/WindowManager( 2645): setClientVisible WallpaperWindowToken{cf9eac9 token=android.os.Binder@fc09382} true
02-16 14:24:07.552 E/WindowManager( 2645): setClientVisible WallpaperWindowToken{986b648 token=android.os.Binder@1f9a8eb} true
02-16 14:24:07.553 E/lowmemorykiller(  757): process_mrelease 10621 failed: No such process
02-16 14:24:07.570 E/WindowManager( 2645): setClientVisible WallpaperWindowToken{cf9eac9 token=android.os.Binder@fc09382} true
02-16 14:24:07.570 E/WindowManager( 2645): setClientVisible WallpaperWindowToken{986b648 token=android.os.Binder@1f9a8eb} true
02-16 14:24:07.582 E/Launcher.application( 4043): setClickAppWaitForCallback = false
02-16 14:24:07.609 E/MI-SF   ( 1606): surfaceflinger setAffinity success
02-16 14:24:07.610 E/MI-SF   ( 1606): surfaceflinger setAffinity success
02-16 14:24:07.634 E/KeymasterUtils(  866): rsp_header->status: -28
02-16 14:24:07.634 E/KeyMasterHalDevice(  866): abort_operation
02-16 14:24:07.634 E/KeyMasterHalDevice(  866): ret: -28
02-16 14:24:07.641 E/libsensor-displayalgo( 2260): value of coefs 5,850.073000,4.965174,-2.685090,1.640057,-4.685160, line 101
02-16 14:24:07.648 E/KeymasterUtils(  866): rsp_header->status: -28
02-16 14:24:07.648 E/KeyMasterHalDevice(  866): abort_operation
02-16 14:24:07.648 E/KeyMasterHalDevice(  866): ret: -28
02-16 14:24:07.698 E/Launcher.Boost( 4043): boost failed
02-16 14:24:07.698 E/Launcher.Boost( 4043): java.lang.NoSuchMethodError: No static method setThreadPriority(IILjava/lang/String;)V in class Landroid/os/MiuiProcess; or its super classes (declaration of 'android.os.MiuiProcess' appears in /system_ext/framework/miui-framework.jar)
02-16 14:24:07.698 E/Launcher.Boost( 4043): 	at com.miui.launcher.utils.BoostHelper.boost(BoostHelper.java:84)
02-16 14:24:07.698 E/Launcher.Boost( 4043): 	at com.miui.home.launcher.Launcher.showPresent(Launcher.java:5122)
02-16 14:24:07.698 E/Launcher.Boost( 4043): 	at com.miui.home.launcher.common.UnlockAnimationStateMachine.showAnimation(UnlockAnimationStateMachine.java:174)
02-16 14:24:07.698 E/Launcher.Boost( 4043): 	at com.miui.home.launcher.common.UnlockAnimationStateMachine.onResume(UnlockAnimationStateMachine.java:186)
02-16 14:24:07.698 E/Launcher.Boost( 4043): 	at com.miui.home.launcher.Launcher.onResumeAfterCheckCreatedFlag(Launcher.java:2056)
02-16 14:24:07.698 E/Launcher.Boost( 4043): 	at com.miui.home.launcher.Launcher.onResume(Launcher.java:1979)
02-16 14:24:07.698 E/Launcher.Boost( 4043): 	at android.app.Instrumentation.callActivityOnResume(Instrumentation.java:1734)
02-16 14:24:07.698 E/Launcher.Boost( 4043): 	at android.app.Activity.performResume(Activity.java:9400)
02-16 14:24:07.698 E/Launcher.Boost( 4043): 	at android.app.ActivityThread.performResumeActivity(ActivityThread.java:5733)
02-16 14:24:07.698 E/Launcher.Boost( 4043): 	at android.app.ActivityThread.handleResumeActivity(ActivityThread.java:5778)
02-16 14:24:07.698 E/Launcher.Boost( 4043): 	at android.app.servertransaction.ResumeActivityItem.execute(ResumeActivityItem.java:57)
02-16 14:24:07.698 E/Launcher.Boost( 4043): 	at android.app.servertransaction.ActivityTransactionItem.execute(ActivityTransactionItem.java:60)
02-16 14:24:07.698 E/Launcher.Boost( 4043): 	at android.app.servertransaction.TransactionExecutor.executeLifecycleItem(TransactionExecutor.java:237)
02-16 14:24:07.698 E/Launcher.Boost( 4043): 	at android.app.servertransaction.TransactionExecutor.executeTransactionItems(TransactionExecutor.java:110)
02-16 14:24:07.698 E/Launcher.Boost( 4043): 	at android.app.servertransaction.TransactionExecutor.execute(TransactionExecutor.java:84)
02-16 14:24:07.698 E/Launcher.Boost( 4043): 	at android.app.ActivityThread$H.handleMessage(ActivityThread.java:2875)
02-16 14:24:07.698 E/Launcher.Boost( 4043): 	at android.os.Handler.dispatchMessage(Handler.java:107)
02-16 14:24:07.698 E/Launcher.Boost( 4043): 	at android.os.Looper.loopOnce(Looper.java:249)
02-16 14:24:07.698 E/Launcher.Boost( 4043): 	at android.os.Looper.loop(Looper.java:337)
02-16 14:24:07.698 E/Launcher.Boost( 4043): 	at android.app.ActivityThread.main(ActivityThread.java:9608)
02-16 14:24:07.698 E/Launcher.Boost( 4043): 	at java.lang.reflect.Method.invoke(Native Method)
02-16 14:24:07.698 E/Launcher.Boost( 4043): 	at com.android.internal.os.RuntimeInit$MethodAndArgsCaller.run(RuntimeInit.java:615)
02-16 14:24:07.698 E/Launcher.Boost( 4043): 	at com.android.internal.os.ZygoteInit.main(ZygoteInit.java:936)
02-16 14:24:07.709 E/MarketCustomizeReflectHelper( 4043): call method getCurrentValidCustomizeIconList failed
02-16 14:24:07.709 E/MarketCustomizeReflectHelper( 4043): java.lang.ClassNotFoundException: miui.content.res.MarketIconCustomizer
02-16 14:24:07.709 E/MarketCustomizeReflectHelper( 4043): 	at java.lang.Class.classForName(Native Method)
02-16 14:24:07.709 E/MarketCustomizeReflectHelper( 4043): 	at java.lang.Class.forName(Class.java:591)
02-16 14:24:07.709 E/MarketCustomizeReflectHelper( 4043): 	at java.lang.Class.forName(Class.java:496)
02-16 14:24:07.709 E/MarketCustomizeReflectHelper( 4043): 	at com.miui.home.launcher.operationicon.MarketCustomizeReflectHelper.getCurrentValidCustomizeIconIDs(MarketCustomizeReflectHelper.kt:23)
02-16 14:24:07.709 E/MarketCustomizeReflectHelper( 4043): 	at com.miui.home.launcher.operationicon.MarketCustomizeIconManager.refreshCustomizeIcon(MarketCustomizeIconManager.kt:82)
02-16 14:24:07.709 E/MarketCustomizeReflectHelper( 4043): 	at com.miui.home.launcher.operationicon.MarketCustomizeIconManager.onLauncherResume$lambda-2(MarketCustomizeIconManager.kt:50)
02-16 14:24:07.709 E/MarketCustomizeReflectHelper( 4043): 	at com.miui.home.launcher.operationicon.MarketCustomizeIconManager.$r8$lambda$okGGNcpWViq7KK594p5NCFKNLA4(Unknown Source:0)
02-16 14:24:07.709 E/MarketCustomizeReflectHelper( 4043): 	at com.miui.home.launcher.operationicon.MarketCustomizeIconManager$$ExternalSyntheticLambda0.run(Unknown Source:0)
02-16 14:24:07.709 E/MarketCustomizeReflectHelper( 4043): 	at java.util.concurrent.Executors$RunnableAdapter.call(Executors.java:520)
02-16 14:24:07.709 E/MarketCustomizeReflectHelper( 4043): 	at java.util.concurrent.FutureTask.run(FutureTask.java:317)
02-16 14:24:07.709 E/MarketCustomizeReflectHelper( 4043): 	at java.util.concurrent.ThreadPoolExecutor.runWorker(ThreadPoolExecutor.java:1154)
02-16 14:24:07.709 E/MarketCustomizeReflectHelper( 4043): 	at java.util.concurrent.ThreadPoolExecutor$Worker.run(ThreadPoolExecutor.java:652)
02-16 14:24:07.709 E/MarketCustomizeReflectHelper( 4043): 	at java.lang.Thread.run(Thread.java:1563)
02-16 14:24:07.709 E/MarketCustomizeReflectHelper( 4043): Caused by: java.lang.ClassNotFoundException: miui.content.res.MarketIconCustomizer
02-16 14:24:07.709 E/MarketCustomizeReflectHelper( 4043): 	... 13 more
02-16 14:24:07.720 E/WindowManager( 2645): setClientVisible WallpaperWindowToken{cf9eac9 token=android.os.Binder@fc09382} true
02-16 14:24:07.720 E/WindowManager( 2645): setClientVisible WallpaperWindowToken{986b648 token=android.os.Binder@1f9a8eb} true
02-16 14:24:07.731 E/fpc_tac ( 2210): fpc_misc_read_illumination_level_property, no property value set, using the default value
02-16 14:24:07.804 E/WindowManager( 2645): setClientVisible WallpaperWindowToken{cf9eac9 token=android.os.Binder@fc09382} true
02-16 14:24:07.804 E/WindowManager( 2645): setClientVisible WallpaperWindowToken{986b648 token=android.os.Binder@1f9a8eb} true
02-16 14:24:07.811 E/fpc_hal ( 2210): do_authenticate exit
02-16 14:24:07.811 E/WindowManager( 2645): setClientVisible ActivityRecord{659c16e u0 com.miui.home/.launcher.Launcher t2} true
02-16 14:24:07.827 E/backgroundBlur( 4422): setMiViewBlurMode disable com.android.systemui.statusbar.notification.row.NotificationBackgroundView
02-16 14:24:07.828 E/backgroundBlur( 4422): setMiViewBlurMode disable com.android.systemui.statusbar.notification.row.NotificationBackgroundView
02-16 14:24:07.828 E/WindowManager( 2645): setClientVisible WallpaperWindowToken{cf9eac9 token=android.os.Binder@fc09382} true
02-16 14:24:07.829 E/WindowManager( 2645): setClientVisible WallpaperWindowToken{986b648 token=android.os.Binder@1f9a8eb} true
02-16 14:24:07.833 E/KeyguardTransitionHandlerImpl( 4422): activityCount = 0
02-16 14:24:07.834 E/KeyguardTransitionHandlerImpl( 4422): activityCount = 0
02-16 14:24:07.838 E/NativeTurboSchedManagerJni( 2645): ioctl 8 failed!
02-16 14:24:07.851 E/FromLockscreenTransitionInteractor( 4422): Ignoring startTransition: This interactor asked to transition from LOCKSCREEN -> GONE, but we last transitioned to GONE, not LOCKSCREEN. This should never happen - check currentTransitionInfoInternal or use filterRelevantKeyguardState before starting transitions.
02-16 14:24:07.851 E/FromLockscreenTransitionInteractor( 4422): This transition would not have been ignored prior to ag/26681239, since we are FINISHED in LOCKSCREEN (but have since started another transition). If ignoring this transition has caused a regression, fix it by ensuring that transitions are exclusively started from the most recently started state.
02-16 14:24:07.859 E/RotationHelper( 4043): setCurrentTransitionRequest: request=0
02-16 14:24:07.878 E/ActivityManagerWrapper( 4043): get all recent tasks force including 174
02-16 14:24:07.889 E/StackScroller( 4422): updateSidePadding: viewWidth is zero
02-16 14:24:07.895 E/ActivityManagerWrapper( 4043): getRecentTasksForceIncludingTaskIdIfValid: getRecentTasks: size=2
02-16 14:24:07.895 E/ActivityManagerWrapper( 4043):  mainTaskId=176   userId=0   windowMode=1   baseIntent=Intent { act=android.intent.action.MAIN flag=270532608 cmp=ComponentInfo{com.pr4y.app.dev/com.pr4y.app.MainActivity} }
02-16 14:24:07.895 E/ActivityManagerWrapper( 4043):  mainTaskId=174   userId=0   windowMode=1   baseIntent=Intent { act=com.android.camera.action.REVIEW flag=285245440 cmp=ComponentInfo{com.miui.gallery/com.miui.gallery.activity.ExternalPhotoPageActivity} }
02-16 14:24:07.940 E/libsensor-displayalgo( 2260): value of coefs 5,850.073000,4.965174,-2.685090,1.640057,-4.685160, line 101
02-16 14:24:07.941 E/BitmapFactory( 4043): Unable to decode file: java.io.FileNotFoundException: /product/media/theme/miui_mod_icons/dynamic/com.miui.gallery/2.png: open failed: ENOENT (No such file or directory)
02-16 14:24:07.945 E/WindowManager( 2645): setClientVisible WallpaperWindowToken{986b648 token=android.os.Binder@1f9a8eb} false
02-16 14:24:07.945 E/WindowManager( 2645): setClientVisible WallpaperWindowToken{986b648 token=android.os.Binder@1f9a8eb} false
02-16 14:24:07.950 E/MI-SF   ( 1606): surfaceflinger setAffinity success
02-16 14:24:07.964 E/NfcService( 7440): mReceiver action : android.intent.action.USER_PRESENT
02-16 14:24:07.994 E/WindowManager( 2645): setClientVisible WallpaperWindowToken{cf9eac9 token=android.os.Binder@fc09382} true
02-16 14:24:07.995 E/WindowManager( 2645): setClientVisible WallpaperWindowToken{986b648 token=android.os.Binder@1f9a8eb} true
02-16 14:24:07.995 E/WindowManager( 2645): setClientVisible WallpaperWindowToken{986b648 token=android.os.Binder@1f9a8eb} true
02-16 14:24:08.022 E/EasyTetherCoreManager( 5474): LyraBroadcastReceiver action android.intent.action.USER_PRESENT
02-16 14:24:08.032 E/com.miui.appmanager.AppManageUtils( 9084): startScan error
02-16 14:24:08.032 E/com.miui.appmanager.AppManageUtils( 9084): java.lang.NoSuchMethodException: android.net.wifi.IWifiManager$Stub$Proxy.startScan [class java.lang.String]
02-16 14:24:08.032 E/com.miui.appmanager.AppManageUtils( 9084): 	at java.lang.Class.getMethod(Class.java:2934)
02-16 14:24:08.032 E/com.miui.appmanager.AppManageUtils( 9084): 	at java.lang.Class.getDeclaredMethod(Class.java:2913)
02-16 14:24:08.032 E/com.miui.appmanager.AppManageUtils( 9084): 	at sf.e.d(Unknown Source:4)
02-16 14:24:08.032 E/com.miui.appmanager.AppManageUtils( 9084): 	at com.miui.appmanager.AppManageUtils.E0(Unknown Source:88)
02-16 14:24:08.032 E/com.miui.appmanager.AppManageUtils( 9084): 	at f3.b$a.a(Unknown Source:29)
02-16 14:24:08.032 E/com.miui.appmanager.AppManageUtils( 9084): 	at f3.b$a.doInBackground(Unknown Source:2)
02-16 14:24:08.032 E/com.miui.appmanager.AppManageUtils( 9084): 	at android.os.AsyncTask$3.call(AsyncTask.java:394)
02-16 14:24:08.032 E/com.miui.appmanager.AppManageUtils( 9084): 	at java.util.concurrent.FutureTask.run(FutureTask.java:317)
02-16 14:24:08.032 E/com.miui.appmanager.AppManageUtils( 9084): 	at java.util.concurrent.ThreadPoolExecutor.runWorker(ThreadPoolExecutor.java:1154)
02-16 14:24:08.032 E/com.miui.appmanager.AppManageUtils( 9084): 	at java.util.concurrent.ThreadPoolExecutor$Worker.run(ThreadPoolExecutor.java:652)
02-16 14:24:08.032 E/com.miui.appmanager.AppManageUtils( 9084): 	at java.lang.Thread.run(Thread.java:1563)
02-16 14:24:08.240 E/libsensor-displayalgo( 2260): value of coefs 5,850.073000,4.965174,-2.685090,1.640057,-4.685160, line 101
02-16 14:24:08.354 E/StackScroller( 4422): updateSidePadding: viewWidth is zero
02-16 14:24:08.437 E/sensors-hal( 1397): flush:236, invalid flush request, active=0, oneshot=0
02-16 14:24:08.438 E/minksocket( 1308): MinkIPC_QRTR_Service: client with node 1 port 7010 went down
02-16 14:24:08.438 E/minksocket( 1308): MinkIPC_QRTR_Service: client with node 1 port 7011 went down
02-16 14:24:08.439 E/minksocket( 1308): MinkIPC_QRTR_Service: client with node 1 port 7012 went down
02-16 14:24:08.439 E/minksocket( 1308): MinkIPC_QRTR_Service: client with node 1 port 7013 went down
02-16 14:24:08.527 E/KeymasterUtils(  866): rsp_header->status: -28
02-16 14:24:08.527 E/KeyMasterHalDevice(  866): abort_operation
02-16 14:24:08.527 E/KeyMasterHalDevice(  866): ret: -28
02-16 14:24:08.541 E/libsensor-displayalgo( 2260): value of coefs 5,850.073000,4.965174,-2.685090,1.640057,-4.685160, line 101
02-16 14:24:08.543 E/KeymasterUtils(  866): rsp_header->status: -28
02-16 14:24:08.543 E/KeyMasterHalDevice(  866): abort_operation
02-16 14:24:08.543 E/KeyMasterHalDevice(  866): ret: -28
02-16 14:24:08.558 E/KeymasterUtils(  866): rsp_header->status: -28
02-16 14:24:08.558 E/KeyMasterHalDevice(  866): abort_operation
02-16 14:24:08.558 E/KeyMasterHalDevice(  866): ret: -28
02-16 14:24:08.560 E/keystore2(  947): system/security/keystore2/src/error.rs:171 - system/security/keystore2/src/security_level.rs:317
02-16 14:24:08.560 E/keystore2(  947): 
02-16 14:24:08.560 E/keystore2(  947): Caused by:
02-16 14:24:08.560 E/keystore2(  947):     0: system/security/keystore2/src/enforcements.rs:623: matching auth token is expired.
02-16 14:24:08.560 E/keystore2(  947):     1: Error::Km(r#KEY_USER_NOT_AUTHENTICATED)
02-16 14:24:08.573 E/ANDR-PERF-LM( 1460): VmRssMeter:: start() 358: Could not find pid, can not collect vmrss data
02-16 14:24:08.573 E/ANDR-PERF-LM( 1460): AdaptiveLaunch: writeToDataBase() 64: Meter aborted or could not get meter data for this run
02-16 14:24:08.574 E/PreStartUtils( 4043): preLaunchProcess success infoPackage: com.pr4y.app.dev
02-16 14:24:08.589 E/ANDR-PERF-LM( 1460): VmRssMeter:: start() 358: Could not find pid, can not collect vmrss data
02-16 14:24:08.611 E/Launcher.application( 4043): setClickAppWaitForCallback = true
02-16 14:24:08.612 E/Launcher.application( 4043): setClickAppWaitForCallback = true
02-16 14:24:08.612 E/vendor.qti.hardware.perf-hal-service( 1460): ExtendedPerfBoost: extended_perfboost_verification() 738: Ok, set boost params. hintid=4226 hinttype=1 prio=2, clientpid=2645 packagename=com.miui.home params=boost:1 cpu0:1958400 cpu4:2400000 cpumask:ff
02-16 14:24:08.612 E/Launcher( 4043): superStartActivity   type=13
02-16 14:24:08.616 E/WindowManager( 2645): setClientVisible ActivityRecord{1aecb7 u0 com.pr4y.app.dev/com.pr4y.app.MainActivity true
02-16 14:24:08.619 E/vendor.qti.hardware.perf-hal-service( 1460): ExtendedPerfBoost: extended_perfboost_verification() 738: Ok, set boost params. hintid=4225 hinttype=1 prio=3, clientpid=2645 packagename=com.pr4y.app.dev params=boost:1 cpu0:1958400 cpu4:2400000 cpumask:ff
02-16 14:24:08.620 E/ANDR-PERF-LM( 1460): MetaMeter: handleAsync() 166: AdaptLaunch Invalid Async
02-16 14:24:08.620 E/ANDR-PERF-LM( 1460): MetaMeter: handleAsync() 166: AdaptLaunch Invalid Async
02-16 14:24:08.620 E/ANDR-PERF-JNI( 2645): com_qualcomm_qtiperformance_native_perf_io_prefetch_start
02-16 14:24:08.620 E/ANDR-PERF-LM( 1460): MetaMeter: handleAsync() 166: AdaptLaunch Invalid Async
02-16 14:24:08.624 E/ANDR-IOP( 1444): io prefetch is disabled
02-16 14:24:08.627 E/ANDR-PERF-LM( 1460): MetaMeter: handleAsync() 166: AdaptLaunch Invalid Async
02-16 14:24:08.633 E/ANDR-PERF-MPCTL( 1460): Perflock Submit request limit reached.
02-16 14:24:08.637 E/WindowManager( 2645): setClientVisible ActivityRecord{1aecb7 u0 com.pr4y.app.dev/com.pr4y.app.MainActivity t177} true
02-16 14:24:08.639 E/ANDR-PERF-LM( 1460): MetaMeter: handleAsync() 166: AdaptLaunch Invalid Async
02-16 14:24:08.639 E/WindowManager( 2645): setClientVisible ActivityRecord{1aecb7 u0 com.pr4y.app.dev/com.pr4y.app.MainActivity t177} true
02-16 14:24:08.656 E/ANDR-PERF-MPCTL( 1460): Perflock Submit request limit reached.
02-16 14:24:08.668 E/WindowManager( 2645): setClientVisible ActivityRecord{1aecb7 u0 com.pr4y.app.dev/com.pr4y.app.MainActivity t177} true
02-16 14:24:08.680 E/KeyguardTransitionHandlerImpl( 4422): activityCount = 0
02-16 14:24:08.696 E/NativeTurboSchedManagerJni( 2645): ioctl 8 failed!
02-16 14:24:08.698 E/Launcher.Boost( 4043): boost failed
02-16 14:24:08.698 E/Launcher.Boost( 4043): java.lang.NoSuchMethodError: No static method setThreadPriority(IILjava/lang/String;)V in class Landroid/os/MiuiProcess; or its super classes (declaration of 'android.os.MiuiProcess' appears in /system_ext/framework/miui-framework.jar)
02-16 14:24:08.698 E/Launcher.Boost( 4043): 	at com.miui.launcher.utils.BoostHelper.boost(BoostHelper.java:88)
02-16 14:24:08.698 E/Launcher.Boost( 4043): 	at com.miui.home.launcher.Launcher$63.run(Launcher.java:8592)
02-16 14:24:08.698 E/Launcher.Boost( 4043): 	at android.os.Handler.handleCallback(Handler.java:959)
02-16 14:24:08.698 E/Launcher.Boost( 4043): 	at android.os.Handler.dispatchMessage(Handler.java:100)
02-16 14:24:08.698 E/Launcher.Boost( 4043): 	at android.os.Looper.loopOnce(Looper.java:249)
02-16 14:24:08.698 E/Launcher.Boost( 4043): 	at android.os.Looper.loop(Looper.java:337)
02-16 14:24:08.698 E/Launcher.Boost( 4043): 	at android.app.ActivityThread.main(ActivityThread.java:9608)
02-16 14:24:08.698 E/Launcher.Boost( 4043): 	at java.lang.reflect.Method.invoke(Native Method)
02-16 14:24:08.698 E/Launcher.Boost( 4043): 	at com.android.internal.os.RuntimeInit$MethodAndArgsCaller.run(RuntimeInit.java:615)
02-16 14:24:08.698 E/Launcher.Boost( 4043): 	at com.android.internal.os.ZygoteInit.main(ZygoteInit.java:936)
02-16 14:24:08.701 E/WindowTransitionCompat( 4043): startAnimation isFastLaunch = false
02-16 14:24:08.701 E/WindowTransitionCompat( 4043): printLeash::index = 0, root = Surface(name=Transition Root #1205: Task=177#16080)/@0x74da7b9
02-16 14:24:08.702 E/WindowTransitionCompat( 4043): 0, check isClosingType type = 1, mode = 1
02-16 14:24:08.702 E/WindowTransitionCompat( 4043): 1, check isClosingType type = 2, mode = 4
02-16 14:24:08.702 E/onWindowDecorRectChanged( 4422): start size:1
02-16 14:24:08.702 E/onWindowDecorRectChanged( 4422): windowDecorRect: Rect(535, 10 - 684, 128)
02-16 14:24:08.710 E/WindowAnimParamsProvider( 4043): getWindowTargetBounds    bounds=Rect(0, 0 - 1220, 2712)
02-16 14:24:08.710 E/ClipAnimationHelper( 4043): updateSourceStack  mSourceInsets=Rect(0, 0 - 0, 0), mSourceStackBounds=Rect(0, 0 - 1220, 2712)
02-16 14:24:08.710 E/ClipAnimationHelper( 4043): updateHomeStack  mSourceInsets=Rect(0, 0 - 0, 0), mHomeStackBounds=Rect(0, 0 - 1220, 2712)
02-16 14:24:08.710 E/ClipAnimationHelper( 4043): updateTargetRect  mSourceRect=RectF(0.0, 0.0, 1220.0, 2712.0)   mTargetRect=RectF(0.0, 0.0, 1220.0, 2712.0)   mSourceWindowClipInsets=RectF(0.0, 0.0, 0.0, 0.0)   mHomeStackBounds=Rect(0, 0 - 1220, 2712)   targetRect=Rect(0, 0 - 1220, 2712)
02-16 14:24:08.712 E/ActivityManagerWrapper( 4043): get all recent tasks force including 177
02-16 14:24:08.717 E/ActivityManagerWrapper( 4043): getRecentTasksForceIncludingTaskIdIfValid: getRecentTasks: size=2
02-16 14:24:08.717 E/ActivityManagerWrapper( 4043):  mainTaskId=177   userId=0   windowMode=1   baseIntent=Intent { act=android.intent.action.MAIN flag=270532608 cmp=ComponentInfo{com.pr4y.app.dev/com.pr4y.app.MainActivity} }
02-16 14:24:08.717 E/ActivityManagerWrapper( 4043):  mainTaskId=174   userId=0   windowMode=1   baseIntent=Intent { act=com.android.camera.action.REVIEW flag=285245440 cmp=ComponentInfo{com.miui.gallery/com.miui.gallery.activity.ExternalPhotoPageActivity} }
02-16 14:24:08.719 E/MultiSpringDynamicAnimationbfa9660( 4043): ERROR Not Found Bundle scaleY
02-16 14:24:08.719 E/Launcher.application( 4043): setClickAppWaitForCallback = false
02-16 14:24:08.729 E/MI-SF   ( 1606): surfaceflinger setAffinity success
02-16 14:24:08.729 E/MI-SF   ( 1606): surfaceflinger setAffinity success
02-16 14:24:08.733 E/ActivityManagerWrapper( 4043): get all recent tasks force including 177
02-16 14:24:08.737 E/ActivityManagerWrapper( 4043): getRecentTasksForceIncludingTaskIdIfValid: getRecentTasks: size=2
02-16 14:24:08.737 E/ActivityManagerWrapper( 4043):  mainTaskId=177   userId=0   windowMode=1   baseIntent=Intent { act=android.intent.action.MAIN flag=270532608 cmp=ComponentInfo{com.pr4y.app.dev/com.pr4y.app.MainActivity} }
02-16 14:24:08.737 E/ActivityManagerWrapper( 4043):  mainTaskId=174   userId=0   windowMode=1   baseIntent=Intent { act=com.android.camera.action.REVIEW flag=285245440 cmp=ComponentInfo{com.miui.gallery/com.miui.gallery.activity.ExternalPhotoPageActivity} }
02-16 14:24:08.751 E/ActivityManagerWrapper( 4043): get all recent tasks force including 177
02-16 14:24:08.755 E/ActivityManagerWrapper( 4043): getRecentTasksForceIncludingTaskIdIfValid: getRecentTasks: size=2
02-16 14:24:08.755 E/ActivityManagerWrapper( 4043):  mainTaskId=177   userId=0   windowMode=1   baseIntent=Intent { act=android.intent.action.MAIN flag=270532608 cmp=ComponentInfo{com.pr4y.app.dev/com.pr4y.app.MainActivity} }
02-16 14:24:08.755 E/ActivityManagerWrapper( 4043):  mainTaskId=174   userId=0   windowMode=1   baseIntent=Intent { act=com.android.camera.action.REVIEW flag=285245440 cmp=ComponentInfo{com.miui.gallery/com.miui.gallery.activity.ExternalPhotoPageActivity} }
02-16 14:24:08.756 E/BluetoothAdapterService( 5593): getActiveDevices: LeAudioService is null
02-16 14:24:08.800 I/PR4Y_DEBUG(11563): MainActivity.onCreate start|pkg=com.pr4y.app.dev
02-16 14:24:08.843 E/libsensor-displayalgo( 2260): value of coefs 5,850.073000,4.965174,-2.685090,1.640057,-4.685160, line 101
02-16 14:24:08.858 E/TransactionExecutor(11563): Failed to execute the transaction: tId:-1180757876 ClientTransaction{
02-16 14:24:08.858 E/TransactionExecutor(11563): tId:-1180757876   transactionItems=[
02-16 14:24:08.858 E/TransactionExecutor(11563): tId:-1180757876     LaunchActivityItem{activityToken=android.os.BinderProxy@56b507f,intent=Intent { act=android.intent.action.MAIN cat=[android.intent.category.LAUNCHER] flg=0x10200000 cmp=com.pr4y.app.dev/com.pr4y.app.MainActivity bnds=[49,29][179,159] (has extras) },ident=1764535,info=ActivityInfo{6b5785e com.pr4y.app.MainActivity},curConfig={1.0 730mcc1mnc [es_US] ldltr sw508dp w508dp h1130dp 384dpi lrg long port finger -keyb/v/h -nav/h winConfig={ mBounds=Rect(0, 0 - 1220, 2712) mAppBounds=Rect(0, 0 - 1220, 2712) mMaxBounds=Rect(0, 0 - 1220, 2712) mDisplayRotation=ROTATION_0 mWindowingMode=fullscreen mActivityType=undefined mAlwaysOnTop=undefined mRotation=ROTATION_0 mInSplitScreen=false letterBoxed=false foScaled=false isSpecificEmbedded=false screenType=0} s.2336 fontWeightAdjustment=0/d themeChanged=0 themeChangedFlags=0 extraData = Bundle[EMPTY_PARCEL] screenType=0/0},overrideConfig={1.0 730mcc1mnc [es_US] ldltr sw508dp w508dp h1130dp 384dpi lrg long port finger -keyb/v/h -nav/h winConfig={ mBounds=Rect(0, 0 - 1220, 2712) mAppBounds=Rect(0, 0 - 1220, 2712) mMaxBounds=Rect(0, 0 - 1220, 2712) mDisplayRotation=ROTATION_0 mWindowingMode=fullscreen mActivityType=standard mAlwaysOnTop=undefined mRotation=ROTATION_0 mInSplitScreen=false letterBoxed=false foScaled=false isSpecificEmbedded=false screenType=0} s.2 fontWeightAdjustment=0/d themeChanged=0 themeChangedFlags=0 extraData = Bundle[{}] screenType=0/0},deviceId=0,referrer=com.miui.home,procState=19,state=null,persistentState=null,pendingResults=null,pendingNewIntents=null,sceneTransitionInfo=null,profilerInfo=null,assistToken=android.os.BinderProxy@9008ce3,shareableActivityToken=android.os.BinderProxy@abb56e0,activityWindowInfo=ActivityWindowInfo{isEmbedded=false, taskBounds=Rect(0, 0 - 1220, 2712), taskFragmentBounds=Rect(0, 0 - 1220, 2712)}}
02-16 14:24:08.858 E/TransactionExecutor(11563): tId:-1180757876     ResumeActivityItem{mActivityToken=android.os.BinderProxy@56b507f,procState=-1,updateProcState=false,isForward=true,shouldSendCompatFakeFocus=false}
02-16 14:24:08.858 E/TransactionExecutor(11563): tId:-1180757876     Target activity: com.pr4y.app.MainActivity
02-16 14:24:08.858 E/TransactionExecutor(11563): tId:-1180757876   ]
02-16 14:24:08.858 E/TransactionExecutor(11563): tId:-1180757876 }
--------- beginning of crash
02-16 14:24:08.860 E/AndroidRuntime(11563): FATAL EXCEPTION: main
02-16 14:24:08.860 E/AndroidRuntime(11563): Process: com.pr4y.app.dev, PID: 11563
02-16 14:24:08.860 E/AndroidRuntime(11563): java.lang.RuntimeException: Unable to start activity ComponentInfo{com.pr4y.app.dev/com.pr4y.app.MainActivity}: java.lang.IllegalStateException: You need to use a Theme.AppCompat theme (or descendant) with this activity.
02-16 14:24:08.860 E/AndroidRuntime(11563): 	at android.app.ActivityThread.performLaunchActivity(ActivityThread.java:4418)
02-16 14:24:08.860 E/AndroidRuntime(11563): 	at android.app.ActivityThread.handleLaunchActivity(ActivityThread.java:4639)
02-16 14:24:08.860 E/AndroidRuntime(11563): 	at android.app.servertransaction.LaunchActivityItem.execute(LaunchActivityItem.java:112)
02-16 14:24:08.860 E/AndroidRuntime(11563): 	at android.app.servertransaction.TransactionExecutor.executeNonLifecycleItem(TransactionExecutor.java:186)
02-16 14:24:08.860 E/AndroidRuntime(11563): 	at android.app.servertransaction.TransactionExecutor.executeTransactionItems(TransactionExecutor.java:112)
02-16 14:24:08.860 E/AndroidRuntime(11563): 	at android.app.servertransaction.TransactionExecutor.execute(TransactionExecutor.java:84)
02-16 14:24:08.860 E/AndroidRuntime(11563): 	at android.app.ActivityThread$H.handleMessage(ActivityThread.java:2875)
02-16 14:24:08.860 E/AndroidRuntime(11563): 	at android.os.Handler.dispatchMessage(Handler.java:107)
02-16 14:24:08.860 E/AndroidRuntime(11563): 	at android.os.Looper.loopOnce(Looper.java:249)
02-16 14:24:08.860 E/AndroidRuntime(11563): 	at android.os.Looper.loop(Looper.java:337)
02-16 14:24:08.860 E/AndroidRuntime(11563): 	at android.app.ActivityThread.main(ActivityThread.java:9608)
02-16 14:24:08.860 E/AndroidRuntime(11563): 	at java.lang.reflect.Method.invoke(Native Method)
02-16 14:24:08.860 E/AndroidRuntime(11563): 	at com.android.internal.os.RuntimeInit$MethodAndArgsCaller.run(RuntimeInit.java:615)
02-16 14:24:08.860 E/AndroidRuntime(11563): 	at com.android.internal.os.ZygoteInit.main(ZygoteInit.java:936)
02-16 14:24:08.860 E/AndroidRuntime(11563): Caused by: java.lang.IllegalStateException: You need to use a Theme.AppCompat theme (or descendant) with this activity.
02-16 14:24:08.860 E/AndroidRuntime(11563): 	at androidx.appcompat.app.AppCompatDelegateImpl.createSubDecor(AppCompatDelegateImpl.java:902)
02-16 14:24:08.860 E/AndroidRuntime(11563): 	at androidx.appcompat.app.AppCompatDelegateImpl.ensureSubDecor(AppCompatDelegateImpl.java:865)
02-16 14:24:08.860 E/AndroidRuntime(11563): 	at androidx.appcompat.app.AppCompatDelegateImpl.setContentView(AppCompatDelegateImpl.java:757)
02-16 14:24:08.860 E/AndroidRuntime(11563): 	at androidx.appcompat.app.AppCompatActivity.setContentView(AppCompatActivity.java:209)
02-16 14:24:08.860 E/AndroidRuntime(11563): 	at androidx.activity.compose.ComponentActivityKt.setContent(ComponentActivity.kt:70)
02-16 14:24:08.860 E/AndroidRuntime(11563): 	at androidx.activity.compose.ComponentActivityKt.setContent$default(ComponentActivity.kt:51)
02-16 14:24:08.860 E/AndroidRuntime(11563): 	at com.pr4y.app.MainActivity.onCreate(MainActivity.kt:101)
02-16 14:24:08.860 E/AndroidRuntime(11563): 	at android.app.Activity.performCreate(Activity.java:9224)
02-16 14:24:08.860 E/AndroidRuntime(11563): 	at android.app.Activity.performCreate(Activity.java:9173)
02-16 14:24:08.860 E/AndroidRuntime(11563): 	at android.app.Instrumentation.callActivityOnCreate(Instrumentation.java:1538)
02-16 14:24:08.860 E/AndroidRuntime(11563): 	at android.app.ActivityThread.performLaunchActivity(ActivityThread.java:4400)
02-16 14:24:08.860 E/AndroidRuntime(11563): 	... 13 more
02-16 14:24:08.869 E/JavaExceptionHandler( 7381): Process: com.pr4y.app.dev, PID: 11563
02-16 14:24:08.869 E/JavaExceptionHandler( 7381): java.lang.RuntimeException: Unable to start activity ComponentInfo{com.pr4y.app.dev/com.pr4y.app.MainActivity}: java.lang.IllegalStateException: You need to use a Theme.AppCompat theme (or descendant) with this activity.
02-16 14:24:08.869 E/JavaExceptionHandler( 7381): 	at android.app.ActivityThread.performLaunchActivity(ActivityThread.java:4418)
02-16 14:24:08.869 E/JavaExceptionHandler( 7381): 	at android.app.ActivityThread.handleLaunchActivity(ActivityThread.java:4639)
02-16 14:24:08.869 E/JavaExceptionHandler( 7381): 	at android.app.servertransaction.LaunchActivityItem.execute(LaunchActivityItem.java:112)
02-16 14:24:08.869 E/JavaExceptionHandler( 7381): 	at android.app.servertransaction.TransactionExecutor.executeNonLifecycleItem(TransactionExecutor.java:186)
02-16 14:24:08.869 E/JavaExceptionHandler( 7381): 	at android.app.servertransaction.TransactionExecutor.executeTransactionItems(TransactionExecutor.java:112)
02-16 14:24:08.869 E/JavaExceptionHandler( 7381): 	at android.app.servertransaction.TransactionExecutor.execute(TransactionExecutor.java:84)
02-16 14:24:08.869 E/JavaExceptionHandler( 7381): 	at android.app.ActivityThread$H.handleMessage(ActivityThread.java:2875)
02-16 14:24:08.869 E/JavaExceptionHandler( 7381): 	at android.os.Handler.dispatchMessage(Handler.java:107)
02-16 14:24:08.869 E/JavaExceptionHandler( 7381): 	at android.os.Looper.loopOnce(Looper.java:249)
02-16 14:24:08.869 E/JavaExceptionHandler( 7381): 	at android.os.Looper.loop(Looper.java:337)
02-16 14:24:08.869 E/JavaExceptionHandler( 7381): 	at android.app.ActivityThread.main(ActivityThread.java:9608)
02-16 14:24:08.869 E/JavaExceptionHandler( 7381): 	at java.lang.reflect.Method.invoke(Native Method)
02-16 14:24:08.869 E/JavaExceptionHandler( 7381): 	at com.android.internal.os.RuntimeInit$MethodAndArgsCaller.run(RuntimeInit.java:615)
02-16 14:24:08.869 E/JavaExceptionHandler( 7381): 	at com.android.internal.os.ZygoteInit.main(ZygoteInit.java:936)
02-16 14:24:08.869 E/JavaExceptionHandler( 7381): Caused by: java.lang.IllegalStateException: You need to use a Theme.AppCompat theme (or descendant) with this activity.
02-16 14:24:08.869 E/JavaExceptionHandler( 7381): 	at androidx.appcompat.app.AppCompatDelegateImpl.createSubDecor(AppCompatDelegateImpl.java:902)
02-16 14:24:08.869 E/JavaExceptionHandler( 7381): 	at androidx.appcompat.app.AppCompatDelegateImpl.ensureSubDecor(AppCompatDelegateImpl.java:865)
02-16 14:24:08.869 E/JavaExceptionHandler( 7381): 	at androidx.appcompat.app.AppCompatDelegateImpl.setContentView(AppCompatDelegateImpl.java:757)
02-16 14:24:08.869 E/JavaExceptionHandler( 7381): 	at androidx.appcompat.app.AppCompatActivity.setContentView(AppCompatActivity.java:209)
02-16 14:24:08.869 E/JavaExceptionHandler( 7381): 	at androidx.activity.compose.ComponentActivityKt.setContent(ComponentActivity.kt:70)
02-16 14:24:08.869 E/JavaExceptionHandler( 7381): 	at androidx.activity.compose.ComponentActivityKt.setContent$default(ComponentActivity.kt:51)
02-16 14:24:08.869 E/JavaExceptionHandler( 7381): 	at com.pr4y.app.MainActivity.onCreate(MainActivity.kt:101)
02-16 14:24:08.869 E/JavaExceptionHandler( 7381): 	at android.app.Activity.performCreate(Activity.java:9224)
02-16 14:24:08.869 E/JavaExceptionHandler( 7381): 	at android.app.Activity.performCreate(Activity.java:9173)
02-16 14:24:08.869 E/JavaExceptionHandler( 7381): 	at android.app.Instrumentation.callActivityOnCreate(Instrumentation.java:1538)
02-16 14:24:08.869 E/JavaExceptionHandler( 7381): 	at android.app.ActivityThread.performLaunchActivity(ActivityThread.java:4400)
02-16 14:24:08.869 E/JavaExceptionHandler( 7381): 	... 13 more
02-16 14:24:08.881 E/WindowManager( 2645): setClientVisible ActivityRecord{659c16e u0 com.miui.home/.launcher.Launcher t2} true
02-16 14:24:08.882 E/WindowManager( 2645): setClientVisible WallpaperWindowToken{cf9eac9 token=android.os.Binder@fc09382} true
02-16 14:24:08.882 E/WindowManager( 2645): setClientVisible WallpaperWindowToken{986b648 token=android.os.Binder@1f9a8eb} true
02-16 14:24:08.906 E/ActivityManagerWrapper( 4043): get all recent tasks force including 174
02-16 14:24:08.908 E/OOMEventManager( 7381): oom event isSystemApp = false isSystem = false isSupportedTestProc = false
02-16 14:24:08.909 E/ActivityManagerWrapper( 4043): getRecentTasksForceIncludingTaskIdIfValid: getRecentTasks: size=2
02-16 14:24:08.909 E/ActivityManagerWrapper( 4043):  mainTaskId=177   userId=0   windowMode=1   baseIntent=Intent { act=android.intent.action.MAIN flag=270532608 cmp=ComponentInfo{com.pr4y.app.dev/com.pr4y.app.MainActivity} }
02-16 14:24:08.909 E/ActivityManagerWrapper( 4043):  mainTaskId=174   userId=0   windowMode=1   baseIntent=Intent { act=com.android.camera.action.REVIEW flag=285245440 cmp=ComponentInfo{com.miui.gallery/com.miui.gallery.activity.ExternalPhotoPageActivity} }
02-16 14:24:08.932 E/SmartAppAssistant(10153): SystemUtil get  applicationInfo fail
02-16 14:24:08.943 E/ExtM    ( 2645): can_flush_idle_pages:17829 flush_number_adjust: 17829
02-16 14:24:08.984 E/ANDR-PERF-MPCTL( 1460): Perflock Submit request limit reached.
02-16 14:24:08.994 E/onWindowDecorRectChanged( 4422): start size:0
02-16 14:24:08.996 E/Launcher.application( 4043): setClickAppWaitForCallback = false
02-16 14:24:09.011 E/WindowManager( 2645):  source = Task{1e79d53 #177 type=standard A=10319:com.pr4y.app.dev} excludeMiuiNavBar = true excludeMiuiStatusBar = true excludeIme = false excludeNavBar = true miuiNavSurfaceControl = Surface(name=Miui Fake NavBar#51)/@0xa93b015 miuiStatusSurfaceControl = Surface(name=Miui Fake StatusBar#50)/@0xc839f1e
02-16 14:24:09.022 E/KeyguardTransitionHandlerImpl( 4422): activityCount = 0
02-16 14:24:09.029 E/WindowTransitionCompat( 4043): printLeash::index = 0, root = Surface(name=Transition Root #1206: Task=1#16090)/@0x2a43809
02-16 14:24:09.043 E/vold    (12027): maxCpuFreq=2400000
02-16 14:24:09.044 E/WindowTransitionCompat( 4043): IRemoteTransition mergeAnimation isClosingType = true, hasHome = true
02-16 14:24:09.044 E/WindowTransitionCompat( 4043): before wrap app
02-16 14:24:09.044 E/vold    (12027): maxCpuFreq=2400000
02-16 14:24:09.045 E/WindowTransitionCompat( 4043): before wrap wallpaper
02-16 14:24:09.048 E/BluetoothAdapterService( 5593): getActiveDevices: LeAudioService is null
02-16 14:24:09.053 E/WindowTransitionCompat( 4043): IRemoteTransition mergeAnimation end
02-16 14:24:09.061 E/MI-SF   ( 1606): surfaceflinger setAffinity success
02-16 14:24:09.062 E/WindowAnimParamsProvider( 4043): getWindowTargetBounds    bounds=Rect(0, 0 - 1220, 2712)
02-16 14:24:09.065 E/ClipAnimationHelper( 4043): updateSourceStack  mSourceInsets=Rect(0, 0 - 0, 0), mSourceStackBounds=Rect(0, 0 - 1220, 2712)
02-16 14:24:09.065 E/ClipAnimationHelper( 4043): updateHomeStack  mSourceInsets=Rect(0, 0 - 0, 0), mHomeStackBounds=Rect(0, 0 - 1220, 2712)
02-16 14:24:09.065 E/ClipAnimationHelper( 4043): updateTargetRect  mSourceRect=RectF(0.0, 0.0, 1220.0, 2712.0)   mTargetRect=RectF(0.0, 0.0, 1220.0, 2712.0)   mSourceWindowClipInsets=RectF(0.0, 0.0, 0.0, 0.0)   mHomeStackBounds=Rect(0, 0 - 1220, 2712)   targetRect=Rect(0, 0 - 1220, 2712)
02-16 14:24:09.067 E/MultiSpringDynamicAnimationbfa9660( 4043): ERROR Not Found Bundle scaleY
02-16 14:24:09.072 E/StateNotifyUtils( 4043): sendFsStateBroadCast state=closeWindow   channel=navigation_bar   packageName=
02-16 14:24:09.088 E/MI-SF   ( 1606): surfaceflinger setAffinity success
02-16 14:24:09.088 E/MI-SF   ( 1606): surfaceflinger setAffinity success
02-16 14:24:09.094 E/FenceTime( 4043): FenceTime::applyTrustedSnapshot: signalTime mismatch. (41258537872071 (old) != -1 (new))
02-16 14:24:09.139 E/libsensor-displayalgo( 2260): value of coefs 5,850.073000,4.965174,-2.685090,1.640057,-4.685160, line 101
02-16 14:24:09.439 E/libsensor-displayalgo( 2260): value of coefs 5,850.073000,4.965174,-2.685090,1.640057,-4.685160, line 101
02-16 14:24:09.681 E/ANDR-PERF-LM( 1460): VmRssMeter:: start() 358: Could not find pid, can not collect vmrss data
02-16 14:24:09.682 E/ANDR-PERF-LM( 1460): VmRssMeter:: start() 358: Could not find pid, can not collect vmrss data
02-16 14:24:09.682 E/ANDR-PERF-LM( 1460): AdaptiveLaunch: writeToDataBase() 64: Meter aborted or could not get meter data for this run
02-16 14:24:09.712 E/WifiClientModeImpl[6737054:wlan0]( 2645): Failed to get mlo info
