--------- beginning of main
02-16 14:28:47.242 E/libsensor-displayalgo( 2260): value of coefs 5,850.073000,4.965174,-2.685090,1.640057,-4.685160, line 101
02-16 14:28:47.243 E/libsensor-displayalgo( 2260): value of coefs 5,850.073000,4.965174,-2.685090,1.640057,-4.685160, line 101
02-16 14:28:47.245 E/libsensor-displayalgo( 2260): value of coefs 5,850.073000,4.965174,-2.685090,1.640057,-4.685160, line 101
02-16 14:28:47.344 E/libsensor-displayalgo( 2260): value of coefs 5,850.073000,4.965174,-2.685090,1.640057,-4.685160, line 101
02-16 14:28:47.346 E/libsensor-displayalgo( 2260): value of coefs 5,850.073000,4.965174,-2.685090,1.640057,-4.685160, line 101
02-16 14:28:47.432 E/HyperSentinel( 2645): -------------------------------------------------------
02-16 14:28:47.432 E/HyperSentinel( 2645): Event_ThreadAmount
02-16 14:28:47.432 E/HyperSentinel( 2645): -> audit event by proc 19032 "com.whatsapp": running threads amount, 0 -> 97
02-16 14:28:47.441 E/libsensor-displayalgo( 2260): value of coefs 5,850.073000,4.965174,-2.685090,1.640057,-4.685160, line 101
02-16 14:28:47.442 E/libsensor-displayalgo( 2260): value of coefs 5,850.073000,4.965174,-2.685090,1.640057,-4.685160, line 101
02-16 14:28:47.442 E/libsensor-displayalgo( 2260): value of coefs 5,850.073000,4.965174,-2.685090,1.640057,-4.685160, line 101
02-16 14:28:47.445 E/libsensor-displayalgo( 2260): value of coefs 5,850.073000,4.965174,-2.685090,1.640057,-4.685160, line 101
02-16 14:28:47.446 E/libsensor-displayalgo( 2260): value of coefs 5,850.073000,4.965174,-2.685090,1.640057,-4.685160, line 101
02-16 14:28:47.543 E/libsensor-displayalgo( 2260): value of coefs 5,850.073000,4.965174,-2.685090,1.640057,-4.685160, line 101
02-16 14:28:47.544 E/libsensor-displayalgo( 2260): value of coefs 5,850.073000,4.965174,-2.685090,1.640057,-4.685160, line 101
02-16 14:28:47.546 E/libsensor-displayalgo( 2260): value of coefs 5,850.073000,4.965174,-2.685090,1.640057,-4.685160, line 101
02-16 14:28:47.547 E/libsensor-displayalgo( 2260): value of coefs 5,850.073000,4.965174,-2.685090,1.640057,-4.685160, line 101
02-16 14:28:47.548 E/libsensor-displayalgo( 2260): value of coefs 5,850.073000,4.965174,-2.685090,1.640057,-4.685160, line 101
02-16 14:28:47.644 E/libsensor-displayalgo( 2260): value of coefs 5,850.073000,4.965174,-2.685090,1.640057,-4.685160, line 101
02-16 14:28:47.645 E/libsensor-displayalgo( 2260): value of coefs 5,850.073000,4.965174,-2.685090,1.640057,-4.685160, line 101
02-16 14:28:47.648 E/libsensor-displayalgo( 2260): value of coefs 5,850.073000,4.965174,-2.685090,1.640057,-4.685160, line 101
02-16 14:28:47.708 E/WifiClientModeImpl[6737054:wlan0]( 2645): Failed to get mlo info
02-16 14:28:47.743 E/libsensor-displayalgo( 2260): value of coefs 5,850.073000,4.965174,-2.685090,1.640057,-4.685160, line 101
02-16 14:28:47.744 E/libsensor-displayalgo( 2260): value of coefs 5,850.073000,4.965174,-2.685090,1.640057,-4.685160, line 101
02-16 14:28:47.746 E/libsensor-displayalgo( 2260): value of coefs 5,850.073000,4.965174,-2.685090,1.640057,-4.685160, line 101
02-16 14:28:47.747 E/libsensor-displayalgo( 2260): value of coefs 5,850.073000,4.965174,-2.685090,1.640057,-4.685160, line 101
02-16 14:28:47.841 E/libsensor-displayalgo( 2260): value of coefs 5,850.073000,4.965174,-2.685090,1.640057,-4.685160, line 101
02-16 14:28:47.842 E/libsensor-displayalgo( 2260): value of coefs 5,850.073000,4.965174,-2.685090,1.640057,-4.685160, line 101
02-16 14:28:47.843 E/libsensor-displayalgo( 2260): value of coefs 5,850.073000,4.965174,-2.685090,1.640057,-4.685160, line 101
02-16 14:28:47.844 E/libsensor-displayalgo( 2260): value of coefs 5,850.073000,4.965174,-2.685090,1.640057,-4.685160, line 101
--------- beginning of system
02-16 14:28:47.863 E/ExtM    ( 2645): ExtM flush exist thrashing
02-16 14:28:47.924 E/ExtM    ( 2645): can_flush_idle_pages:17823 flush_number_adjust: 17823
02-16 14:28:47.941 E/libsensor-displayalgo( 2260): value of coefs 5,850.073000,4.965174,-2.685090,1.640057,-4.685160, line 101
02-16 14:28:47.942 E/libsensor-displayalgo( 2260): value of coefs 5,850.073000,4.965174,-2.685090,1.640057,-4.685160, line 101
02-16 14:28:47.944 E/libsensor-displayalgo( 2260): value of coefs 5,850.073000,4.965174,-2.685090,1.640057,-4.685160, line 101
02-16 14:28:47.988 E/vold    (19164): maxCpuFreq=2400000
02-16 14:28:47.989 E/vold    (19164): maxCpuFreq=2400000
02-16 14:28:48.143 E/libsensor-displayalgo( 2260): value of coefs 5,850.073000,4.965174,-2.685090,1.640057,-4.685160, line 101
02-16 14:28:48.146 E/libsensor-displayalgo( 2260): value of coefs 5,850.073000,4.965174,-2.685090,1.640057,-4.685160, line 101
02-16 14:28:48.146 E/libsensor-displayalgo( 2260): value of coefs 5,850.073000,4.965174,-2.685090,1.640057,-4.685160, line 101
02-16 14:28:48.148 E/libsensor-displayalgo( 2260): value of coefs 5,850.073000,4.965174,-2.685090,1.640057,-4.685160, line 101
02-16 14:28:48.244 E/libsensor-displayalgo( 2260): value of coefs 5,850.073000,4.965174,-2.685090,1.640057,-4.685160, line 101
02-16 14:28:48.249 E/libsensor-displayalgo( 2260): value of coefs 5,850.073000,4.965174,-2.685090,1.640057,-4.685160, line 101
02-16 14:28:48.250 E/libsensor-displayalgo( 2260): value of coefs 5,850.073000,4.965174,-2.685090,1.640057,-4.685160, line 101
02-16 14:28:48.251 E/libsensor-displayalgo( 2260): value of coefs 5,850.073000,4.965174,-2.685090,1.640057,-4.685160, line 101
02-16 14:28:48.343 E/libsensor-displayalgo( 2260): value of coefs 5,850.073000,4.965174,-2.685090,1.640057,-4.685160, line 101
02-16 14:28:48.343 E/libsensor-displayalgo( 2260): value of coefs 5,850.073000,4.965174,-2.685090,1.640057,-4.685160, line 101
02-16 14:28:48.344 E/libsensor-displayalgo( 2260): value of coefs 5,850.073000,4.965174,-2.685090,1.640057,-4.685160, line 101
02-16 14:28:48.345 E/libsensor-displayalgo( 2260): value of coefs 5,850.073000,4.965174,-2.685090,1.640057,-4.685160, line 101
02-16 14:28:48.345 E/libsensor-displayalgo( 2260): value of coefs 5,850.073000,4.965174,-2.685090,1.640057,-4.685160, line 101
02-16 14:28:48.443 E/libsensor-displayalgo( 2260): value of coefs 5,850.073000,4.965174,-2.685090,1.640057,-4.685160, line 101
02-16 14:28:48.444 E/libsensor-displayalgo( 2260): value of coefs 5,850.073000,4.965174,-2.685090,1.640057,-4.685160, line 101
02-16 14:28:48.445 E/libsensor-displayalgo( 2260): value of coefs 5,850.073000,4.965174,-2.685090,1.640057,-4.685160, line 101
02-16 14:28:48.446 E/libsensor-displayalgo( 2260): value of coefs 5,850.073000,4.965174,-2.685090,1.640057,-4.685160, line 101
02-16 14:28:48.447 E/libsensor-displayalgo( 2260): value of coefs 5,850.073000,4.965174,-2.685090,1.640057,-4.685160, line 101
02-16 14:28:48.542 E/libsensor-displayalgo( 2260): value of coefs 5,850.073000,4.965174,-2.685090,1.640057,-4.685160, line 101
02-16 14:28:48.544 E/libsensor-displayalgo( 2260): value of coefs 5,850.073000,4.965174,-2.685090,1.640057,-4.685160, line 101
02-16 14:28:48.544 E/libsensor-displayalgo( 2260): value of coefs 5,850.073000,4.965174,-2.685090,1.640057,-4.685160, line 101
02-16 14:28:48.546 E/libsensor-displayalgo( 2260): value of coefs 5,850.073000,4.965174,-2.685090,1.640057,-4.685160, line 101
02-16 14:28:48.644 E/libsensor-displayalgo( 2260): value of coefs 5,850.073000,4.965174,-2.685090,1.640057,-4.685160, line 101
02-16 14:28:48.648 E/libsensor-displayalgo( 2260): value of coefs 5,850.073000,4.965174,-2.685090,1.640057,-4.685160, line 101
02-16 14:28:48.650 E/libsensor-displayalgo( 2260): value of coefs 5,850.073000,4.965174,-2.685090,1.640057,-4.685160, line 101
02-16 14:28:48.651 E/libsensor-displayalgo( 2260): value of coefs 5,850.073000,4.965174,-2.685090,1.640057,-4.685160, line 101
02-16 14:28:48.745 E/libsensor-displayalgo( 2260): value of coefs 5,850.073000,4.965174,-2.685090,1.640057,-4.685160, line 101
02-16 14:28:48.751 E/libsensor-displayalgo( 2260): value of coefs 5,850.073000,4.965174,-2.685090,1.640057,-4.685160, line 101
02-16 14:28:48.766 E/msys    (12725): E[N MQTT]onConnectError(562)=>Connect Error: folly::AsyncSocketException: AsyncSocketException: connect failed, type = Socket not open, errno = 110 (Connection timed out)
02-16 14:28:48.818 E/sensors-hal( 1397): handle_sns_client_event:57, har-sensor-hal: time=60349652221286 data 0.000000
02-16 14:28:48.843 E/libsensor-displayalgo( 2260): value of coefs 5,850.073000,4.965174,-2.685090,1.640057,-4.685160, line 101
02-16 14:28:48.844 E/libsensor-displayalgo( 2260): value of coefs 5,850.073000,4.965174,-2.685090,1.640057,-4.685160, line 101
02-16 14:28:48.845 E/libsensor-displayalgo( 2260): value of coefs 5,850.073000,4.965174,-2.685090,1.640057,-4.685160, line 101
02-16 14:28:48.846 E/libsensor-displayalgo( 2260): value of coefs 5,850.073000,4.965174,-2.685090,1.640057,-4.685160, line 101
02-16 14:28:48.848 E/libsensor-displayalgo( 2260): value of coefs 5,850.073000,4.965174,-2.685090,1.640057,-4.685160, line 101
02-16 14:28:48.946 E/libsensor-displayalgo( 2260): value of coefs 5,850.073000,4.965174,-2.685090,1.640057,-4.685160, line 101
02-16 14:28:48.947 E/libsensor-displayalgo( 2260): value of coefs 5,850.073000,4.965174,-2.685090,1.640057,-4.685160, line 101
02-16 14:28:48.948 E/libsensor-displayalgo( 2260): value of coefs 5,850.073000,4.965174,-2.685090,1.640057,-4.685160, line 101
02-16 14:28:48.951 E/libsensor-displayalgo( 2260): value of coefs 5,850.073000,4.965174,-2.685090,1.640057,-4.685160, line 101
02-16 14:28:49.042 E/libsensor-displayalgo( 2260): value of coefs 5,850.073000,4.965174,-2.685090,1.640057,-4.685160, line 101
02-16 14:28:49.044 E/libsensor-displayalgo( 2260): value of coefs 5,850.073000,4.965174,-2.685090,1.640057,-4.685160, line 101
02-16 14:28:49.047 E/libsensor-displayalgo( 2260): value of coefs 5,850.073000,4.965174,-2.685090,1.640057,-4.685160, line 101
02-16 14:28:49.144 E/libsensor-displayalgo( 2260): value of coefs 5,850.073000,4.965174,-2.685090,1.640057,-4.685160, line 101
02-16 14:28:49.145 E/libsensor-displayalgo( 2260): value of coefs 5,850.073000,4.965174,-2.685090,1.640057,-4.685160, line 101
02-16 14:28:49.146 E/libsensor-displayalgo( 2260): value of coefs 5,850.073000,4.965174,-2.685090,1.640057,-4.685160, line 101
02-16 14:28:49.147 E/libsensor-displayalgo( 2260): value of coefs 5,850.073000,4.965174,-2.685090,1.640057,-4.685160, line 101
02-16 14:28:49.243 E/libsensor-displayalgo( 2260): value of coefs 5,850.073000,4.965174,-2.685090,1.640057,-4.685160, line 101
02-16 14:28:49.244 E/libsensor-displayalgo( 2260): value of coefs 5,850.073000,4.965174,-2.685090,1.640057,-4.685160, line 101
02-16 14:28:49.246 E/libsensor-displayalgo( 2260): value of coefs 5,850.073000,4.965174,-2.685090,1.640057,-4.685160, line 101
02-16 14:28:49.247 E/libsensor-displayalgo( 2260): value of coefs 5,850.073000,4.965174,-2.685090,1.640057,-4.685160, line 101
02-16 14:28:49.249 E/libsensor-displayalgo( 2260): value of coefs 5,850.073000,4.965174,-2.685090,1.640057,-4.685160, line 101
02-16 14:28:49.344 E/libsensor-displayalgo( 2260): value of coefs 5,850.073000,4.965174,-2.685090,1.640057,-4.685160, line 101
02-16 14:28:49.345 E/libsensor-displayalgo( 2260): value of coefs 5,850.073000,4.965174,-2.685090,1.640057,-4.685160, line 101
02-16 14:28:49.346 E/libsensor-displayalgo( 2260): value of coefs 5,850.073000,4.965174,-2.685090,1.640057,-4.685160, line 101
02-16 14:28:49.445 E/libsensor-displayalgo( 2260): value of coefs 5,850.073000,4.965174,-2.685090,1.640057,-4.685160, line 101
02-16 14:28:49.446 E/libsensor-displayalgo( 2260): value of coefs 5,850.073000,4.965174,-2.685090,1.640057,-4.685160, line 101
02-16 14:28:49.448 E/libsensor-displayalgo( 2260): value of coefs 5,850.073000,4.965174,-2.685090,1.640057,-4.685160, line 101
02-16 14:28:49.449 E/libsensor-displayalgo( 2260): value of coefs 5,850.073000,4.965174,-2.685090,1.640057,-4.685160, line 101
02-16 14:28:49.450 E/libsensor-displayalgo( 2260): value of coefs 5,850.073000,4.965174,-2.685090,1.640057,-4.685160, line 101
02-16 14:28:49.541 E/libsensor-displayalgo( 2260): value of coefs 5,850.073000,4.965174,-2.685090,1.640057,-4.685160, line 101
02-16 14:28:49.541 E/libsensor-displayalgo( 2260): value of coefs 5,850.073000,4.965174,-2.685090,1.640057,-4.685160, line 101
02-16 14:28:49.542 E/libsensor-displayalgo( 2260): value of coefs 5,850.073000,4.965174,-2.685090,1.640057,-4.685160, line 101
02-16 14:28:49.643 E/libsensor-displayalgo( 2260): value of coefs 5,850.073000,4.965174,-2.685090,1.640057,-4.685160, line 101
02-16 14:28:49.648 E/libsensor-displayalgo( 2260): value of coefs 5,850.073000,4.965174,-2.685090,1.640057,-4.685160, line 101
02-16 14:28:49.649 E/libsensor-displayalgo( 2260): value of coefs 5,850.073000,4.965174,-2.685090,1.640057,-4.685160, line 101
02-16 14:28:49.651 E/libsensor-displayalgo( 2260): value of coefs 5,850.073000,4.965174,-2.685090,1.640057,-4.685160, line 101
02-16 14:28:49.743 E/libsensor-displayalgo( 2260): value of coefs 5,850.073000,4.965174,-2.685090,1.640057,-4.685160, line 101
02-16 14:28:49.745 E/libsensor-displayalgo( 2260): value of coefs 5,850.073000,4.965174,-2.685090,1.640057,-4.685160, line 101
02-16 14:28:49.747 E/libsensor-displayalgo( 2260): value of coefs 5,850.073000,4.965174,-2.685090,1.640057,-4.685160, line 101
02-16 14:28:49.748 E/libsensor-displayalgo( 2260): value of coefs 5,850.073000,4.965174,-2.685090,1.640057,-4.685160, line 101
02-16 14:28:49.750 E/libsensor-displayalgo( 2260): value of coefs 5,850.073000,4.965174,-2.685090,1.640057,-4.685160, line 101
02-16 14:28:49.779 E/sensors-hal( 1397): handle_sns_client_event:57, har-sensor-hal: time=60350613884619 data 2.000000
02-16 14:28:49.791 E/RTMode  ( 2645): pkgName: com.pr4y.app.dev has no permission
02-16 14:28:49.822 E/RTMode  ( 2645): pkgName: com.pr4y.app.dev has no permission
02-16 14:28:49.827 E/RTMode  ( 2645): pkgName: com.pr4y.app.dev has no permission
02-16 14:28:49.831 E/RTMode  ( 2645): pkgName: com.pr4y.app.dev has no permission
02-16 14:28:49.835 E/RTMode  ( 2645): pkgName: com.pr4y.app.dev has no permission
02-16 14:28:49.841 E/RTMode  ( 2645): pkgName: com.pr4y.app.dev has no permission
02-16 14:28:49.845 E/RTMode  ( 2645): pkgName: com.pr4y.app.dev has no permission
02-16 14:28:49.845 E/libsensor-displayalgo( 2260): value of coefs 5,850.073000,4.965174,-2.685090,1.640057,-4.685160, line 101
02-16 14:28:49.873 I/PR4Y_NETWORK(12341): --> GET https://pr4yapi-production.up.railway.app/v1/crypto/wrapped-dek
02-16 14:28:49.873 I/PR4Y_NETWORK(12341): Authorization: Bearer eyJhbGciOiJIUzI1NiIsInR5cCI6IkpXVCJ9.eyJzdWIiOiIwYWQ4OGFiYi1mYjQwLTQ1ZjAtOTI5MC1kNGZlODE4MDljMDciLCJlbWFpbCI6ImhlcnJlcmEuamFyYS5jcmlzdG9iYWxAZ21haWwuY29tIiwicm9sZSI6InVzZXIiLCJpYXQiOjE3NzEyNjI4NTYsImV4cCI6MTc3MTI2Mzc1Nn0.2U-tjoSfzOBJWXTK3tudzH6TOlkjPXidr47I1PMHom8
02-16 14:28:49.873 I/PR4Y_NETWORK(12341): --> END GET
02-16 14:28:49.941 E/libsensor-displayalgo( 2260): value of coefs 5,850.073000,4.965174,-2.685090,1.640057,-4.685160, line 101
02-16 14:28:50.142 E/libsensor-displayalgo( 2260): value of coefs 5,850.073000,4.965174,-2.685090,1.640057,-4.685160, line 101
02-16 14:28:50.214 E/sensors-hal( 1397): handle_sns_client_event:52, sar_algo_event: ts=60351048258786, event=4.000000
02-16 14:28:50.227 I/PR4Y_NETWORK(12341): <-- 200 https://pr4yapi-production.up.railway.app/v1/crypto/wrapped-dek (353ms)
02-16 14:28:50.227 I/PR4Y_NETWORK(12341): access-control-allow-credentials: true
02-16 14:28:50.227 I/PR4Y_NETWORK(12341): content-type: application/json; charset=utf-8
02-16 14:28:50.227 I/PR4Y_NETWORK(12341): cross-origin-opener-policy: same-origin
02-16 14:28:50.227 I/PR4Y_NETWORK(12341): cross-origin-resource-policy: same-origin
02-16 14:28:50.227 I/PR4Y_NETWORK(12341): date: Mon, 16 Feb 2026 17:28:50 GMT
02-16 14:28:50.227 I/PR4Y_NETWORK(12341): origin-agent-cluster: ?1
02-16 14:28:50.227 I/PR4Y_NETWORK(12341): referrer-policy: no-referrer
02-16 14:28:50.227 I/PR4Y_NETWORK(12341): server: railway-edge
02-16 14:28:50.227 I/PR4Y_NETWORK(12341): strict-transport-security: max-age=31536000; includeSubDomains
02-16 14:28:50.227 I/PR4Y_NETWORK(12341): vary: Origin
02-16 14:28:50.227 I/PR4Y_NETWORK(12341): x-content-type-options: nosniff
02-16 14:28:50.227 I/PR4Y_NETWORK(12341): x-dns-prefetch-control: off
02-16 14:28:50.227 I/PR4Y_NETWORK(12341): x-download-options: noopen
02-16 14:28:50.227 I/PR4Y_NETWORK(12341): x-frame-options: SAMEORIGIN
02-16 14:28:50.227 I/PR4Y_NETWORK(12341): x-permitted-cross-domain-policies: none
02-16 14:28:50.227 I/PR4Y_NETWORK(12341): x-railway-edge: railway/us-east4-eqdc4a
02-16 14:28:50.227 I/PR4Y_NETWORK(12341): x-railway-request-id: 8BsROgx1T7qNRxTQwoOzXw
02-16 14:28:50.227 I/PR4Y_NETWORK(12341): x-ratelimit-limit: 300
02-16 14:28:50.227 I/PR4Y_NETWORK(12341): x-ratelimit-remaining: 299
02-16 14:28:50.227 I/PR4Y_NETWORK(12341): x-ratelimit-reset: 60
02-16 14:28:50.227 I/PR4Y_NETWORK(12341): x-xss-protection: 0
02-16 14:28:50.227 I/PR4Y_NETWORK(12341): content-length: 173
02-16 14:28:50.230 I/PR4Y_NETWORK(12341): 
02-16 14:28:50.230 I/PR4Y_NETWORK(12341): {"kdf":{"name":"pbkdf2","params":{},"saltB64":"H+5tnRsZxllcKf31/RCSzQ=="},"wrappedDekB64":"M96me2KtcxcpfFNeTuIAUgG0bc0Iqe6fT9O5FHQVPCUqdJ5Ot7R4f1dLyNP+xCdaebaVt6rZ0r8oaK32"}
02-16 14:28:50.231 I/PR4Y_NETWORK(12341): <-- END HTTP (173-byte body)
02-16 14:28:50.232 I/PR4Y_NETWORK(12341): HTTP SUCCESS 200: https://pr4yapi-production.up.railway.app/v1/crypto/wrapped-dek
02-16 14:28:50.541 E/libsensor-displayalgo( 2260): value of coefs 5,850.073000,4.965174,-2.685090,1.640057,-4.685160, line 101
02-16 14:28:50.731 E/WifiClientModeImpl[6737054:wlan0]( 2645): Failed to get mlo info
02-16 14:28:50.781 E/sensors-hal( 1397): handle_sns_client_event:57, har-sensor-hal: time=60351615308994 data 1.000000
02-16 14:28:50.884 D/PR4Y_APP(12341): Descifrando contenido (E2EE)...
02-16 14:28:51.042 E/libsensor-displayalgo( 2260): value of coefs 5,850.073000,4.965174,-2.685090,1.640057,-4.685160, line 101
02-16 14:28:51.343 E/libsensor-displayalgo( 2260): value of coefs 5,850.073000,4.965174,-2.685090,1.640057,-4.685160, line 101
02-16 14:28:51.594 E/msys    (12725): E[N mns]_OnDiskCacheGetData(632)=>Start post callback cache refresh DNS resolution
02-16 14:28:51.601 E/msys    (12725): E[N mns]_LogError(228)=>Failed to resolve using system DNS resolver, getaddrinfo(): No address associated with hostname
02-16 14:28:51.601 E/msys    (12725): E[N mns]_OnDiskCacheGetData(632)=>Start post callback cache refresh DNS resolution
02-16 14:28:51.603 E/msys    (12725): E[N mns]_LogError(228)=>Failed to resolve using system DNS resolver, getaddrinfo(): No address associated with hostname
02-16 14:28:51.642 E/libsensor-displayalgo( 2260): value of coefs 5,850.073000,4.965174,-2.685090,1.640057,-4.685160, line 101
02-16 14:28:51.943 E/libsensor-displayalgo( 2260): value of coefs 5,850.073000,4.965174,-2.685090,1.640057,-4.685160, line 101
02-16 14:28:52.243 E/libsensor-displayalgo( 2260): value of coefs 5,850.073000,4.965174,-2.685090,1.640057,-4.685160, line 101
02-16 14:28:52.269 E/PhoneAdapter( 4394): get ntnphones failed, exception: java.lang.IllegalStateException: Default phones haven't been made yet!
02-16 14:28:52.518 E/msys    (12725): E[N mns]_OnDiskCacheGetData(632)=>Start post callback cache refresh DNS resolution
02-16 14:28:52.528 E/msys    (12725): E[N mns]_LogError(228)=>Failed to resolve using system DNS resolver, getaddrinfo(): No address associated with hostname
02-16 14:28:52.540 E/libsensor-displayalgo( 2260): value of coefs 5,850.073000,4.965174,-2.685090,1.640057,-4.685160, line 101
02-16 14:28:52.595 E/RTMode  ( 2645): pkgName: com.pr4y.app.dev has no permission
02-16 14:28:52.607 E/VibratorManagerServiceImpl( 2645): vibrationThreadSetParameters
02-16 14:28:52.720 E/WindowManager( 2645): setClientVisible ActivityRecord{659c16e u0 com.miui.home/.launcher.Launcher t2} true
02-16 14:28:52.724 E/WindowManager( 2645): setClientVisible WallpaperWindowToken{cf9eac9 token=android.os.Binder@fc09382} false
02-16 14:28:52.724 E/WindowManager( 2645): setClientVisible WallpaperWindowToken{986b648 token=android.os.Binder@1f9a8eb} false
02-16 14:28:52.727 E/vendor.qti.hardware.perf-hal-service( 1460): ExtendedPerfBoost: extended_perfboost_verification() 738: Ok, set boost params. hintid=4226 hinttype=1 prio=2, clientpid=2645 packagename=com.miui.home params=boost:1 cpu0:1958400 cpu4:2400000 cpumask:ff
02-16 14:28:52.732 E/ANDR-PERF-LM( 1460): MetaMeter: handleAsync() 166: AdaptLaunch Invalid Async
02-16 14:28:52.755 E/BluetoothAdapterService( 5593): getActiveDevices: LeAudioService is null
02-16 14:28:52.758 E/WindowManager( 2645): setClientVisible WallpaperWindowToken{cf9eac9 token=android.os.Binder@fc09382} true
02-16 14:28:52.758 E/WindowManager( 2645): setClientVisible WallpaperWindowToken{986b648 token=android.os.Binder@1f9a8eb} true
02-16 14:28:52.783 E/NativeTurboSchedManagerJni( 2645): ioctl 8 failed!
02-16 14:28:52.788 E/ActivityManagerWrapper( 4043): get all recent tasks force including 189
02-16 14:28:52.792 E/ActivityManagerWrapper( 4043): getRecentTasksForceIncludingTaskIdIfValid: getRecentTasks: size=1
02-16 14:28:52.792 E/ActivityManagerWrapper( 4043):  mainTaskId=189   userId=0   windowMode=1   baseIntent=Intent { act=android.intent.action.MAIN flag=270532608 cmp=ComponentInfo{com.pr4y.app.dev/com.pr4y.app.MainActivity} }
02-16 14:28:52.826 E/Launcher.application( 4043): setClickAppWaitForCallback = false
02-16 14:28:52.826 E/WindowManager( 2645): setClientVisible ActivityRecord{659c16e u0 com.miui.home/.launcher.Launcher t2} true
02-16 14:28:52.832 E/WindowManager( 2645):  source = Task{9a9f644 #189 type=standard A=10319:com.pr4y.app.dev} excludeMiuiNavBar = true excludeMiuiStatusBar = true excludeIme = false excludeNavBar = true miuiNavSurfaceControl = Surface(name=Miui Fake NavBar#51)/@0xa93b015 miuiStatusSurfaceControl = Surface(name=Miui Fake StatusBar#50)/@0xc839f1e
02-16 14:28:52.834 E/KeyguardTransitionHandlerImpl( 4422): activityCount = 0
02-16 14:28:52.834 E/KeyguardTransitionHandlerImpl( 4422): activityCount = 0
02-16 14:28:52.840 E/libsensor-displayalgo( 2260): value of coefs 5,850.073000,4.965174,-2.685090,1.640057,-4.685160, line 101
02-16 14:28:52.848 E/onWindowDecorRectChanged( 4422): start size:0
02-16 14:28:52.853 E/ActivityManagerWrapper( 4043): get all recent tasks force including 189
02-16 14:28:52.855 E/ActivityManagerWrapper( 4043): getRecentTasksForceIncludingTaskIdIfValid: getRecentTasks: size=1
02-16 14:28:52.855 E/ActivityManagerWrapper( 4043):  mainTaskId=189   userId=0   windowMode=1   baseIntent=Intent { act=android.intent.action.MAIN flag=270532608 cmp=ComponentInfo{com.pr4y.app.dev/com.pr4y.app.MainActivity} }
02-16 14:28:52.855 E/WindowTransitionCompat( 4043): TransitionTest wrapRemoteTransition
02-16 14:28:52.856 E/WindowTransitionCompat( 4043): startAnimation isFastLaunch = false
02-16 14:28:52.856 E/WindowTransitionCompat( 4043): printLeash::index = 0, root = Surface(name=Transition Root #1242: Task=1#16556)/@0x4928669
02-16 14:28:52.856 E/WindowTransitionCompat( 4043): 0, check isClosingType type = 2, mode = 3
02-16 14:28:52.856 E/WindowTransitionCompat( 4043): 1, check isClosingType type = 1, mode = 4
02-16 14:28:52.869 E/ActivityManagerWrapper( 4043): get all recent tasks force including 189
02-16 14:28:52.870 E/WindowAnimParamsProvider( 4043): getWindowTargetBounds    bounds=Rect(0, 0 - 1220, 2712)
02-16 14:28:52.871 E/ActivityManagerWrapper( 4043): getRecentTasksForceIncludingTaskIdIfValid: getRecentTasks: size=1
02-16 14:28:52.871 E/ActivityManagerWrapper( 4043):  mainTaskId=189   userId=0   windowMode=1   baseIntent=Intent { act=android.intent.action.MAIN flag=270532608 cmp=ComponentInfo{com.pr4y.app.dev/com.pr4y.app.MainActivity} }
02-16 14:28:52.871 E/ClipAnimationHelper( 4043): updateSourceStack  mSourceInsets=Rect(0, 0 - 0, 0), mSourceStackBounds=Rect(0, 0 - 1220, 2712)
02-16 14:28:52.871 E/ClipAnimationHelper( 4043): updateHomeStack  mSourceInsets=Rect(0, 0 - 0, 0), mHomeStackBounds=Rect(0, 0 - 1220, 2712)
02-16 14:28:52.871 E/ClipAnimationHelper( 4043): updateTargetRect  mSourceRect=RectF(0.0, 0.0, 1220.0, 2712.0)   mTargetRect=RectF(0.0, 0.0, 1220.0, 2712.0)   mSourceWindowClipInsets=RectF(0.0, 0.0, 0.0, 0.0)   mHomeStackBounds=Rect(0, 0 - 1220, 2712)   targetRect=Rect(0, 0 - 1220, 2712)
02-16 14:28:52.872 E/StateNotifyUtils( 4043): sendFsStateBroadCast state=closeWindow   channel=navigation_bar   packageName=
02-16 14:28:52.876 E/MultiSpringDynamicAnimationbfa9660( 4043): ERROR Not Found Bundle scaleY
02-16 14:28:52.885 E/ANDR-PERF-RESOURCEQS( 1460): Failed to apply optimization [11, 8]
02-16 14:28:52.885 E/MI-SF   ( 1606): surfaceflinger setAffinity success
02-16 14:28:52.885 E/MI-SF   ( 1606): surfaceflinger setAffinity success
02-16 14:28:53.118 E/FrameEvents(12341): addRelease: Did not find frame.
02-16 14:28:53.126 E/FrameEvents(12341): addRelease: Did not find frame.
02-16 14:28:53.136 E/FrameEvents(12341): addRelease: Did not find frame.
02-16 14:28:53.140 E/libsensor-displayalgo( 2260): value of coefs 5,850.073000,4.965174,-2.685090,1.640057,-4.685160, line 101
02-16 14:28:53.144 E/FrameEvents(12341): addRelease: Did not find frame.
02-16 14:28:53.152 E/FrameEvents(12341): addRelease: Did not find frame.
02-16 14:28:53.160 E/FrameEvents(12341): addRelease: Did not find frame.
02-16 14:28:53.169 E/FrameEvents(12341): addRelease: Did not find frame.
02-16 14:28:53.177 E/FrameEvents(12341): addRelease: Did not find frame.
02-16 14:28:53.181 E/msys    (12725): E[N mns]_OnDiskCacheGetData(632)=>Start post callback cache refresh DNS resolution
02-16 14:28:53.186 E/FrameEvents(12341): addRelease: Did not find frame.
02-16 14:28:53.188 E/msys    (12725): E[N mns]_LogError(228)=>Failed to resolve using system DNS resolver, getaddrinfo(): No address associated with hostname
02-16 14:28:53.194 E/FrameEvents(12341): addRelease: Did not find frame.
02-16 14:28:53.202 E/FrameEvents(12341): addRelease: Did not find frame.
02-16 14:28:53.210 E/FrameEvents(12341): addRelease: Did not find frame.
02-16 14:28:53.218 E/FrameEvents(12341): addRelease: Did not find frame.
02-16 14:28:53.227 E/FrameEvents(12341): addRelease: Did not find frame.
02-16 14:28:53.235 E/FrameEvents(12341): addRelease: Did not find frame.
02-16 14:28:53.244 E/FrameEvents(12341): addRelease: Did not find frame.
02-16 14:28:53.252 E/FrameEvents(12341): addRelease: Did not find frame.
02-16 14:28:53.260 E/FrameEvents(12341): addRelease: Did not find frame.
02-16 14:28:53.270 E/FrameEvents(12341): addRelease: Did not find frame.
02-16 14:28:53.277 E/FrameEvents(12341): addRelease: Did not find frame.
02-16 14:28:53.287 E/FrameEvents(12341): addRelease: Did not find frame.
02-16 14:28:53.294 E/FrameEvents(12341): addRelease: Did not find frame.
02-16 14:28:53.303 E/FrameEvents(12341): addRelease: Did not find frame.
02-16 14:28:53.312 E/FrameEvents(12341): addRelease: Did not find frame.
02-16 14:28:53.320 E/FrameEvents(12341): addRelease: Did not find frame.
02-16 14:28:53.328 E/FrameEvents(12341): addRelease: Did not find frame.
02-16 14:28:53.336 E/FrameEvents(12341): addRelease: Did not find frame.
02-16 14:28:53.344 E/FrameEvents(12341): addRelease: Did not find frame.
02-16 14:28:53.352 E/FrameEvents(12341): addRelease: Did not find frame.
02-16 14:28:53.360 E/FrameEvents(12341): addRelease: Did not find frame.
02-16 14:28:53.369 E/FrameEvents(12341): addRelease: Did not find frame.
02-16 14:28:53.379 E/FrameEvents(12341): addRelease: Did not find frame.
02-16 14:28:53.387 E/FrameEvents(12341): addRelease: Did not find frame.
02-16 14:28:53.395 E/FrameEvents(12341): addRelease: Did not find frame.
02-16 14:28:53.403 E/FrameEvents(12341): addRelease: Did not find frame.
02-16 14:28:53.411 E/FrameEvents(12341): addRelease: Did not find frame.
02-16 14:28:53.420 E/FrameEvents(12341): addRelease: Did not find frame.
02-16 14:28:53.428 E/FrameEvents(12341): addRelease: Did not find frame.
02-16 14:28:53.436 E/FrameEvents(12341): addRelease: Did not find frame.
02-16 14:28:53.441 E/libsensor-displayalgo( 2260): value of coefs 5,850.073000,4.965174,-2.685090,1.640057,-4.685160, line 101
02-16 14:28:53.444 E/FrameEvents(12341): addRelease: Did not find frame.
02-16 14:28:53.454 E/FrameEvents(12341): addRelease: Did not find frame.
02-16 14:28:53.461 E/FrameEvents(12341): addRelease: Did not find frame.
02-16 14:28:53.471 E/FrameEvents(12341): addRelease: Did not find frame.
02-16 14:28:53.478 E/FrameEvents(12341): addRelease: Did not find frame.
02-16 14:28:53.486 E/FrameEvents(12341): addRelease: Did not find frame.
02-16 14:28:53.496 E/FrameEvents(12341): addRelease: Did not find frame.
02-16 14:28:53.503 E/FrameEvents(12341): addRelease: Did not find frame.
02-16 14:28:53.511 E/FrameEvents(12341): addRelease: Did not find frame.
02-16 14:28:53.520 E/FrameEvents(12341): addRelease: Did not find frame.
02-16 14:28:53.527 E/FrameEvents(12341): addRelease: Did not find frame.
02-16 14:28:53.533 E/msys    (12725): E[N mns]_OnDiskCacheGetData(632)=>Start post callback cache refresh DNS resolution
02-16 14:28:53.536 E/FrameEvents(12341): addRelease: Did not find frame.
02-16 14:28:53.540 E/msys    (12725): E[N mns]_LogError(228)=>Failed to resolve using system DNS resolver, getaddrinfo(): No address associated with hostname
02-16 14:28:53.545 E/FrameEvents(12341): addRelease: Did not find frame.
02-16 14:28:53.553 E/FrameEvents(12341): addRelease: Did not find frame.
02-16 14:28:53.562 E/FrameEvents(12341): addRelease: Did not find frame.
02-16 14:28:53.571 E/FrameEvents(12341): addRelease: Did not find frame.
02-16 14:28:53.578 E/FrameEvents(12341): addRelease: Did not find frame.
02-16 14:28:53.586 E/FrameEvents(12341): addRelease: Did not find frame.
02-16 14:28:53.594 E/FrameEvents(12341): addRelease: Did not find frame.
02-16 14:28:53.603 E/FrameEvents(12341): addRelease: Did not find frame.
02-16 14:28:53.611 E/FrameEvents(12341): addRelease: Did not find frame.
02-16 14:28:53.621 E/FrameEvents(12341): addRelease: Did not find frame.
02-16 14:28:53.629 E/FrameEvents(12341): addRelease: Did not find frame.
02-16 14:28:53.637 E/FrameEvents(12341): addRelease: Did not find frame.
02-16 14:28:53.645 E/FrameEvents(12341): addRelease: Did not find frame.
02-16 14:28:53.654 E/FrameEvents(12341): addRelease: Did not find frame.
02-16 14:28:53.662 E/FrameEvents(12341): addRelease: Did not find frame.
02-16 14:28:53.667 E/WindowTransitionCompat( 4043): com.android.systemui.shared.recents.system.WindowTransitionCompat@10287f1 finishTransition toHome = true
02-16 14:28:53.670 E/FrameEvents(12341): addRelease: Did not find frame.
02-16 14:28:53.676 E/WindowManager( 2645): setClientVisible ActivityRecord{c22e898 u0 com.pr4y.app.dev/com.pr4y.app.MainActivity t189} false
02-16 14:28:53.677 E/MI-SF   ( 1606): surfaceflinger setAffinity success
02-16 14:28:53.677 E/FrameEvents(12341): addRelease: Did not find frame.
02-16 14:28:53.679 E/RotationHelper( 4043): setCurrentTransitionRequest: request=0
02-16 14:28:53.694 E/NativeTurboSchedManagerJni( 2645): ioctl 8 failed!
02-16 14:28:53.699 E/ActivityManagerWrapper( 4043): get all recent tasks force including 189
02-16 14:28:53.701 E/ActivityManagerWrapper( 4043): getRecentTasksForceIncludingTaskIdIfValid: getRecentTasks: size=1
02-16 14:28:53.701 E/ActivityManagerWrapper( 4043):  mainTaskId=189   userId=0   windowMode=1   baseIntent=Intent { act=android.intent.action.MAIN flag=270532608 cmp=ComponentInfo{com.pr4y.app.dev/com.pr4y.app.MainActivity} }
02-16 14:28:53.742 E/libsensor-displayalgo( 2260): value of coefs 5,850.073000,4.965174,-2.685090,1.640057,-4.685160, line 101
02-16 14:28:53.745 E/PreStartUtils( 4043): preLaunchProcess success infoPackage: com.pr4y.app.dev
02-16 14:28:53.753 E/WifiClientModeImpl[6737054:wlan0]( 2645): Failed to get mlo info
02-16 14:28:53.760 E/ANDR-PERF-LM( 1460): VmRssMeter:: start() 358: Could not find pid, can not collect vmrss data
02-16 14:28:53.780 E/ANDR-PERF-LM( 1460): VmRssMeter:: start() 358: Could not find pid, can not collect vmrss data
02-16 14:28:53.780 E/ANDR-PERF-LM( 1460): AdaptiveLaunch: writeToDataBase() 64: Meter aborted or could not get meter data for this run
02-16 14:28:53.822 E/Launcher.application( 4043): setClickAppWaitForCallback = true
02-16 14:28:53.822 E/Launcher.application( 4043): setClickAppWaitForCallback = true
02-16 14:28:53.822 E/vendor.qti.hardware.perf-hal-service( 1460): ExtendedPerfBoost: extended_perfboost_verification() 738: Ok, set boost params. hintid=4226 hinttype=1 prio=2, clientpid=2645 packagename=com.miui.home params=boost:1 cpu0:1958400 cpu4:2400000 cpumask:ff
02-16 14:28:53.822 E/Launcher( 4043): superStartActivity   type=13
02-16 14:28:53.826 E/WindowManager( 2645): setClientVisible ActivityRecord{dcb7c32 u0 com.pr4y.app.dev/com.pr4y.app.MainActivity true
02-16 14:28:53.831 E/vendor.qti.hardware.perf-hal-service( 1460): ExtendedPerfBoost: extended_perfboost_verification() 738: Ok, set boost params. hintid=4226 hinttype=1 prio=2, clientpid=2645 packagename=com.pr4y.app.dev params=boost:1 cpu0:1958400 cpu4:2400000 cpumask:ff
02-16 14:28:53.835 E/WindowManager( 2645): setClientVisible ActivityRecord{c22e898 u0 com.pr4y.app.dev/com.pr4y.app.MainActivity t189} true
02-16 14:28:53.848 E/WindowManager( 2645): setClientVisible ActivityRecord{c22e898 u0 com.pr4y.app.dev/com.pr4y.app.MainActivity t189} true
02-16 14:28:53.853 E/KeyguardTransitionHandlerImpl( 4422): activityCount = 0
02-16 14:28:53.857 E/onWindowDecorRectChanged( 4422): start size:1
02-16 14:28:53.858 E/onWindowDecorRectChanged( 4422): windowDecorRect: Rect(535, 10 - 684, 128)
02-16 14:28:53.860 E/WindowTransitionCompat( 4043): startAnimation isFastLaunch = false
02-16 14:28:53.860 E/WindowTransitionCompat( 4043): printLeash::index = 0, root = Surface(name=Transition Root #1243: Task=189#16567)/@0x93b8a86
02-16 14:28:53.861 E/WindowTransitionCompat( 4043): 0, check isClosingType type = 1, mode = 3
02-16 14:28:53.861 E/WindowTransitionCompat( 4043): 1, check isClosingType type = 2, mode = 4
02-16 14:28:53.869 E/WindowAnimParamsProvider( 4043): getWindowTargetBounds    bounds=Rect(0, 0 - 1220, 2712)
02-16 14:28:53.869 E/ClipAnimationHelper( 4043): updateSourceStack  mSourceInsets=Rect(0, 0 - 0, 0), mSourceStackBounds=Rect(0, 0 - 1220, 2712)
02-16 14:28:53.869 E/ClipAnimationHelper( 4043): updateHomeStack  mSourceInsets=Rect(0, 0 - 0, 0), mHomeStackBounds=Rect(0, 0 - 1220, 2712)
02-16 14:28:53.870 E/ClipAnimationHelper( 4043): updateTargetRect  mSourceRect=RectF(0.0, 0.0, 1220.0, 2712.0)   mTargetRect=RectF(0.0, 0.0, 1220.0, 2712.0)   mSourceWindowClipInsets=RectF(0.0, 0.0, 0.0, 0.0)   mHomeStackBounds=Rect(0, 0 - 1220, 2712)   targetRect=Rect(0, 0 - 1220, 2712)
02-16 14:28:53.874 E/MultiSpringDynamicAnimationbfa9660( 4043): ERROR Not Found Bundle scaleY
02-16 14:28:53.874 E/Launcher.application( 4043): setClickAppWaitForCallback = false
02-16 14:28:53.880 E/MI-SF   ( 1606): surfaceflinger setAffinity success
02-16 14:28:53.880 E/MI-SF   ( 1606): surfaceflinger setAffinity success
02-16 14:28:53.881 E/BluetoothAdapterService( 5593): getActiveDevices: LeAudioService is null
02-16 14:28:53.886 E/ActivityManagerWrapper( 4043): get all recent tasks force including 189
02-16 14:28:53.890 E/ActivityManagerWrapper( 4043): getRecentTasksForceIncludingTaskIdIfValid: getRecentTasks: size=1
02-16 14:28:53.890 E/ActivityManagerWrapper( 4043):  mainTaskId=189   userId=0   windowMode=1   baseIntent=Intent { act=android.intent.action.MAIN flag=270532608 cmp=ComponentInfo{com.pr4y.app.dev/com.pr4y.app.MainActivity} }
02-16 14:28:53.895 E/ActivityManagerWrapper( 4043): get all recent tasks force including 189
02-16 14:28:53.903 E/ActivityManagerWrapper( 4043): getRecentTasksForceIncludingTaskIdIfValid: getRecentTasks: size=1
02-16 14:28:53.903 E/ActivityManagerWrapper( 4043):  mainTaskId=189   userId=0   windowMode=1   baseIntent=Intent { act=android.intent.action.MAIN flag=270532608 cmp=ComponentInfo{com.pr4y.app.dev/com.pr4y.app.MainActivity} }
02-16 14:28:53.938 E/ActivityManagerWrapper( 4043): get all recent tasks force including 189
02-16 14:28:53.943 E/ActivityManagerWrapper( 4043): getRecentTasksForceIncludingTaskIdIfValid: getRecentTasks: size=1
02-16 14:28:53.943 E/ActivityManagerWrapper( 4043):  mainTaskId=189   userId=0   windowMode=1   baseIntent=Intent { act=android.intent.action.MAIN flag=270532608 cmp=ComponentInfo{com.pr4y.app.dev/com.pr4y.app.MainActivity} }
02-16 14:28:54.039 E/libsensor-displayalgo( 2260): value of coefs 5,850.073000,4.965174,-2.685090,1.640057,-4.685160, line 101
02-16 14:28:54.340 E/libsensor-displayalgo( 2260): value of coefs 5,850.073000,4.965174,-2.685090,1.640057,-4.685160, line 101
02-16 14:28:54.637 E/WindowTransitionCompat( 4043): com.android.systemui.shared.recents.system.WindowTransitionCompat@d2cc879 finishTransition toHome = false
02-16 14:28:54.642 E/libsensor-displayalgo( 2260): value of coefs 5,850.073000,4.965174,-2.685090,1.640057,-4.685160, line 101
02-16 14:28:54.647 E/MI-SF   ( 1606): surfaceflinger setAffinity success
02-16 14:28:54.651 E/WindowManager( 2645): setClientVisible ActivityRecord{659c16e u0 com.miui.home/.launcher.Launcher t2} false
02-16 14:28:54.651 E/WindowManager( 2645): setClientVisible WallpaperWindowToken{986b648 token=android.os.Binder@1f9a8eb} false
02-16 14:28:54.652 E/WindowManager( 2645): setClientVisible WallpaperWindowToken{cf9eac9 token=android.os.Binder@fc09382} false
02-16 14:28:54.664 E/WindowManager( 2645): setClientVisible WallpaperWindowToken{cf9eac9 token=android.os.Binder@fc09382} false
02-16 14:28:54.664 E/WindowManager( 2645): setClientVisible WallpaperWindowToken{986b648 token=android.os.Binder@1f9a8eb} false
02-16 14:28:54.664 E/WindowManager( 2645): setClientVisible WallpaperWindowToken{cf9eac9 token=android.os.Binder@fc09382} false
02-16 14:28:54.664 E/WindowManager( 2645): setClientVisible WallpaperWindowToken{986b648 token=android.os.Binder@1f9a8eb} false
02-16 14:28:54.670 E/WindowManager( 2645): setClientVisible WallpaperWindowToken{cf9eac9 token=android.os.Binder@fc09382} false
02-16 14:28:54.671 E/WindowManager( 2645): setClientVisible WallpaperWindowToken{986b648 token=android.os.Binder@1f9a8eb} false
02-16 14:28:54.676 E/Launcher.application( 4043): setClickAppWaitForCallback = false
02-16 14:28:54.680 E/NativeTurboSchedManagerJni( 2645): ioctl 8 failed!
02-16 14:28:54.687 E/ActivityManagerWrapper( 4043): get all recent tasks force including 189
02-16 14:28:54.689 E/ActivityManagerWrapper( 4043): getRecentTasksForceIncludingTaskIdIfValid: getRecentTasks: size=1
02-16 14:28:54.689 E/ActivityManagerWrapper( 4043):  mainTaskId=189   userId=0   windowMode=1   baseIntent=Intent { act=android.intent.action.MAIN flag=270532608 cmp=ComponentInfo{com.pr4y.app.dev/com.pr4y.app.MainActivity} }
02-16 14:28:54.867 E/ANDR-PERF-LM( 1460): VmRssMeter:: start() 358: Could not find pid, can not collect vmrss data
02-16 14:28:54.867 E/ANDR-PERF-LM( 1460): VmRssMeter:: start() 358: Could not find pid, can not collect vmrss data
02-16 14:28:54.867 E/ANDR-PERF-LM( 1460): AdaptiveLaunch: writeToDataBase() 64: Meter aborted or could not get meter data for this run
02-16 14:28:54.926 E/RTMode  ( 2645): pkgName: com.pr4y.app.dev has no permission
02-16 14:28:54.938 E/VibratorManagerServiceImpl( 2645): vibrationThreadSetParameters
02-16 14:28:54.942 E/libsensor-displayalgo( 2260): value of coefs 5,850.073000,4.965174,-2.685090,1.640057,-4.685160, line 101
02-16 14:28:55.014 E/RotationHelper( 4043): setCurrentStateRequest: request=1
02-16 14:28:55.014 E/RotationHelper( 4043): notifyChange activityFlags=1, mMultiWindowRotationRequest=3, mCurrentTransitionRequest=0, mCurrentStateRequest=1
02-16 14:28:55.016 E/ANDR-PERF-RESOURCEQS( 1460): Failed to apply optimization [11, 8]
02-16 14:28:55.019 E/NormalState( 4043): onExitState
02-16 14:28:55.019 E/OverviewState( 4043): onStateEnabled
02-16 14:28:55.021 E/RecentsContainer( 4043): setIsExitRecentsAnimating animating=false
02-16 14:28:55.022 E/RotationHelper( 4043): setCurrentStateRequest: request=1
02-16 14:28:55.022 E/StateManager( 4043): setWorkspaceProperty  state=OverviewState
02-16 14:28:55.022 E/StateManager( 4043): setShortcutMenuLayerProperty  state=OverviewState   alpha=0.0   duration=0   scale=0.95   isInState=false
02-16 14:28:55.022 E/RecentsViewStateController( 4043): setState: state=OverviewState
02-16 14:28:55.023 E/OverviewState( 4043): onStateTransitionEnd
02-16 14:28:55.023 E/RotationHelper( 4043): setCurrentStateRequest: request=1
02-16 14:28:55.023 E/Launcher.application( 4043): setClickAppWaitForCallback = true
02-16 14:28:55.028 E/WindowManager( 2645): setClientVisible ActivityRecord{d4e17cb u0 com.miui.home/.launcher.Launcher true
02-16 14:28:55.033 E/StateNotifyUtils( 4043): sendFsStateBroadCast state=toRecents   channel=navigation_bar   packageName=
02-16 14:28:55.034 E/vendor.qti.hardware.perf-hal-service( 1460): ExtendedPerfBoost: extended_perfboost_verification() 738: Ok, set boost params. hintid=4226 hinttype=1 prio=2, clientpid=2645 packagename=com.miui.home params=boost:1 cpu0:1958400 cpu4:2400000 cpumask:ff
02-16 14:28:55.037 E/WindowManager( 2645): setClientVisible ActivityRecord{659c16e u0 com.miui.home/.launcher.Launcher t2} true
02-16 14:28:55.041 E/WindowManager( 2645): setClientVisible WallpaperWindowToken{cf9eac9 token=android.os.Binder@fc09382} false
02-16 14:28:55.041 E/WindowManager( 2645): setClientVisible WallpaperWindowToken{986b648 token=android.os.Binder@1f9a8eb} false
02-16 14:28:55.049 E/RecentsContainer( 4043): setIsExitRecentsAnimating animating=false
02-16 14:28:55.054 E/Launcher.application( 4043): setClickAppWaitForCallback = false
02-16 14:28:55.055 E/ActivityManagerWrapper( 4043): get all recent tasks force including 189
02-16 14:28:55.057 E/ActivityManagerWrapper( 4043): getRecentTasksForceIncludingTaskIdIfValid: getRecentTasks: size=1
02-16 14:28:55.057 E/ActivityManagerWrapper( 4043):  mainTaskId=189   userId=0   windowMode=1   baseIntent=Intent { act=android.intent.action.MAIN flag=270532608 cmp=ComponentInfo{com.pr4y.app.dev/com.pr4y.app.MainActivity} }
02-16 14:28:55.072 E/BluetoothAdapterService( 5593): getActiveDevices: LeAudioService is null
02-16 14:28:55.072 E/WindowManager( 2645): setClientVisible WallpaperWindowToken{cf9eac9 token=android.os.Binder@fc09382} true
02-16 14:28:55.072 E/WindowManager( 2645): setClientVisible WallpaperWindowToken{986b648 token=android.os.Binder@1f9a8eb} true
02-16 14:28:55.093 E/Launcher( 4043): mFsGestureStatusRefreshRunnable:run usingFsGesture=false   show=true   focus=false   pause=false
02-16 14:28:55.115 E/WindowManager( 2645): setClientVisible ActivityRecord{659c16e u0 com.miui.home/.launcher.Launcher t2} true
02-16 14:28:55.121 E/WindowManager( 2645):  source = Task{9a9f644 #189 type=standard A=10319:com.pr4y.app.dev} excludeMiuiNavBar = true excludeMiuiStatusBar = true excludeIme = false excludeNavBar = true miuiNavSurfaceControl = Surface(name=Miui Fake NavBar#51)/@0xa93b015 miuiStatusSurfaceControl = Surface(name=Miui Fake StatusBar#50)/@0xc839f1e
02-16 14:28:55.133 E/WindowTransitionCompat( 4043): startAnimation isFastLaunch = false
02-16 14:28:55.134 E/WindowTransitionCompat( 4043): printLeash::index = 0, root = Surface(name=Transition Root #1244: Task=1#16581)/@0xffa264
02-16 14:28:55.134 E/WindowTransitionCompat( 4043): 0, check isClosingType type = 2, mode = 3
02-16 14:28:55.134 E/WindowTransitionCompat( 4043): 1, check isClosingType type = 1, mode = 4
02-16 14:28:55.143 E/ActivityManagerWrapper( 4043): get all recent tasks force including 189
02-16 14:28:55.143 E/onWindowDecorRectChanged( 4422): start size:0
02-16 14:28:55.146 E/ActivityManagerWrapper( 4043): getRecentTasksForceIncludingTaskIdIfValid: getRecentTasks: size=1
02-16 14:28:55.146 E/ActivityManagerWrapper( 4043):  mainTaskId=189   userId=0   windowMode=1   baseIntent=Intent { act=android.intent.action.MAIN flag=270532608 cmp=ComponentInfo{com.pr4y.app.dev/com.pr4y.app.MainActivity} }
02-16 14:28:55.155 E/ActivityManagerWrapper( 4043): get all recent tasks force including 189
02-16 14:28:55.157 E/ActivityManagerWrapper( 4043): getRecentTasksForceIncludingTaskIdIfValid: getRecentTasks: size=1
02-16 14:28:55.157 E/ActivityManagerWrapper( 4043):  mainTaskId=189   userId=0   windowMode=1   baseIntent=Intent { act=android.intent.action.MAIN flag=270532608 cmp=ComponentInfo{com.pr4y.app.dev/com.pr4y.app.MainActivity} }
02-16 14:28:55.159 E/WindowAnimParamsProvider( 4043): getWindowTargetBounds    bounds=Rect(0, 0 - 1220, 2712)
02-16 14:28:55.159 E/ClipAnimationHelper( 4043): updateSourceStack  mSourceInsets=Rect(0, 0 - 0, 0), mSourceStackBounds=Rect(0, 0 - 1220, 2712)
02-16 14:28:55.159 E/ClipAnimationHelper( 4043): updateHomeStack  mSourceInsets=Rect(0, 0 - 0, 0), mHomeStackBounds=Rect(0, 0 - 1220, 2712)
02-16 14:28:55.159 E/ClipAnimationHelper( 4043): updateTargetRect  mSourceRect=RectF(0.0, 0.0, 1220.0, 2712.0)   mTargetRect=RectF(0.0, 0.0, 1220.0, 2712.0)   mSourceWindowClipInsets=RectF(0.0, 0.0, 0.0, 0.0)   mHomeStackBounds=Rect(0, 0 - 1220, 2712)   targetRect=Rect(0, 0 - 1220, 2712)
02-16 14:28:55.162 E/MultiSpringDynamicAnimationc72537a( 4043): ERROR Not Found Bundle Radius
02-16 14:28:55.162 E/MultiSpringDynamicAnimationc72537a( 4043): ERROR Not Found Bundle SurfaceExtAlpha
02-16 14:28:55.162 E/MultiSpringDynamicAnimationc72537a( 4043): ERROR Not Found Bundle SurfaceExtAlpha
02-16 14:28:55.162 E/MultiSpringDynamicAnimationc72537a( 4043): ERROR Not Found Bundle SurfaceExtAlpha
02-16 14:28:55.163 E/TaskViewsElement( 4043): animTo,mode=16
02-16 14:28:55.174 E/MI-SF   ( 1606): surfaceflinger setAffinity success
02-16 14:28:55.174 E/MI-SF   ( 1606): surfaceflinger setAffinity success
02-16 14:28:55.241 E/libsensor-displayalgo( 2260): value of coefs 5,850.073000,4.965174,-2.685090,1.640057,-4.685160, line 101
02-16 14:28:55.323 E/Launcher.application( 4043): setClickAppWaitForCallback = false
02-16 14:28:55.542 E/libsensor-displayalgo( 2260): value of coefs 5,850.073000,4.965174,-2.685090,1.640057,-4.685160, line 101
02-16 14:28:55.833 E/PowerKeeper.Thermal( 9694): ProcessInfo java.lang.NumberFormatException: For input string: "CPU usage from 100662ms to 82708ms ago (2026-02-16 14"
02-16 14:28:55.842 E/libsensor-displayalgo( 2260): value of coefs 5,850.073000,4.965174,-2.685090,1.640057,-4.685160, line 101
02-16 14:28:56.032 E/WindowTransitionCompat( 4043): com.android.systemui.shared.recents.system.WindowTransitionCompat@3a82c48 finishTransition toHome = true
02-16 14:28:56.038 E/WindowManager( 2645): setClientVisible ActivityRecord{c22e898 u0 com.pr4y.app.dev/com.pr4y.app.MainActivity t189} false
02-16 14:28:56.038 E/RotationHelper( 4043): setCurrentTransitionRequest: request=0
02-16 14:28:56.042 E/MI-SF   ( 1606): surfaceflinger setAffinity success
02-16 14:28:56.045 E/libsensor-displayalgo( 2260): value of coefs 5,850.073000,4.965174,-2.685090,1.640057,-4.685160, line 101
02-16 14:28:56.052 E/NativeTurboSchedManagerJni( 2645): ioctl 8 failed!
02-16 14:28:56.052 E/ActivityManagerWrapper( 4043): get all recent tasks force including 189
02-16 14:28:56.054 E/ActivityManagerWrapper( 4043): getRecentTasksForceIncludingTaskIdIfValid: getRecentTasks: size=1
02-16 14:28:56.054 E/ActivityManagerWrapper( 4043):  mainTaskId=189   userId=0   windowMode=1   baseIntent=Intent { act=android.intent.action.MAIN flag=270532608 cmp=ComponentInfo{com.pr4y.app.dev/com.pr4y.app.MainActivity} }
02-16 14:28:56.077 E/ANDR-PERF-LM( 1460): VmRssMeter:: start() 358: Could not find pid, can not collect vmrss data
02-16 14:28:56.083 E/ANDR-PERF-LM( 1460): VmRssMeter:: start() 358: Could not find pid, can not collect vmrss data
02-16 14:28:56.083 E/ANDR-PERF-LM( 1460): AdaptiveLaunch: writeToDataBase() 64: Meter aborted or could not get meter data for this run
02-16 14:28:56.093 E/ANDR-PERF-OPTSHANDLER( 1460): Perflock resource /sys/class/devfreq/soc:qcom,cpu-llcc-ddr-bw/min_freq not supported
02-16 14:28:56.093 E/ANDR-PERF-RESOURCEQS( 1460): Failed to apply optimization [12, 4]
02-16 14:28:56.140 E/libsensor-displayalgo( 2260): value of coefs 5,850.073000,4.965174,-2.685090,1.640057,-4.685160, line 101
02-16 14:28:56.342 E/libsensor-displayalgo( 2260): value of coefs 5,850.073000,4.965174,-2.685090,1.640057,-4.685160, line 101
02-16 14:28:56.450 E/ANDR-PERF-OPTSHANDLER( 1460): Perflock resource /sys/class/devfreq/soc:qcom,cpu-llcc-ddr-bw/min_freq not supported
02-16 14:28:56.450 E/ANDR-PERF-RESOURCEQS( 1460): Failed to apply optimization [12, 4]
02-16 14:28:56.451 E/VibratorManagerServiceImpl( 2645): vibrationThreadSetParameters
02-16 14:28:56.540 E/libsensor-displayalgo( 2260): value of coefs 5,850.073000,4.965174,-2.685090,1.640057,-4.685160, line 101
02-16 14:28:56.754 E/StateManager( 4043): setWorkspaceProperty  state=NormalState
02-16 14:28:56.754 E/StateManager( 4043): setShortcutMenuLayerProperty  state=NormalState   alpha=1.0   duration=500   scale=1.0   isInState=false
02-16 14:28:56.755 E/RecentsViewStateController( 4043): setState: state=NormalState   mIsIgnoreOverviewAnim=false
02-16 14:28:56.755 E/RecentsContainer( 4043): setIsExitRecentsAnimating animating=true
02-16 14:28:56.755 E/RecentsContainer( 4043): setIsExitRecentsAnimating animating=false
02-16 14:28:56.755 E/RecentsViewStateController( 4043): set RecentsContainer GONE when setState with animation,  need:true
02-16 14:28:56.758 E/OverviewState( 4043): onExitState
02-16 14:28:56.761 E/RotationHelper( 4043): setCurrentStateRequest: request=0
02-16 14:28:56.761 E/RotationHelper( 4043): notifyChange activityFlags=1, mMultiWindowRotationRequest=3, mCurrentTransitionRequest=0, mCurrentStateRequest=0
02-16 14:28:56.761 E/NormalState( 4043): onStateEnabled
02-16 14:28:56.767 E/ActivityManagerWrapper( 4043): get all recent tasks force including -1
02-16 14:28:56.767 E/NativeTurboSchedManagerJni( 2645): ioctl 8 failed!
02-16 14:28:56.771 E/Launcher( 4043): mFsGestureStatusRefreshRunnable:run usingFsGesture=false   show=true   focus=true   pause=false
