02-16 13:59:08.641 E/libsensor-displayalgo( 2260): value of coefs 5,850.073000,4.965174,-2.685090,1.640057,-4.685160, line 101
02-16 13:59:08.776 E/RTMode  ( 2645): pkgName: com.pr4y.app.dev has no permission
02-16 13:59:08.838 I/PR4Y_APP(16271): Login: Solicitando credencial a Google...
02-16 13:59:08.844 E/libsensor-displayalgo( 2260): value of coefs 5,850.073000,4.965174,-2.685090,1.640057,-4.685160, line 101
02-16 13:59:08.941 E/libsensor-displayalgo( 2260): value of coefs 5,850.073000,4.965174,-2.685090,1.640057,-4.685160, line 101
02-16 13:59:09.021 E/KeymasterUtils(  866): rsp_header->status: -28
02-16 13:59:09.021 E/KeyMasterHalDevice(  866): abort_operation
02-16 13:59:09.021 E/KeyMasterHalDevice(  866): ret: -28
02-16 13:59:09.142 E/sensors-hal( 1397): handle_sns_client_event:57, har-sensor-hal: time=58569976962441 data 1.000000
02-16 13:59:09.146 E/QcRilRequest( 4309): [2875] < OEM_HOOK_RAW error: org.codeaurora.telephony.utils.CommandException: GENERIC_FAILURE
02-16 13:59:09.154 E/QcRilRequest( 4309): [2876] < OEM_HOOK_RAW error: org.codeaurora.telephony.utils.CommandException: GENERIC_FAILURE
02-16 13:59:09.241 E/libsensor-displayalgo( 2260): value of coefs 5,850.073000,4.965174,-2.685090,1.640057,-4.685160, line 101
02-16 13:59:09.408 E/PowerKeeper.Thermal( 9694): ProcessInfo java.lang.NumberFormatException: For input string: "CPU usage from 148730ms to 115213ms ago (2026-02-16 13"
02-16 13:59:09.540 E/libsensor-displayalgo( 2260): value of coefs 5,850.073000,4.965174,-2.685090,1.640057,-4.685160, line 101
02-16 13:59:09.564 E/WindowManager( 2645): setClientVisible ActivityRecord{591f6a0 u0 com.google.android.gms/.identitycredentials.ui.CredentialChooserActivity true
02-16 13:59:09.572 E/ANDR-PERF-LM( 1460): MetaMeter: handleAsync() 166: AdaptLaunch Invalid Async
02-16 13:59:09.578 E/vendor.qti.hardware.perf-hal-service( 1460): ExtendedPerfBoost: extended_perfboost_verification() 738: Ok, set boost params. hintid=4226 hinttype=1 prio=2, clientpid=2645 packagename=com.google.android.gms params=boost:1 cpu0:1958400 cpu4:2400000 cpumask:ff
02-16 13:59:09.588 E/vendor.qti.hardware.perf-hal-service( 1460): ExtendedPerfBoost: extended_perfboost_verification() 738: Ok, set boost params. hintid=4226 hinttype=1 prio=2, clientpid=2645 packagename=com.google.android.gms params=boost:1 cpu0:1958400 cpu4:2400000 cpumask:ff
02-16 13:59:09.590 E/ANDR-PERF-LM( 1460): MetaMeter: handleAsync() 166: AdaptLaunch Invalid Async
02-16 13:59:09.590 E/WindowManager( 2645): setClientVisible ActivityRecord{591f6a0 u0 com.google.android.gms/.identitycredentials.ui.CredentialChooserActivity t154} true
02-16 13:59:09.591 E/WindowManager( 2645): setClientVisible ActivityRecord{591f6a0 u0 com.google.android.gms/.identitycredentials.ui.CredentialChooserActivity t154} true
02-16 13:59:09.606 E/BluetoothAdapterService( 5593): getActiveDevices: LeAudioService is null
02-16 13:59:09.658 E/NativeTurboSchedManagerJni(17138): open /dev/metis failed!
02-16 13:59:09.658 E/NativeTurboSchedManagerJni(17138): open /dev/metis failed!
02-16 13:59:09.685 E/NativeTurboSchedManagerJni(17138): open /dev/metis failed!
02-16 13:59:09.685 E/NativeTurboSchedManagerJni(17138): open /dev/metis failed!
02-16 13:59:09.688 E/WindowManager( 2645): setClientVisible ActivityRecord{591f6a0 u0 com.google.android.gms/.identitycredentials.ui.CredentialChooserActivity t154} true
02-16 13:59:09.697 E/KeyguardTransitionHandlerImpl( 4422): activityCount = 1
02-16 13:59:09.697 E/KeyguardTransitionHandlerImpl( 4422): activityCount = 1
02-16 13:59:09.711 E/NativeTurboSchedManagerJni( 2645): ioctl 8 failed!
02-16 13:59:09.720 E/ActivityManagerWrapper( 4043): get all recent tasks force including 154
02-16 13:59:09.729 E/ActivityManagerWrapper( 4043): getRecentTasksForceIncludingTaskIdIfValid: getRecentTasks: size=1
02-16 13:59:09.729 E/ActivityManagerWrapper( 4043):  mainTaskId=154   userId=0   windowMode=1   baseIntent=Intent { act=android.intent.action.MAIN flag=270532608 cmp=ComponentInfo{com.pr4y.app.dev/com.pr4y.app.MainActivity} }
02-16 13:59:09.797 E/MI-SF   ( 1606): surfaceflinger setAffinity success
02-16 13:59:09.797 E/MI-SF   ( 1606): surfaceflinger setAffinity success
02-16 13:59:09.804 E/MI-SF   ( 1606): surfaceflinger setAffinity success
02-16 13:59:09.840 E/libsensor-displayalgo( 2260): value of coefs 5,850.073000,4.965174,-2.685090,1.640057,-4.685160, line 101
02-16 13:59:10.099 E/MI-SF   ( 1606): surfaceflinger setAffinity success
02-16 13:59:10.099 E/MI-SF   ( 1606): surfaceflinger setAffinity success
02-16 13:59:10.105 E/MI-SF   ( 1606): surfaceflinger setAffinity success
02-16 13:59:10.143 E/libsensor-displayalgo( 2260): value of coefs 5,850.073000,4.965174,-2.685090,1.640057,-4.685160, line 101
02-16 13:59:10.145 E/sensors-hal( 1397): handle_sns_client_event:57, har-sensor-hal: time=58570978970201 data 0.000000
02-16 13:59:10.400 E/MI-SF   ( 1606): surfaceflinger setAffinity success
02-16 13:59:10.400 E/MI-SF   ( 1606): surfaceflinger setAffinity success
02-16 13:59:10.405 E/MI-SF   ( 1606): surfaceflinger setAffinity success
02-16 13:59:10.441 E/libsensor-displayalgo( 2260): value of coefs 5,850.073000,4.965174,-2.685090,1.640057,-4.685160, line 101
02-16 13:59:10.603 E/ANDR-PERF-LM( 1460): VmRssMeter:: start() 358: Could not find pid, can not collect vmrss data
02-16 13:59:10.603 E/ANDR-PERF-LM( 1460): AdaptiveLaunch: writeToDataBase() 64: Meter aborted or could not get meter data for this run
02-16 13:59:10.612 E/ANDR-PERF-LM( 1460): VmRssMeter:: start() 358: Could not find pid, can not collect vmrss data
02-16 13:59:10.656 E/ActivityThread( 4043): Failed to find provider info for com.miui.personalassistant.servicedeliver.system.provider
02-16 13:59:10.657 E/ServiceDeliveryCompat( 4043): isSupportServiceDelivery
02-16 13:59:10.657 E/ServiceDeliveryCompat( 4043): java.lang.IllegalArgumentException: Unknown authority com.miui.personalassistant.servicedeliver.system.provider
02-16 13:59:10.657 E/ServiceDeliveryCompat( 4043): 	at android.content.ContentResolver.call(ContentResolver.java:2466)
02-16 13:59:10.657 E/ServiceDeliveryCompat( 4043): 	at android.content.ContentResolver.call(ContentResolver.java:2449)
02-16 13:59:10.657 E/ServiceDeliveryCompat( 4043): 	at com.miui.home.launcher.servicedeliver.ServiceDeliveryUtils.isSupportServiceDelivery(ServiceDeliveryUtils.kt:28)
02-16 13:59:10.657 E/ServiceDeliveryCompat( 4043): 	at com.miui.home.launcher.servicedeliver.ServiceDeliveryReplaceHelper.lambda$tryReplaceToServiceDelivery$1(ServiceDeliveryReplaceHelper.java:67)
02-16 13:59:10.657 E/ServiceDeliveryCompat( 4043): 	at com.miui.home.launcher.servicedeliver.ServiceDeliveryReplaceHelper.$r8$lambda$WUWmthv-UjITX40FJ8ag1YKl6O8(Unknown Source:0)
02-16 13:59:10.657 E/ServiceDeliveryCompat( 4043): 	at com.miui.home.launcher.servicedeliver.ServiceDeliveryReplaceHelper$$ExternalSyntheticLambda1.run(Unknown Source:2)
02-16 13:59:10.657 E/ServiceDeliveryCompat( 4043): 	at java.util.concurrent.Executors$RunnableAdapter.call(Executors.java:520)
02-16 13:59:10.657 E/ServiceDeliveryCompat( 4043): 	at java.util.concurrent.FutureTask.run(FutureTask.java:317)
02-16 13:59:10.657 E/ServiceDeliveryCompat( 4043): 	at java.util.concurrent.ThreadPoolExecutor.runWorker(ThreadPoolExecutor.java:1154)
02-16 13:59:10.657 E/ServiceDeliveryCompat( 4043): 	at java.util.concurrent.ThreadPoolExecutor$Worker.run(ThreadPoolExecutor.java:652)
02-16 13:59:10.657 E/ServiceDeliveryCompat( 4043): 	at java.lang.Thread.run(Thread.java:1563)
02-16 13:59:10.701 E/MI-SF   ( 1606): surfaceflinger setAffinity success
02-16 13:59:10.701 E/MI-SF   ( 1606): surfaceflinger setAffinity success
02-16 13:59:10.706 E/MI-SF   ( 1606): surfaceflinger setAffinity success
02-16 13:59:10.741 E/libsensor-displayalgo( 2260): value of coefs 5,850.073000,4.965174,-2.685090,1.640057,-4.685160, line 101
02-16 13:59:10.955 E/RTMode  ( 2645): pkgName: com.google.android.gms has no permission
02-16 13:59:11.000 E/MI-SF   ( 1606): surfaceflinger setAffinity success
02-16 13:59:11.000 E/MI-SF   ( 1606): surfaceflinger setAffinity success
02-16 13:59:11.006 E/MI-SF   ( 1606): surfaceflinger setAffinity success
02-16 13:59:11.038 E/WindowManager( 2645): setClientVisible ActivityRecord{cef4360 u0 com.google.android.gms/.auth.api.credentials.assistedsignin.ui.AssistedSignInActivity true
02-16 13:59:11.042 E/libsensor-displayalgo( 2260): value of coefs 5,850.073000,4.965174,-2.685090,1.640057,-4.685160, line 101
02-16 13:59:11.047 E/ANDR-PERF-LM( 1460): MetaMeter: handleAsync() 166: AdaptLaunch Invalid Async
02-16 13:59:11.060 E/ANDR-PERF-LM( 1460): MetaMeter: handleAsync() 166: AdaptLaunch Invalid Async
02-16 13:59:11.060 E/WindowManager( 2645): setClientVisible ActivityRecord{cef4360 u0 com.google.android.gms/.auth.api.credentials.assistedsignin.ui.AssistedSignInActivity t154} true
02-16 13:59:11.062 E/WindowManager( 2645): setClientVisible ActivityRecord{cef4360 u0 com.google.android.gms/.auth.api.credentials.assistedsignin.ui.AssistedSignInActivity t154} true
02-16 13:59:11.148 E/NativeTurboSchedManagerJni(11412): open /dev/metis failed!
02-16 13:59:11.149 E/NativeTurboSchedManagerJni(11412): open /dev/metis failed!
02-16 13:59:11.168 E/NativeTurboSchedManagerJni( 2645): ioctl 8 failed!
02-16 13:59:11.171 E/NativeTurboSchedManagerJni(11412): open /dev/metis failed!
02-16 13:59:11.172 E/ActivityManagerWrapper( 4043): get all recent tasks force including 154
02-16 13:59:11.172 E/NativeTurboSchedManagerJni(11412): open /dev/metis failed!
02-16 13:59:11.175 E/ActivityManagerWrapper( 4043): getRecentTasksForceIncludingTaskIdIfValid: getRecentTasks: size=1
02-16 13:59:11.175 E/ActivityManagerWrapper( 4043):  mainTaskId=154   userId=0   windowMode=1   baseIntent=Intent { act=android.intent.action.MAIN flag=270532608 cmp=ComponentInfo{com.pr4y.app.dev/com.pr4y.app.MainActivity} }
02-16 13:59:11.176 E/WindowManager( 2645): setClientVisible ActivityRecord{cef4360 u0 com.google.android.gms/.auth.api.credentials.assistedsignin.ui.AssistedSignInActivity t154} true
02-16 13:59:11.185 E/NativeTurboSchedManagerJni(11412): open /dev/metis failed!
02-16 13:59:11.185 E/KeyguardTransitionHandlerImpl( 4422): activityCount = 1
02-16 13:59:11.185 E/KeyguardTransitionHandlerImpl( 4422): activityCount = 1
02-16 13:59:11.185 E/NativeTurboSchedManagerJni(11412): open /dev/metis failed!
02-16 13:59:11.211 E/MI-SF   ( 1606): surfaceflinger setAffinity success
02-16 13:59:11.211 E/MI-SF   ( 1606): surfaceflinger setAffinity success
02-16 13:59:11.340 E/libsensor-displayalgo( 2260): value of coefs 5,850.073000,4.965174,-2.685090,1.640057,-4.685160, line 101
02-16 13:59:11.346 E/WifiClientModeImpl[6737054:wlan0]( 2645): Failed to get mlo info
02-16 13:59:11.565 E/msys    (16611): E[N mns]_OnDiskCacheGetData(632)=>Start post callback cache refresh DNS resolution
02-16 13:59:11.572 E/msys    (16611): E[N mns]_LogError(228)=>Failed to resolve using system DNS resolver, getaddrinfo(): No address associated with hostname
02-16 13:59:11.573 E/msys    (16611): E[N mns]_OnDiskCacheGetData(632)=>Start post callback cache refresh DNS resolution
02-16 13:59:11.576 E/msys    (16611): E[N mns]_LogError(228)=>Failed to resolve using system DNS resolver, getaddrinfo(): No address associated with hostname
02-16 13:59:11.633 E/MI-SF   ( 1606): surfaceflinger setAffinity success
02-16 13:59:11.641 E/libsensor-displayalgo( 2260): value of coefs 5,850.073000,4.965174,-2.685090,1.640057,-4.685160, line 101
02-16 13:59:11.736 E/om.pr4y.app.dev(16271): FrameInsert open fail: No such file or directory
02-16 13:59:11.897 E/imsd    ( 2131): ImsQmiDcmServiceImpl.cpp | 317 | | 2220 |IMS DCM Service: onClientRequest msgId[32]
02-16 13:59:11.899 E/imsd    ( 2131): ImsQmiDcmServiceImpl.cpp | 353 | | 2220 |IMS DCM Service: QMI_IMS_DCM_PDP_ACTIVATE_REQ_V01 Id ==> 32, Client Hande [x1]
02-16 13:59:11.899 E/imsd    ( 2131): ImsQmiDcmServiceImpl.cpp | 372 | | 2220 |IMS DCM Service: imsQmiDcmPdpActivateHandler QMI APN Type 0, APN Name ims 
02-16 13:59:11.899 E/imsd    ( 2131): ImsQmiDcmServiceImpl.cpp | 373 | | 2220 |IMS DCM Service: imsQmiDcmPdpActivateHandler QMI Family Type 0, APN Rat type 2 
02-16 13:59:11.899 E/imsd    ( 2131): ImsQmiDcmServiceImpl.cpp | 374 | | 2220 |IMS DCM Service: imsQmiDcmPdpActivateHandler DS Profile number : -65534, Cookie pdp_req_seq_no 100 
02-16 13:59:11.899 E/imsd    ( 2131): ImsQmiDcmServiceImpl.cpp | 1346 | | 2220 |IMS DCM Service: getInternalApnType 0
02-16 13:59:11.899 E/imsd    ( 2131): ImsQmiDcmServiceImpl.cpp | 1346 | | 2220 |IMS DCM Service: getInternalApnType 0
02-16 13:59:11.899 E/imsd    ( 2131): ImsQmiDcmServiceImpl.cpp | 1346 | | 2220 |IMS DCM Service: getInternalApnType 0
02-16 13:59:11.899 E/imsd    ( 2131): ImsQmiDcmServiceImpl.cpp | 1298 | | 2220 |IMS DCM Service: getMappingFamilyType 0
02-16 13:59:11.899 E/imsd    ( 2131): ImsQmiDcmServiceImpl.cpp | 1435 | | 2220 |IMS DCM Service:GetInstanceId: Event 32, instanceId [2]
02-16 13:59:11.899 E/imsd    ( 2131): ImsQmiDcmServiceImpl.cpp | 1320 | | 2220 |IMS DCM Service: getInternalRatType 2
02-16 13:59:11.899 E/imsd    ( 2131): ImsCommonDef.h | 452 | | 2220 |Current [0x7df3270], Appid[0]
02-16 13:59:11.899 E/imsd    ( 2131): ImsCommonDef.h | 453 | | 2220 |Other [0x29103e6c], Appid[20]
02-16 13:59:11.900 E/imsd    ( 2131): ImsPdnFactoryImpl.cpp | 389 | | 2220 |ImsPdnFactoryImpl::IsPdnIdReady Pdp id 0, pdn found = 0, PdnIdMap size = 1
02-16 13:59:11.900 E/imsd    ( 2131): ImsCommonDef.h | 452 | | 2220 |Current [0x7df3360], Appid[0]
02-16 13:59:11.900 E/imsd    ( 2131): ImsCommonDef.h | 453 | | 2220 |Other [0x29103e6c], Appid[20]
02-16 13:59:11.900 E/imsd    ( 2131): ImsCommonDef.h | 452 | | 2220 |Current [0x7df3360], Appid[0]
02-16 13:59:11.900 E/imsd    ( 2131): ImsCommonDef.h | 453 | | 2220 |Other [0x29103e6c], Appid[20]
02-16 13:59:11.900 E/imsd    ( 2131): ImsCommonDef.h | 452 | | 2220 |Current [0x7df3360], Appid[20]
02-16 13:59:11.900 E/imsd    ( 2131): ImsCommonDef.h | 453 | | 2220 |Other [0x7df3590], Appid[21]
02-16 13:59:11.900 E/imsd    ( 2131): ImsCommonDef.h | 452 | | 2220 |Current [0x2910452c], Appid[0]
02-16 13:59:11.900 E/imsd    ( 2131): ImsCommonDef.h | 453 | | 2220 |Other [0x7df3360], Appid[21]
02-16 13:59:11.900 E/imsd    ( 2131): ImsPdnFactoryImpl.cpp | 432 | | 2220 |ImsPdnFactoryImpl: Allocated new Pdn Id 21, PdnIdMap size = 2
02-16 13:59:11.900 E/imsd    ( 2131): ImsQmiDcmServiceImpl.cpp | 424 | | 2220 |IMS DCM Service: imsQmiDcmPdpActivateHandler Sending QMI_IMS_DCM_PDP_ACTIVATE_RSP_V01 with PDP_ID : 21
02-16 13:59:11.903 E/imsd    ( 2131): ImsMain.cpp | 729 | | 2223 |ImsMain: handleEvent Switched to Ims Main thread [ImsDcmServiceEvent]
02-16 13:59:11.907 E/imsd    ( 2131): ImsMain.cpp | 759 | | 2223 |ImsMain:Handle Event sName[ImsDcmServiceEvent]
02-16 13:59:11.907 E/imsd    ( 2131): ImsCommonDef.h | 452 | | 2223 |Current [0x7cef820], Appid[0]
02-16 13:59:11.907 E/imsd    ( 2131): ImsCommonDef.h | 453 | | 2223 |Other [0xb9107d50], Appid[21]
02-16 13:59:11.907 E/imsd    ( 2131): ImsMain.cpp | 762 | | 2223 |ImsMain:Handle Event sName[1]
02-16 13:59:11.907 E/imsd    ( 2131): ImsMain.cpp | 998 | | 2223 |ImsMain: handlePdpActivateReq Pdp Id 21
02-16 13:59:11.907 E/imsd    ( 2131): ImsPdnFactoryImpl.cpp | 66 | | 2223 |ImsPdnFactoryImpl::createPdn called pdpReq->pdpReqInfo: eApnType [1]eFamilyType [1]eInstID [2]apnName [ims], client d910c6c8, PdnInfoMap size = 1
02-16 13:59:11.907 E/imsd    ( 2131): ImsCommonDef.h | 452 | | 2223 |Current [0x7cef360], Appid[0]
02-16 13:59:11.907 E/imsd    ( 2131): ImsCommonDef.h | 453 | | 2223 |Other [0xc9107650], Appid[20]
02-16 13:59:11.907 E/imsd    ( 2131): ImsPdnFactoryImpl.cpp | 101 | | 2223 |ImsPdnFactoryImpl: New Pdn created Id = 21
02-16 13:59:11.907 E/imsd    ( 2131): PdnInfoImpl.cpp | 46 | | 2223 |PdnInfoImp[0x9112410] ctor Called [ ImsPdnInfo ]
02-16 13:59:11.907 E/imsd    ( 2131): ImsDsiNetCtrlClient.cpp | 45 | | 2223 |ImsDsiNetCtrlClient::getInstance localDB[89111920], inDb[89111920]
02-16 13:59:11.907 E/imsd    ( 2131): ImsDsiNetCtrlClient.cpp | 55 | | 2223 |ImsDsiNetCtrlClient::getInstance return Instance[0x991072e0] for DB[0x89111920]
02-16 13:59:11.907 E/imsd    ( 2131): PdnStateMachine.h | 78 | | 2223 |stateEnum is 0
02-16 13:59:11.907 E/imsd    ( 2131): PdnInfoImpl.cpp | 409 | | 2223 |PdnInfoImpl: Current State: 1, Previous state: 0 
02-16 13:59:11.907 E/imsd    ( 2131): PdnStateMachine.h | 64 | | 2223 |stateEnum is 1
02-16 13:59:11.907 E/imsd    ( 2131): PdnStateMachine.h | 64 | | 2223 |stateEnum is 0
02-16 13:59:11.908 E/imsd    ( 2131): PdnInfoImpl.cpp | 80 | | 2223 |PdnInfoImp[0x9112410] ctor end params: [ classType[ImsPdnInfo],AppId[21],eFamilyType[1],eInstID[2],eApnType[1],QMI Client_handle[0x1],m_dsiNetCtrlInstance[0x0xb4000075991072e0],m_eventListener[0x0xb4000075891118d8], ]
02-16 13:59:11.908 E/imsd    ( 2131): ImsTimer.cpp | 21 | | 2223 |ImsTimer: ctor
02-16 13:59:11.908 E/imsd    ( 2131): ImsCneNetworkReqClient.cpp | 49 | | 2223 |ImsCneNetworkReqClient : getinstance called
02-16 13:59:11.908 E/imsd    ( 2131): ImsPdnInfo.cpp | 38 | | 2223 |Getting ImsCneNetworkReqClient instance this pointer 9112410
02-16 13:59:11.908 E/imsd    ( 2131): ImsCneNetworkReqClient.cpp | 80 | | 2223 |ImsCneNetworkReqClient : getHandle called
02-16 13:59:11.908 E/imsd    ( 2131): ImsCneNetworkReqClient.cpp | 91 | | 2223 |ImsCneNetworkReqClient : getHandle for IMS apn type
02-16 13:59:11.911 E/MI-SF   ( 1606): surfaceflinger setAffinity success
02-16 13:59:11.911 E/MI-SF   ( 1606): surfaceflinger setAffinity success
02-16 13:59:11.913 E/imsd    ( 2131): ImsQmiService.cpp | 35 | | 2220 |ImsQmiService: notifyListeners ret 1 ==>
02-16 13:59:11.913 E/imsd    ( 2131): RcsIpcReqHandler.cpp | 147 | | 2241 |handleEvent: Received QMI DCM Event eventType[1]
02-16 13:59:11.913 E/imsd    ( 2131): ImsCommonDef.h | 452 | | 2241 |Current [0x470b7e0], Appid[0]
02-16 13:59:11.913 E/imsd    ( 2131): ImsCommonDef.h | 453 | | 2241 |Other [0xb9107d50], Appid[21]
02-16 13:59:11.914 E/imsd    ( 2131): ImsCneNetworkReqClient.cpp | 145 | | 2223 |ImsCneNetworkReqClient : network handle found
02-16 13:59:11.914 E/imsd    ( 2131): ImsPdnInfo.cpp | 46 | | 2223 |ImsPdnInfo: getHandle 1 9910bb40
02-16 13:59:11.914 E/imsd    ( 2131): PdnStateMachine.h | 78 | | 2223 |stateEnum is 11
02-16 13:59:11.914 E/imsd    ( 2131): ImsPdnInfo.cpp | 253 | | 2223 |ImsPdnInfo: Current CNE State: 1, Previous state: 0 
02-16 13:59:11.914 E/imsd    ( 2131): PdnStateMachine.h | 64 | | 2223 |stateEnum is 1
02-16 13:59:11.914 E/imsd    ( 2131): PdnStateMachine.h | 64 | | 2223 |stateEnum is 0
02-16 13:59:11.914 E/imsd    ( 2131): PdnInfoImpl.cpp | 204 | | 2223 |PdnInfoImpl: New client inserted, qmi client id 1, ipc client id 0 
02-16 13:59:11.914 E/imsd    ( 2131): PdnInfoImpl.cpp | 265 | | 2223 |PdnInfoImpl : PdnInfoImp gethandle for [ AppId[21],eFamilyType[1],eInstID[2],eApnType[1], ]
02-16 13:59:11.914 E/imsd    ( 2131): ImsDsiNetCtrlClient.cpp | 73 | | 2223 |ImsDsiNetCtrlClient :GetHandle called
02-16 13:59:11.914 E/imsd    ( 2131): ImsTimer.cpp | 21 | | 2223 |ImsTimer: ctor
02-16 13:59:11.914 E/imsd    ( 2131): ImsDsiNetCtrlWrapper.cpp | 250 | | 2223 |PdnCallInfo constructor called
02-16 13:59:11.915 E/imsd    ( 2131): ImsDsiNetCtrlWrapper.cpp | 114 | | 2223 |ImsDsiNetCtrlWrapper : InitializeDataCall called profile num -65534, RAT 12
02-16 13:59:11.919 E/imsd    ( 2131): ImsConfigServiceManager.cpp | 2858 | | 2274 |ImsConfigServiceManager: handling event
02-16 13:59:11.922 E/imsd    ( 2131): ImsDsiNetCtrlWrapper.cpp | 264 | | 2223 |getDataHandle: dsi_handle created successfully
02-16 13:59:11.922 E/imsd    ( 2131): ImsDsiNetCtrlWrapper.cpp | 268 | | 2223 |getDataHandle: dsi_handle[4989f7c7]
02-16 13:59:11.922 E/imsd    ( 2131): ImsDsiNetCtrlWrapper.cpp | 285 | | 2223 |getDataHandle: RAT is[12], dsiProfileNum -65534
02-16 13:59:11.922 E/imsd    ( 2131): ImsDsiNetCtrlWrapper.cpp | 306 | | 2223 |getDataHandle: returnVal[0]
02-16 13:59:11.922 E/imsd    ( 2131): PdnInfoImpl.cpp | 275 | | 2223 |PdnInfoImpl: DSI gethandle obtained [4989f7c7]
02-16 13:59:11.922 E/imsd    ( 2131): PdnStateMachine.h | 78 | | 2223 |stateEnum is 2
02-16 13:59:11.923 E/imsd    ( 2131): PdnInfoImpl.cpp | 409 | | 2223 |PdnInfoImpl: Current State: 2, Previous state: 1 
02-16 13:59:11.923 E/imsd    ( 2131): PdnStateMachine.h | 64 | | 2223 |stateEnum is 2
02-16 13:59:11.923 E/imsd    ( 2131): PdnStateMachine.h | 64 | | 2223 |stateEnum is 1
02-16 13:59:11.923 E/imsd    ( 2131): PdnInfoImpl.cpp | 853 | | 2223 |PdnInfoImpl: notifyEvents in event = 5, size[1]
02-16 13:59:11.923 E/imsd    ( 2131): PdnInfoImpl.cpp | 868 | | 2223 |PdnInfoImpl: notifyEvents, Qmi client id 1, Ip client id 0, client map size 1, Listener d910c6c8
02-16 13:59:11.923 E/imsd    ( 2131): ImsQmiDcmServiceImpl.cpp | 1455 | | 2223 |IMS DCM Service : onServiceStatusChange called
02-16 13:59:11.923 E/imsd    ( 2131): PdnInfoImpl.cpp | 140 | | 2223 |PdnInfoImpl: getPdnType 1 
02-16 13:59:11.923 E/imsd    ( 2131): ImsDsiNetCtrlClient.cpp | 106 | | 2223 |ImsDsiNetCtrlClient :startService called
02-16 13:59:11.926 E/MI-SF   ( 1606): surfaceflinger setAffinity success
02-16 13:59:11.941 E/libsensor-displayalgo( 2260): value of coefs 5,850.073000,4.965174,-2.685090,1.640057,-4.685160, line 101
02-16 13:59:11.962 E/minksocket( 1308): MinkIPC_QRTR_Service: client with node 1 port 6d67 went down
02-16 13:59:11.964 E/minksocket( 1308): MinkIPC_QRTR_Service: client with node 1 port 6d68 went down
02-16 13:59:11.966 E/minksocket( 1308): MinkIPC_QRTR_Service: client with node 1 port 6d69 went down
02-16 13:59:11.969 E/minksocket( 1308): MinkIPC_QRTR_Service: client with node 1 port 6d6b went down
02-16 13:59:11.971 E/minksocket( 1308): MinkIPC_QRTR_Service: client with node 1 port 6d6c went down
02-16 13:59:11.972 E/minksocket( 1308): MinkIPC_QRTR_Service: client with node 1 port 6d6d went down
02-16 13:59:11.975 E/minksocket( 1308): MinkIPC_QRTR_Service: client with node 1 port 6d6f went down
02-16 13:59:11.975 E/minksocket( 1308): MinkIPC_QRTR_Service: client with node 1 port 6d70 went down
02-16 13:59:11.977 E/minksocket( 1308): MinkIPC_QRTR_Service: client with node 1 port 6d71 went down
02-16 13:59:11.982 E/imsd    ( 2131): PdnInfoImpl.cpp | 426 | | 2223 |PdnInfoImpl: PDN bring up request initiated 
02-16 13:59:11.982 E/imsd    ( 2131): PdnStateMachine.h | 78 | | 2223 |stateEnum is 3
02-16 13:59:11.982 E/imsd    ( 2131): PdnInfoImpl.cpp | 409 | | 2223 |PdnInfoImpl: Current State: 3, Previous state: 2 
02-16 13:59:11.982 E/imsd    ( 2131): PdnStateMachine.h | 64 | | 2223 |stateEnum is 3
02-16 13:59:11.982 E/imsd    ( 2131): PdnStateMachine.h | 64 | | 2223 |stateEnum is 2
02-16 13:59:11.982 E/imsd    ( 2131): ImsPdnFactoryImpl.cpp | 115 | | 2223 |ImsPdnFactoryImpl: New Pdn created Id = 21, pdnInstance[0x9112410]
02-16 13:59:11.982 E/imsd    ( 2131): ImsCommonDef.h | 452 | | 2223 |Current [0x7cef360], Appid[0]
02-16 13:59:11.982 E/imsd    ( 2131): ImsCommonDef.h | 453 | | 2223 |Other [0x7cef4c0], Appid[21]
02-16 13:59:11.982 E/imsd    ( 2131): ImsCommonDef.h | 452 | | 2223 |Current [0xc9109a30], Appid[0]
02-16 13:59:11.982 E/imsd    ( 2131): ImsCommonDef.h | 453 | | 2223 |Other [0x7cef360], Appid[21]
02-16 13:59:11.982 E/imsd    ( 2131): ImsCommonDef.h | 452 | | 2223 |Current [0x29105430], Appid[21]
02-16 13:59:11.982 E/imsd    ( 2131): ImsCommonDef.h | 453 | | 2223 |Other [0x7cef4c0], Appid[21]
02-16 13:59:11.982 E/imsd    ( 2131): ImsMain.cpp | 1011 | | 2223 |ImsMain: handlePdpActivateReq pdpActivateReqs size: 1
02-16 13:59:11.982 E/imsd    ( 2131): ImsIpcReqHandler.cpp | 120 | | 2223 |ImsIpcReqHandler: CREATE_PDP_EVENT received
02-16 13:59:11.983 E/imsd    ( 2131): ImsPdnFactoryImpl.cpp | 66 | | 2223 |ImsPdnFactoryImpl::createPdn called pdpReq->pdpReqInfo: eApnType [1]eFamilyType [1]eInstID [2]apnName [ims], client 1910bba0, PdnInfoMap size = 2
02-16 13:59:11.983 E/imsd    ( 2131): ImsCommonDef.h | 452 | | 2223 |Current [0x7cef270], Appid[0]
02-16 13:59:11.983 E/imsd    ( 2131): ImsCommonDef.h | 453 | | 2223 |Other [0xc9109a30], Appid[21]
02-16 13:59:11.983 E/imsd    ( 2131): ImsPdnFactoryImpl.cpp | 76 | | 2223 |MATCHED it.first: eApnType [1]eFamilyType [1]eInstID [2]apnName [ims], refcount: 1 9112410 9112410
02-16 13:59:11.983 E/imsd    ( 2131): ImsPdnFactoryImpl.cpp | 86 | | 2223 |ImsPdnFactoryImpl: Pdn Instance is already created 1, pdnInstance[0x9112410]
02-16 13:59:11.983 E/imsd    ( 2131): PdnInfoImpl.cpp | 204 | | 2223 |PdnInfoImpl: New client inserted, qmi client id 0, ipc client id 21 
02-16 13:59:11.983 E/imsd    ( 2131): ImsPdnFactoryImpl.cpp | 90 | | 2223 |ImsPdnFactoryImpl: refcount now incremented 2, pdnInstance[0x9112410]
02-16 13:59:11.983 E/imsd    ( 2131): ImsIpcReqHandler.cpp | 255 | | 2223 |ImsIpcReqHandler: createImsPdn() Instance id 2, Familty type 1, netHandle 0, mtu size 0
02-16 13:59:11.984 E/HyperSentinel( 2645): -------------------------------------------------------
02-16 13:59:11.985 E/HyperSentinel( 2645): Event_OpenFileFDSize
02-16 13:59:11.985 E/HyperSentinel( 2645): -> audit event by proc 1606 "/system/bin/surfaceflinger": Fd increasement, peak, 834 -> 944
02-16 13:59:11.995 E/imsd    ( 2131): ImsDsiNetCtrlWrapper.cpp | 209 | | 2621 |ImsDsiNetCtrlWrapper : dsiNetCtrlCB - received event[18] for dsi_hndl[4989f7c7]
02-16 13:59:11.995 E/imsd    ( 2131): ImsDsiNetCtrlClient.cpp | 204 | | 2621 |ImsDsiNetCtrlClient : imsEventHandler sending to 891118d8
02-16 13:59:11.995 E/imsd    ( 2131): ImsMain.cpp | 729 | | 2223 |ImsMain: handleEvent Switched to Ims Main thread [ImsDsiEvent]
02-16 13:59:11.995 E/imsd    ( 2131): ImsMain.cpp | 811 | | 2223 |ImsMain:Handle Event sName[ImsDsiEvent] eventType[4]
02-16 13:59:11.995 E/imsd    ( 2131): ImsCommonDef.h | 452 | | 2223 |Current [0x7cef4c0], Appid[0]
02-16 13:59:11.996 E/imsd    ( 2131): ImsCommonDef.h | 453 | | 2223 |Other [0xc9109a30], Appid[21]
02-16 13:59:11.996 E/imsd    ( 2131): ImsPdnFactoryImpl.cpp | 287 | | 2223 |ImsPdnFactoryImpl: isPdnExisting 1
02-16 13:59:11.996 E/imsd    ( 2131): PdnInfoImpl.cpp | 140 | | 2223 |PdnInfoImpl: getPdnType 1 
02-16 13:59:11.996 E/imsd    ( 2131): ImsMain.cpp | 828 | | 2223 |ImsMain: handleEvent from DSI Module for IMS PDN
02-16 13:59:11.996 E/imsd    ( 2131): PdnInfoImpl.cpp | 589 | | 2223 |PdnInfoImpl:handleEvent sName[ImsDsiEvent]
02-16 13:59:11.996 E/imsd    ( 2131): PdnInfoImpl.cpp | 633 | | 2223 |PdnInfoImpl: handleDsiEvents event Id 18 
02-16 13:59:12.046 E/imsd    ( 2131): ImsDsiNetCtrlWrapper.cpp | 209 | | 2621 |ImsDsiNetCtrlWrapper : dsiNetCtrlCB - received event[1] for dsi_hndl[4989f7c7]
02-16 13:59:12.046 E/imsd    ( 2131): ImsDsiNetCtrlClient.cpp | 204 | | 2621 |ImsDsiNetCtrlClient : imsEventHandler sending to 891118d8
02-16 13:59:12.046 E/imsd    ( 2131): ImsMain.cpp | 729 | | 2223 |ImsMain: handleEvent Switched to Ims Main thread [ImsDsiEvent]
02-16 13:59:12.046 E/imsd    ( 2131): ImsMain.cpp | 811 | | 2223 |ImsMain:Handle Event sName[ImsDsiEvent] eventType[4]
02-16 13:59:12.046 E/imsd    ( 2131): ImsCommonDef.h | 452 | | 2223 |Current [0x7cef4c0], Appid[0]
02-16 13:59:12.046 E/imsd    ( 2131): ImsCommonDef.h | 453 | | 2223 |Other [0xc9109a30], Appid[21]
02-16 13:59:12.046 E/imsd    ( 2131): ImsPdnFactoryImpl.cpp | 287 | | 2223 |ImsPdnFactoryImpl: isPdnExisting 1
02-16 13:59:12.046 E/imsd    ( 2131): PdnInfoImpl.cpp | 140 | | 2223 |PdnInfoImpl: getPdnType 1 
02-16 13:59:12.046 E/imsd    ( 2131): ImsMain.cpp | 828 | | 2223 |ImsMain: handleEvent from DSI Module for IMS PDN
02-16 13:59:12.046 E/imsd    ( 2131): PdnInfoImpl.cpp | 589 | | 2223 |PdnInfoImpl:handleEvent sName[ImsDsiEvent]
02-16 13:59:12.046 E/imsd    ( 2131): PdnInfoImpl.cpp | 633 | | 2223 |PdnInfoImpl: handleDsiEvents event Id 1 
02-16 13:59:12.046 E/imsd    ( 2131): PdnInfoImpl.cpp | 642 | | 2223 |PdnInfoImpl: handleDsiEvents event NET_IS_CONN
02-16 13:59:12.046 E/imsd    ( 2131): PdnStateMachine.h | 78 | | 2223 |stateEnum is 4
02-16 13:59:12.046 E/imsd    ( 2131): PdnInfoImpl.cpp | 409 | | 2223 |PdnInfoImpl: Current State: 4, Previous state: 3 
02-16 13:59:12.046 E/imsd    ( 2131): PdnStateMachine.h | 64 | | 2223 |stateEnum is 4
02-16 13:59:12.046 E/imsd    ( 2131): PdnStateMachine.h | 64 | | 2223 |stateEnum is 3
02-16 13:59:12.046 E/imsd    ( 2131): ImsDsiNetCtrlClient.cpp | 130 | | 2223 |ImsDsiNetCtrlClient : requestNetworkService  dsi_hndl[4989f7c7]
02-16 13:59:12.046 E/imsd    ( 2131): ImsDsiNetCtrlClient.cpp | 165 | | 2223 |ImsDsiNetCtrlClient :getIpAddress called
02-16 13:59:12.046 E/imsd    ( 2131): ImsDsiNetCtrlWrapper.cpp | 146 | | 2223 |ImsDsiNetCtrlWrapper: getIpAddress for dsi_handle[4989f7c7]
02-16 13:59:12.046 E/imsd    ( 2131): ImsDsiNetCtrlWrapper.cpp | 360 | | 2223 |PdnCallInfo::getIpAddress: IP Family: 2
02-16 13:59:12.046 E/imsd    ( 2131): ImsDsiNetCtrlWrapper.cpp | 361 | | 2223 |PdnCallInfo::getIpAddress: IP Family: 1
02-16 13:59:12.046 E/imsd    ( 2131): PdnInfoImpl.cpp | 140 | | 2223 |PdnInfoImpl: getPdnType 1 
02-16 13:59:12.046 E/imsd    ( 2131): ImsDsiNetCtrlClient.cpp | 130 | | 2223 |ImsDsiNetCtrlClient : requestNetworkService  dsi_hndl[4989f7c7]
02-16 13:59:12.046 E/imsd    ( 2131): ImsDsiNetCtrlClient.cpp | 171 | | 2223 |ImsDsiNetCtrlClient :getDeviceName called
02-16 13:59:12.047 E/imsd    ( 2131): PdnInfoImpl.cpp | 531 | | 2223 |PdnInfoImpl: PDN bring up request successful Iface name [rmnet_data3] [4]
02-16 13:59:12.047 E/imsd    ( 2131): ImsDsiNetCtrlClient.cpp | 130 | | 2223 |ImsDsiNetCtrlClient : requestNetworkService  dsi_hndl[4989f7c7]
02-16 13:59:12.047 E/imsd    ( 2131): ImsDsiNetCtrlClient.cpp | 189 | | 2223 |ImsDsiNetCtrlClient :getMtuSize called
02-16 13:59:12.049 E/imsd    ( 2131): ImsDsiNetCtrlWrapper.cpp | 192 | | 2223 |getMtuSize: v4 mtuSize = [1500] ,v6 mtuSize = [0]
02-16 13:59:12.050 E/imsd    ( 2131): PdnInfoImpl.cpp | 538 | | 2223 |PdnInfoImpl: Successfully obtained mtuSize v4[1500] v6[0]
02-16 13:59:12.050 E/imsd    ( 2131): PdnInfoImpl.cpp | 853 | | 2223 |PdnInfoImpl: notifyEvents in event = 0, size[2]
02-16 13:59:12.050 E/imsd    ( 2131): PdnInfoImpl.cpp | 868 | | 2223 |PdnInfoImpl: notifyEvents, Qmi client id 1, Ip client id 0, client map size 2, Listener d910c6c8
02-16 13:59:12.050 E/imsd    ( 2131): ImsQmiDcmServiceImpl.cpp | 1455 | | 2223 |IMS DCM Service : onServiceStatusChange called
02-16 13:59:12.050 E/imsd    ( 2131): ImsQmiDcmServiceImpl.cpp | 1460 | | 2223 |IMS DCM Service : onServiceStatusChange PDP_CONNECTED/PDP_DISCONNECTED/PDP_HANDLE_UNAVAILABLE received [0]
02-16 13:59:12.050 E/imsd    ( 2131): ImsQmiDcmServiceImpl.cpp | 1471 | | 2223 |onServiceStatusChange: pdpData.pdpInfo.eInstID [2], cookie valid 1, pdpData.clientInfo.cookie 100
02-16 13:59:12.050 E/imsd    ( 2131): ImsQmiDcmServiceImpl.cpp | 1474 | | 2223 |onServiceStatusChange: pdpData.pdpInfo.iAppId [21], pdpData.pdpInfo.ipAddressValid [1],pdpData.pdpInfo.eFamilyType 1
02-16 13:59:12.050 E/imsd    ( 2131): ImsQmiDcmServiceImpl.cpp | 1495 | | 2223 |onServiceStatusChange: PdpStatus [2]
02-16 13:59:12.050 E/imsd    ( 2131): ImsQmiDcmServiceImpl.cpp | 1519 | | 2223 |onServiceStatusChange: pdpData.pdpInfo.iAppId [21], ind.pdp_error.error 0, ind.pdp_error.result 0
02-16 13:59:12.050 E/imsd    ( 2131): ImsQmiDcmServiceImpl.cpp | 1521 | | 2223 |QMI Client_handle: 0x1
02-16 13:59:12.050 E/imsd    ( 2131): ImsQmiDcmServiceImpl.cpp | 1533 | | 2223 |IMS DCM Service: QMI_IMS_DCM_PDP_ACTIVATE_IND_V01 qmi_csi_send_ind success err 0
02-16 13:59:12.050 E/imsd    ( 2131): PdnInfoImpl.cpp | 868 | | 2223 |PdnInfoImpl: notifyEvents, Qmi client id 0, Ip client id 21, client map size 2, Listener 1910bba0
02-16 13:59:12.050 E/imsd    ( 2131): ImsIpcReqHandler.cpp | 590 | | 2223 |onServiceStatusChange: received event[0], AppId[21]
02-16 13:59:12.050 E/imsd    ( 2131): ImsCneNetworkReqClient.cpp | 183 | | 2223 |ImsCneNetworkReqClient : getNetConfig return value -1
02-16 13:59:12.050 E/imsd    ( 2131): ImsCneNetworkReqClient.cpp | 195 | | 2223 |ImsCneNetworkReqClient : calling bringup for apn type 4
02-16 13:59:12.059 E/imsd    ( 2131): ImsCneNetworkReqClient.cpp | 197 | | 2223 |ImsCneNetworkReqClient : bringup returned 0
02-16 13:59:12.061 E/minksocket( 1308): MinkIPC_QRTR_Service: client with node 1 port 6d73 went down
02-16 13:59:12.070 E/minksocket( 1308): MinkIPC_QRTR_Service: client with node 1 port 6d74 went down
02-16 13:59:12.072 E/minksocket( 1308): MinkIPC_QRTR_Service: client with node 1 port 6d75 went down
02-16 13:59:12.077 E/ANDR-PERF-LM( 1460): VmRssMeter:: start() 358: Could not find pid, can not collect vmrss data
02-16 13:59:12.086 E/MI-SF   ( 1606): surfaceflinger setAffinity success
02-16 13:59:12.086 E/MI-SF   ( 1606): surfaceflinger setAffinity success
02-16 13:59:12.088 E/imsd    ( 2131): ImsQmiDcmServiceImpl.cpp | 317 | | 2220 |IMS DCM Service: onClientRequest msgId[33]
02-16 13:59:12.088 E/imsd    ( 2131): ImsQmiDcmServiceImpl.cpp | 472 | | 2220 |IMS DCM Service: QMI_IMS_DCM_PDP_DEACTIVATE_REQ_V01 Id ==> 33, Client Hande [x1]
02-16 13:59:12.088 E/imsd    ( 2131): ImsQmiDcmServiceImpl.cpp | 1435 | | 2220 |IMS DCM Service:GetInstanceId: Event 33, instanceId [2]
02-16 13:59:12.088 E/imsd    ( 2131): ImsCommonDef.h | 452 | | 2220 |Current [0x7df3410], Appid[0]
02-16 13:59:12.088 E/imsd    ( 2131): ImsCommonDef.h | 453 | | 2220 |Other [0x2910452c], Appid[21]
02-16 13:59:12.088 E/imsd    ( 2131): ImsPdnFactoryImpl.cpp | 360 | | 2220 |ImsPdnFactoryImpl::isPdnCreatedById Pdp id 21, pdn found = 1, PdnIdMap size = 2
02-16 13:59:12.088 E/imsd    ( 2131): ImsQmiDcmServiceImpl.cpp | 528 | | 2220 |IMS DCM Service: imsQmiDcmPdpDeactivateHandler| PDP entry 21
02-16 13:59:12.089 E/imsd    ( 2131): ImsQmiDcmServiceImpl.cpp | 536 | | 2220 |IMS DCM Service: imsQmiDcmPdpDeactivateHandler| response pdp id[250]
02-16 13:59:12.089 E/imsd    ( 2131): ImsQmiDcmServiceImpl.cpp | 551 | | 2220 |IMS DCM Service: imsQmiDcmPdpDeactivateHandler | qmi_csi_send_resp success : 0
02-16 13:59:12.089 E/imsd    ( 2131): ImsMain.cpp | 729 | | 2223 |ImsMain: handleEvent Switched to Ims Main thread [ImsDcmServiceEvent]
02-16 13:59:12.089 E/imsd    ( 2131): ImsMain.cpp | 759 | | 2223 |ImsMain:Handle Event sName[ImsDcmServiceEvent]
02-16 13:59:12.089 E/imsd    ( 2131): ImsCommonDef.h | 452 | | 2223 |Current [0x7cef820], Appid[0]
02-16 13:59:12.089 E/imsd    ( 2131): ImsCommonDef.h | 453 | | 2223 |Other [0xb9107d50], Appid[21]
02-16 13:59:12.089 E/imsd    ( 2131): ImsMain.cpp | 762 | | 2223 |ImsMain:Handle Event sName[2]
02-16 13:59:12.089 E/imsd    ( 2131): ImsMain.cpp | 1032 | | 2223 |ImsMain: handlePdpDeActivateReq Pdp Id 21
02-16 13:59:12.089 E/imsd    ( 2131): ImsPdnFactoryImpl.cpp | 170 | | 2223 |ImsPdnFactoryImpl::releasePdn called Pdp Id = 21 client = d910c6c8, PdnInfoMap size = 2
02-16 13:59:12.089 E/imsd    ( 2131): ImsPdnFactoryImpl.cpp | 180 | | 2223 |ImsPdnFactoryImpl::releasePdn iterating over Pdp Id = 21 pdn refcount 2
02-16 13:59:12.089 E/imsd    ( 2131): ImsPdnFactoryImpl.cpp | 183 | | 2223 |ImsPdnFactoryImpl : AppId matched, pdn refcount 2
02-16 13:59:12.089 E/imsd    ( 2131): ImsPdnFactoryImpl.cpp | 189 | | 2223 |ImsPdnFactoryImpl: Reference count decremented ref count 1
02-16 13:59:12.089 E/imsd    ( 2131): ImsMain.cpp | 1041 | | 2223 |ImsMain: handlePdpDeActivateReq Pdn release request succeeded 
02-16 13:59:12.089 E/imsd    ( 2131): ImsIpcReqHandler.cpp | 115 | | 2223 |ImsIpcReqHandler: PDN already present, Pdp Id 21
02-16 13:59:12.089 E/imsd    ( 2131): ImsIpcReqHandler.cpp | 143 | | 2223 |ImsIpcReqHandler: RELEASE_PDP_EVENT received
02-16 13:59:12.089 E/imsd    ( 2131): ImsIpcReqHandler.cpp | 146 | | 2223 |releasing Appid[21]
02-16 13:59:12.089 E/imsd    ( 2131): RcsIpcReqHandler.cpp | 147 | | 2241 |handleEvent: Received QMI DCM Event eventType[2]
02-16 13:59:12.089 E/imsd    ( 2131): ImsCommonDef.h | 452 | | 2241 |Current [0x470b7e0], Appid[0]
02-16 13:59:12.089 E/imsd    ( 2131): ImsCommonDef.h | 453 | | 2241 |Other [0xb9107d50], Appid[21]
02-16 13:59:12.089 E/imsd    ( 2131): ImsQmiService.cpp | 35 | | 2220 |ImsQmiService: notifyListeners ret 1 ==>
02-16 13:59:12.089 E/imsd    ( 2131): ImsPdnFactoryImpl.cpp | 170 | | 2223 |ImsPdnFactoryImpl::releasePdn called Pdp Id = 21 client = 1910bba0, PdnInfoMap size = 2
02-16 13:59:12.089 E/imsd    ( 2131): ImsPdnFactoryImpl.cpp | 180 | | 2223 |ImsPdnFactoryImpl::releasePdn iterating over Pdp Id = 21 pdn refcount 1
02-16 13:59:12.089 E/imsd    ( 2131): ImsConfigServiceManager.cpp | 2858 | | 2274 |ImsConfigServiceManager: handling event
02-16 13:59:12.089 E/imsd    ( 2131): ImsPdnFactoryImpl.cpp | 183 | | 2223 |ImsPdnFactoryImpl : AppId matched, pdn refcount 1
02-16 13:59:12.089 E/imsd    ( 2131): ImsPdnInfo.cpp | 161 | | 2223 |ImsPdnInfo : bringDown
02-16 13:59:12.090 E/imsd    ( 2131): ImsPdnInfo.cpp | 171 | | 2223 |ImsPdnInfo: Found entry in clientmap
02-16 13:59:12.090 E/imsd    ( 2131): ImsCneNetworkReqClient.cpp | 204 | | 2223 |ImsCneNetworkReqClient : stopService called
02-16 13:59:12.090 E/imsd    ( 2131): ImsPdnInfo.cpp | 189 | | 2223 |ImsPdnInfo: cne stopService success, DSI Clean up wait timer started
02-16 13:59:12.090 E/imsd    ( 2131): ImsTimer.cpp | 107 | | 2223 |ImsTimer: timer start 
02-16 13:59:12.090 E/imsd    ( 2131): ImsTimer.cpp | 127 | | 2223 |ImsTimer: timer settime pass
02-16 13:59:12.090 E/imsd    ( 2131): PdnStateMachine.h | 78 | | 2223 |stateEnum is 7
02-16 13:59:12.090 E/imsd    ( 2131): ImsPdnInfo.cpp | 253 | | 2223 |ImsPdnInfo: Current CNE State: 5, Previous state: 1 
02-16 13:59:12.090 E/imsd    ( 2131): PdnStateMachine.h | 64 | | 2223 |stateEnum is 5
02-16 13:59:12.090 E/imsd    ( 2131): PdnStateMachine.h | 64 | | 2223 |stateEnum is 1
02-16 13:59:12.090 E/imsd    ( 2131): PdnInfoImpl.cpp | 140 | | 2223 |PdnInfoImpl: getPdnType 1 
02-16 13:59:12.090 E/imsd    ( 2131): PdnInfoImpl.cpp | 122 | | 2223 |PdnInfoImp: isDsiNetHandleValid [ 1 ]
02-16 13:59:12.090 E/imsd    ( 2131): ImsPdnFactoryImpl.cpp | 198 | | 2223 |ImsPdnFactoryImpl: PDN bring down initiated, pdn refcount 0, isPdnActive 1
02-16 13:59:12.091 E/imsd    ( 2131): QmiImssClient.cpp | 171 | | 5045 |QmiImssClient :qmiImsSettingsSvcIndCb
02-16 13:59:12.091 E/imsd    ( 2131): QmiImssClient.cpp | 180 | | 5045 |QmiImssClient :msg_id received : 139
02-16 13:59:12.091 E/imsd    ( 2131): QmiImssClient.cpp | 210 | | 5045 |QmiImssClient :qmiImsSettingsSvcIndCb decodeData via qmi, len [50]
02-16 13:59:12.091 E/imsd    ( 2131): ImsConfigQmiSettings.cpp | 88 | | 2274 |ImsConfigQmiSettings: handling event
02-16 13:59:12.091 E/imsd    ( 2131): ImsConfigQmiSettings.cpp | 123 | | 2274 |ImsConfigQmiSettings :processQmiInd, eventType: 139, subId 1, slotId 2
02-16 13:59:12.091 E/ANDR-PERF-LM( 1460): VmRssMeter:: start() 358: Could not find pid, can not collect vmrss data
02-16 13:59:12.091 E/imsd    ( 2131): ImsConfigServiceImpl.cpp | 399 | | 2274 |ImsConfigServiceImpl: Ignore this, callback for other slot 2, client slot is 1
02-16 13:59:12.091 E/imsd    ( 2131): ImsConfigServiceImpl.cpp | 403 | | 2274 |ImsConfigServiceImpl : clientId vector size 1, slotId: 2, mSlotId 2
02-16 13:59:12.091 E/imsd    ( 2131): ImsConfigServiceManager.cpp | 3384 | | 2274 |ImsConfigServiceManager :Sending response via getUpdatedSettingsCb
02-16 13:59:12.091 E/imsd    ( 2131): ImsConfigServiceManager.cpp | 2793 | | 2274 |ImsConfigServiceManager :convertResponseToHidlStruct for request ID 2
02-16 13:59:12.091 E/ANDR-PERF-LM( 1460): AdaptiveLaunch: writeToDataBase() 64: Meter aborted or could not get meter data for this run
02-16 13:59:12.091 E/imsd    ( 2131): ImsConfigServiceManager.cpp | 2479 | | 2274 |ImsConfigServiceManager : convertUserAgentIndToHidl
02-16 13:59:12.091 E/imsd    ( 2131): ImsConfigServiceManager.cpp | 2484 | | 2274 |ImsConfigServiceManager : convertUserAgentIndToHidl ims_user_agent Xiaomi_Redmi Note 13 Pro 5G_OS2.0.204.0.VNRMIXM
02-16 13:59:12.092 E/imsd    ( 2131): ImsConfigListenerWrapper.cpp | 120 | | 2274 |[xd9149fe8] Call onGetUpdatedSettings_1_1 with status success
02-16 13:59:12.092 E/imsd    ( 2131): ImsConfigServiceManager.cpp | 3201 | | 2274 |ImsConfigServiceManager : send  onUceStatusUpdate onRcsServiceStatusUpdate event
02-16 13:59:12.092 E/imsd    ( 2131): ImsConfigServiceManager.cpp | 3201 | | 2274 |ImsConfigServiceManager : send  onUceStatusUpdate onRcsServiceStatusUpdate event
02-16 13:59:12.094 E/ImsConfigServiceWrapper( 4260): onGetUpdatedSettings_1_1 received settingsData USER_AGENT_STRING: {.settingsId = USER_AGENT_STRING, .settingsValues = {.boolData = [], .intData = [], .stringData = [{.key = 200, .value = Xiaomi_Redmi Note 13 Pro 5G_OS2.0.204.0.VNRMIXM}]}}
02-16 13:59:12.102 E/MI-SF   ( 1606): surfaceflinger setAffinity success
02-16 13:59:12.169 E/minksocket( 1308): MinkIPC_QRTR_Service: client with node 1 port 6d77 went down
02-16 13:59:12.172 E/minksocket( 1308): MinkIPC_QRTR_Service: client with node 1 port 6d78 went down
02-16 13:59:12.173 E/minksocket( 1308): MinkIPC_QRTR_Service: client with node 1 port 6d79 went down
02-16 13:59:12.176 E/minksocket( 1308): MinkIPC_QRTR_Service: client with node 1 port 6d7b went down
02-16 13:59:12.178 E/minksocket( 1308): MinkIPC_QRTR_Service: client with node 1 port 6d7c went down
02-16 13:59:12.179 E/minksocket( 1308): MinkIPC_QRTR_Service: client with node 1 port 6d7d went down
02-16 13:59:12.181 E/minksocket( 1308): MinkIPC_QRTR_Service: client with node 1 port 6d7f went down
02-16 13:59:12.184 E/minksocket( 1308): MinkIPC_QRTR_Service: client with node 1 port 6d80 went down
02-16 13:59:12.186 E/minksocket( 1308): MinkIPC_QRTR_Service: client with node 1 port 6d81 went down
02-16 13:59:12.211 E/MI-SF   ( 1606): surfaceflinger setAffinity success
02-16 13:59:12.211 E/MI-SF   ( 1606): surfaceflinger setAffinity success
02-16 13:59:12.218 E/minksocket( 1308): MinkIPC_QRTR_Service: client with node 1 port 6d83 went down
02-16 13:59:12.222 E/minksocket( 1308): MinkIPC_QRTR_Service: client with node 1 port 6d84 went down
02-16 13:59:12.224 E/minksocket( 1308): MinkIPC_QRTR_Service: client with node 1 port 6d85 went down
02-16 13:59:12.226 E/MI-SF   ( 1606): surfaceflinger setAffinity success
02-16 13:59:12.229 E/minksocket( 1308): MinkIPC_QRTR_Service: client with node 1 port 6d87 went down
02-16 13:59:12.232 E/minksocket( 1308): MinkIPC_QRTR_Service: client with node 1 port 6d88 went down
02-16 13:59:12.233 E/minksocket( 1308): MinkIPC_QRTR_Service: client with node 1 port 6d89 went down
02-16 13:59:12.235 E/minksocket( 1308): MinkIPC_QRTR_Service: client with node 1 port 6d8a went down
02-16 13:59:12.236 E/minksocket( 1308): MinkIPC_QRTR_Service: client with node 1 port 6d8c went down
02-16 13:59:12.237 E/minksocket( 1308): MinkIPC_QRTR_Service: client with node 1 port 6d8d went down
02-16 13:59:12.242 E/libsensor-displayalgo( 2260): value of coefs 5,850.073000,4.965174,-2.685090,1.640057,-4.685160, line 101
02-16 13:59:12.251 E/Netd    ( 1249): no such netId 216
02-16 13:59:12.257 E/minksocket( 1308): MinkIPC_QRTR_Service: client with node 1 port 6d8b went down
02-16 13:59:12.258 E/minksocket( 1308): MinkIPC_QRTR_Service: client with node 1 port 6d8e went down
02-16 13:59:12.265 E/Netd    ( 1249): no such netId 216
02-16 13:59:12.265 E/ConnectivityService( 2645): Exception in addRoute for non-gateway: android.os.ServiceSpecificException: Machine is not on the network (code 64)
02-16 13:59:12.265 E/Netd    ( 1249): no such netId 216
02-16 13:59:12.265 E/ConnectivityService( 2645): Exception in addRoute for gateway: android.os.ServiceSpecificException: Machine is not on the network (code 64)
02-16 13:59:12.272 E/minksocket( 1308): MinkIPC_QRTR_Service: client with node 1 port 6d7a went down
02-16 13:59:12.272 E/minksocket( 1308): MinkIPC_QRTR_Service: client with node 1 port 6d7e went down
02-16 13:59:12.272 E/minksocket( 1308): MinkIPC_QRTR_Service: client with node 1 port 6d82 went down
02-16 13:59:12.272 E/minksocket( 1308): MinkIPC_QRTR_Service: client with node 1 port 6d86 went down
02-16 13:59:12.288 E/MI-SF   ( 1606): surfaceflinger setAffinity success
02-16 13:59:12.288 E/MI-SF   ( 1606): surfaceflinger setAffinity success
02-16 13:59:12.314 E/KeyguardTransitionHandlerImpl( 4422): activityCount = 1
02-16 13:59:12.314 E/KeyguardTransitionHandlerImpl( 4422): activityCount = 1
02-16 13:59:12.324 E/WindowManager( 2645): setClientVisible ActivityRecord{cef4360 u0 com.google.android.gms/.auth.api.credentials.assistedsignin.ui.AssistedSignInActivity t154 f}} false
02-16 13:59:12.328 E/MI-SF   ( 1606): surfaceflinger setAffinity success
02-16 13:59:12.328 I/PR4Y_NETWORK(16271): Token obtenido. Validando con b├║nker remoto...
02-16 13:59:12.328 I/PR4Y_APP(16271): Iniciando Google Login...
02-16 13:59:12.338 I/PR4Y_NETWORK(16271): --> POST https://pr4yapi-production.up.railway.app/v1/auth/google
02-16 13:59:12.338 I/PR4Y_NETWORK(16271): Content-Type: application/json; charset=UTF-8
02-16 13:59:12.338 I/PR4Y_NETWORK(16271): Content-Length: 1152
02-16 13:59:12.338 I/PR4Y_NETWORK(16271): 
02-16 13:59:12.338 I/PR4Y_NETWORK(16271): {"idToken":"eyJhbGciOiJSUzI1NiIsImtpZCI6ImM4MTZkMzM3YjgzNjVhMDZhODUxYWQ4MDAxNmMxNzEwOTk0OTI2MDkiLCJ0eXAiOiJKV1QifQ.eyJpc3MiOiJodHRwczovL2FjY291bnRzLmdvb2dsZS5jb20iLCJhenAiOiI1ODM5NjIyMDcwMDEtcWJ0azdnMGN1anQ2cTRldXZmb2E0ZzluMzJwOG5hN2kuYXBwcy5nb29nbGV1c2VyY29udGVudC5jb20iLCJhdWQiOiI1ODM5NjIyMDcwMDEtajdqN2FnanY4ZDJmYjdpb2pnYzg0MGR1aGQxdTdrbmkuYXBwcy5nb29nbGV1c2VyY29udGVudC5jb20iLCJzdWIiOiIxMDY4OTQ1ODg0NjA4NzMyODUyNzgiLCJlbWFpbCI6ImhlcnJlcmEuamFyYS5jcmlzdG9iYWxAZ21haWwuY29tIiwiZW1haWxfdmVyaWZpZWQiOnRydWUsIm5hbWUiOiJDcmlzdMOzYmFsIEhlcnJlcmEiLCJwaWN0dXJlIjoiaHR0cHM6Ly9saDMuZ29vZ2xldXNlcmNvbnRlbnQuY29tL2EvQUNnOG9jS1NuWUpjZF9IMWRWSEVEa2d6MUJQNDVUSUtsNjdfTFZuZGJicGRQVVBUSldSOE9kank5dz1zOTYtYyIsImdpdmVuX25hbWUiOiJDcmlzdMOzYmFsIiwiZmFtaWx5X25hbWUiOiJIZXJyZXJhIiwiaWF0IjoxNzcxMjYwNTc3LCJleHAiOjE3NzEyNjQxNzd9.jIdt34kJ9YPLrNVwcxKDHmj4_0032PKm_tJazV6o0-0VFG2OpwCn1uiCCJd9BvoIykxSteeBlxOeTxlHhhEBdcUHQRRs8LRGxLrFaFbt_79eFEdrKLbcacC-BG98-kLb3iyFQVsMHGiMr0pE-m8MXfUpC-BRJj0A3Bs7NHIj_1pNANofcSONoNKcNZbZwPGupYKhTzS-N9Hsr90-itKoMdvliBqJ1EqL7qDA11I6-e7Mzpu9mdAp0IdUnNvkScr2QmSkh4OQD3NboIJsBGxHTpyTq0sYsD30mtHtTzJuBZ7mwi_oFYH17qDv3o6v8l7L9qxn1gPutmdYVxzlrxC0EA"}
02-16 13:59:12.338 I/PR4Y_NETWORK(16271): --> END POST (1152-byte body)
02-16 13:59:12.371 E/vendor.qti.hardware.perf-hal-service( 1460): ExtendedPerfBoost: extended_perfboost_verification() 738: Ok, set boost params. hintid=4226 hinttype=1 prio=2, clientpid=2645 packagename=com.pr4y.app.dev params=boost:1 cpu0:1958400 cpu4:2400000 cpumask:ff
02-16 13:59:12.380 E/NetlinkEvent( 1249): NetlinkEvent::FindParam(): Parameter 'INTERFACE' not found
02-16 13:59:12.380 E/NetlinkEvent( 1249): NetlinkEvent::FindParam(): Parameter 'STATE' not found
02-16 13:59:12.380 E/NetlinkEvent( 1249): NetlinkEvent::FindParam(): Parameter 'TIME_NS' not found
02-16 13:59:12.380 E/NetlinkEvent( 1249): NetlinkEvent::FindParam(): Parameter 'UID' not found
02-16 13:59:12.387 E/KeyguardTransitionHandlerImpl( 4422): activityCount = 1
02-16 13:59:12.387 E/KeyguardTransitionHandlerImpl( 4422): activityCount = 1
02-16 13:59:12.393 E/WindowManager( 2645): setClientVisible ActivityRecord{591f6a0 u0 com.google.android.gms/.identitycredentials.ui.CredentialChooserActivity t154 f}} false
02-16 13:59:12.431 E/BluetoothAdapterService( 5593): getActiveDevices: LeAudioService is null
02-16 13:59:12.481 E/NativeTurboSchedManagerJni( 2645): ioctl 8 failed!
02-16 13:59:12.487 E/ActivityManagerWrapper( 4043): get all recent tasks force including 154
02-16 13:59:12.490 E/ActivityManagerWrapper( 4043): getRecentTasksForceIncludingTaskIdIfValid: getRecentTasks: size=1
02-16 13:59:12.490 E/ActivityManagerWrapper( 4043):  mainTaskId=154   userId=0   windowMode=1   baseIntent=Intent { act=android.intent.action.MAIN flag=270532608 cmp=ComponentInfo{com.pr4y.app.dev/com.pr4y.app.MainActivity} }
02-16 13:59:12.590 E/imsd    ( 2131): ImsTimer.cpp | 55 | | 2131 |ImsTimer: posixTimerCallback
02-16 13:59:12.590 E/imsd    ( 2131): ImsTimer.cpp | 81 | | 2131 |ImsTimer: posixTimerCallback postEvent
02-16 13:59:12.590 E/imsd    ( 2131): ImsMain.cpp | 729 | | 2223 |ImsMain: handleEvent Switched to Ims Main thread [ImsTimerEvent]
02-16 13:59:12.590 E/imsd    ( 2131): ImsMain.cpp | 900 | | 2223 |ImsMain : Timer event received
02-16 13:59:12.590 E/imsd    ( 2131): ImsCommonDef.h | 452 | | 2223 |Current [0x7cef4c0], Appid[0]
02-16 13:59:12.590 E/imsd    ( 2131): ImsCommonDef.h | 453 | | 2223 |Other [0xc9109a30], Appid[21]
02-16 13:59:12.590 E/imsd    ( 2131): ImsPdnFactoryImpl.cpp | 287 | | 2223 |ImsPdnFactoryImpl: isPdnExisting 1
02-16 13:59:12.590 E/imsd    ( 2131): ImsMain.cpp | 924 | | 2223 |ImsMain : PdnInfoImp is not null
02-16 13:59:12.590 E/imsd    ( 2131): PdnInfoImpl.cpp | 140 | | 2223 |PdnInfoImpl: getPdnType 1 
02-16 13:59:12.590 E/imsd    ( 2131): ImsMain.cpp | 930 | | 2223 |ImsMain : Pdn type is IMS APN
02-16 13:59:12.590 E/imsd    ( 2131): ImsPdnInfo.cpp | 217 | | 2223 |ImsPdnInfo : cleanUpCall timer cancelled or expired
02-16 13:59:12.590 E/imsd    ( 2131): ImsDsiNetCtrlClient.cpp | 115 | | 2223 |ImsDsiNetCtrlClient : stopService called
02-16 13:59:12.590 E/imsd    ( 2131): ImsDsiNetCtrlWrapper.cpp | 130 | | 2223 |ImsDsiNetCtrlWrapper : stopCall returnVal 0
02-16 13:59:12.590 E/imsd    ( 2131): PdnStateMachine.h | 78 | | 2223 |stateEnum is 7
02-16 13:59:12.591 E/imsd    ( 2131): PdnInfoImpl.cpp | 409 | | 2223 |PdnInfoImpl: Current State: 5, Previous state: 4 
02-16 13:59:12.591 E/imsd    ( 2131): PdnStateMachine.h | 64 | | 2223 |stateEnum is 5
02-16 13:59:12.591 E/imsd    ( 2131): PdnStateMachine.h | 64 | | 2223 |stateEnum is 4
02-16 13:59:12.640 E/PowerKeeper.Thermal( 9694): ProcessInfo java.lang.NumberFormatException: For input string: "CPU usage from 151968ms to 118451ms ago (2026-02-16 13"
02-16 13:59:12.642 E/libsensor-displayalgo( 2260): value of coefs 5,850.073000,4.965174,-2.685090,1.640057,-4.685160, line 101
02-16 13:59:12.695 E/imsd    ( 2131): ImsDsiNetCtrlWrapper.cpp | 209 | | 2621 |ImsDsiNetCtrlWrapper : dsiNetCtrlCB - received event[19] for dsi_hndl[4989f7c7]
