02-18 20:47:23.075 E/##XLogger##(26975): #&^Pc5lF7k3asyW5u3ymTCHvqn56G3uiF5+5MJl9msP9vA9GG7kWabARBEVmHgCHgZbPT7w2aPZmFe8tPQSni0yTZBHqOWRxHwBm1xkbEo6soBzeDBlejRTAOdkY+R3y5NZbq+2tQ4zcTbD0P3jFou3Cc/O/BhaRUSljMdGdxV2QEs=!account!sj23O15yuAdjai+i86dZOzubmWTPT0kttMjiR4pE1FHzzqZ2BXOqYsyCyC+iQYNUbAd6uDQYOW9V9Hz8lb3wGkwTjDjYo4J0hrp8yNkrtY0=^&#
02-18 20:47:23.076 E/##XLogger##(26975): #&^Pc5lF7k3asyW5u3ymTCHvqn56G3uiF5+5MJl9msP9vA9GG7kWabARBEVmHgCHgZbPT7w2aPZmFe8tPQSni0yTZBHqOWRxHwBm1xkbEo6soBzeDBlejRTAOdkY+R3y5NZbq+2tQ4zcTbD0P3jFou3Cc/O/BhaRUSljMdGdxV2QEs=!account!sj23O15yuAdjai+i86dZO4fjo4NF1A2TegLD+ZAtQfnRA6Of2X5MKWgkV3aYROylWGHkTR/gxEhv0ltZ0lZNQma6AyMjzGX1s0+SV4EgzWYVIXbTEB0ZPA03Bz/LKhLf7rEcqmX69j+flUcXEotcJ7egHpfZQ5Yki2t7liwOuB1Ti+1z2e0ha0zSKP3vl13W^&#
02-18 20:47:23.078 E/##XLogger##(26975): #&^Pc5lF7k3asyW5u3ymTCHvqn56G3uiF5+5MJl9msP9vA9GG7kWabARBEVmHgCHgZbPT7w2aPZmFe8tPQSni0yTZBHqOWRxHwBm1xkbEo6soBzeDBlejRTAOdkY+R3y5NZbq+2tQ4zcTbD0P3jFou3Cc/O/BhaRUSljMdGdxV2QEs=!account!+MmJ++7JgTsl/NZcwzLOQ7dgV0C8XX+3Rnt6y8/2Qt8SoDXSnTdeBmdRlz5WUVod2vWUrxbMrOt37wNI+JHXFf27kO4JDNv01rdRYzJw8p/gnnGLa57fM8h+B1RtXG4WjEtPv+N/reAEOC9fKQ6LMA==^&#
02-18 20:47:23.091 E/libsensor-displayalgo( 2261): value of coefs 5,850.073000,4.965174,-2.685090,1.640057,-4.685160, line 101
02-18 20:47:23.105 E/JobScheduler( 2702): ResourceBudgetManagerInternal is null
02-18 20:47:23.210 E/KeymasterUtils(  870): rsp_header->status: -28
02-18 20:47:23.211 E/KeyMasterHalDevice(  870): abort_operation
02-18 20:47:23.211 E/KeyMasterHalDevice(  870): ret: -28
02-18 20:47:23.212 E/lowmemorykiller(  601): process_mrelease 25500 failed: No such process
02-18 20:47:23.389 E/PlayMovies(27657): nnw.a:83 No worker key associated with this task with tags: [google_tv_widget_tag, com.google.android.apps.googletv.app.services.workmanager.WorkerWrapper]
02-18 20:47:23.389 E/PlayMovies(27657): 
02-18 20:47:23.391 E/libsensor-displayalgo( 2261): value of coefs 5,850.073000,4.965174,-2.685090,1.640057,-4.685160, line 101
02-18 20:47:23.488 E/HyperSentinel( 2702): -------------------------------------------------------
02-18 20:47:23.488 E/HyperSentinel( 2702): Event_ResidentSize
02-18 20:47:23.488 E/HyperSentinel( 2702): -> audit event by proc 27070 "com.alibaba.aliexpresshd:channel": RSS increasement, peak 0kb -> 241736kb
02-18 20:47:23.497 E/bcxd    (27459): Sync subscriptions not available
02-18 20:47:23.549 E/GoogleApiManager(27459): Failed to get service from broker. 
02-18 20:47:23.549 E/GoogleApiManager(27459): java.lang.SecurityException: Unknown calling package name 'com.google.android.gms'.
02-18 20:47:23.549 E/GoogleApiManager(27459): 	at android.os.Parcel.createExceptionOrNull(Parcel.java:3256)
02-18 20:47:23.549 E/GoogleApiManager(27459): 	at android.os.Parcel.createException(Parcel.java:3240)
02-18 20:47:23.549 E/GoogleApiManager(27459): 	at android.os.Parcel.readException(Parcel.java:3223)
02-18 20:47:23.549 E/GoogleApiManager(27459): 	at android.os.Parcel.readException(Parcel.java:3165)
02-18 20:47:23.549 E/GoogleApiManager(27459): 	at beoy.a(:com.google.android.gms@260438035@26.04.38 (260400-867839860):36)
02-18 20:47:23.549 E/GoogleApiManager(27459): 	at bemz.z(:com.google.android.gms@260438035@26.04.38 (260400-867839860):143)
02-18 20:47:23.549 E/GoogleApiManager(27459): 	at bdtf.run(:com.google.android.gms@260438035@26.04.38 (260400-867839860):42)
02-18 20:47:23.549 E/GoogleApiManager(27459): 	at android.os.Handler.handleCallback(Handler.java:959)
02-18 20:47:23.549 E/GoogleApiManager(27459): 	at android.os.Handler.dispatchMessage(Handler.java:100)
02-18 20:47:23.549 E/GoogleApiManager(27459): 	at csuf.mz(:com.google.android.gms@260438035@26.04.38 (260400-867839860):1)
02-18 20:47:23.549 E/GoogleApiManager(27459): 	at csuf.dispatchMessage(:com.google.android.gms@260438035@26.04.38 (260400-867839860):5)
02-18 20:47:23.549 E/GoogleApiManager(27459): 	at android.os.Looper.loopOnce(Looper.java:249)
02-18 20:47:23.549 E/GoogleApiManager(27459): 	at android.os.Looper.loop(Looper.java:337)
02-18 20:47:23.549 E/GoogleApiManager(27459): 	at android.os.HandlerThread.run(HandlerThread.java:85)
02-18 20:47:23.593 E/HyperSentinel( 2702): -------------------------------------------------------
02-18 20:47:23.593 E/HyperSentinel( 2702): Event_ThreadAmount
02-18 20:47:23.594 E/HyperSentinel( 2702): -> audit event by proc 27111 "com.google.android.apps.docs": running threads amount, 0 -> 77
02-18 20:47:23.691 E/libsensor-displayalgo( 2261): value of coefs 5,850.073000,4.965174,-2.685090,1.640057,-4.685160, line 101
02-18 20:47:23.756 E/JobScheduler( 2702): ResourceBudgetManagerInternal is null
02-18 20:47:23.835 E/JobScheduler( 2702): ResourceBudgetManagerInternal is null
02-18 20:47:23.991 E/libsensor-displayalgo( 2261): value of coefs 5,850.073000,4.965174,-2.685090,1.640057,-4.685160, line 101
02-18 20:47:24.240 E/HyperSentinel( 2702): -------------------------------------------------------
02-18 20:47:24.240 E/HyperSentinel( 2702): Event_ThreadAmount
02-18 20:47:24.240 E/HyperSentinel( 2702): -> audit event by proc 27020 "com.xiaomi.aicr": running threads amount, 0 -> 26
02-18 20:47:24.263 E/KeymasterUtils(  870): rsp_header->status: -28
02-18 20:47:24.264 E/KeyMasterHalDevice(  870): abort_operation
02-18 20:47:24.264 E/KeyMasterHalDevice(  870): ret: -28
02-18 20:47:24.292 E/libsensor-displayalgo( 2261): value of coefs 5,850.073000,4.965174,-2.685090,1.640057,-4.685160, line 101
02-18 20:47:24.306 E/KeymasterUtils(  870): rsp_header->status: -28
02-18 20:47:24.306 E/KeyMasterHalDevice(  870): abort_operation
02-18 20:47:24.306 E/KeyMasterHalDevice(  870): ret: -28
02-18 20:47:24.405 E/KeymasterUtils(  870): rsp_header->status: -28
02-18 20:47:24.405 E/KeyMasterHalDevice(  870): abort_operation
02-18 20:47:24.405 E/KeyMasterHalDevice(  870): ret: -28
02-18 20:47:24.407 E/HyperSentinel( 2702): -------------------------------------------------------
02-18 20:47:24.407 E/HyperSentinel( 2702): Event_ResidentSize
02-18 20:47:24.407 E/HyperSentinel( 2702): -> audit event by proc 26894 "com.xiaomi.finddevice": RSS increasement, peak 0kb -> 147688kb
02-18 20:47:24.475 E/KeymasterUtils(  870): rsp_header->status: -28
02-18 20:47:24.475 E/KeyMasterHalDevice(  870): abort_operation
02-18 20:47:24.475 E/KeyMasterHalDevice(  870): ret: -28
02-18 20:47:24.513 E/KeymasterUtils(  870): rsp_header->status: -28
02-18 20:47:24.513 E/KeyMasterHalDevice(  870): abort_operation
02-18 20:47:24.513 E/KeyMasterHalDevice(  870): ret: -28
02-18 20:47:24.546 E/KeymasterUtils(  870): rsp_header->status: -28
02-18 20:47:24.546 E/KeyMasterHalDevice(  870): abort_operation
02-18 20:47:24.546 E/KeyMasterHalDevice(  870): ret: -28
02-18 20:47:24.592 E/libsensor-displayalgo( 2261): value of coefs 5,850.073000,4.965174,-2.685090,1.640057,-4.685160, line 101
02-18 20:47:24.649 E/lowmemorykiller(  601): process_mrelease 25398 failed: No such process
02-18 20:47:24.657 E/KeymasterUtils(  870): rsp_header->status: -28
02-18 20:47:24.657 E/KeyMasterHalDevice(  870): abort_operation
02-18 20:47:24.657 E/KeyMasterHalDevice(  870): ret: -28
02-18 20:47:24.860 E/KeymasterUtils(  870): rsp_header->status: -28
02-18 20:47:24.860 E/KeyMasterHalDevice(  870): abort_operation
02-18 20:47:24.860 E/KeyMasterHalDevice(  870): ret: -28
02-18 20:47:24.892 E/libsensor-displayalgo( 2261): value of coefs 5,850.073000,4.965174,-2.685090,1.640057,-4.685160, line 101
02-18 20:47:24.965 E/Cello   (27111): [27859:NonCelloThread] authenticated_transport.cc:183:DumpToLog Request 0xb4000070e083a958: 0 transport: drive::ds::Status::CANCELLED reader: drive::ds::Status::SUCCESS url: https://play.googleapis.com/log
02-18 20:47:24.965 E/Cello   (27111): [27859:NonCelloThread] authenticated_transport.cc:183:DumpToLog req.hdr 0xb4000070e083a958: Content-Type=
02-18 20:47:24.965 E/Cello   (27111): [27859:NonCelloThread] authenticated_transport.cc:183:DumpToLog Response body 0xb4000070e083a958: (no response body)
02-18 20:47:24.965 E/Cello   (27111): [27862:MetricsTransportThread-CELLO] metrics_transport.cc:242:SendRequest Request failed: drive::ds::Status::CANCELLED
