02-16 13:49:29.054 E/ANDR-PERF-LM( 1460): VmRssMeter:: start() 358: Could not find pid, can not collect vmrss data
02-16 13:49:29.341 E/libsensor-displayalgo( 2260): value of coefs 5,850.073000,4.965174,-2.685090,1.640057,-4.685160, line 101
02-16 13:49:30.342 E/libsensor-displayalgo( 2260): value of coefs 5,850.073000,4.965174,-2.685090,1.640057,-4.685160, line 101
02-16 13:49:30.578 E/HyperSentinel( 2645): -------------------------------------------------------
02-16 13:49:30.578 E/HyperSentinel( 2645): Event_ThreadAmount
02-16 13:49:30.578 E/HyperSentinel( 2645): -> audit event by proc 7410 "com.milink.service": running threads amount, 0 -> 41
02-16 13:49:31.095 E/ExtM    ( 2645): can_flush_idle_pages:24055 flush_number_adjust: 12000
02-16 13:49:31.125 E/WifiClientModeImpl[6737054:wlan0]( 2645): Failed to get mlo info
02-16 13:49:31.149 E/vold    ( 7557): maxCpuFreq=2400000
02-16 13:49:31.150 E/vold    ( 7557): maxCpuFreq=2400000
02-16 13:49:31.341 E/libsensor-displayalgo( 2260): value of coefs 5,850.073000,4.965174,-2.685090,1.640057,-4.685160, line 101
02-16 13:49:31.342 E/libsensor-displayalgo( 2260): value of coefs 5,850.073000,4.965174,-2.685090,1.640057,-4.685160, line 101
02-16 13:49:31.343 E/libsensor-displayalgo( 2260): value of coefs 5,850.073000,4.965174,-2.685090,1.640057,-4.685160, line 101
02-16 13:49:31.344 E/libsensor-displayalgo( 2260): value of coefs 5,850.073000,4.965174,-2.685090,1.640057,-4.685160, line 101
02-16 13:49:31.442 E/libsensor-displayalgo( 2260): value of coefs 5,850.073000,4.965174,-2.685090,1.640057,-4.685160, line 101
02-16 13:49:31.442 E/libsensor-displayalgo( 2260): value of coefs 5,850.073000,4.965174,-2.685090,1.640057,-4.685160, line 101
02-16 13:49:31.443 E/libsensor-displayalgo( 2260): value of coefs 5,850.073000,4.965174,-2.685090,1.640057,-4.685160, line 101
02-16 13:49:31.444 E/libsensor-displayalgo( 2260): value of coefs 5,850.073000,4.965174,-2.685090,1.640057,-4.685160, line 101
02-16 13:49:31.541 E/libsensor-displayalgo( 2260): value of coefs 5,850.073000,4.965174,-2.685090,1.640057,-4.685160, line 101
02-16 13:49:31.542 E/libsensor-displayalgo( 2260): value of coefs 5,850.073000,4.965174,-2.685090,1.640057,-4.685160, line 101
02-16 13:49:31.543 E/libsensor-displayalgo( 2260): value of coefs 5,850.073000,4.965174,-2.685090,1.640057,-4.685160, line 101
02-16 13:49:31.641 E/libsensor-displayalgo( 2260): value of coefs 5,850.073000,4.965174,-2.685090,1.640057,-4.685160, line 101
02-16 13:49:31.643 E/libsensor-displayalgo( 2260): value of coefs 5,850.073000,4.965174,-2.685090,1.640057,-4.685160, line 101
02-16 13:49:31.741 E/libsensor-displayalgo( 2260): value of coefs 5,850.073000,4.965174,-2.685090,1.640057,-4.685160, line 101
02-16 13:49:31.742 E/libsensor-displayalgo( 2260): value of coefs 5,850.073000,4.965174,-2.685090,1.640057,-4.685160, line 101
02-16 13:49:31.743 E/libsensor-displayalgo( 2260): value of coefs 5,850.073000,4.965174,-2.685090,1.640057,-4.685160, line 101
02-16 13:49:31.841 E/libsensor-displayalgo( 2260): value of coefs 5,850.073000,4.965174,-2.685090,1.640057,-4.685160, line 101
02-16 13:49:31.842 E/libsensor-displayalgo( 2260): value of coefs 5,850.073000,4.965174,-2.685090,1.640057,-4.685160, line 101
02-16 13:49:31.843 E/libsensor-displayalgo( 2260): value of coefs 5,850.073000,4.965174,-2.685090,1.640057,-4.685160, line 101
02-16 13:49:31.943 E/libsensor-displayalgo( 2260): value of coefs 5,850.073000,4.965174,-2.685090,1.640057,-4.685160, line 101
02-16 13:49:32.905 E/JobScheduler.Background( 2645): Couldn't determine stopped state for unknown package: com.google.android.apps.turbo
02-16 13:49:32.906 E/JobScheduler.Background( 2645): Couldn't determine stopped state for unknown package: com.google.android.apps.turbo
02-16 13:49:32.906 E/JobScheduler.Background( 2645): Couldn't determine stopped state for unknown package: com.google.android.apps.turbo
02-16 13:49:32.907 E/JobScheduler.Background( 2645): Couldn't determine stopped state for unknown package: com.aura.oobe.deutsche
02-16 13:49:32.942 E/libsensor-displayalgo( 2260): value of coefs 5,850.073000,4.965174,-2.685090,1.640057,-4.685160, line 101
02-16 13:49:33.024 E/vendor.xiaomi.hardware.micharge@1.0-service( 1507): Failed to open node /sys/class/qcom-battery/reverse_chg_mode
02-16 13:49:33.039 E/libsensor-displayalgo( 2260): value of coefs 5,850.073000,4.965174,-2.685090,1.640057,-4.685160, line 101
02-16 13:49:33.039 E/libsensor-displayalgo( 2260): value of coefs 5,850.073000,4.965174,-2.685090,1.640057,-4.685160, line 101
02-16 13:49:33.040 E/libsensor-displayalgo( 2260): value of coefs 5,850.073000,4.965174,-2.685090,1.640057,-4.685160, line 101
02-16 13:49:33.142 E/libsensor-displayalgo( 2260): value of coefs 5,850.073000,4.965174,-2.685090,1.640057,-4.685160, line 101
02-16 13:49:33.792 E/RTMode  ( 2645): pkgName: com.pr4y.app.dev has no permission
02-16 13:49:33.897 I/PR4Y_APP( 1647): Login: Solicitando credencial a Google...
02-16 13:49:33.941 E/libsensor-displayalgo( 2260): value of coefs 5,850.073000,4.965174,-2.685090,1.640057,-4.685160, line 101
02-16 13:49:34.080 E/KeymasterUtils(  866): rsp_header->status: -28
02-16 13:49:34.080 E/KeyMasterHalDevice(  866): abort_operation
02-16 13:49:34.080 E/KeyMasterHalDevice(  866): ret: -28
02-16 13:49:34.097 E/KeymasterUtils(  866): rsp_header->status: -28
02-16 13:49:34.097 E/KeyMasterHalDevice(  866): abort_operation
02-16 13:49:34.097 E/KeyMasterHalDevice(  866): ret: -28
02-16 13:49:34.139 E/WifiClientModeImpl[6737054:wlan0]( 2645): Failed to get mlo info
02-16 13:49:34.241 E/libsensor-displayalgo( 2260): value of coefs 5,850.073000,4.965174,-2.685090,1.640057,-4.685160, line 101
02-16 13:49:34.542 E/libsensor-displayalgo( 2260): value of coefs 5,850.073000,4.965174,-2.685090,1.640057,-4.685160, line 101
02-16 13:49:34.706 E/WindowManager( 2645): setClientVisible ActivityRecord{9a5fc84 u0 com.google.android.gms/.identitycredentials.ui.CredentialChooserActivity true
02-16 13:49:34.716 E/ANDR-PERF-LM( 1460): MetaMeter: handleAsync() 166: AdaptLaunch Invalid Async
02-16 13:49:34.722 E/vendor.qti.hardware.perf-hal-service( 1460): ExtendedPerfBoost: extended_perfboost_verification() 738: Ok, set boost params. hintid=4226 hinttype=1 prio=2, clientpid=2645 packagename=com.google.android.gms params=boost:1 cpu0:1958400 cpu4:2400000 cpumask:ff
02-16 13:49:34.730 E/vendor.qti.hardware.perf-hal-service( 1460): ExtendedPerfBoost: extended_perfboost_verification() 738: Ok, set boost params. hintid=4226 hinttype=1 prio=2, clientpid=2645 packagename=com.google.android.gms params=boost:1 cpu0:1958400 cpu4:2400000 cpumask:ff
02-16 13:49:34.731 E/WindowManager( 2645): setClientVisible ActivityRecord{9a5fc84 u0 com.google.android.gms/.identitycredentials.ui.CredentialChooserActivity t142} true
02-16 13:49:34.731 E/ANDR-PERF-LM( 1460): MetaMeter: handleAsync() 166: AdaptLaunch Invalid Async
02-16 13:49:34.732 E/WindowManager( 2645): setClientVisible ActivityRecord{9a5fc84 u0 com.google.android.gms/.identitycredentials.ui.CredentialChooserActivity t142} true
02-16 13:49:34.750 E/BluetoothAdapterService( 5593): getActiveDevices: LeAudioService is null
02-16 13:49:34.795 E/NativeTurboSchedManagerJni(17138): open /dev/metis failed!
02-16 13:49:34.795 E/NativeTurboSchedManagerJni(17138): open /dev/metis failed!
02-16 13:49:34.819 E/NativeTurboSchedManagerJni(17138): open /dev/metis failed!
02-16 13:49:34.819 E/NativeTurboSchedManagerJni(17138): open /dev/metis failed!
02-16 13:49:34.821 E/WindowManager( 2645): setClientVisible ActivityRecord{9a5fc84 u0 com.google.android.gms/.identitycredentials.ui.CredentialChooserActivity t142} true
02-16 13:49:34.828 E/KeyguardTransitionHandlerImpl( 4422): activityCount = 1
02-16 13:49:34.828 E/KeyguardTransitionHandlerImpl( 4422): activityCount = 1
02-16 13:49:34.842 E/NativeTurboSchedManagerJni( 2645): ioctl 8 failed!
02-16 13:49:34.843 E/libsensor-displayalgo( 2260): value of coefs 5,850.073000,4.965174,-2.685090,1.640057,-4.685160, line 101
02-16 13:49:34.845 E/ActivityManagerWrapper( 4043): get all recent tasks force including 142
02-16 13:49:34.851 E/ActivityManagerWrapper( 4043): getRecentTasksForceIncludingTaskIdIfValid: getRecentTasks: size=2
02-16 13:49:34.851 E/ActivityManagerWrapper( 4043):  mainTaskId=142   userId=0   windowMode=1   baseIntent=Intent { act=android.intent.action.MAIN flag=270532608 cmp=ComponentInfo{com.pr4y.app.dev/com.pr4y.app.MainActivity} }
02-16 13:49:34.851 E/ActivityManagerWrapper( 4043):  mainTaskId=140   userId=0   windowMode=1   baseIntent=Intent { act=android.intent.action.MAIN flag=270532608 cmp=ComponentInfo{com.android.settings/com.android.settings.MainSettings} }
02-16 13:49:35.022 E/MI-SF   ( 1606): surfaceflinger setAffinity success
02-16 13:49:35.022 E/MI-SF   ( 1606): surfaceflinger setAffinity success
02-16 13:49:35.028 E/MI-SF   ( 1606): surfaceflinger setAffinity success
02-16 13:49:35.140 E/libsensor-displayalgo( 2260): value of coefs 5,850.073000,4.965174,-2.685090,1.640057,-4.685160, line 101
02-16 13:49:35.323 E/MI-SF   ( 1606): surfaceflinger setAffinity success
02-16 13:49:35.323 E/MI-SF   ( 1606): surfaceflinger setAffinity success
02-16 13:49:35.329 E/MI-SF   ( 1606): surfaceflinger setAffinity success
02-16 13:49:35.441 E/libsensor-displayalgo( 2260): value of coefs 5,850.073000,4.965174,-2.685090,1.640057,-4.685160, line 101
02-16 13:49:35.625 E/MI-SF   ( 1606): surfaceflinger setAffinity success
02-16 13:49:35.625 E/MI-SF   ( 1606): surfaceflinger setAffinity success
02-16 13:49:35.630 E/MI-SF   ( 1606): surfaceflinger setAffinity success
02-16 13:49:35.740 E/libsensor-displayalgo( 2260): value of coefs 5,850.073000,4.965174,-2.685090,1.640057,-4.685160, line 101
02-16 13:49:35.755 E/ANDR-PERF-LM( 1460): VmRssMeter:: start() 358: Could not find pid, can not collect vmrss data
02-16 13:49:35.755 E/ANDR-PERF-LM( 1460): AdaptiveLaunch: writeToDataBase() 64: Meter aborted or could not get meter data for this run
02-16 13:49:35.756 E/ANDR-PERF-LM( 1460): VmRssMeter:: start() 358: Could not find pid, can not collect vmrss data
02-16 13:49:35.926 E/MI-SF   ( 1606): surfaceflinger setAffinity success
02-16 13:49:35.926 E/MI-SF   ( 1606): surfaceflinger setAffinity success
02-16 13:49:35.931 E/MI-SF   ( 1606): surfaceflinger setAffinity success
02-16 13:49:36.042 E/libsensor-displayalgo( 2260): value of coefs 5,850.073000,4.965174,-2.685090,1.640057,-4.685160, line 101
02-16 13:49:36.227 E/MI-SF   ( 1606): surfaceflinger setAffinity success
02-16 13:49:36.227 E/MI-SF   ( 1606): surfaceflinger setAffinity success
02-16 13:49:36.232 E/MI-SF   ( 1606): surfaceflinger setAffinity success
02-16 13:49:36.342 E/libsensor-displayalgo( 2260): value of coefs 5,850.073000,4.965174,-2.685090,1.640057,-4.685160, line 101
02-16 13:49:36.527 E/MI-SF   ( 1606): surfaceflinger setAffinity success
02-16 13:49:36.527 E/MI-SF   ( 1606): surfaceflinger setAffinity success
02-16 13:49:36.532 E/MI-SF   ( 1606): surfaceflinger setAffinity success
02-16 13:49:36.640 E/libsensor-displayalgo( 2260): value of coefs 5,850.073000,4.965174,-2.685090,1.640057,-4.685160, line 101
02-16 13:49:36.828 E/MI-SF   ( 1606): surfaceflinger setAffinity success
02-16 13:49:36.828 E/MI-SF   ( 1606): surfaceflinger setAffinity success
02-16 13:49:36.833 E/MI-SF   ( 1606): surfaceflinger setAffinity success
02-16 13:49:36.941 E/libsensor-displayalgo( 2260): value of coefs 5,850.073000,4.965174,-2.685090,1.640057,-4.685160, line 101
02-16 13:49:37.021 E/RTMode  ( 2645): pkgName: com.google.android.gms has no permission
02-16 13:49:37.122 E/WindowManager( 2645): setClientVisible ActivityRecord{2682f62 u0 com.google.android.gms/.auth.api.credentials.assistedsignin.ui.AssistedSignInActivity true
02-16 13:49:37.126 E/ANDR-PERF-LM( 1460): MetaMeter: handleAsync() 166: AdaptLaunch Invalid Async
02-16 13:49:37.128 E/MI-SF   ( 1606): surfaceflinger setAffinity success
02-16 13:49:37.128 E/MI-SF   ( 1606): surfaceflinger setAffinity success
02-16 13:49:37.132 E/ANDR-PERF-TP( 1460): placeTask() 379: Failed to offload task all threads are busy.
02-16 13:49:37.133 E/vendor.qti.hardware.perf-hal-service( 1460): Failed to Offload sendPerfCallbackOffload task
02-16 13:49:37.134 E/MI-SF   ( 1606): surfaceflinger setAffinity success
02-16 13:49:37.141 E/ANDR-PERF-LM( 1460): MetaMeter: handleAsync() 166: AdaptLaunch Invalid Async
02-16 13:49:37.142 E/WindowManager( 2645): setClientVisible ActivityRecord{2682f62 u0 com.google.android.gms/.auth.api.credentials.assistedsignin.ui.AssistedSignInActivity t142} true
02-16 13:49:37.144 E/WindowManager( 2645): setClientVisible ActivityRecord{2682f62 u0 com.google.android.gms/.auth.api.credentials.assistedsignin.ui.AssistedSignInActivity t142} true
02-16 13:49:37.158 E/HyperSentinel( 2645): -------------------------------------------------------
02-16 13:49:37.158 E/HyperSentinel( 2645): Event_OpenFileFDSize
02-16 13:49:37.158 E/HyperSentinel( 2645): -> audit event by proc 1606 "/system/bin/surfaceflinger": Fd increasement, peak, 905 -> 740
02-16 13:49:37.158 E/WifiClientModeImpl[6737054:wlan0]( 2645): Failed to get mlo info
02-16 13:49:37.206 E/NativeTurboSchedManagerJni(11412): open /dev/metis failed!
02-16 13:49:37.206 E/NativeTurboSchedManagerJni(11412): open /dev/metis failed!
02-16 13:49:37.219 E/NativeTurboSchedManagerJni(11412): open /dev/metis failed!
02-16 13:49:37.220 E/NativeTurboSchedManagerJni(11412): open /dev/metis failed!
02-16 13:49:37.223 E/WindowManager( 2645): setClientVisible ActivityRecord{2682f62 u0 com.google.android.gms/.auth.api.credentials.assistedsignin.ui.AssistedSignInActivity t142} true
02-16 13:49:37.233 E/NativeTurboSchedManagerJni(11412): open /dev/metis failed!
02-16 13:49:37.233 E/NativeTurboSchedManagerJni(11412): open /dev/metis failed!
02-16 13:49:37.236 E/KeyguardTransitionHandlerImpl( 4422): activityCount = 1
02-16 13:49:37.236 E/KeyguardTransitionHandlerImpl( 4422): activityCount = 1
02-16 13:49:37.240 E/libsensor-displayalgo( 2260): value of coefs 5,850.073000,4.965174,-2.685090,1.640057,-4.685160, line 101
02-16 13:49:37.246 E/MI-SF   ( 1606): surfaceflinger setAffinity success
02-16 13:49:37.246 E/MI-SF   ( 1606): surfaceflinger setAffinity success
02-16 13:49:37.252 E/NativeTurboSchedManagerJni( 2645): ioctl 8 failed!
02-16 13:49:37.253 E/ActivityManagerWrapper( 4043): get all recent tasks force including 142
02-16 13:49:37.256 E/ActivityManagerWrapper( 4043): getRecentTasksForceIncludingTaskIdIfValid: getRecentTasks: size=2
02-16 13:49:37.256 E/ActivityManagerWrapper( 4043):  mainTaskId=142   userId=0   windowMode=1   baseIntent=Intent { act=android.intent.action.MAIN flag=270532608 cmp=ComponentInfo{com.pr4y.app.dev/com.pr4y.app.MainActivity} }
02-16 13:49:37.256 E/ActivityManagerWrapper( 4043):  mainTaskId=140   userId=0   windowMode=1   baseIntent=Intent { act=android.intent.action.MAIN flag=270532608 cmp=ComponentInfo{com.android.settings/com.android.settings.MainSettings} }
02-16 13:49:37.340 E/KeymasterUtils(  866): rsp_header->status: -28
02-16 13:49:37.340 E/KeyMasterHalDevice(  866): abort_operation
02-16 13:49:37.340 E/KeyMasterHalDevice(  866): ret: -28
02-16 13:49:37.542 E/libsensor-displayalgo( 2260): value of coefs 5,850.073000,4.965174,-2.685090,1.640057,-4.685160, line 101
02-16 13:49:37.677 E/MI-SF   ( 1606): surfaceflinger setAffinity success
02-16 13:49:37.741 E/MI-SF   ( 1606): surfaceflinger setAffinity success
02-16 13:49:37.741 E/MI-SF   ( 1606): surfaceflinger setAffinity success
02-16 13:49:37.757 E/MI-SF   ( 1606): surfaceflinger setAffinity success
02-16 13:49:37.841 E/libsensor-displayalgo( 2260): value of coefs 5,850.073000,4.965174,-2.685090,1.640057,-4.685160, line 101
02-16 13:49:38.043 E/MI-SF   ( 1606): surfaceflinger setAffinity success
02-16 13:49:38.043 E/MI-SF   ( 1606): surfaceflinger setAffinity success
02-16 13:49:38.057 E/MI-SF   ( 1606): surfaceflinger setAffinity success
02-16 13:49:38.142 E/libsensor-displayalgo( 2260): value of coefs 5,850.073000,4.965174,-2.685090,1.640057,-4.685160, line 101
02-16 13:49:38.162 E/ANDR-PERF-LM( 1460): VmRssMeter:: start() 358: Could not find pid, can not collect vmrss data
02-16 13:49:38.166 E/MI-SF   ( 1606): surfaceflinger setAffinity success
02-16 13:49:38.166 E/MI-SF   ( 1606): surfaceflinger setAffinity success
02-16 13:49:38.167 E/ANDR-PERF-LM( 1460): VmRssMeter:: start() 358: Could not find pid, can not collect vmrss data
02-16 13:49:38.167 E/ANDR-PERF-LM( 1460): AdaptiveLaunch: writeToDataBase() 64: Meter aborted or could not get meter data for this run
02-16 13:49:38.181 E/MI-SF   ( 1606): surfaceflinger setAffinity success
02-16 13:49:38.344 E/MI-SF   ( 1606): surfaceflinger setAffinity success
02-16 13:49:38.344 E/MI-SF   ( 1606): surfaceflinger setAffinity success
02-16 13:49:38.357 E/MI-SF   ( 1606): surfaceflinger setAffinity success
02-16 13:49:38.442 E/libsensor-displayalgo( 2260): value of coefs 5,850.073000,4.965174,-2.685090,1.640057,-4.685160, line 101
02-16 13:49:38.560 E/MI-SF   ( 1606): surfaceflinger setAffinity success
02-16 13:49:38.560 E/MI-SF   ( 1606): surfaceflinger setAffinity success
02-16 13:49:38.575 E/MI-SF   ( 1606): surfaceflinger setAffinity success
02-16 13:49:38.609 E/MI-SF   ( 1606): surfaceflinger setAffinity success
02-16 13:49:38.609 E/MI-SF   ( 1606): surfaceflinger setAffinity success
02-16 13:49:38.613 E/KeyguardTransitionHandlerImpl( 4422): activityCount = 1
02-16 13:49:38.613 E/KeyguardTransitionHandlerImpl( 4422): activityCount = 1
02-16 13:49:38.618 W/PR4Y_APP( 1647): Tipo de credencial no soportado: com.google.android.libraries.identity.googleid.TYPE_GOOGLE_ID_TOKEN_CREDENTIAL
02-16 13:49:38.621 E/WindowManager( 2645): setClientVisible ActivityRecord{2682f62 u0 com.google.android.gms/.auth.api.credentials.assistedsignin.ui.AssistedSignInActivity t142 f}} false
02-16 13:49:38.625 E/MI-SF   ( 1606): surfaceflinger setAffinity success
02-16 13:49:38.643 E/vendor.qti.hardware.perf-hal-service( 1460): ExtendedPerfBoost: extended_perfboost_verification() 738: Ok, set boost params. hintid=4226 hinttype=1 prio=2, clientpid=2645 packagename=com.pr4y.app.dev params=boost:1 cpu0:1958400 cpu4:2400000 cpumask:ff
02-16 13:49:38.643 E/ANDR-PERF-TP( 1460): placeTask() 379: Failed to offload task all threads are busy.
02-16 13:49:38.643 E/vendor.qti.hardware.perf-hal-service( 1460): Failed to Offload sendPerfCallbackOffload task
02-16 13:49:38.652 E/MI-SF   ( 1606): surfaceflinger setAffinity success
02-16 13:49:38.652 E/MI-SF   ( 1606): surfaceflinger setAffinity success
02-16 13:49:38.658 E/MI-SF   ( 1606): surfaceflinger setAffinity success
02-16 13:49:38.660 E/KeyguardTransitionHandlerImpl( 4422): activityCount = 1
02-16 13:49:38.660 E/KeyguardTransitionHandlerImpl( 4422): activityCount = 1
02-16 13:49:38.664 E/WindowManager( 2645): setClientVisible ActivityRecord{9a5fc84 u0 com.google.android.gms/.identitycredentials.ui.CredentialChooserActivity t142 f}} false
02-16 13:49:38.683 E/BluetoothAdapterService( 5593): getActiveDevices: LeAudioService is null
02-16 13:49:38.740 E/libsensor-displayalgo( 2260): value of coefs 5,850.073000,4.965174,-2.685090,1.640057,-4.685160, line 101
02-16 13:49:38.753 E/NativeTurboSchedManagerJni( 2645): ioctl 8 failed!
02-16 13:49:38.755 E/ActivityManagerWrapper( 4043): get all recent tasks force including 142
02-16 13:49:38.757 E/ActivityManagerWrapper( 4043): getRecentTasksForceIncludingTaskIdIfValid: getRecentTasks: size=2
02-16 13:49:38.757 E/ActivityManagerWrapper( 4043):  mainTaskId=142   userId=0   windowMode=1   baseIntent=Intent { act=android.intent.action.MAIN flag=270532608 cmp=ComponentInfo{com.pr4y.app.dev/com.pr4y.app.MainActivity} }
02-16 13:49:38.757 E/ActivityManagerWrapper( 4043):  mainTaskId=140   userId=0   windowMode=1   baseIntent=Intent { act=android.intent.action.MAIN flag=270532608 cmp=ComponentInfo{com.android.settings/com.android.settings.MainSettings} }
02-16 13:49:39.041 E/libsensor-displayalgo( 2260): value of coefs 5,850.073000,4.965174,-2.685090,1.640057,-4.685160, line 101
