02-18 20:51:59.844 E/##XLogger##(32503): #&^UpKc4jpNdMclEowQinER6hJcwn9KEu1JO3e6PJyU44bsv+8DoFr61evL9JtuIQrpC4m7VRFgu5ug91uhZlKuvVSqxNqE9HZaPS2hzQq5T7hyxcLm4lF67prLDVkiOyKNF5PH100+XLi/Zeer1GE4zbG87djCnzVgutHPr36mvyI=!account!5wxrEYWg2eZ+ZshbI2tSBvJ9IGyIBEsZzGWqlng4qVTFb68WBrPURkUnOUT5xW4qsP9wQC+lUEieiwtuGbjpUw==^&#
02-18 20:51:59.851 E/##XLogger##(32503): #&^UpKc4jpNdMclEowQinER6hJcwn9KEu1JO3e6PJyU44bsv+8DoFr61evL9JtuIQrpC4m7VRFgu5ug91uhZlKuvVSqxNqE9HZaPS2hzQq5T7hyxcLm4lF67prLDVkiOyKNF5PH100+XLi/Zeer1GE4zbG87djCnzVgutHPr36mvyI=!account!KGum01fsHR7RwmKfE9XjzklRsxs7HouGmGePkoe3AdVP44LBtWJ9m6jB8/REyzcL^&#
02-18 20:51:59.864 E/##XLogger##(32503): #&^UpKc4jpNdMclEowQinER6hJcwn9KEu1JO3e6PJyU44bsv+8DoFr61evL9JtuIQrpC4m7VRFgu5ug91uhZlKuvVSqxNqE9HZaPS2hzQq5T7hyxcLm4lF67prLDVkiOyKNF5PH100+XLi/Zeer1GE4zbG87djCnzVgutHPr36mvyI=!account!KGum01fsHR7RwmKfE9XjzuNHM/i7pvyqLeOA1PXw/h3Hs3FkSXnt0PXwoRzRzvmK81KJml0V2yX/P5CEzTWD9WdoUFeOUXBOkw0hVZdCuYyjuUj0+dwvqRFxQTcC7wA/rX3GvQDlBcFyxwmMIhxqXsCzQ0S12ao8Wms2vD3Mlbd3D/qcuGcDhcHd+l797M2c^&#
02-18 20:51:59.901 E/QC-time-services(  871): Receive Passed == base = 13, unit = 1, operation = 2, result = 0
02-18 20:51:59.901 E/QC-time-services( 1209): Daemon: Time-services: Waiting to acceptconnection
02-18 20:51:59.903 E/Utils   (32558): updateDebugConfig: false,flavor=beta,buildType=release,openDebugLog=true
02-18 20:51:59.910 E/QC-time-services( 1209): Daemon: Time-services: Waiting to acceptconnection
02-18 20:51:59.925 E/AIRC_[FN]_F[Int]DP(32558): FocusNotifyManager init
02-18 20:51:59.940 E/Hmind   (32558): init
02-18 20:51:59.967 E/sensors-hal( 1370): handle_sns_client_event:57, har-sensor-hal: time=169212769449474 data 0.000000
02-18 20:51:59.979 E/KeymasterUtils(  870): rsp_header->status: -28
02-18 20:51:59.979 E/KeyMasterHalDevice(  870): abort_operation
02-18 20:51:59.979 E/KeyMasterHalDevice(  870): ret: -28
02-18 20:51:59.991 E/libsensor-displayalgo( 2261): value of coefs 5,850.073000,4.965174,-2.685090,1.640057,-4.685160, line 101
02-18 20:52:00.006 E/Zygote  (32612): process_name_ptr:32612 com.google.android.apps.docs
02-18 20:52:00.006 E/Zygote  (32612): SetMemoryProtected process_name_ptr:32612 com.google.android.apps.docs
02-18 20:52:00.025 E/AccountChangeReceiver(32558): onReceive hmind refresh token
02-18 20:52:00.029 E/KeymasterUtils(  870): rsp_header->status: -28
02-18 20:52:00.029 E/KeyMasterHalDevice(  870): abort_operation
02-18 20:52:00.029 E/KeyMasterHalDevice(  870): ret: -28
02-18 20:52:00.030 E/XiaomiAccountManager(32558): PassportLog@A2^6C[c2V0dXAgdHJ1ZQ==]
02-18 20:52:00.039 E/AnimationHelper( 4462): updateTime mToAod:false mHasNotification: true, mClockType: classic
02-18 20:52:00.039 E/StackScroller( 4462): updateSidePadding: viewWidth is zero
02-18 20:52:00.060 E/XiaomiAccountManager(32558): PassportLog@A2^6C[Y2FsbGVyIHNpZ25hdHVyZSA9IEFwcFNpZ25hdHVyZUhhc2h7c2hhMT0nN0I2REM3MDc5QzM0NzM5Q0U4MTE1OTcxOUZCNUVCNjFEMkEwMzIyNScsIG1kNT0nNzAxNDc4QTFFM0I0QjdFMzk3OEVBNjk0Njk0MTBGMTMnfQ==]
02-18 20:52:00.060 E/XiaomiAccountManager(32558): PassportLog@A2^6C[c3lzIGFjY291bnQgc2lnbmF0dXJlID0gQXBwU2lnbmF0dXJlSGFzaHtzaGExPSc3QjZEQzcwNzlDMzQ3MzlDRTgxMTU5NzE5RkI1RUI2MUQyQTAzMjI1JywgbWQ1PSc3MDE0NzhBMUUzQjRCN0UzOTc4RUE2OTQ2OTQxMEYxMyd9]
02-18 20:52:00.065 E/XiaomiAccountManager(32558): PassportLog@A2^6C[aGFzIHN5c3RlbSBhY2NvdW50IGFwcCBhbmQgY3VycmVudCBjb20ueGlhb21pLmFpY3IgaGFzIHNhbWUgc2lnbmF0dXJl]
02-18 20:52:00.070 E/MiJiaAccountManager(32558): init:mIsInitialized=false,CoreService.getAppContext=com.xiaomi.aicr.AiCrApplication@204bc41
02-18 20:52:00.100 E/LoginMiAccount(32558): SystemTokenUtils onReceiveAccountChange broadcast
02-18 20:52:00.252 E/DocsApplication(32612): from onCreate Completable for sending summary about blocked SyncRequests
02-18 20:52:00.252 E/DocsApplication(32612): java.lang.IllegalStateException
02-18 20:52:00.252 E/DocsApplication(32612): 	at hji.i(PG:64)
02-18 20:52:00.252 E/DocsApplication(32612): 	at gvz.lambda$onCreate$2(PG:272)
02-18 20:52:00.252 E/DocsApplication(32612): 	at gvz.$r8$lambda$M-tqsz8QJK2QrqieVTlg-c3Lhbo(PG:1)
02-18 20:52:00.252 E/DocsApplication(32612): 	at gmr$1.run(PG:197)
02-18 20:52:00.252 E/DocsApplication(32612): 	at aavk.d(PG:13)
02-18 20:52:00.252 E/DocsApplication(32612): 	at aasy.e(PG:3)
02-18 20:52:00.252 E/DocsApplication(32612): 	at aavs$a.run(PG:3)
02-18 20:52:00.252 E/DocsApplication(32612): 	at aati$a.run(PG:10)
02-18 20:52:00.252 E/DocsApplication(32612): 	at aazh.run(PG:14)
02-18 20:52:00.252 E/DocsApplication(32612): 	at aazh.call(PG:1)
02-18 20:52:00.252 E/DocsApplication(32612): 	at java.util.concurrent.FutureTask.run(FutureTask.java:317)
02-18 20:52:00.252 E/DocsApplication(32612): 	at java.util.concurrent.ScheduledThreadPoolExecutor$ScheduledFutureTask.run(ScheduledThreadPoolExecutor.java:348)
02-18 20:52:00.252 E/DocsApplication(32612): 	at java.util.concurrent.ThreadPoolExecutor.runWorker(ThreadPoolExecutor.java:1154)
02-18 20:52:00.252 E/DocsApplication(32612): 	at java.util.concurrent.ThreadPoolExecutor$Worker.run(ThreadPoolExecutor.java:652)
02-18 20:52:00.252 E/DocsApplication(32612): 	at java.lang.Thread.run(Thread.java:1563)
02-18 20:52:00.271 E/Zygote  (32671): process_name_ptr:32671 com.google.android.apps.maps
02-18 20:52:00.271 E/Zygote  (32671): SetMemoryProtected process_name_ptr:32671 com.google.android.apps.maps
02-18 20:52:00.291 E/libsensor-displayalgo( 2261): value of coefs 5,850.073000,4.965174,-2.685090,1.640057,-4.685160, line 101
02-18 20:52:00.402 E/lowmemorykiller(  601): process_mrelease 26774 failed: No such process
02-18 20:52:00.595 E/libsensor-displayalgo( 2261): value of coefs 5,850.073000,4.965174,-2.685090,1.640057,-4.685160, line 101
02-18 20:52:00.720 E/WifiClientModeImpl[19599:wlan0]( 2702): Failed to get mlo info
02-18 20:52:00.737 E/Zygote  (32725): process_name_ptr:32725 com.google.android.apps.photos
02-18 20:52:00.738 E/Zygote  (32725): SetMemoryProtected process_name_ptr:32725 com.google.android.apps.photos
02-18 20:52:00.774 E/GoogleApiManager(32612): Failed to get service from broker. 
02-18 20:52:00.774 E/GoogleApiManager(32612): java.lang.SecurityException: Unknown calling package name 'com.google.android.gms'.
02-18 20:52:00.774 E/GoogleApiManager(32612): 	at android.os.Parcel.createExceptionOrNull(Parcel.java:3256)
02-18 20:52:00.774 E/GoogleApiManager(32612): 	at android.os.Parcel.createException(Parcel.java:3240)
02-18 20:52:00.774 E/GoogleApiManager(32612): 	at android.os.Parcel.readException(Parcel.java:3223)
02-18 20:52:00.774 E/GoogleApiManager(32612): 	at android.os.Parcel.readException(Parcel.java:3165)
02-18 20:52:00.774 E/GoogleApiManager(32612): 	at beoy.a(:com.google.android.gms@260438035@26.04.38 (260400-867839860):36)
02-18 20:52:00.774 E/GoogleApiManager(32612): 	at bemz.z(:com.google.android.gms@260438035@26.04.38 (260400-867839860):143)
02-18 20:52:00.774 E/GoogleApiManager(32612): 	at bdtf.run(:com.google.android.gms@260438035@26.04.38 (260400-867839860):42)
02-18 20:52:00.774 E/GoogleApiManager(32612): 	at android.os.Handler.handleCallback(Handler.java:959)
02-18 20:52:00.774 E/GoogleApiManager(32612): 	at android.os.Handler.dispatchMessage(Handler.java:100)
02-18 20:52:00.774 E/GoogleApiManager(32612): 	at csuf.mz(:com.google.android.gms@260438035@26.04.38 (260400-867839860):1)
02-18 20:52:00.774 E/GoogleApiManager(32612): 	at csuf.dispatchMessage(:com.google.android.gms@260438035@26.04.38 (260400-867839860):5)
02-18 20:52:00.774 E/GoogleApiManager(32612): 	at android.os.Looper.loopOnce(Looper.java:249)
02-18 20:52:00.774 E/GoogleApiManager(32612): 	at android.os.Looper.loop(Looper.java:337)
02-18 20:52:00.774 E/GoogleApiManager(32612): 	at android.os.HandlerThread.run(HandlerThread.java:85)
02-18 20:52:00.891 E/lowmemorykiller(  601): process_mrelease 31106 failed: No such process
02-18 20:52:00.892 E/libsensor-displayalgo( 2261): value of coefs 5,850.073000,4.965174,-2.685090,1.640057,-4.685160, line 101
02-18 20:52:00.969 E/sensors-hal( 1370): handle_sns_client_event:57, har-sensor-hal: time=169213770907547 data 1.000000
02-18 20:52:01.021 E/MiJiaRouter(29013): not found class com.xiaomi.smarthome.generated.ServiceInit_7q1p9l
02-18 20:52:01.021 E/MiJiaRouter(29013): java.lang.ClassNotFoundException: com.xiaomi.smarthome.generated.ServiceInit_7q1p9l
02-18 20:52:01.021 E/MiJiaRouter(29013): 	at java.lang.Class.classForName(Native Method)
02-18 20:52:01.021 E/MiJiaRouter(29013): 	at java.lang.Class.forName(Class.java:591)
02-18 20:52:01.021 E/MiJiaRouter(29013): 	at java.lang.Class.forName(Class.java:496)
02-18 20:52:01.021 E/MiJiaRouter(29013): 	at _m_j.vv7.OooO00o(SourceFile:14)
02-18 20:52:01.021 E/MiJiaRouter(29013): 	at _m_j.vv7.OooO0O0(SourceFile:21)
02-18 20:52:01.021 E/MiJiaRouter(29013): 	at _m_j.rk6.OooOoOO(SourceFile:6)
02-18 20:52:01.021 E/MiJiaRouter(29013): 	at _m_j.w67.run(SourceFile:603)
02-18 20:52:01.021 E/MiJiaRouter(29013): 	at android.os.Handler.handleCallback(Handler.java:959)
02-18 20:52:01.021 E/MiJiaRouter(29013): 	at android.os.Handler.dispatchMessage(Handler.java:100)
02-18 20:52:01.021 E/MiJiaRouter(29013): 	at android.os.Looper.loopOnce(Looper.java:249)
02-18 20:52:01.021 E/MiJiaRouter(29013): 	at android.os.Looper.loop(Looper.java:337)
02-18 20:52:01.021 E/MiJiaRouter(29013): 	at android.app.ActivityThread.main(ActivityThread.java:9608)
02-18 20:52:01.021 E/MiJiaRouter(29013): 	at java.lang.reflect.Method.invoke(Native Method)
02-18 20:52:01.021 E/MiJiaRouter(29013): 	at com.android.internal.os.RuntimeInit$MethodAndArgsCaller.run(RuntimeInit.java:615)
02-18 20:52:01.021 E/MiJiaRouter(29013): 	at com.android.internal.os.ZygoteInit.main(ZygoteInit.java:936)
02-18 20:52:01.021 E/MiJiaRouter(29013): Caused by: java.lang.ClassNotFoundException: com.xiaomi.smarthome.generated.ServiceInit_7q1p9l
02-18 20:52:01.021 E/MiJiaRouter(29013): 	... 15 more
02-18 20:52:01.022 E/MiJiaRouter(29013): not found class com.xiaomi.smarthome.generated.ServiceInit_limf6f
02-18 20:52:01.022 E/MiJiaRouter(29013): java.lang.ClassNotFoundException: com.xiaomi.smarthome.generated.ServiceInit_limf6f
02-18 20:52:01.022 E/MiJiaRouter(29013): 	at java.lang.Class.classForName(Native Method)
02-18 20:52:01.022 E/MiJiaRouter(29013): 	at java.lang.Class.forName(Class.java:591)
02-18 20:52:01.022 E/MiJiaRouter(29013): 	at java.lang.Class.forName(Class.java:496)
02-18 20:52:01.022 E/MiJiaRouter(29013): 	at _m_j.vv7.OooO00o(SourceFile:14)
02-18 20:52:01.022 E/MiJiaRouter(29013): 	at _m_j.vv7.OooO0O0(SourceFile:21)
02-18 20:52:01.022 E/MiJiaRouter(29013): 	at _m_j.rk6.OooOoo(SourceFile:6)
02-18 20:52:01.022 E/MiJiaRouter(29013): 	at _m_j.w67.run(SourceFile:606)
02-18 20:52:01.022 E/MiJiaRouter(29013): 	at android.os.Handler.handleCallback(Handler.java:959)
02-18 20:52:01.022 E/MiJiaRouter(29013): 	at android.os.Handler.dispatchMessage(Handler.java:100)
02-18 20:52:01.022 E/MiJiaRouter(29013): 	at android.os.Looper.loopOnce(Looper.java:249)
02-18 20:52:01.022 E/MiJiaRouter(29013): 	at android.os.Looper.loop(Looper.java:337)
02-18 20:52:01.022 E/MiJiaRouter(29013): 	at android.app.ActivityThread.main(ActivityThread.java:9608)
02-18 20:52:01.022 E/MiJiaRouter(29013): 	at java.lang.reflect.Method.invoke(Native Method)
02-18 20:52:01.022 E/MiJiaRouter(29013): 	at com.android.internal.os.RuntimeInit$MethodAndArgsCaller.run(RuntimeInit.java:615)
02-18 20:52:01.022 E/MiJiaRouter(29013): 	at com.android.internal.os.ZygoteInit.main(ZygoteInit.java:936)
02-18 20:52:01.022 E/MiJiaRouter(29013): Caused by: java.lang.ClassNotFoundException: com.xiaomi.smarthome.generated.ServiceInit_limf6f
02-18 20:52:01.022 E/MiJiaRouter(29013): 	... 15 more
02-18 20:52:01.032 E/MiJiaRouter(29013): not found class com.xiaomi.smarthome.generated.ServiceInit_7q1p9l
02-18 20:52:01.032 E/MiJiaRouter(29013): java.lang.ClassNotFoundException: com.xiaomi.smarthome.generated.ServiceInit_7q1p9l
02-18 20:52:01.032 E/MiJiaRouter(29013): 	at java.lang.Class.classForName(Native Method)
02-18 20:52:01.032 E/MiJiaRouter(29013): 	at java.lang.Class.forName(Class.java:591)
02-18 20:52:01.032 E/MiJiaRouter(29013): 	at java.lang.Class.forName(Class.java:496)
02-18 20:52:01.032 E/MiJiaRouter(29013): 	at _m_j.vv7.OooO00o(SourceFile:14)
02-18 20:52:01.032 E/MiJiaRouter(29013): 	at _m_j.vv7.OooO0O0(SourceFile:21)
02-18 20:52:01.032 E/MiJiaRouter(29013): 	at _m_j.rk6.OooOoOO(SourceFile:6)
02-18 20:52:01.032 E/MiJiaRouter(29013): 	at _m_j.hu9.OooO0O0(SourceFile:10)
02-18 20:52:01.032 E/MiJiaRouter(29013): 	at _m_j.sm7.OooO0O0(SourceFile:675)
02-18 20:52:01.032 E/MiJiaRouter(29013): 	at _m_j.sm7.handleMessage(SourceFile:640)
02-18 20:52:01.032 E/MiJiaRouter(29013): 	at android.os.Handler.dispatchMessage(Handler.java:107)
02-18 20:52:01.032 E/MiJiaRouter(29013): 	at android.os.Looper.loopOnce(Looper.java:249)
02-18 20:52:01.032 E/MiJiaRouter(29013): 	at android.os.Looper.loop(Looper.java:337)
02-18 20:52:01.032 E/MiJiaRouter(29013): 	at android.app.ActivityThread.main(ActivityThread.java:9608)
02-18 20:52:01.032 E/MiJiaRouter(29013): 	at java.lang.reflect.Method.invoke(Native Method)
02-18 20:52:01.032 E/MiJiaRouter(29013): 	at com.android.internal.os.RuntimeInit$MethodAndArgsCaller.run(RuntimeInit.java:615)
02-18 20:52:01.032 E/MiJiaRouter(29013): 	at com.android.internal.os.ZygoteInit.main(ZygoteInit.java:936)
02-18 20:52:01.032 E/MiJiaRouter(29013): Caused by: java.lang.ClassNotFoundException: com.xiaomi.smarthome.generated.ServiceInit_7q1p9l
02-18 20:52:01.032 E/MiJiaRouter(29013): 	... 16 more
02-18 20:52:01.035 E/MiJiaRouter(29013): not found class com.xiaomi.smarthome.generated.ServiceInit_limf6f
02-18 20:52:01.035 E/MiJiaRouter(29013): java.lang.ClassNotFoundException: com.xiaomi.smarthome.generated.ServiceInit_limf6f
02-18 20:52:01.035 E/MiJiaRouter(29013): 	at java.lang.Class.classForName(Native Method)
02-18 20:52:01.035 E/MiJiaRouter(29013): 	at java.lang.Class.forName(Class.java:591)
02-18 20:52:01.035 E/MiJiaRouter(29013): 	at java.lang.Class.forName(Class.java:496)
02-18 20:52:01.035 E/MiJiaRouter(29013): 	at _m_j.vv7.OooO00o(SourceFile:14)
02-18 20:52:01.035 E/MiJiaRouter(29013): 	at _m_j.vv7.OooO0O0(SourceFile:21)
02-18 20:52:01.035 E/MiJiaRouter(29013): 	at _m_j.rk6.OooOoo(SourceFile:6)
02-18 20:52:01.035 E/MiJiaRouter(29013): 	at com.xiaomi.smarthome.framework.push.PushReceiver.onReceiveRegisterResult(SourceFile:10)
02-18 20:52:01.035 E/MiJiaRouter(29013): 	at com.xiaomi.mipush.sdk.MessageHandleService.a(SourceFile:21)
02-18 20:52:01.035 E/MiJiaRouter(29013): 	at com.xiaomi.mipush.sdk.MessageHandleService.c(SourceFile:9)
02-18 20:52:01.035 E/MiJiaRouter(29013): 	at com.xiaomi.mipush.sdk.MessageHandleService.a(SourceFile:1)
02-18 20:52:01.035 E/MiJiaRouter(29013): 	at com.xiaomi.mipush.sdk.MessageHandleService$2.run(SourceFile:3)
02-18 20:52:01.035 E/MiJiaRouter(29013): 	at java.util.concurrent.ThreadPoolExecutor.runWorker(ThreadPoolExecutor.java:1154)
02-18 20:52:01.035 E/MiJiaRouter(29013): 	at java.util.concurrent.ThreadPoolExecutor$Worker.run(ThreadPoolExecutor.java:652)
02-18 20:52:01.035 E/MiJiaRouter(29013): 	at java.lang.Thread.run(Thread.java:1563)
02-18 20:52:01.035 E/MiJiaRouter(29013): Caused by: java.lang.ClassNotFoundException: com.xiaomi.smarthome.generated.ServiceInit_limf6f
02-18 20:52:01.035 E/MiJiaRouter(29013): 	... 14 more
02-18 20:52:01.038 E/MiJiaRouter(29013): not found class com.xiaomi.smarthome.generated.ServiceInit_limf6f
02-18 20:52:01.038 E/MiJiaRouter(29013): java.lang.ClassNotFoundException: com.xiaomi.smarthome.generated.ServiceInit_limf6f
02-18 20:52:01.038 E/MiJiaRouter(29013): 	at java.lang.Class.classForName(Native Method)
02-18 20:52:01.038 E/MiJiaRouter(29013): 	at java.lang.Class.forName(Class.java:591)
02-18 20:52:01.038 E/MiJiaRouter(29013): 	at java.lang.Class.forName(Class.java:496)
02-18 20:52:01.038 E/MiJiaRouter(29013): 	at _m_j.vv7.OooO00o(SourceFile:14)
02-18 20:52:01.038 E/MiJiaRouter(29013): 	at _m_j.vv7.OooO0O0(SourceFile:21)
02-18 20:52:01.038 E/MiJiaRouter(29013): 	at _m_j.rk6.OooOoo(SourceFile:6)
02-18 20:52:01.038 E/MiJiaRouter(29013): 	at _m_j.hu9.OooO0O0(SourceFile:13)
02-18 20:52:01.038 E/MiJiaRouter(29013): 	at _m_j.sm7.OooO0O0(SourceFile:675)
02-18 20:52:01.038 E/MiJiaRouter(29013): 	at _m_j.sm7.handleMessage(SourceFile:640)
02-18 20:52:01.038 E/MiJiaRouter(29013): 	at android.os.Handler.dispatchMessage(Handler.java:107)
02-18 20:52:01.038 E/MiJiaRouter(29013): 	at android.os.Looper.loopOnce(Looper.java:249)
02-18 20:52:01.038 E/MiJiaRouter(29013): 	at android.os.Looper.loop(Looper.java:337)
02-18 20:52:01.038 E/MiJiaRouter(29013): 	at android.app.ActivityThread.main(ActivityThread.java:9608)
02-18 20:52:01.038 E/MiJiaRouter(29013): 	at java.lang.reflect.Method.invoke(Native Method)
02-18 20:52:01.038 E/MiJiaRouter(29013): 	at com.android.internal.os.RuntimeInit$MethodAndArgsCaller.run(RuntimeInit.java:615)
02-18 20:52:01.038 E/MiJiaRouter(29013): 	at com.android.internal.os.ZygoteInit.main(ZygoteInit.java:936)
02-18 20:52:01.038 E/MiJiaRouter(29013): Caused by: java.lang.ClassNotFoundException: com.xiaomi.smarthome.generated.ServiceInit_limf6f
02-18 20:52:01.038 E/MiJiaRouter(29013): 	... 16 more
02-18 20:52:01.147 E/SmartHomeApi(29013): https://us.api.io.mi.com/app/mipush/reg
02-18 20:52:01.151 E/MiJiaRouter(29013): not found class com.xiaomi.smarthome.generated.ServiceInit_7q1p9l
02-18 20:52:01.151 E/MiJiaRouter(29013): java.lang.ClassNotFoundException: com.xiaomi.smarthome.generated.ServiceInit_7q1p9l
02-18 20:52:01.151 E/MiJiaRouter(29013): 	at java.lang.Class.classForName(Native Method)
02-18 20:52:01.151 E/MiJiaRouter(29013): 	at java.lang.Class.forName(Class.java:591)
02-18 20:52:01.151 E/MiJiaRouter(29013): 	at java.lang.Class.forName(Class.java:496)
02-18 20:52:01.151 E/MiJiaRouter(29013): 	at _m_j.vv7.OooO00o(SourceFile:14)
02-18 20:52:01.151 E/MiJiaRouter(29013): 	at _m_j.vv7.OooO0O0(SourceFile:21)
02-18 20:52:01.151 E/MiJiaRouter(29013): 	at _m_j.rk6.OooOoOO(SourceFile:6)
02-18 20:52:01.151 E/MiJiaRouter(29013): 	at _m_j.hu9.OooO0O0(SourceFile:10)
02-18 20:52:01.151 E/MiJiaRouter(29013): 	at _m_j.ki9.onFailure(SourceFile:766)
02-18 20:52:01.151 E/MiJiaRouter(29013): 	at _m_j.o0OO0o.handleMessage(SourceFile:332)
02-18 20:52:01.151 E/MiJiaRouter(29013): 	at android.os.Handler.dispatchMessage(Handler.java:107)
02-18 20:52:01.151 E/MiJiaRouter(29013): 	at android.os.Looper.loopOnce(Looper.java:249)
02-18 20:52:01.151 E/MiJiaRouter(29013): 	at android.os.Looper.loop(Looper.java:337)
02-18 20:52:01.151 E/MiJiaRouter(29013): 	at android.app.ActivityThread.main(ActivityThread.java:9608)
02-18 20:52:01.151 E/MiJiaRouter(29013): 	at java.lang.reflect.Method.invoke(Native Method)
02-18 20:52:01.151 E/MiJiaRouter(29013): 	at com.android.internal.os.RuntimeInit$MethodAndArgsCaller.run(RuntimeInit.java:615)
02-18 20:52:01.151 E/MiJiaRouter(29013): 	at com.android.internal.os.ZygoteInit.main(ZygoteInit.java:936)
02-18 20:52:01.151 E/MiJiaRouter(29013): Caused by: java.lang.ClassNotFoundException: com.xiaomi.smarthome.generated.ServiceInit_7q1p9l
02-18 20:52:01.151 E/MiJiaRouter(29013): 	... 16 more
02-18 20:52:01.152 E/MiJiaRouter(29013): not found class com.xiaomi.smarthome.generated.ServiceInit_limf6f
02-18 20:52:01.152 E/MiJiaRouter(29013): java.lang.ClassNotFoundException: com.xiaomi.smarthome.generated.ServiceInit_limf6f
02-18 20:52:01.152 E/MiJiaRouter(29013): 	at java.lang.Class.classForName(Native Method)
02-18 20:52:01.152 E/MiJiaRouter(29013): 	at java.lang.Class.forName(Class.java:591)
02-18 20:52:01.152 E/MiJiaRouter(29013): 	at java.lang.Class.forName(Class.java:496)
02-18 20:52:01.152 E/MiJiaRouter(29013): 	at _m_j.vv7.OooO00o(SourceFile:14)
02-18 20:52:01.152 E/MiJiaRouter(29013): 	at _m_j.vv7.OooO0O0(SourceFile:21)
02-18 20:52:01.152 E/MiJiaRouter(29013): 	at _m_j.rk6.OooOoo(SourceFile:6)
02-18 20:52:01.152 E/MiJiaRouter(29013): 	at _m_j.hu9.OooO0O0(SourceFile:13)
02-18 20:52:01.152 E/MiJiaRouter(29013): 	at _m_j.ki9.onFailure(SourceFile:766)
02-18 20:52:01.152 E/MiJiaRouter(29013): 	at _m_j.o0OO0o.handleMessage(SourceFile:332)
02-18 20:52:01.152 E/MiJiaRouter(29013): 	at android.os.Handler.dispatchMessage(Handler.java:107)
02-18 20:52:01.152 E/MiJiaRouter(29013): 	at android.os.Looper.loopOnce(Looper.java:249)
02-18 20:52:01.152 E/MiJiaRouter(29013): 	at android.os.Looper.loop(Looper.java:337)
02-18 20:52:01.152 E/MiJiaRouter(29013): 	at android.app.ActivityThread.main(ActivityThread.java:9608)
02-18 20:52:01.152 E/MiJiaRouter(29013): 	at java.lang.reflect.Method.invoke(Native Method)
02-18 20:52:01.152 E/MiJiaRouter(29013): 	at com.android.internal.os.RuntimeInit$MethodAndArgsCaller.run(RuntimeInit.java:615)
02-18 20:52:01.152 E/MiJiaRouter(29013): 	at com.android.internal.os.ZygoteInit.main(ZygoteInit.java:936)
02-18 20:52:01.152 E/MiJiaRouter(29013): Caused by: java.lang.ClassNotFoundException: com.xiaomi.smarthome.generated.ServiceInit_limf6f
02-18 20:52:01.152 E/MiJiaRouter(29013): 	... 16 more
02-18 20:52:01.152 E/Zygote  (  338): process_name_ptr:338 com.google.android.apps.restore
02-18 20:52:01.152 E/Zygote  (  338): SetMemoryProtected process_name_ptr:338 com.google.android.apps.restore
02-18 20:52:01.192 E/libsensor-displayalgo( 2261): value of coefs 5,850.073000,4.965174,-2.685090,1.640057,-4.685160, line 101
02-18 20:52:01.200 E/ActivityThread(32158): Failed to find provider info for com.alibaba.aliexpresshd:com.aidc.immortal.ToolProvider
02-18 20:52:01.218 E/system_server( 2702): No package ID 7f found for resource ID 0x7f08045f.
02-18 20:52:01.218 E/system_server( 2702): No package ID 7f found for resource ID 0x7f140b0c.
02-18 20:52:01.218 E/system_server( 2702): No package ID 7f found for resource ID 0x7f140b0c.
02-18 20:52:01.218 E/system_server( 2702): No package ID 7f found for resource ID 0x7f08045b.
02-18 20:52:01.218 E/system_server( 2702): No package ID 7f found for resource ID 0x7f140b0a.
02-18 20:52:01.218 E/system_server( 2702): No package ID 7f found for resource ID 0x7f140b0a.
02-18 20:52:01.218 E/system_server( 2702): No package ID 7f found for resource ID 0x7f08045d.
02-18 20:52:01.218 E/system_server( 2702): No package ID 7f found for resource ID 0x7f140b0b.
02-18 20:52:01.218 E/system_server( 2702): No package ID 7f found for resource ID 0x7f140b0b.
02-18 20:52:01.218 E/ShortcutService( 2702): Ignoring excessive intent tag.
02-18 20:52:01.237 E/SmsApplication( 4437): com.google.android.apps.messaging lost android:read_cell_broadcasts:  (fixing)
02-18 20:52:01.240 E/Zygote  (  368): process_name_ptr:368 com.alibaba.aliexpresshd:tool
02-18 20:52:01.240 E/Zygote  (  368): SetMemoryProtected process_name_ptr:368 com.alibaba.aliexpresshd:tool
02-18 20:52:01.267 E/RegisteredServicesCache( 7196): Skipping application component ComponentInfo{com.cl.srcei.iddigital/com.idemia.android.iso18013.engagement.nfc.HceTagService}: it must request the permission android.permission.NFC
02-18 20:52:01.285 E/SmartHomeApi(29013): https://us.api.io.mi.com/app/mipush/reg
02-18 20:52:01.339 E/HyperSentinel( 2702): -------------------------------------------------------
02-18 20:52:01.339 E/HyperSentinel( 2702): Event_ThreadAmount
02-18 20:52:01.339 E/HyperSentinel( 2702): -> audit event by proc 31095 "com.google.android.packageinstaller": running threads amount, 0 -> 16
02-18 20:52:01.354 E/Zygote  (  409): process_name_ptr:409 com.google.android.projection.gearhead:car
02-18 20:52:01.355 E/Zygote  (  409): SetMemoryProtected process_name_ptr:409 com.google.android.projection.gearhead:car
02-18 20:52:01.401 E/JobScheduler.Background( 2702): Couldn't determine stopped state for unknown package: com.google.android.apps.turbo
02-18 20:52:01.401 E/JobScheduler.Background( 2702): Couldn't determine stopped state for unknown package: com.google.android.apps.turbo
02-18 20:52:01.402 E/JobScheduler.Background( 2702): Couldn't determine stopped state for unknown package: com.google.android.apps.turbo
02-18 20:52:01.402 E/JobScheduler.Background( 2702): Couldn't determine stopped state for unknown package: com.aura.oobe.deutsche
02-18 20:52:01.484 E/lowmemorykiller(  601): process_mrelease 30451 failed: No such process
02-18 20:52:01.496 E/HyperSentinel( 2702): -------------------------------------------------------
02-18 20:52:01.496 E/HyperSentinel( 2702): Event_ThreadAmount
02-18 20:52:01.496 E/HyperSentinel( 2702): -> audit event by proc 30451 "com.miui.vsimcore": running threads amount, 0 -> 16
02-18 20:52:01.578 E/Zygote  (  477): process_name_ptr:477 com.google.android.apps.subscriptions.red
02-18 20:52:01.578 E/Zygote  (  477): SetMemoryProtected process_name_ptr:477 com.google.android.apps.subscriptions.red
02-18 20:52:01.592 E/libsensor-displayalgo( 2261): value of coefs 5,850.073000,4.965174,-2.685090,1.640057,-4.685160, line 101
02-18 20:52:01.693 E/##XLogger##(32399): f5.a::h@SourceFile:2, thread:37313--url is https://keyapi.micloud.xiaomi.net/mic/keychain/v1/status, respone = {"result":"ok","retriable":false,"code":0,"data":{"appId":"micloud","status":false},"description":"µêÉσèƒ","ts":1771458721608}
02-18 20:52:01.773 E/lowmemorykiller(  601): process_mrelease 29013 failed: No such process
02-18 20:52:01.785 E/HyperSentinel( 2702): -------------------------------------------------------
02-18 20:52:01.785 E/HyperSentinel( 2702): Event_ThreadAmount
02-18 20:52:01.785 E/HyperSentinel( 2702): -> audit event by proc 32399 "com.miui.cloudservice": running threads amount, 0 -> 44
02-18 20:52:01.800 E/libprocessgroup( 2702): Failed to open /sys/fs/cgroup/uid_10276/pid_29013/cgroup.procs: No such file or directory
02-18 20:52:01.892 E/libsensor-displayalgo( 2261): value of coefs 5,850.073000,4.965174,-2.685090,1.640057,-4.685160, line 101
02-18 20:52:01.970 E/sensors-hal( 1370): handle_sns_client_event:57, har-sensor-hal: time=169214772487079 data 0.000000
02-18 20:52:02.192 E/libsensor-displayalgo( 2261): value of coefs 5,850.073000,4.965174,-2.685090,1.640057,-4.685160, line 101
02-18 20:52:02.331 E/Zygote  (  577): process_name_ptr:577 com.google.android.apps.tachyon
02-18 20:52:02.331 E/Zygote  (  577): SetMemoryProtected process_name_ptr:577 com.google.android.apps.tachyon
02-18 20:52:02.451 E/lowmemorykiller(  601): process_mrelease 28139 failed: No such process
02-18 20:52:02.492 E/libsensor-displayalgo( 2261): value of coefs 5,850.073000,4.965174,-2.685090,1.640057,-4.685160, line 101
02-18 20:52:02.512 E/libprocessgroup( 2702): Failed to open /sys/fs/cgroup/uid_10297/pid_28139/cgroup.procs: No such file or directory
02-18 20:52:02.709 E/lowmemorykiller(  601): process_mrelease 29361 failed: No such process
02-18 20:52:02.793 E/libsensor-displayalgo( 2261): value of coefs 5,850.073000,4.965174,-2.685090,1.640057,-4.685160, line 101
02-18 20:52:02.865 E/##XLogger##(32503): #&^UpKc4jpNdMclEowQinER6hJcwn9KEu1JO3e6PJyU44bsv+8DoFr61evL9JtuIQrpC4m7VRFgu5ug91uhZlKuvVSqxNqE9HZaPS2hzQq5T7hyxcLm4lF67prLDVkiOyKNF5PH100+XLi/Zeer1GE4zbG87djCnzVgutHPr36mvyI=!account!G8kYXk4SATACw+fKrfkQ91UtMEwdw8pZt2oDcD/Ng8hgJxePJrWmnmgFRc4luo8u523BNsVsLoUQjjXOBN42jZC6Zt6xG8tJ3UbfYH4ERRTB5H297NmmrH1gxGcN49k32wiq/Fz2/mDQBumpLoetsw==^&#
02-18 20:52:02.872 E/##XLogger##(32503): #&^UpKc4jpNdMclEowQinER6hJcwn9KEu1JO3e6PJyU44bsv+8DoFr61evL9JtuIQrpC4m7VRFgu5ug91uhZlKuvVSqxNqE9HZaPS2hzQq5T7hyxcLm4lF67prLDVkiOyKNF5PH100+XLi/Zeer1GE4zbG87djCnzVgutHPr36mvyI=!account!xAEV59nOBLG2T200ZEU4SBfTqqJ0KRoudM9jQDRkMxqfC8qrrJy0zjR/UjrReaWz^&#
02-18 20:52:02.882 E/##XLogger##(32503): #&^UpKc4jpNdMclEowQinER6hJcwn9KEu1JO3e6PJyU44bsv+8DoFr61evL9JtuIQrpC4m7VRFgu5ug91uhZlKuvVSqxNqE9HZaPS2hzQq5T7hyxcLm4lF67prLDVkiOyKNF5PH100+XLi/Zeer1GE4zbG87djCnzVgutHPr36mvyI=!account!OZJ7yx/dSfyZQL52UQG1LL0jjN0Pypjl/Nh/NpGm6w2Dlk93F1+/FAGrCV6MqDmUrxa3FKuA9Ve2n+5rGF0sYz1/pLl08rCwIUWokUAWm96DWhqyTeFKk6hY+akIGa+SEpppb/8z5zv1tXcJSWB7t40ogWJYkKsnirlEafJUTTw=^&#
02-18 20:52:02.884 E/##XLogger##(32503): #&^UpKc4jpNdMclEowQinER6hJcwn9KEu1JO3e6PJyU44bsv+8DoFr61evL9JtuIQrpC4m7VRFgu5ug91uhZlKuvVSqxNqE9HZaPS2hzQq5T7hyxcLm4lF67prLDVkiOyKNF5PH100+XLi/Zeer1GE4zbG87djCnzVgutHPr36mvyI=!account!OZJ7yx/dSfyZQL52UQG1LP4aSrGO1vLYGi7SsNe8JRNjxFY6MrWoEe1Wms8ZqCV/uFYV88DRiFe+ws15eSBFbQ7JxWTZPbMBBSY0WdH+B/o=^&#
02-18 20:52:02.885 E/##XLogger##(32503): #&^UpKc4jpNdMclEowQinER6hJcwn9KEu1JO3e6PJyU44bsv+8DoFr61evL9JtuIQrpC4m7VRFgu5ug91uhZlKuvVSqxNqE9HZaPS2hzQq5T7hyxcLm4lF67prLDVkiOyKNF5PH100+XLi/Zeer1GE4zbG87djCnzVgutHPr36mvyI=!account!OZJ7yx/dSfyZQL52UQG1LGiqcEbxC/DNORZj9Myh0JI6QWhTCvCnmV64gfkxqVyFseQPm5DHTpKOvy7pHyJpG6MeU4EGMPdf0kIspfM/cbsAuvbquGf9axBMwfhMCe6zWTi1D4MkWD+lbr64J/sjbDop//p2PusYS8iJClDpI6oHehyo3nhtylBVUeWcvc+Z^&#
02-18 20:52:02.887 E/##XLogger##(32503): #&^UpKc4jpNdMclEowQinER6hJcwn9KEu1JO3e6PJyU44bsv+8DoFr61evL9JtuIQrpC4m7VRFgu5ug91uhZlKuvVSqxNqE9HZaPS2hzQq5T7hyxcLm4lF67prLDVkiOyKNF5PH100+XLi/Zeer1GE4zbG87djCnzVgutHPr36mvyI=!account!G8kYXk4SATACw+fKrfkQ92qHkxEytckNKGSlQ0aiqNzjwQOicel43p8xeBFHvuhbvFgJdtFBAt5yvAjiGSV9zQPiUHNkWgJbQ9qMkiwLUMvC57RcqWU1jrkjF4mPcmdsDupcsjq/1pHG5K4YLj+1Pg==^&#
02-18 20:52:02.971 E/sensors-hal( 1370): handle_sns_client_event:57, har-sensor-hal: time=169215773629735 data 1.000000
02-18 20:52:03.092 E/libsensor-displayalgo( 2261): value of coefs 5,850.073000,4.965174,-2.685090,1.640057,-4.685160, line 101
02-18 20:52:03.377 E/HyperSentinel( 2702): -------------------------------------------------------
02-18 20:52:03.377 E/HyperSentinel( 2702): Event_ThreadAmount
02-18 20:52:03.377 E/HyperSentinel( 2702): -> audit event by proc 32671 "com.google.android.apps.maps": running threads amount, 0 -> 52
02-18 20:52:03.391 E/libsensor-displayalgo( 2261): value of coefs 5,850.073000,4.965174,-2.685090,1.640057,-4.685160, line 101
02-18 20:52:03.639 E/app_process64(  548): Error reading named image component header for /system/framework/boot.art, error: Image header from "/system/framework/arm64/boot.art" is invalid
02-18 20:52:03.639 E/app_process64(  548): Could not create image space with image file '/system/framework/boot.art!/apex/com.android.art/etc/boot-image.prof!/system/etc/boot-image.prof:/system/framework/boot-framework-adservices.art'. Attempting to fall back to imageless running. Error was: Image header from "/system/framework/arm64/boot.art" is invalid
02-18 20:52:03.649 E/app_process64(  550): Error reading named image component header for /system/framework/boot.art, error: Image header from "/system/framework/arm64/boot.art" is invalid
02-18 20:52:03.649 E/app_process64(  550): Could not create image space with image file '/system/framework/boot.art!/apex/com.android.art/etc/boot-image.prof!/system/etc/boot-image.prof:/system/framework/boot-framework-adservices.art'. Attempting to fall back to imageless running. Error was: Image header from "/system/framework/arm64/boot.art" is invalid
02-18 20:52:03.691 E/libsensor-displayalgo( 2261): value of coefs 5,850.073000,4.965174,-2.685090,1.640057,-4.685160, line 101
02-18 20:52:03.735 E/WifiClientModeImpl[19599:wlan0]( 2702): Failed to get mlo info
02-18 20:52:03.991 E/libsensor-displayalgo( 2261): value of coefs 5,850.073000,4.965174,-2.685090,1.640057,-4.685160, line 101
02-18 20:52:04.076 E/HyperSentinel( 2702): -------------------------------------------------------
02-18 20:52:04.076 E/HyperSentinel( 2702): Event_ResidentSize
02-18 20:52:04.076 E/HyperSentinel( 2702): -> audit event by proc 32612 "com.google.android.apps.docs": RSS increasement, peak 0kb -> 238632kb
02-18 20:52:04.125 E/Zygote  (  884): process_name_ptr:884 com.google.android.apps.wellbeing
02-18 20:52:04.125 E/Zygote  (  884): SetMemoryProtected process_name_ptr:884 com.google.android.apps.wellbeing
02-18 20:52:04.290 E/libsensor-displayalgo( 2261): value of coefs 5,850.073000,4.965174,-2.685090,1.640057,-4.685160, line 101
02-18 20:52:04.591 E/libsensor-displayalgo( 2261): value of coefs 5,850.073000,4.965174,-2.685090,1.640057,-4.685160, line 101
02-18 20:52:04.740 E/RTMode  ( 2702): pkgName: com.pr4y.app has no permission
02-18 20:52:04.749 E/BluetoothUtils( 4271): isDeepDozeMode? false
02-18 20:52:04.805 E/HyperSentinel( 2702): -------------------------------------------------------
02-18 20:52:04.805 E/HyperSentinel( 2702): Event_ThreadAmount
02-18 20:52:04.805 E/HyperSentinel( 2702): -> audit event by proc 32280 "com.google.android.cellbroadcastreceiver": running threads amount, 0 -> 17
02-18 20:52:04.891 E/libsensor-displayalgo( 2261): value of coefs 5,850.073000,4.965174,-2.685090,1.640057,-4.685160, line 101
02-18 20:52:04.953 E/KeymasterUtils(  870): rsp_header->status: -28
02-18 20:52:04.953 E/KeyMasterHalDevice(  870): abort_operation
02-18 20:52:04.953 E/KeyMasterHalDevice(  870): ret: -28
02-18 20:52:04.964 E/PR4Y_ERROR(31073): Login: NoCredentialException (useNonce=false)
02-18 20:52:04.964 I/PR4Y_APP(31073): Login: Intento sin nonce fall├│ o no devolvi├│ credencial, intentando con nonce
02-18 20:52:04.975 E/KeymasterUtils(  870): rsp_header->status: -28
02-18 20:52:04.975 E/KeyMasterHalDevice(  870): abort_operation
02-18 20:52:04.975 E/KeyMasterHalDevice(  870): ret: -28
02-18 20:52:04.994 E/KeymasterUtils(  870): rsp_header->status: -28
02-18 20:52:04.994 E/KeyMasterHalDevice(  870): abort_operation
02-18 20:52:04.994 E/KeyMasterHalDevice(  870): ret: -28
02-18 20:52:05.012 E/KeymasterUtils(  870): rsp_header->status: -28
02-18 20:52:05.012 E/KeyMasterHalDevice(  870): abort_operation
02-18 20:52:05.012 E/KeyMasterHalDevice(  870): ret: -28
02-18 20:52:05.066 E/Zygote  (  980): process_name_ptr:980 com.google.android.apps.youtube.music
02-18 20:52:05.066 E/Zygote  (  980): SetMemoryProtected process_name_ptr:980 com.google.android.apps.youtube.music
02-18 20:52:05.178 E/HyperSentinel( 2702): -------------------------------------------------------
02-18 20:52:05.179 E/HyperSentinel( 2702): Event_ThreadAmount
02-18 20:52:05.179 E/HyperSentinel( 2702): -> audit event by proc 32503 "com.xiaomi.account": running threads amount, 0 -> 34
02-18 20:52:05.191 E/libsensor-displayalgo( 2261): value of coefs 5,850.073000,4.965174,-2.685090,1.640057,-4.685160, line 101
02-18 20:52:05.269 E/HyperSentinel( 2702): -------------------------------------------------------
02-18 20:52:05.269 E/HyperSentinel( 2702): Event_ResidentSize
02-18 20:52:05.269 E/HyperSentinel( 2702): -> audit event by proc 477 "com.google.android.apps.subscriptions.red": RSS increasement, peak 0kb -> 161976kb
02-18 20:52:05.491 E/libsensor-displayalgo( 2261): value of coefs 5,850.073000,4.965174,-2.685090,1.640057,-4.685160, line 101
02-18 20:52:05.543 E/HyperSentinel( 2702): -------------------------------------------------------
02-18 20:52:05.543 E/HyperSentinel( 2702): Event_ThreadAmount
02-18 20:52:05.543 E/HyperSentinel( 2702): -> audit event by proc 32558 "com.xiaomi.aicr": running threads amount, 0 -> 26
02-18 20:52:05.687 E/KeymasterUtils(  870): rsp_header->status: -28
02-18 20:52:05.687 E/KeyMasterHalDevice(  870): abort_operation
02-18 20:52:05.687 E/KeyMasterHalDevice(  870): ret: -28
02-18 20:52:05.750 E/PR4Y_ERROR(31073): Login: NoCredentialException (useNonce=true)
02-18 20:52:05.763 E/Zygote  ( 1197): process_name_ptr:1197 com.google.android.contacts
02-18 20:52:05.763 E/Zygote  ( 1197): SetMemoryProtected process_name_ptr:1197 com.google.android.contacts
02-18 20:52:05.778 E/WindowManager( 2702): setClientVisible ActivityRecord{db56d4f u0 com.pr4y.app/com.google.android.gms.auth.api.signin.internal.SignInHubActivity true
02-18 20:52:05.781 E/ANDR-PERF-MPCTL( 1468): Perflock Submit request limit reached.
02-18 20:52:05.781 E/ANDR-PERF-LM( 1468): MetaMeter: handleAsync() 166: AdaptLaunch Invalid Async
02-18 20:52:05.788 E/ANDR-PERF-MPCTL( 1468): Perflock Submit request limit reached.
02-18 20:52:05.793 E/libsensor-displayalgo( 2261): value of coefs 5,850.073000,4.965174,-2.685090,1.640057,-4.685160, line 101
02-18 20:52:05.810 E/KeymasterUtils(  870): rsp_header->status: -28
02-18 20:52:05.810 E/KeyMasterHalDevice(  870): abort_operation
02-18 20:52:05.810 E/KeyMasterHalDevice(  870): ret: -28
02-18 20:52:05.818 E/ANDR-PERF-MPCTL( 1468): Perflock Submit request limit reached.
02-18 20:52:05.819 E/ANDR-PERF-LM( 1468): MetaMeter: handleAsync() 166: AdaptLaunch Invalid Async
02-18 20:52:05.819 E/WindowManager( 2702): setClientVisible ActivityRecord{db56d4f u0 com.pr4y.app/com.google.android.gms.auth.api.signin.internal.SignInHubActivity t421} true
02-18 20:52:05.820 E/WindowManager( 2702): setClientVisible ActivityRecord{db56d4f u0 com.pr4y.app/com.google.android.gms.auth.api.signin.internal.SignInHubActivity t421} true
02-18 20:52:05.849 E/KeymasterUtils(  870): rsp_header->status: -28
02-18 20:52:05.849 E/KeyMasterHalDevice(  870): abort_operation
02-18 20:52:05.849 E/KeyMasterHalDevice(  870): ret: -28
02-18 20:52:05.865 E/WindowManager( 2702): setClientVisible ActivityRecord{a72483f u0 com.google.android.gms/.auth.api.signin.ui.SignInActivity true
02-18 20:52:05.869 E/ANDR-PERF-MPCTL( 1468): Perflock Submit request limit reached.
02-18 20:52:05.869 E/ANDR-PERF-LM( 1468): MetaMeter: handleAsync() 166: AdaptLaunch Invalid Async
02-18 20:52:05.874 E/ANDR-PERF-MPCTL( 1468): Perflock Submit request limit reached.
02-18 20:52:05.892 E/KeymasterUtils(  870): rsp_header->status: -28
02-18 20:52:05.892 E/KeyMasterHalDevice(  870): abort_operation
02-18 20:52:05.892 E/KeyMasterHalDevice(  870): ret: -28
