02-16 14:24:09.740 E/libsensor-displayalgo( 2260): value of coefs 5,850.073000,4.965174,-2.685090,1.640057,-4.685160, line 101
02-16 14:24:09.793 E/vold    (12034): maxCpuFreq=2400000
02-16 14:24:09.793 E/vold    (12034): maxCpuFreq=2400000
02-16 14:24:09.861 E/WindowTransitionCompat( 4043): com.android.systemui.shared.recents.system.WindowTransitionCompat@79f7b96 finishTransition toHome = true
02-16 14:24:09.863 E/MI-SF   ( 1606): surfaceflinger setAffinity success
02-16 14:24:09.872 E/WindowManager( 2645): setClientVisible ActivityRecord{1aecb7 u0 com.pr4y.app.dev/com.pr4y.app.MainActivity t177 f} isExiting} false
02-16 14:24:09.873 E/RotationHelper( 4043): setCurrentTransitionRequest: request=0
02-16 14:24:09.880 E/NativeTurboSchedManagerJni( 2645): ioctl 8 failed!
02-16 14:24:09.882 E/ActivityManagerWrapper( 4043): get all recent tasks force including 174
02-16 14:24:09.885 E/ActivityManagerWrapper( 4043): getRecentTasksForceIncludingTaskIdIfValid: getRecentTasks: size=2
02-16 14:24:09.885 E/ActivityManagerWrapper( 4043):  mainTaskId=177   userId=0   windowMode=1   baseIntent=Intent { act=android.intent.action.MAIN flag=270532608 cmp=ComponentInfo{com.pr4y.app.dev/com.pr4y.app.MainActivity} }
02-16 14:24:09.885 E/ActivityManagerWrapper( 4043):  mainTaskId=174   userId=0   windowMode=1   baseIntent=Intent { act=com.android.camera.action.REVIEW flag=285245440 cmp=ComponentInfo{com.miui.gallery/com.miui.gallery.activity.ExternalPhotoPageActivity} }
02-16 14:24:10.039 E/libsensor-displayalgo( 2260): value of coefs 5,850.073000,4.965174,-2.685090,1.640057,-4.685160, line 101
02-16 14:24:10.119 E/vendor.qti.hardware.perf-hal-service( 1460): ExtendedPerfBoost: extended_perfboost_verification() 738: Ok, set boost params. hintid=4225 hinttype=1 prio=3, clientpid=2645 packagename=com.pr4y.app.dev params=boost:1 cpu0:1958400 cpu4:2400000 cpumask:ff
02-16 14:24:10.120 E/PreStartUtils( 4043): preLaunchProcess success infoPackage: com.pr4y.app.dev
02-16 14:24:10.125 E/Zygote  (10405): process_name_ptr:10405 com.pr4y.app.dev
02-16 14:24:10.125 E/Zygote  (10405): SetMemoryProtected process_name_ptr:10405 com.pr4y.app.dev
02-16 14:24:10.137 E/HyperSentinel( 2645): -------------------------------------------------------
02-16 14:24:10.137 E/HyperSentinel( 2645): Event_ResidentSize
02-16 14:24:10.137 E/HyperSentinel( 2645): -> audit event by proc 10405 "usap64": RSS increasement, peak 9472kb -> 20584kb
02-16 14:24:10.137 E/HyperSentinel( 2645): -------------------------------------------------------
02-16 14:24:10.137 E/HyperSentinel( 2645): Event_ResidentSize
02-16 14:24:10.137 E/HyperSentinel( 2645): -> audit event by proc 10405 "usap64": RSS increasement, peak 20584kb -> 75772kb
02-16 14:24:10.175 E/ANDR-PERF-LM( 1460): MetaMeter: handleAsync() 166: AdaptLaunch Invalid Async
02-16 14:24:10.178 E/Launcher.application( 4043): setClickAppWaitForCallback = true
02-16 14:24:10.178 E/Launcher.application( 4043): setClickAppWaitForCallback = true
02-16 14:24:10.178 E/vendor.qti.hardware.perf-hal-service( 1460): ExtendedPerfBoost: extended_perfboost_verification() 738: Ok, set boost params. hintid=4226 hinttype=1 prio=2, clientpid=2645 packagename=com.miui.home params=boost:1 cpu0:1958400 cpu4:2400000 cpumask:ff
02-16 14:24:10.178 E/Launcher( 4043): superStartActivity   type=13
02-16 14:24:10.182 E/WindowManager( 2645): setClientVisible ActivityRecord{55ced0e u0 com.pr4y.app.dev/com.pr4y.app.MainActivity true
02-16 14:24:10.185 E/ANDR-PERF-MPCTL( 1460): Perflock Submit request limit reached.
02-16 14:24:10.185 E/ANDR-PERF-MPCTL( 1460): Perflock Submit request limit reached.
02-16 14:24:10.185 E/ANDR-PERF-MPCTL( 1460): Perflock Submit request limit reached.
02-16 14:24:10.186 E/ANDR-PERF-MPCTL( 1460): Perflock Submit request limit reached.
02-16 14:24:10.186 E/ANDR-PERF-LM( 1460): MetaMeter: handleAsync() 166: AdaptLaunch Invalid Async
02-16 14:24:10.186 E/ANDR-PERF-LM( 1460): MetaMeter: handleAsync() 166: AdaptLaunch Invalid Async
02-16 14:24:10.186 E/ANDR-PERF-JNI( 2645): com_qualcomm_qtiperformance_native_perf_io_prefetch_start
02-16 14:24:10.188 E/ANDR-PERF-LM( 1460): MetaMeter: handleAsync() 166: AdaptLaunch Invalid Async
02-16 14:24:10.190 E/HyperSentinel( 2645): -------------------------------------------------------
02-16 14:24:10.190 E/HyperSentinel( 2645): Event_ThreadAmount
02-16 14:24:10.190 E/HyperSentinel( 2645): -> audit event by proc 10405 "usap64": running threads amount, 0 -> 12
02-16 14:24:10.191 E/ANDR-IOP( 1444): io prefetch is disabled
02-16 14:24:10.192 E/ANDR-PERF-MPCTL( 1460): Perflock Submit request limit reached.
02-16 14:24:10.192 E/ANDR-PERF-LM( 1460): MetaMeter: handleAsync() 166: AdaptLaunch Invalid Async
02-16 14:24:10.197 E/ANDR-PERF-MPCTL( 1460): Perflock Submit request limit reached.
02-16 14:24:10.201 E/WindowManager( 2645): setClientVisible ActivityRecord{55ced0e u0 com.pr4y.app.dev/com.pr4y.app.MainActivity t178} true
02-16 14:24:10.203 E/ANDR-PERF-LM( 1460): MetaMeter: handleAsync() 166: AdaptLaunch Invalid Async
02-16 14:24:10.203 E/WindowManager( 2645): setClientVisible ActivityRecord{55ced0e u0 com.pr4y.app.dev/com.pr4y.app.MainActivity t178} true
02-16 14:24:10.225 E/WindowManager( 2645): setClientVisible ActivityRecord{55ced0e u0 com.pr4y.app.dev/com.pr4y.app.MainActivity t178} true
02-16 14:24:10.231 E/KeyguardTransitionHandlerImpl( 4422): activityCount = 0
02-16 14:24:10.236 E/WindowTransitionCompat( 4043): startAnimation isFastLaunch = false
02-16 14:24:10.236 E/ANDR-PERF-MPCTL( 1460): Perflock Submit request limit reached.
02-16 14:24:10.237 E/WindowTransitionCompat( 4043): printLeash::index = 0, root = Surface(name=Transition Root #1207: Task=178#16098)/@0x3741888
02-16 14:24:10.238 E/WindowTransitionCompat( 4043): 0, check isClosingType type = 1, mode = 1
02-16 14:24:10.238 E/WindowTransitionCompat( 4043): 1, check isClosingType type = 2, mode = 4
02-16 14:24:10.240 E/HyperSentinel( 2645): -------------------------------------------------------
02-16 14:24:10.240 E/HyperSentinel( 2645): Event_ResidentSize
02-16 14:24:10.240 E/HyperSentinel( 2645): -> audit event by proc 10405 "usap64": RSS increasement, peak 75772kb -> 113760kb
02-16 14:24:10.242 E/onWindowDecorRectChanged( 4422): start size:1
02-16 14:24:10.242 E/onWindowDecorRectChanged( 4422): windowDecorRect: Rect(535, 10 - 684, 128)
02-16 14:24:10.250 E/ActivityManagerWrapper( 4043): get all recent tasks force including 178
02-16 14:24:10.253 E/ActivityManagerWrapper( 4043): getRecentTasksForceIncludingTaskIdIfValid: getRecentTasks: size=2
02-16 14:24:10.253 E/ActivityManagerWrapper( 4043):  mainTaskId=178   userId=0   windowMode=1   baseIntent=Intent { act=android.intent.action.MAIN flag=270532608 cmp=ComponentInfo{com.pr4y.app.dev/com.pr4y.app.MainActivity} }
02-16 14:24:10.253 E/ActivityManagerWrapper( 4043):  mainTaskId=174   userId=0   windowMode=1   baseIntent=Intent { act=com.android.camera.action.REVIEW flag=285245440 cmp=ComponentInfo{com.miui.gallery/com.miui.gallery.activity.ExternalPhotoPageActivity} }
02-16 14:24:10.256 E/ActivityManagerWrapper( 4043): get all recent tasks force including 178
02-16 14:24:10.258 E/ActivityManagerWrapper( 4043): getRecentTasksForceIncludingTaskIdIfValid: getRecentTasks: size=2
02-16 14:24:10.258 E/ActivityManagerWrapper( 4043):  mainTaskId=178   userId=0   windowMode=1   baseIntent=Intent { act=android.intent.action.MAIN flag=270532608 cmp=ComponentInfo{com.pr4y.app.dev/com.pr4y.app.MainActivity} }
02-16 14:24:10.258 E/ActivityManagerWrapper( 4043):  mainTaskId=174   userId=0   windowMode=1   baseIntent=Intent { act=com.android.camera.action.REVIEW flag=285245440 cmp=ComponentInfo{com.miui.gallery/com.miui.gallery.activity.ExternalPhotoPageActivity} }
02-16 14:24:10.259 E/WindowAnimParamsProvider( 4043): getWindowTargetBounds    bounds=Rect(0, 0 - 1220, 2712)
02-16 14:24:10.259 E/ClipAnimationHelper( 4043): updateSourceStack  mSourceInsets=Rect(0, 0 - 0, 0), mSourceStackBounds=Rect(0, 0 - 1220, 2712)
02-16 14:24:10.259 E/ClipAnimationHelper( 4043): updateHomeStack  mSourceInsets=Rect(0, 0 - 0, 0), mHomeStackBounds=Rect(0, 0 - 1220, 2712)
02-16 14:24:10.259 E/ClipAnimationHelper( 4043): updateTargetRect  mSourceRect=RectF(0.0, 0.0, 1220.0, 2712.0)   mTargetRect=RectF(0.0, 0.0, 1220.0, 2712.0)   mSourceWindowClipInsets=RectF(0.0, 0.0, 0.0, 0.0)   mHomeStackBounds=Rect(0, 0 - 1220, 2712)   targetRect=Rect(0, 0 - 1220, 2712)
02-16 14:24:10.265 E/MultiSpringDynamicAnimationbfa9660( 4043): ERROR Not Found Bundle scaleY
02-16 14:24:10.265 E/Launcher.application( 4043): setClickAppWaitForCallback = false
02-16 14:24:10.266 E/BluetoothAdapterService( 5593): getActiveDevices: LeAudioService is null
02-16 14:24:10.275 E/MI-SF   ( 1606): surfaceflinger setAffinity success
02-16 14:24:10.275 E/MI-SF   ( 1606): surfaceflinger setAffinity success
02-16 14:24:10.306 E/ActivityManagerWrapper( 4043): get all recent tasks force including 178
02-16 14:24:10.310 E/ActivityManagerWrapper( 4043): getRecentTasksForceIncludingTaskIdIfValid: getRecentTasks: size=2
02-16 14:24:10.310 E/ActivityManagerWrapper( 4043):  mainTaskId=178   userId=0   windowMode=1   baseIntent=Intent { act=android.intent.action.MAIN flag=270532608 cmp=ComponentInfo{com.pr4y.app.dev/com.pr4y.app.MainActivity} }
02-16 14:24:10.310 E/ActivityManagerWrapper( 4043):  mainTaskId=174   userId=0   windowMode=1   baseIntent=Intent { act=com.android.camera.action.REVIEW flag=285245440 cmp=ComponentInfo{com.miui.gallery/com.miui.gallery.activity.ExternalPhotoPageActivity} }
02-16 14:24:10.339 E/libsensor-displayalgo( 2260): value of coefs 5,850.073000,4.965174,-2.685090,1.640057,-4.685160, line 101
02-16 14:24:10.435 E/SystemUpdate-JSONParser(11259): Unable to invoke no-args constructor for class com.xiaomi.market.ui.floatminicard.MiniCardActiveConfig$a. Registering an InstanceCreator with Gson for this type may fix this problem.
02-16 14:24:10.435 E/SystemUpdate-JSONParser(11259): java.lang.RuntimeException: Unable to invoke no-args constructor for class com.xiaomi.market.ui.floatminicard.MiniCardActiveConfig$a. Registering an InstanceCreator with Gson for this type may fix this problem.
02-16 14:24:10.435 E/SystemUpdate-JSONParser(11259): 	at com.google.gson.internal.b$e.a(SourceFile:37)
02-16 14:24:10.435 E/SystemUpdate-JSONParser(11259): 	at z3.h$b.b(SourceFile:16)
02-16 14:24:10.435 E/SystemUpdate-JSONParser(11259): 	at z3.h$a.a(SourceFile:3)
02-16 14:24:10.435 E/SystemUpdate-JSONParser(11259): 	at z3.h$b.b(SourceFile:48)
02-16 14:24:10.435 E/SystemUpdate-JSONParser(11259): 	at com.google.gson.d.g(SourceFile:21)
02-16 14:24:10.435 E/SystemUpdate-JSONParser(11259): 	at com.google.gson.d.h(SourceFile:5)
02-16 14:24:10.435 E/SystemUpdate-JSONParser(11259): 	at com.google.gson.d.j(SourceFile:10)
02-16 14:24:10.435 E/SystemUpdate-JSONParser(11259): 	at com.xiaomi.market.util.r0.a(SourceFile:11)
02-16 14:24:10.435 E/SystemUpdate-JSONParser(11259): 	at com.xiaomi.market.util.r0.b(SourceFile:9)
02-16 14:24:10.435 E/SystemUpdate-JSONParser(11259): 	at com.xiaomi.market.model.cloudconfig.CloudConfig.getConfigOrSync(SourceFile:62)
02-16 14:24:10.435 E/SystemUpdate-JSONParser(11259): 	at com.xiaomi.market.model.cloudconfig.CloudConfig.getMiniCardActiveConfig(SourceFile:5)
02-16 14:24:10.435 E/SystemUpdate-JSONParser(11259): 	at p6.b.j(SourceFile:11)
02-16 14:24:10.435 E/SystemUpdate-JSONParser(11259): 	at com.xiaomi.market.util.ScreenReceiver$a.handleMessage(SourceFile:23)
02-16 14:24:10.435 E/SystemUpdate-JSONParser(11259): 	at android.os.Handler.dispatchMessage(Handler.java:107)
02-16 14:24:10.435 E/SystemUpdate-JSONParser(11259): 	at android.os.Looper.loopOnce(Looper.java:249)
02-16 14:24:10.435 E/SystemUpdate-JSONParser(11259): 	at android.os.Looper.loop(Looper.java:337)
02-16 14:24:10.435 E/SystemUpdate-JSONParser(11259): 	at android.os.HandlerThread.run(HandlerThread.java:85)
02-16 14:24:10.435 E/SystemUpdate-JSONParser(11259): Caused by: java.lang.reflect.InvocationTargetException
02-16 14:24:10.435 E/SystemUpdate-JSONParser(11259): 	at java.lang.reflect.Method.invoke(Native Method)
02-16 14:24:10.435 E/SystemUpdate-JSONParser(11259): 	at com.google.gson.internal.j$a.c(SourceFile:12)
02-16 14:24:10.435 E/SystemUpdate-JSONParser(11259): 	at com.google.gson.internal.b$e.a(SourceFile:5)
02-16 14:24:10.435 E/SystemUpdate-JSONParser(11259): 	... 16 more
02-16 14:24:10.435 E/SystemUpdate-JSONParser(11259): Caused by: java.lang.InstantiationException: Can't instantiate abstract class com.xiaomi.market.ui.floatminicard.MiniCardActiveConfig$a
02-16 14:24:10.435 E/SystemUpdate-JSONParser(11259): 	at sun.misc.Unsafe.allocateInstance(Native Method)
02-16 14:24:10.435 E/SystemUpdate-JSONParser(11259): 	... 19 more
02-16 14:24:10.449 E/HyperSentinel( 2645): -------------------------------------------------------
02-16 14:24:10.449 E/HyperSentinel( 2645): Event_ResidentSize
02-16 14:24:10.449 E/HyperSentinel( 2645): -> audit event by proc 10405 "usap64": RSS increasement, peak 113760kb -> 171028kb
02-16 14:24:10.472 E/SystemUpdate-ExceptionUtils(11259): DLoadSuccessFloatDisplay instance is null
02-16 14:24:10.622 E/ANDR-PERF-UTIL( 1460): Failed to update node /proc/sys/walt/sched_per_task_boost with value 11563 0
02-16 14:24:10.622 E/ANDR-PERF-OPTSHANDLER( 1460): can't reset task 11563
02-16 14:24:10.623 E/ANDR-PERF-RESOURCEQS( 1460): Failed to reset optimization [3, 32]
02-16 14:24:10.740 E/libsensor-displayalgo( 2260): value of coefs 5,850.073000,4.965174,-2.685090,1.640057,-4.685160, line 101
02-16 14:24:10.799 I/PR4Y_DEBUG(10405): Pr4yApp.onCreate|pkg=com.pr4y.app.dev|pid=10405|uid=10319|userId=0|hypothesisId=H1,H5
02-16 14:24:10.876 I/PR4Y_DEBUG(10405): MainActivity.onCreate start|pkg=com.pr4y.app.dev
02-16 14:24:10.909 E/TransactionExecutor(10405): Failed to execute the transaction: tId:1321243211 ClientTransaction{
02-16 14:24:10.909 E/TransactionExecutor(10405): tId:1321243211   transactionItems=[
02-16 14:24:10.909 E/TransactionExecutor(10405): tId:1321243211     LaunchActivityItem{activityToken=android.os.BinderProxy@af0bf92,intent=Intent { act=android.intent.action.MAIN cat=[android.intent.category.LAUNCHER] flg=0x10200000 cmp=com.pr4y.app.dev/com.pr4y.app.MainActivity bnds=[49,29][179,159] (has extras) },ident=89976078,info=ActivityInfo{9b53bc6 com.pr4y.app.MainActivity},curConfig={1.0 730mcc1mnc [es_US] ldltr sw508dp w508dp h1130dp 384dpi lrg long port finger -keyb/v/h -nav/h winConfig={ mBounds=Rect(0, 0 - 1220, 2712) mAppBounds=Rect(0, 0 - 1220, 2712) mMaxBounds=Rect(0, 0 - 1220, 2712) mDisplayRotation=ROTATION_0 mWindowingMode=fullscreen mActivityType=undefined mAlwaysOnTop=undefined mRotation=ROTATION_0 mInSplitScreen=false letterBoxed=false foScaled=false isSpecificEmbedded=false screenType=0} s.2336 fontWeightAdjustment=0/d themeChanged=0 themeChangedFlags=0 extraData = Bundle[EMPTY_PARCEL] screenType=0/0},overrideConfig={1.0 730mcc1mnc [es_US] ldltr sw508dp w508dp h1130dp 384dpi lrg long port finger -keyb/v/h -nav/h winConfig={ mBounds=Rect(0, 0 - 1220, 2712) mAppBounds=Rect(0, 0 - 1220, 2712) mMaxBounds=Rect(0, 0 - 1220, 2712) mDisplayRotation=ROTATION_0 mWindowingMode=fullscreen mActivityType=standard mAlwaysOnTop=undefined mRotation=ROTATION_0 mInSplitScreen=false letterBoxed=false foScaled=false isSpecificEmbedded=false screenType=0} s.2 fontWeightAdjustment=0/d themeChanged=0 themeChangedFlags=0 extraData = Bundle[{}] screenType=0/0},deviceId=0,referrer=com.miui.home,procState=2,state=null,persistentState=null,pendingResults=null,pendingNewIntents=null,sceneTransitionInfo=null,profilerInfo=null,assistToken=android.os.BinderProxy@49f4bab,shareableActivityToken=android.os.BinderProxy@2238208,activityWindowInfo=ActivityWindowInfo{isEmbedded=false, taskBounds=Rect(0, 0 - 1220, 2712), taskFragmentBounds=Rect(0, 0 - 1220, 2712)}}
02-16 14:24:10.909 E/TransactionExecutor(10405): tId:1321243211     ResumeActivityItem{mActivityToken=android.os.BinderProxy@af0bf92,procState=-1,updateProcState=false,isForward=true,shouldSendCompatFakeFocus=false}
02-16 14:24:10.909 E/TransactionExecutor(10405): tId:1321243211     Target activity: com.pr4y.app.MainActivity
02-16 14:24:10.909 E/TransactionExecutor(10405): tId:1321243211   ]
02-16 14:24:10.909 E/TransactionExecutor(10405): tId:1321243211 }
02-16 14:24:10.911 E/AndroidRuntime(10405): FATAL EXCEPTION: main
02-16 14:24:10.911 E/AndroidRuntime(10405): Process: com.pr4y.app.dev, PID: 10405
02-16 14:24:10.911 E/AndroidRuntime(10405): java.lang.RuntimeException: Unable to start activity ComponentInfo{com.pr4y.app.dev/com.pr4y.app.MainActivity}: java.lang.IllegalStateException: You need to use a Theme.AppCompat theme (or descendant) with this activity.
02-16 14:24:10.911 E/AndroidRuntime(10405): 	at android.app.ActivityThread.performLaunchActivity(ActivityThread.java:4418)
02-16 14:24:10.911 E/AndroidRuntime(10405): 	at android.app.ActivityThread.handleLaunchActivity(ActivityThread.java:4639)
02-16 14:24:10.911 E/AndroidRuntime(10405): 	at android.app.servertransaction.LaunchActivityItem.execute(LaunchActivityItem.java:112)
02-16 14:24:10.911 E/AndroidRuntime(10405): 	at android.app.servertransaction.TransactionExecutor.executeNonLifecycleItem(TransactionExecutor.java:186)
02-16 14:24:10.911 E/AndroidRuntime(10405): 	at android.app.servertransaction.TransactionExecutor.executeTransactionItems(TransactionExecutor.java:112)
02-16 14:24:10.911 E/AndroidRuntime(10405): 	at android.app.servertransaction.TransactionExecutor.execute(TransactionExecutor.java:84)
02-16 14:24:10.911 E/AndroidRuntime(10405): 	at android.app.ActivityThread$H.handleMessage(ActivityThread.java:2875)
02-16 14:24:10.911 E/AndroidRuntime(10405): 	at android.os.Handler.dispatchMessage(Handler.java:107)
02-16 14:24:10.911 E/AndroidRuntime(10405): 	at android.os.Looper.loopOnce(Looper.java:249)
02-16 14:24:10.911 E/AndroidRuntime(10405): 	at android.os.Looper.loop(Looper.java:337)
02-16 14:24:10.911 E/AndroidRuntime(10405): 	at android.app.ActivityThread.main(ActivityThread.java:9608)
02-16 14:24:10.911 E/AndroidRuntime(10405): 	at java.lang.reflect.Method.invoke(Native Method)
02-16 14:24:10.911 E/AndroidRuntime(10405): 	at com.android.internal.os.RuntimeInit$MethodAndArgsCaller.run(RuntimeInit.java:615)
02-16 14:24:10.911 E/AndroidRuntime(10405): 	at com.android.internal.os.ZygoteInit.main(ZygoteInit.java:936)
02-16 14:24:10.911 E/AndroidRuntime(10405): Caused by: java.lang.IllegalStateException: You need to use a Theme.AppCompat theme (or descendant) with this activity.
02-16 14:24:10.911 E/AndroidRuntime(10405): 	at androidx.appcompat.app.AppCompatDelegateImpl.createSubDecor(AppCompatDelegateImpl.java:902)
02-16 14:24:10.911 E/AndroidRuntime(10405): 	at androidx.appcompat.app.AppCompatDelegateImpl.ensureSubDecor(AppCompatDelegateImpl.java:865)
02-16 14:24:10.911 E/AndroidRuntime(10405): 	at androidx.appcompat.app.AppCompatDelegateImpl.setContentView(AppCompatDelegateImpl.java:757)
02-16 14:24:10.911 E/AndroidRuntime(10405): 	at androidx.appcompat.app.AppCompatActivity.setContentView(AppCompatActivity.java:209)
02-16 14:24:10.911 E/AndroidRuntime(10405): 	at androidx.activity.compose.ComponentActivityKt.setContent(ComponentActivity.kt:70)
02-16 14:24:10.911 E/AndroidRuntime(10405): 	at androidx.activity.compose.ComponentActivityKt.setContent$default(ComponentActivity.kt:51)
02-16 14:24:10.911 E/AndroidRuntime(10405): 	at com.pr4y.app.MainActivity.onCreate(MainActivity.kt:101)
02-16 14:24:10.911 E/AndroidRuntime(10405): 	at android.app.Activity.performCreate(Activity.java:9224)
02-16 14:24:10.911 E/AndroidRuntime(10405): 	at android.app.Activity.performCreate(Activity.java:9173)
02-16 14:24:10.911 E/AndroidRuntime(10405): 	at android.app.Instrumentation.callActivityOnCreate(Instrumentation.java:1538)
02-16 14:24:10.911 E/AndroidRuntime(10405): 	at android.app.ActivityThread.performLaunchActivity(ActivityThread.java:4400)
02-16 14:24:10.911 E/AndroidRuntime(10405): 	... 13 more
02-16 14:24:10.915 E/JavaExceptionHandler( 7381): Process: com.pr4y.app.dev, PID: 10405
02-16 14:24:10.915 E/JavaExceptionHandler( 7381): java.lang.RuntimeException: Unable to start activity ComponentInfo{com.pr4y.app.dev/com.pr4y.app.MainActivity}: java.lang.IllegalStateException: You need to use a Theme.AppCompat theme (or descendant) with this activity.
02-16 14:24:10.915 E/JavaExceptionHandler( 7381): 	at android.app.ActivityThread.performLaunchActivity(ActivityThread.java:4418)
02-16 14:24:10.915 E/JavaExceptionHandler( 7381): 	at android.app.ActivityThread.handleLaunchActivity(ActivityThread.java:4639)
02-16 14:24:10.915 E/JavaExceptionHandler( 7381): 	at android.app.servertransaction.LaunchActivityItem.execute(LaunchActivityItem.java:112)
02-16 14:24:10.915 E/JavaExceptionHandler( 7381): 	at android.app.servertransaction.TransactionExecutor.executeNonLifecycleItem(TransactionExecutor.java:186)
02-16 14:24:10.915 E/JavaExceptionHandler( 7381): 	at android.app.servertransaction.TransactionExecutor.executeTransactionItems(TransactionExecutor.java:112)
02-16 14:24:10.915 E/JavaExceptionHandler( 7381): 	at android.app.servertransaction.TransactionExecutor.execute(TransactionExecutor.java:84)
02-16 14:24:10.915 E/JavaExceptionHandler( 7381): 	at android.app.ActivityThread$H.handleMessage(ActivityThread.java:2875)
02-16 14:24:10.915 E/JavaExceptionHandler( 7381): 	at android.os.Handler.dispatchMessage(Handler.java:107)
02-16 14:24:10.915 E/JavaExceptionHandler( 7381): 	at android.os.Looper.loopOnce(Looper.java:249)
02-16 14:24:10.915 E/JavaExceptionHandler( 7381): 	at android.os.Looper.loop(Looper.java:337)
02-16 14:24:10.915 E/JavaExceptionHandler( 7381): 	at android.app.ActivityThread.main(ActivityThread.java:9608)
02-16 14:24:10.915 E/JavaExceptionHandler( 7381): 	at java.lang.reflect.Method.invoke(Native Method)
02-16 14:24:10.915 E/JavaExceptionHandler( 7381): 	at com.android.internal.os.RuntimeInit$MethodAndArgsCaller.run(RuntimeInit.java:615)
02-16 14:24:10.915 E/JavaExceptionHandler( 7381): 	at com.android.internal.os.ZygoteInit.main(ZygoteInit.java:936)
02-16 14:24:10.915 E/JavaExceptionHandler( 7381): Caused by: java.lang.IllegalStateException: You need to use a Theme.AppCompat theme (or descendant) with this activity.
02-16 14:24:10.915 E/JavaExceptionHandler( 7381): 	at androidx.appcompat.app.AppCompatDelegateImpl.createSubDecor(AppCompatDelegateImpl.java:902)
02-16 14:24:10.915 E/JavaExceptionHandler( 7381): 	at androidx.appcompat.app.AppCompatDelegateImpl.ensureSubDecor(AppCompatDelegateImpl.java:865)
02-16 14:24:10.915 E/JavaExceptionHandler( 7381): 	at androidx.appcompat.app.AppCompatDelegateImpl.setContentView(AppCompatDelegateImpl.java:757)
02-16 14:24:10.915 E/JavaExceptionHandler( 7381): 	at androidx.appcompat.app.AppCompatActivity.setContentView(AppCompatActivity.java:209)
02-16 14:24:10.915 E/JavaExceptionHandler( 7381): 	at androidx.activity.compose.ComponentActivityKt.setContent(ComponentActivity.kt:70)
02-16 14:24:10.915 E/JavaExceptionHandler( 7381): 	at androidx.activity.compose.ComponentActivityKt.setContent$default(ComponentActivity.kt:51)
02-16 14:24:10.915 E/JavaExceptionHandler( 7381): 	at com.pr4y.app.MainActivity.onCreate(MainActivity.kt:101)
02-16 14:24:10.915 E/JavaExceptionHandler( 7381): 	at android.app.Activity.performCreate(Activity.java:9224)
02-16 14:24:10.915 E/JavaExceptionHandler( 7381): 	at android.app.Activity.performCreate(Activity.java:9173)
02-16 14:24:10.915 E/JavaExceptionHandler( 7381): 	at android.app.Instrumentation.callActivityOnCreate(Instrumentation.java:1538)
02-16 14:24:10.915 E/JavaExceptionHandler( 7381): 	at android.app.ActivityThread.performLaunchActivity(ActivityThread.java:4400)
02-16 14:24:10.915 E/JavaExceptionHandler( 7381): 	... 13 more
02-16 14:24:10.922 E/vendor.qti.hardware.perf-hal-service( 1460): ExtendedPerfBoost: extended_perfboost_verification() 738: Ok, set boost params. hintid=4226 hinttype=1 prio=2, clientpid=2645 packagename=com.miui.home params=boost:1 cpu0:1958400 cpu4:2400000 cpumask:ff
02-16 14:24:10.923 E/WindowManager( 2645): setClientVisible ActivityRecord{659c16e u0 com.miui.home/.launcher.Launcher t2} true
02-16 14:24:10.928 E/WindowManager( 2645): setClientVisible WallpaperWindowToken{cf9eac9 token=android.os.Binder@fc09382} true
02-16 14:24:10.928 E/WindowManager( 2645): setClientVisible WallpaperWindowToken{986b648 token=android.os.Binder@1f9a8eb} true
02-16 14:24:10.930 E/NativeTurboSchedManagerJni( 2645): ioctl 8 failed!
02-16 14:24:10.935 E/Launcher.application( 4043): setClickAppWaitForCallback = false
02-16 14:24:10.945 E/KeyguardTransitionHandlerImpl( 4422): activityCount = 0
02-16 14:24:10.950 E/WindowTransitionCompat( 4043): printLeash::index = 0, root = Surface(name=Transition Root #1208: DefaultTaskDisplayArea#16106)/@0x16f19f5
02-16 14:24:10.952 E/WindowTransitionCompat( 4043): i = 1, changes leash = Surface(name=DefaultTaskDisplayArea#8)/@0x22dcb2c, change = {WCT{android.window.IWindowContainerToken$Stub$Proxy@e426e18} m=TO_FRONT f=SHOW_WALLPAPER leash=Surface(name=DefaultTaskDisplayArea#8)/@0x22dcb2c sb=Rect(0, 0 - 1220, 2712) eb=Rect(0, 0 - 1220, 2712) d=0 v=true}, taskInfo == null
02-16 14:24:10.957 E/WindowTransitionCompat( 4043): com.android.systemui.shared.recents.system.WindowTransitionCompat@8c659e2 finishTransition toHome = true
02-16 14:24:10.966 E/MI-SF   ( 1606): surfaceflinger setAffinity success
02-16 14:24:10.967 E/BluetoothAdapterService( 5593): getActiveDevices: LeAudioService is null
02-16 14:24:10.972 E/KeyguardTransitionHandlerImpl( 4422): activityCount = 0
02-16 14:24:10.972 E/KeyguardTransitionHandlerImpl( 4422): activityCount = 0
02-16 14:24:10.974 E/ActivityManagerWrapper( 4043): get all recent tasks force including 174
02-16 14:24:10.983 E/ActivityManagerWrapper( 4043): getRecentTasksForceIncludingTaskIdIfValid: getRecentTasks: size=2
02-16 14:24:10.983 E/ActivityManagerWrapper( 4043):  mainTaskId=178   userId=0   windowMode=1   baseIntent=Intent { act=android.intent.action.MAIN flag=270532608 cmp=ComponentInfo{com.pr4y.app.dev/com.pr4y.app.MainActivity} }
02-16 14:24:10.983 E/ActivityManagerWrapper( 4043):  mainTaskId=174   userId=0   windowMode=1   baseIntent=Intent { act=com.android.camera.action.REVIEW flag=285245440 cmp=ComponentInfo{com.miui.gallery/com.miui.gallery.activity.ExternalPhotoPageActivity} }
02-16 14:24:11.010 E/SmartAppAssistant(10153): SystemUtil get  applicationInfo fail
02-16 14:24:11.040 E/libsensor-displayalgo( 2260): value of coefs 5,850.073000,4.965174,-2.685090,1.640057,-4.685160, line 101
02-16 14:24:11.136 E/WindowManager( 2645): setClientVisible ActivityRecord{55ced0e u0 com.pr4y.app.dev/com.pr4y.app.MainActivity t178 f} isExiting} false
02-16 14:24:11.137 E/RotationHelper( 4043): setCurrentTransitionRequest: request=0
02-16 14:24:11.144 E/ActivityManagerWrapper( 4043): get all recent tasks force including 174
02-16 14:24:11.145 E/ActivityManagerWrapper( 4043): getRecentTasksForceIncludingTaskIdIfValid: getRecentTasks: size=2
02-16 14:24:11.145 E/ActivityManagerWrapper( 4043):  mainTaskId=178   userId=0   windowMode=1   baseIntent=Intent { act=android.intent.action.MAIN flag=270532608 cmp=ComponentInfo{com.pr4y.app.dev/com.pr4y.app.MainActivity} }
02-16 14:24:11.145 E/ActivityManagerWrapper( 4043):  mainTaskId=174   userId=0   windowMode=1   baseIntent=Intent { act=com.android.camera.action.REVIEW flag=285245440 cmp=ComponentInfo{com.miui.gallery/com.miui.gallery.activity.ExternalPhotoPageActivity} }
02-16 14:24:11.174 E/TaskSnapshot_CInjector( 2645): exception:
02-16 14:24:11.174 E/TaskSnapshot_CInjector( 2645): java.lang.NullPointerException: Attempt to invoke virtual method 'boolean com.android.server.wm.Task.isActivityTypeHome()' on a null object reference
02-16 14:24:11.174 E/TaskSnapshot_CInjector( 2645): 	at com.android.server.wm.TaskSnapshotControllerInjectorImpl.doSnapshotQSInternal(TaskSnapshotControllerInjectorImpl.java:82)
02-16 14:24:11.174 E/TaskSnapshot_CInjector( 2645): 	at com.android.server.wm.TaskSnapshotControllerInjectorImpl.lambda$doSnapshotQS$0(TaskSnapshotControllerInjectorImpl.java:66)
02-16 14:24:11.174 E/TaskSnapshot_CInjector( 2645): 	at com.android.server.wm.TaskSnapshotControllerInjectorImpl.$r8$lambda$cV82sgYF05NjSLxuXSzrbTDnshU(Unknown Source:0)
02-16 14:24:11.174 E/TaskSnapshot_CInjector( 2645): 	at com.android.server.wm.TaskSnapshotControllerInjectorImpl$$ExternalSyntheticLambda1.run(D8$$SyntheticClass:0)
02-16 14:24:11.174 E/TaskSnapshot_CInjector( 2645): 	at android.os.Handler.handleCallback(Handler.java:959)
02-16 14:24:11.174 E/TaskSnapshot_CInjector( 2645): 	at android.os.Handler.dispatchMessage(Handler.java:100)
02-16 14:24:11.174 E/TaskSnapshot_CInjector( 2645): 	at android.os.Looper.loopOnce(Looper.java:249)
02-16 14:24:11.174 E/TaskSnapshot_CInjector( 2645): 	at android.os.Looper.loop(Looper.java:337)
02-16 14:24:11.174 E/TaskSnapshot_CInjector( 2645): 	at android.os.HandlerThread.run(HandlerThread.java:85)
02-16 14:24:11.174 E/TaskSnapshot_CInjector( 2645): 	at com.android.server.ServiceThread.run(ServiceThread.java:46)
02-16 14:24:11.238 E/ANDR-PERF-LM( 1460): VmRssMeter:: start() 358: Could not find pid, can not collect vmrss data
02-16 14:24:11.238 E/ANDR-PERF-LM( 1460): AdaptiveLaunch: writeToDataBase() 64: Meter aborted or could not get meter data for this run
02-16 14:24:11.238 E/ANDR-PERF-LM( 1460): VmRssMeter:: start() 358: Could not find pid, can not collect vmrss data
02-16 14:24:11.340 E/libsensor-displayalgo( 2260): value of coefs 5,850.073000,4.965174,-2.685090,1.640057,-4.685160, line 101
02-16 14:24:11.572 E/FramePredict(10696): registerContentObserver fail
02-16 14:24:11.633 E/minksocket( 1308): MinkIPC_QRTR_Service: client with node 1 port 7015 went down
02-16 14:24:11.635 E/minksocket( 1308): MinkIPC_QRTR_Service: client with node 1 port 7016 went down
02-16 14:24:11.635 E/minksocket( 1308): MinkIPC_QRTR_Service: client with node 1 port 7017 went down
02-16 14:24:11.636 E/minksocket( 1308): MinkIPC_QRTR_Service: client with node 1 port 7018 went down
02-16 14:24:11.640 E/libsensor-displayalgo( 2260): value of coefs 5,850.073000,4.965174,-2.685090,1.640057,-4.685160, line 101
02-16 14:24:11.711 E/vendor.qti.hardware.perf-hal-service( 1460): ExtendedPerfBoost: extended_perfboost_verification() 738: Ok, set boost params. hintid=4225 hinttype=1 prio=3, clientpid=2645 packagename=com.pr4y.app.dev params=boost:1 cpu0:1958400 cpu4:2400000 cpumask:ff
02-16 14:24:11.713 E/PreStartUtils( 4043): preLaunchProcess success infoPackage: com.pr4y.app.dev
02-16 14:24:11.717 E/Zygote  (11608): process_name_ptr:11608 com.pr4y.app.dev
02-16 14:24:11.718 E/Zygote  (11608): SetMemoryProtected process_name_ptr:11608 com.pr4y.app.dev
02-16 14:24:11.776 E/ANDR-PERF-LM( 1460): MetaMeter: handleAsync() 166: AdaptLaunch Invalid Async
02-16 14:24:11.779 E/Launcher.application( 4043): setClickAppWaitForCallback = true
02-16 14:24:11.779 E/Launcher.application( 4043): setClickAppWaitForCallback = true
02-16 14:24:11.779 E/Launcher( 4043): superStartActivity   type=13
02-16 14:24:11.782 E/vendor.qti.hardware.perf-hal-service( 1460): ExtendedPerfBoost: extended_perfboost_verification() 738: Ok, set boost params. hintid=4226 hinttype=1 prio=2, clientpid=2645 packagename=com.miui.home params=boost:1 cpu0:1958400 cpu4:2400000 cpumask:ff
02-16 14:24:11.783 E/WindowManager( 2645): setClientVisible ActivityRecord{f16f8cf u0 com.pr4y.app.dev/com.pr4y.app.MainActivity true
02-16 14:24:11.786 E/vendor.qti.hardware.perf-hal-service( 1460): ExtendedPerfBoost: extended_perfboost_verification() 738: Ok, set boost params. hintid=4225 hinttype=1 prio=3, clientpid=2645 packagename=com.pr4y.app.dev params=boost:1 cpu0:1958400 cpu4:2400000 cpumask:ff
02-16 14:24:11.786 E/ANDR-PERF-MPCTL( 1460): Perflock Submit request limit reached.
02-16 14:24:11.786 E/ANDR-PERF-MPCTL( 1460): Perflock Submit request limit reached.
02-16 14:24:11.787 E/ANDR-PERF-MPCTL( 1460): Perflock Submit request limit reached.
02-16 14:24:11.787 E/ANDR-PERF-JNI( 2645): com_qualcomm_qtiperformance_native_perf_io_prefetch_start
02-16 14:24:11.787 E/ANDR-PERF-LM( 1460): MetaMeter: handleAsync() 166: AdaptLaunch Invalid Async
02-16 14:24:11.788 E/ANDR-PERF-LM( 1460): MetaMeter: handleAsync() 166: AdaptLaunch Invalid Async
02-16 14:24:11.789 E/ANDR-PERF-LM( 1460): MetaMeter: handleAsync() 166: AdaptLaunch Invalid Async
02-16 14:24:11.792 E/ANDR-IOP( 1444): io prefetch is disabled
02-16 14:24:11.792 E/ANDR-PERF-MPCTL( 1460): Perflock Submit request limit reached.
02-16 14:24:11.793 E/ANDR-PERF-LM( 1460): MetaMeter: handleAsync() 166: AdaptLaunch Invalid Async
02-16 14:24:11.797 E/ANDR-PERF-MPCTL( 1460): Perflock Submit request limit reached.
02-16 14:24:11.799 E/WindowManager( 2645): setClientVisible ActivityRecord{f16f8cf u0 com.pr4y.app.dev/com.pr4y.app.MainActivity t179} true
02-16 14:24:11.801 E/WindowManager( 2645): setClientVisible ActivityRecord{f16f8cf u0 com.pr4y.app.dev/com.pr4y.app.MainActivity t179} true
02-16 14:24:11.806 E/ANDR-PERF-LM( 1460): MetaMeter: handleAsync() 166: AdaptLaunch Invalid Async
02-16 14:24:11.823 E/HyperSentinel( 2645): -------------------------------------------------------
02-16 14:24:11.823 E/HyperSentinel( 2645): Event_ThreadAmount
02-16 14:24:11.823 E/HyperSentinel( 2645): -> audit event by proc 11608 "usap64": running threads amount, 0 -> 12
02-16 14:24:11.823 E/HyperSentinel( 2645): -------------------------------------------------------
02-16 14:24:11.823 E/HyperSentinel( 2645): Event_ResidentSize
02-16 14:24:11.823 E/HyperSentinel( 2645): -> audit event by proc 11608 "usap64": RSS increasement, peak 71768kb -> 108324kb
02-16 14:24:11.827 E/WindowManager( 2645): setClientVisible ActivityRecord{f16f8cf u0 com.pr4y.app.dev/com.pr4y.app.MainActivity t179} true
02-16 14:24:11.839 E/KeyguardTransitionHandlerImpl( 4422): activityCount = 0
02-16 14:24:11.844 E/WindowTransitionCompat( 4043): startAnimation isFastLaunch = false
02-16 14:24:11.844 E/WindowTransitionCompat( 4043): printLeash::index = 0, root = Surface(name=Transition Root #1209: Task=179#16115)/@0x7064f8c
02-16 14:24:11.845 E/WindowTransitionCompat( 4043): 0, check isClosingType type = 1, mode = 1
02-16 14:24:11.845 E/WindowTransitionCompat( 4043): 1, check isClosingType type = 2, mode = 4
02-16 14:24:11.845 E/ANDR-PERF-MPCTL( 1460): Perflock Submit request limit reached.
02-16 14:24:11.851 E/NativeTurboSchedManagerJni( 2645): ioctl 8 failed!
02-16 14:24:11.859 E/WindowAnimParamsProvider( 4043): getWindowTargetBounds    bounds=Rect(0, 0 - 1220, 2712)
02-16 14:24:11.859 E/ClipAnimationHelper( 4043): updateSourceStack  mSourceInsets=Rect(0, 0 - 0, 0), mSourceStackBounds=Rect(0, 0 - 1220, 2712)
02-16 14:24:11.859 E/ClipAnimationHelper( 4043): updateHomeStack  mSourceInsets=Rect(0, 0 - 0, 0), mHomeStackBounds=Rect(0, 0 - 1220, 2712)
02-16 14:24:11.859 E/ClipAnimationHelper( 4043): updateTargetRect  mSourceRect=RectF(0.0, 0.0, 1220.0, 2712.0)   mTargetRect=RectF(0.0, 0.0, 1220.0, 2712.0)   mSourceWindowClipInsets=RectF(0.0, 0.0, 0.0, 0.0)   mHomeStackBounds=Rect(0, 0 - 1220, 2712)   targetRect=Rect(0, 0 - 1220, 2712)
02-16 14:24:11.861 E/BluetoothAdapterService( 5593): getActiveDevices: LeAudioService is null
02-16 14:24:11.864 E/MultiSpringDynamicAnimationbfa9660( 4043): ERROR Not Found Bundle scaleY
02-16 14:24:11.864 E/Launcher.application( 4043): setClickAppWaitForCallback = false
02-16 14:24:11.867 E/ActivityManagerWrapper( 4043): get all recent tasks force including 179
02-16 14:24:11.872 E/ActivityManagerWrapper( 4043): getRecentTasksForceIncludingTaskIdIfValid: getRecentTasks: size=2
02-16 14:24:11.872 E/ActivityManagerWrapper( 4043):  mainTaskId=179   userId=0   windowMode=1   baseIntent=Intent { act=android.intent.action.MAIN flag=270532608 cmp=ComponentInfo{com.pr4y.app.dev/com.pr4y.app.MainActivity} }
02-16 14:24:11.872 E/ActivityManagerWrapper( 4043):  mainTaskId=174   userId=0   windowMode=1   baseIntent=Intent { act=com.android.camera.action.REVIEW flag=285245440 cmp=ComponentInfo{com.miui.gallery/com.miui.gallery.activity.ExternalPhotoPageActivity} }
02-16 14:24:11.878 E/ANDR-PERF-MPCTL( 1460): Perflock Submit request limit reached.
02-16 14:24:11.879 E/MI-SF   ( 1606): surfaceflinger setAffinity success
02-16 14:24:11.879 E/MI-SF   ( 1606): surfaceflinger setAffinity success
02-16 14:24:11.882 E/BluetoothAdapterService( 5593): getActiveDevices: LeAudioService is null
02-16 14:24:11.906 E/ActivityManagerWrapper( 4043): get all recent tasks force including 179
02-16 14:24:11.908 E/ActivityManagerWrapper( 4043): getRecentTasksForceIncludingTaskIdIfValid: getRecentTasks: size=2
02-16 14:24:11.908 E/ActivityManagerWrapper( 4043):  mainTaskId=179   userId=0   windowMode=1   baseIntent=Intent { act=android.intent.action.MAIN flag=270532608 cmp=ComponentInfo{com.pr4y.app.dev/com.pr4y.app.MainActivity} }
02-16 14:24:11.908 E/ActivityManagerWrapper( 4043):  mainTaskId=174   userId=0   windowMode=1   baseIntent=Intent { act=com.android.camera.action.REVIEW flag=285245440 cmp=ComponentInfo{com.miui.gallery/com.miui.gallery.activity.ExternalPhotoPageActivity} }
02-16 14:24:11.939 E/libsensor-displayalgo( 2260): value of coefs 5,850.073000,4.965174,-2.685090,1.640057,-4.685160, line 101
02-16 14:24:12.028 E/HyperSentinel( 2645): -------------------------------------------------------
02-16 14:24:12.028 E/HyperSentinel( 2645): Event_ResidentSize
02-16 14:24:12.028 E/HyperSentinel( 2645): -> audit event by proc 11608 "usap64": RSS increasement, peak 108324kb -> 162820kb
02-16 14:24:12.177 E/ANDR-PERF-UTIL( 1460): Failed to update node /proc/sys/walt/sched_per_task_boost with value 10405 0
02-16 14:24:12.177 E/ANDR-PERF-OPTSHANDLER( 1460): can't reset task 10405
02-16 14:24:12.177 E/ANDR-PERF-RESOURCEQS( 1460): Failed to reset optimization [3, 32]
02-16 14:24:12.239 E/libsensor-displayalgo( 2260): value of coefs 5,850.073000,4.965174,-2.685090,1.640057,-4.685160, line 101
02-16 14:24:12.412 I/PR4Y_DEBUG(11608): Pr4yApp.onCreate|pkg=com.pr4y.app.dev|pid=11608|uid=10319|userId=0|hypothesisId=H1,H5
02-16 14:24:12.452 E/HyperSentinel( 2645): -------------------------------------------------------
02-16 14:24:12.452 E/HyperSentinel( 2645): Event_ThreadAmount
02-16 14:24:12.452 E/HyperSentinel( 2645): -> audit event by proc 11608 "usap64": running threads amount, 12 -> 23
02-16 14:24:12.483 I/PR4Y_DEBUG(11608): MainActivity.onCreate start|pkg=com.pr4y.app.dev
02-16 14:24:12.515 E/TransactionExecutor(11608): Failed to execute the transaction: tId:1615987859 ClientTransaction{
02-16 14:24:12.515 E/TransactionExecutor(11608): tId:1615987859   transactionItems=[
02-16 14:24:12.515 E/TransactionExecutor(11608): tId:1615987859     LaunchActivityItem{activityToken=android.os.BinderProxy@23c7d60,intent=Intent { act=android.intent.action.MAIN cat=[android.intent.category.LAUNCHER] flg=0x10200000 cmp=com.pr4y.app.dev/com.pr4y.app.MainActivity bnds=[49,29][179,159] (has extras) },ident=253163727,info=ActivityInfo{9b53bc6 com.pr4y.app.MainActivity},curConfig={1.0 730mcc1mnc [es_US] ldltr sw508dp w508dp h1130dp 384dpi lrg long port finger -keyb/v/h -nav/h winConfig={ mBounds=Rect(0, 0 - 1220, 2712) mAppBounds=Rect(0, 0 - 1220, 2712) mMaxBounds=Rect(0, 0 - 1220, 2712) mDisplayRotation=ROTATION_0 mWindowingMode=fullscreen mActivityType=undefined mAlwaysOnTop=undefined mRotation=ROTATION_0 mInSplitScreen=false letterBoxed=false foScaled=false isSpecificEmbedded=false screenType=0} s.2336 fontWeightAdjustment=0/d themeChanged=0 themeChangedFlags=0 extraData = Bundle[EMPTY_PARCEL] screenType=0/0},overrideConfig={1.0 730mcc1mnc [es_US] ldltr sw508dp w508dp h1130dp 384dpi lrg long port finger -keyb/v/h -nav/h winConfig={ mBounds=Rect(0, 0 - 1220, 2712) mAppBounds=Rect(0, 0 - 1220, 2712) mMaxBounds=Rect(0, 0 - 1220, 2712) mDisplayRotation=ROTATION_0 mWindowingMode=fullscreen mActivityType=standard mAlwaysOnTop=undefined mRotation=ROTATION_0 mInSplitScreen=false letterBoxed=false foScaled=false isSpecificEmbedded=false screenType=0} s.2 fontWeightAdjustment=0/d themeChanged=0 themeChangedFlags=0 extraData = Bundle[{}] screenType=0/0},deviceId=0,referrer=com.miui.home,procState=2,state=null,persistentState=null,pendingResults=null,pendingNewIntents=null,sceneTransitionInfo=null,profilerInfo=null,assistToken=android.os.BinderProxy@49f4bab,shareableActivityToken=android.os.BinderProxy@2238208,activityWindowInfo=ActivityWindowInfo{isEmbedded=false, taskBounds=Rect(0, 0 - 1220, 2712), taskFragmentBounds=Rect(0, 0 - 1220, 2712)}}
02-16 14:24:12.515 E/TransactionExecutor(11608): tId:1615987859     ResumeActivityItem{mActivityToken=android.os.BinderProxy@23c7d60,procState=-1,updateProcState=false,isForward=true,shouldSendCompatFakeFocus=false}
02-16 14:24:12.515 E/TransactionExecutor(11608): tId:1615987859     Target activity: com.pr4y.app.MainActivity
02-16 14:24:12.515 E/TransactionExecutor(11608): tId:1615987859   ]
02-16 14:24:12.515 E/TransactionExecutor(11608): tId:1615987859 }
02-16 14:24:12.515 E/HyperSentinel( 2645): -------------------------------------------------------
02-16 14:24:12.515 E/HyperSentinel( 2645): Event_ResidentSize
02-16 14:24:12.515 E/HyperSentinel( 2645): -> audit event by proc 11608 "usap64": RSS increasement, peak 162820kb -> 244332kb
02-16 14:24:12.516 E/AndroidRuntime(11608): FATAL EXCEPTION: main
02-16 14:24:12.516 E/AndroidRuntime(11608): Process: com.pr4y.app.dev, PID: 11608
02-16 14:24:12.516 E/AndroidRuntime(11608): java.lang.RuntimeException: Unable to start activity ComponentInfo{com.pr4y.app.dev/com.pr4y.app.MainActivity}: java.lang.IllegalStateException: You need to use a Theme.AppCompat theme (or descendant) with this activity.
02-16 14:24:12.516 E/AndroidRuntime(11608): 	at android.app.ActivityThread.performLaunchActivity(ActivityThread.java:4418)
02-16 14:24:12.516 E/AndroidRuntime(11608): 	at android.app.ActivityThread.handleLaunchActivity(ActivityThread.java:4639)
02-16 14:24:12.516 E/AndroidRuntime(11608): 	at android.app.servertransaction.LaunchActivityItem.execute(LaunchActivityItem.java:112)
02-16 14:24:12.516 E/AndroidRuntime(11608): 	at android.app.servertransaction.TransactionExecutor.executeNonLifecycleItem(TransactionExecutor.java:186)
02-16 14:24:12.516 E/AndroidRuntime(11608): 	at android.app.servertransaction.TransactionExecutor.executeTransactionItems(TransactionExecutor.java:112)
02-16 14:24:12.516 E/AndroidRuntime(11608): 	at android.app.servertransaction.TransactionExecutor.execute(TransactionExecutor.java:84)
02-16 14:24:12.516 E/AndroidRuntime(11608): 	at android.app.ActivityThread$H.handleMessage(ActivityThread.java:2875)
02-16 14:24:12.516 E/AndroidRuntime(11608): 	at android.os.Handler.dispatchMessage(Handler.java:107)
02-16 14:24:12.516 E/AndroidRuntime(11608): 	at android.os.Looper.loopOnce(Looper.java:249)
02-16 14:24:12.516 E/AndroidRuntime(11608): 	at android.os.Looper.loop(Looper.java:337)
02-16 14:24:12.516 E/AndroidRuntime(11608): 	at android.app.ActivityThread.main(ActivityThread.java:9608)
02-16 14:24:12.516 E/AndroidRuntime(11608): 	at java.lang.reflect.Method.invoke(Native Method)
02-16 14:24:12.516 E/AndroidRuntime(11608): 	at com.android.internal.os.RuntimeInit$MethodAndArgsCaller.run(RuntimeInit.java:615)
02-16 14:24:12.516 E/AndroidRuntime(11608): 	at com.android.internal.os.ZygoteInit.main(ZygoteInit.java:936)
02-16 14:24:12.516 E/AndroidRuntime(11608): Caused by: java.lang.IllegalStateException: You need to use a Theme.AppCompat theme (or descendant) with this activity.
02-16 14:24:12.516 E/AndroidRuntime(11608): 	at androidx.appcompat.app.AppCompatDelegateImpl.createSubDecor(AppCompatDelegateImpl.java:902)
02-16 14:24:12.516 E/AndroidRuntime(11608): 	at androidx.appcompat.app.AppCompatDelegateImpl.ensureSubDecor(AppCompatDelegateImpl.java:865)
02-16 14:24:12.516 E/AndroidRuntime(11608): 	at androidx.appcompat.app.AppCompatDelegateImpl.setContentView(AppCompatDelegateImpl.java:757)
02-16 14:24:12.516 E/AndroidRuntime(11608): 	at androidx.appcompat.app.AppCompatActivity.setContentView(AppCompatActivity.java:209)
02-16 14:24:12.516 E/AndroidRuntime(11608): 	at androidx.activity.compose.ComponentActivityKt.setContent(ComponentActivity.kt:70)
02-16 14:24:12.516 E/AndroidRuntime(11608): 	at androidx.activity.compose.ComponentActivityKt.setContent$default(ComponentActivity.kt:51)
02-16 14:24:12.516 E/AndroidRuntime(11608): 	at com.pr4y.app.MainActivity.onCreate(MainActivity.kt:101)
02-16 14:24:12.516 E/AndroidRuntime(11608): 	at android.app.Activity.performCreate(Activity.java:9224)
02-16 14:24:12.516 E/AndroidRuntime(11608): 	at android.app.Activity.performCreate(Activity.java:9173)
02-16 14:24:12.516 E/AndroidRuntime(11608): 	at android.app.Instrumentation.callActivityOnCreate(Instrumentation.java:1538)
02-16 14:24:12.516 E/AndroidRuntime(11608): 	at android.app.ActivityThread.performLaunchActivity(ActivityThread.java:4400)
02-16 14:24:12.516 E/AndroidRuntime(11608): 	... 13 more
02-16 14:24:12.520 E/JavaExceptionHandler( 7381): Process: com.pr4y.app.dev, PID: 11608
02-16 14:24:12.520 E/JavaExceptionHandler( 7381): java.lang.RuntimeException: Unable to start activity ComponentInfo{com.pr4y.app.dev/com.pr4y.app.MainActivity}: java.lang.IllegalStateException: You need to use a Theme.AppCompat theme (or descendant) with this activity.
02-16 14:24:12.520 E/JavaExceptionHandler( 7381): 	at android.app.ActivityThread.performLaunchActivity(ActivityThread.java:4418)
02-16 14:24:12.520 E/JavaExceptionHandler( 7381): 	at android.app.ActivityThread.handleLaunchActivity(ActivityThread.java:4639)
02-16 14:24:12.520 E/JavaExceptionHandler( 7381): 	at android.app.servertransaction.LaunchActivityItem.execute(LaunchActivityItem.java:112)
02-16 14:24:12.520 E/JavaExceptionHandler( 7381): 	at android.app.servertransaction.TransactionExecutor.executeNonLifecycleItem(TransactionExecutor.java:186)
02-16 14:24:12.520 E/JavaExceptionHandler( 7381): 	at android.app.servertransaction.TransactionExecutor.executeTransactionItems(TransactionExecutor.java:112)
02-16 14:24:12.520 E/JavaExceptionHandler( 7381): 	at android.app.servertransaction.TransactionExecutor.execute(TransactionExecutor.java:84)
02-16 14:24:12.520 E/JavaExceptionHandler( 7381): 	at android.app.ActivityThread$H.handleMessage(ActivityThread.java:2875)
02-16 14:24:12.520 E/JavaExceptionHandler( 7381): 	at android.os.Handler.dispatchMessage(Handler.java:107)
02-16 14:24:12.520 E/JavaExceptionHandler( 7381): 	at android.os.Looper.loopOnce(Looper.java:249)
02-16 14:24:12.520 E/JavaExceptionHandler( 7381): 	at android.os.Looper.loop(Looper.java:337)
02-16 14:24:12.520 E/JavaExceptionHandler( 7381): 	at android.app.ActivityThread.main(ActivityThread.java:9608)
02-16 14:24:12.520 E/JavaExceptionHandler( 7381): 	at java.lang.reflect.Method.invoke(Native Method)
02-16 14:24:12.520 E/JavaExceptionHandler( 7381): 	at com.android.internal.os.RuntimeInit$MethodAndArgsCaller.run(RuntimeInit.java:615)
02-16 14:24:12.520 E/JavaExceptionHandler( 7381): 	at com.android.internal.os.ZygoteInit.main(ZygoteInit.java:936)
02-16 14:24:12.520 E/JavaExceptionHandler( 7381): Caused by: java.lang.IllegalStateException: You need to use a Theme.AppCompat theme (or descendant) with this activity.
02-16 14:24:12.520 E/JavaExceptionHandler( 7381): 	at androidx.appcompat.app.AppCompatDelegateImpl.createSubDecor(AppCompatDelegateImpl.java:902)
02-16 14:24:12.520 E/JavaExceptionHandler( 7381): 	at androidx.appcompat.app.AppCompatDelegateImpl.ensureSubDecor(AppCompatDelegateImpl.java:865)
02-16 14:24:12.520 E/JavaExceptionHandler( 7381): 	at androidx.appcompat.app.AppCompatDelegateImpl.setContentView(AppCompatDelegateImpl.java:757)
02-16 14:24:12.520 E/JavaExceptionHandler( 7381): 	at androidx.appcompat.app.AppCompatActivity.setContentView(AppCompatActivity.java:209)
02-16 14:24:12.520 E/JavaExceptionHandler( 7381): 	at androidx.activity.compose.ComponentActivityKt.setContent(ComponentActivity.kt:70)
02-16 14:24:12.520 E/JavaExceptionHandler( 7381): 	at androidx.activity.compose.ComponentActivityKt.setContent$default(ComponentActivity.kt:51)
02-16 14:24:12.520 E/JavaExceptionHandler( 7381): 	at com.pr4y.app.MainActivity.onCreate(MainActivity.kt:101)
02-16 14:24:12.520 E/JavaExceptionHandler( 7381): 	at android.app.Activity.performCreate(Activity.java:9224)
02-16 14:24:12.520 E/JavaExceptionHandler( 7381): 	at android.app.Activity.performCreate(Activity.java:9173)
02-16 14:24:12.520 E/JavaExceptionHandler( 7381): 	at android.app.Instrumentation.callActivityOnCreate(Instrumentation.java:1538)
02-16 14:24:12.520 E/JavaExceptionHandler( 7381): 	at android.app.ActivityThread.performLaunchActivity(ActivityThread.java:4400)
02-16 14:24:12.520 E/JavaExceptionHandler( 7381): 	... 13 more
02-16 14:24:12.527 E/WindowManager( 2645): setClientVisible ActivityRecord{659c16e u0 com.miui.home/.launcher.Launcher t2} true
02-16 14:24:12.528 E/WindowManager( 2645): setClientVisible WallpaperWindowToken{cf9eac9 token=android.os.Binder@fc09382} true
02-16 14:24:12.528 E/WindowManager( 2645): setClientVisible WallpaperWindowToken{986b648 token=android.os.Binder@1f9a8eb} true
02-16 14:24:12.539 E/libsensor-displayalgo( 2260): value of coefs 5,850.073000,4.965174,-2.685090,1.640057,-4.685160, line 101
02-16 14:24:12.542 E/NativeTurboSchedManagerJni( 2645): ioctl 8 failed!
02-16 14:24:12.549 E/ActivityManagerWrapper( 4043): get all recent tasks force including 174
02-16 14:24:12.552 E/ActivityManagerWrapper( 4043): getRecentTasksForceIncludingTaskIdIfValid: getRecentTasks: size=2
02-16 14:24:12.552 E/ActivityManagerWrapper( 4043):  mainTaskId=179   userId=0   windowMode=1   baseIntent=Intent { act=android.intent.action.MAIN flag=270532608 cmp=ComponentInfo{com.pr4y.app.dev/com.pr4y.app.MainActivity} }
02-16 14:24:12.552 E/ActivityManagerWrapper( 4043):  mainTaskId=174   userId=0   windowMode=1   baseIntent=Intent { act=com.android.camera.action.REVIEW flag=285245440 cmp=ComponentInfo{com.miui.gallery/com.miui.gallery.activity.ExternalPhotoPageActivity} }
