02-16 14:24:22.894 E/AndroidRuntime(11833): 	at android.app.servertransaction.TransactionExecutor.executeNonLifecycleItem(TransactionExecutor.java:186)
02-16 14:24:22.894 E/AndroidRuntime(11833): 	at android.app.servertransaction.TransactionExecutor.executeTransactionItems(TransactionExecutor.java:112)
02-16 14:24:22.894 E/AndroidRuntime(11833): 	at android.app.servertransaction.TransactionExecutor.execute(TransactionExecutor.java:84)
02-16 14:24:22.894 E/AndroidRuntime(11833): 	at android.app.ActivityThread$H.handleMessage(ActivityThread.java:2875)
02-16 14:24:22.894 E/AndroidRuntime(11833): 	at android.os.Handler.dispatchMessage(Handler.java:107)
02-16 14:24:22.894 E/AndroidRuntime(11833): 	at android.os.Looper.loopOnce(Looper.java:249)
02-16 14:24:22.894 E/AndroidRuntime(11833): 	at android.os.Looper.loop(Looper.java:337)
02-16 14:24:22.894 E/AndroidRuntime(11833): 	at android.app.ActivityThread.main(ActivityThread.java:9608)
02-16 14:24:22.894 E/AndroidRuntime(11833): 	at java.lang.reflect.Method.invoke(Native Method)
02-16 14:24:22.894 E/AndroidRuntime(11833): 	at com.android.internal.os.RuntimeInit$MethodAndArgsCaller.run(RuntimeInit.java:615)
02-16 14:24:22.894 E/AndroidRuntime(11833): 	at com.android.internal.os.ZygoteInit.main(ZygoteInit.java:936)
02-16 14:24:22.894 E/AndroidRuntime(11833): Caused by: java.lang.IllegalStateException: You need to use a Theme.AppCompat theme (or descendant) with this activity.
02-16 14:24:22.894 E/AndroidRuntime(11833): 	at androidx.appcompat.app.AppCompatDelegateImpl.createSubDecor(AppCompatDelegateImpl.java:902)
02-16 14:24:22.894 E/AndroidRuntime(11833): 	at androidx.appcompat.app.AppCompatDelegateImpl.ensureSubDecor(AppCompatDelegateImpl.java:865)
02-16 14:24:22.894 E/AndroidRuntime(11833): 	at androidx.appcompat.app.AppCompatDelegateImpl.setContentView(AppCompatDelegateImpl.java:757)
02-16 14:24:22.894 E/AndroidRuntime(11833): 	at androidx.appcompat.app.AppCompatActivity.setContentView(AppCompatActivity.java:209)
02-16 14:24:22.894 E/AndroidRuntime(11833): 	at androidx.activity.compose.ComponentActivityKt.setContent(ComponentActivity.kt:70)
02-16 14:24:22.894 E/AndroidRuntime(11833): 	at androidx.activity.compose.ComponentActivityKt.setContent$default(ComponentActivity.kt:51)
02-16 14:24:22.894 E/AndroidRuntime(11833): 	at com.pr4y.app.MainActivity.onCreate(MainActivity.kt:101)
02-16 14:24:22.894 E/AndroidRuntime(11833): 	at android.app.Activity.performCreate(Activity.java:9224)
02-16 14:24:22.894 E/AndroidRuntime(11833): 	at android.app.Activity.performCreate(Activity.java:9173)
02-16 14:24:22.894 E/AndroidRuntime(11833): 	at android.app.Instrumentation.callActivityOnCreate(Instrumentation.java:1538)
02-16 14:24:22.894 E/AndroidRuntime(11833): 	at android.app.ActivityThread.performLaunchActivity(ActivityThread.java:4400)
02-16 14:24:22.894 E/AndroidRuntime(11833): 	... 13 more
02-16 14:24:22.899 E/JavaExceptionHandler( 7381): Process: com.pr4y.app.dev, PID: 11833
02-16 14:24:22.899 E/JavaExceptionHandler( 7381): java.lang.RuntimeException: Unable to start activity ComponentInfo{com.pr4y.app.dev/com.pr4y.app.MainActivity}: java.lang.IllegalStateException: You need to use a Theme.AppCompat theme (or descendant) with this activity.
02-16 14:24:22.899 E/JavaExceptionHandler( 7381): 	at android.app.ActivityThread.performLaunchActivity(ActivityThread.java:4418)
02-16 14:24:22.899 E/JavaExceptionHandler( 7381): 	at android.app.ActivityThread.handleLaunchActivity(ActivityThread.java:4639)
02-16 14:24:22.899 E/JavaExceptionHandler( 7381): 	at android.app.servertransaction.LaunchActivityItem.execute(LaunchActivityItem.java:112)
02-16 14:24:22.899 E/JavaExceptionHandler( 7381): 	at android.app.servertransaction.TransactionExecutor.executeNonLifecycleItem(TransactionExecutor.java:186)
02-16 14:24:22.899 E/JavaExceptionHandler( 7381): 	at android.app.servertransaction.TransactionExecutor.executeTransactionItems(TransactionExecutor.java:112)
02-16 14:24:22.899 E/JavaExceptionHandler( 7381): 	at android.app.servertransaction.TransactionExecutor.execute(TransactionExecutor.java:84)
02-16 14:24:22.899 E/JavaExceptionHandler( 7381): 	at android.app.ActivityThread$H.handleMessage(ActivityThread.java:2875)
02-16 14:24:22.899 E/JavaExceptionHandler( 7381): 	at android.os.Handler.dispatchMessage(Handler.java:107)
02-16 14:24:22.899 E/JavaExceptionHandler( 7381): 	at android.os.Looper.loopOnce(Looper.java:249)
02-16 14:24:22.899 E/JavaExceptionHandler( 7381): 	at android.os.Looper.loop(Looper.java:337)
02-16 14:24:22.899 E/JavaExceptionHandler( 7381): 	at android.app.ActivityThread.main(ActivityThread.java:9608)
02-16 14:24:22.899 E/JavaExceptionHandler( 7381): 	at java.lang.reflect.Method.invoke(Native Method)
02-16 14:24:22.899 E/JavaExceptionHandler( 7381): 	at com.android.internal.os.RuntimeInit$MethodAndArgsCaller.run(RuntimeInit.java:615)
02-16 14:24:22.899 E/JavaExceptionHandler( 7381): 	at com.android.internal.os.ZygoteInit.main(ZygoteInit.java:936)
02-16 14:24:22.899 E/JavaExceptionHandler( 7381): Caused by: java.lang.IllegalStateException: You need to use a Theme.AppCompat theme (or descendant) with this activity.
02-16 14:24:22.899 E/JavaExceptionHandler( 7381): 	at androidx.appcompat.app.AppCompatDelegateImpl.createSubDecor(AppCompatDelegateImpl.java:902)
02-16 14:24:22.899 E/JavaExceptionHandler( 7381): 	at androidx.appcompat.app.AppCompatDelegateImpl.ensureSubDecor(AppCompatDelegateImpl.java:865)
02-16 14:24:22.899 E/JavaExceptionHandler( 7381): 	at androidx.appcompat.app.AppCompatDelegateImpl.setContentView(AppCompatDelegateImpl.java:757)
02-16 14:24:22.899 E/JavaExceptionHandler( 7381): 	at androidx.appcompat.app.AppCompatActivity.setContentView(AppCompatActivity.java:209)
02-16 14:24:22.899 E/JavaExceptionHandler( 7381): 	at androidx.activity.compose.ComponentActivityKt.setContent(ComponentActivity.kt:70)
02-16 14:24:22.899 E/JavaExceptionHandler( 7381): 	at androidx.activity.compose.ComponentActivityKt.setContent$default(ComponentActivity.kt:51)
02-16 14:24:22.899 E/JavaExceptionHandler( 7381): 	at com.pr4y.app.MainActivity.onCreate(MainActivity.kt:101)
02-16 14:24:22.899 E/JavaExceptionHandler( 7381): 	at android.app.Activity.performCreate(Activity.java:9224)
02-16 14:24:22.899 E/JavaExceptionHandler( 7381): 	at android.app.Activity.performCreate(Activity.java:9173)
02-16 14:24:22.899 E/JavaExceptionHandler( 7381): 	at android.app.Instrumentation.callActivityOnCreate(Instrumentation.java:1538)
02-16 14:24:22.899 E/JavaExceptionHandler( 7381): 	at android.app.ActivityThread.performLaunchActivity(ActivityThread.java:4400)
02-16 14:24:22.899 E/JavaExceptionHandler( 7381): 	... 13 more
02-16 14:24:22.910 E/WindowManager( 2645): setClientVisible ActivityRecord{659c16e u0 com.miui.home/.launcher.Launcher t2} true
02-16 14:24:22.911 E/WindowManager( 2645): setClientVisible WallpaperWindowToken{cf9eac9 token=android.os.Binder@fc09382} false
02-16 14:24:22.911 E/WindowManager( 2645): setClientVisible WallpaperWindowToken{986b648 token=android.os.Binder@1f9a8eb} false
02-16 14:24:22.930 E/WindowManager( 2645): setClientVisible WallpaperWindowToken{cf9eac9 token=android.os.Binder@fc09382} true
02-16 14:24:22.930 E/WindowManager( 2645): setClientVisible WallpaperWindowToken{986b648 token=android.os.Binder@1f9a8eb} true
02-16 14:24:22.962 E/ActivityManagerWrapper( 4043): get all recent tasks force including 174
02-16 14:24:22.970 E/ActivityManagerWrapper( 4043): getRecentTasksForceIncludingTaskIdIfValid: getRecentTasks: size=3
02-16 14:24:22.970 E/ActivityManagerWrapper( 4043):  mainTaskId=181   userId=0   windowMode=1   baseIntent=Intent { act=android.intent.action.MAIN flag=270532608 cmp=ComponentInfo{com.pr4y.app.dev/com.pr4y.app.MainActivity} }
02-16 14:24:22.970 E/ActivityManagerWrapper( 4043):  mainTaskId=180   userId=0   windowMode=1   baseIntent=Intent { act=miui.intent.action.FC_PREVIEW flag=276824064 cmp=ComponentInfo{com.miui.bugreport/com.miui.bugreport.ui.MiuiFcPreviewActivity} }
02-16 14:24:22.970 E/ActivityManagerWrapper( 4043):  mainTaskId=174   userId=0   windowMode=1   baseIntent=Intent { act=com.android.camera.action.REVIEW flag=285245440 cmp=ComponentInfo{com.miui.gallery/com.miui.gallery.activity.ExternalPhotoPageActivity} }
02-16 14:24:22.978 E/FrameEvents( 4043): addRelease: Did not find frame.
02-16 14:24:22.990 E/SmartAppAssistant(10153): SystemUtil get  applicationInfo fail
02-16 14:24:23.013 E/vendor.qti.hardware.perf-hal-service( 1460): ExtendedPerfBoost: extended_perfboost_verification() 738: Ok, set boost params. hintid=4226 hinttype=1 prio=2, clientpid=2645 packagename=com.miui.home params=boost:1 cpu0:1958400 cpu4:2400000 cpumask:ff
02-16 14:24:23.021 E/WindowManager( 2645): setClientVisible ActivityRecord{659c16e u0 com.miui.home/.launcher.Launcher t2} true
02-16 14:24:23.023 E/Launcher.application( 4043): setClickAppWaitForCallback = false
02-16 14:24:23.035 E/WindowManager( 2645):  source = Task{6684562 #181 type=standard A=10319:com.pr4y.app.dev} excludeMiuiNavBar = true excludeMiuiStatusBar = true excludeIme = false excludeNavBar = true miuiNavSurfaceControl = Surface(name=Miui Fake NavBar#51)/@0xa93b015 miuiStatusSurfaceControl = Surface(name=Miui Fake StatusBar#50)/@0xc839f1e
02-16 14:24:23.058 E/KeyguardTransitionHandlerImpl( 4422): activityCount = 0
02-16 14:24:23.058 E/KeyguardTransitionHandlerImpl( 4422): activityCount = 0
02-16 14:24:23.058 E/SurfaceFlinger( 1606): Out of order buffers detected for RequestedLayerState{com.miui.home/com.miui.home.launcher.Launcher#16156 parentId=84} producedId=397 frameNumber=15 -> producedId=397 frameNumber=2
02-16 14:24:23.061 E/onWindowDecorRectChanged( 4422): start size:0
02-16 14:24:23.061 E/FrameEvents( 4043): addRelease: Did not find frame.
02-16 14:24:23.064 E/ANDR-PERF-LM( 1460): VmRssMeter:: start() 358: Could not find pid, can not collect vmrss data
02-16 14:24:23.064 E/ANDR-PERF-LM( 1460): AdaptiveLaunch: writeToDataBase() 64: Meter aborted or could not get meter data for this run
02-16 14:24:23.066 E/WindowTransitionCompat( 4043): TransitionTest wrapRemoteTransition
02-16 14:24:23.066 E/WindowTransitionCompat( 4043): startAnimation isFastLaunch = false
02-16 14:24:23.067 E/WindowTransitionCompat( 4043): printLeash::index = 0, root = Surface(name=Transition Root #1214: Task=1#16183)/@0x4c3e9f2
02-16 14:24:23.067 E/WindowTransitionCompat( 4043): 0, check isClosingType type = 2, mode = 3
02-16 14:24:23.067 E/WindowTransitionCompat( 4043): 1, check isClosingType type = 1, mode = 2
02-16 14:24:23.069 E/ActivityManagerWrapper( 4043): get all recent tasks force including 174
02-16 14:24:23.073 E/ANDR-PERF-LM( 1460): VmRssMeter:: start() 358: Could not find pid, can not collect vmrss data
02-16 14:24:23.075 E/ActivityManagerWrapper( 4043): getRecentTasksForceIncludingTaskIdIfValid: getRecentTasks: size=2
02-16 14:24:23.075 E/ActivityManagerWrapper( 4043):  mainTaskId=181   userId=0   windowMode=1   baseIntent=Intent { act=android.intent.action.MAIN flag=270532608 cmp=ComponentInfo{com.pr4y.app.dev/com.pr4y.app.MainActivity} }
02-16 14:24:23.075 E/ActivityManagerWrapper( 4043):  mainTaskId=174   userId=0   windowMode=1   baseIntent=Intent { act=com.android.camera.action.REVIEW flag=285245440 cmp=ComponentInfo{com.miui.gallery/com.miui.gallery.activity.ExternalPhotoPageActivity} }
02-16 14:24:23.075 E/BluetoothAdapterService( 5593): getActiveDevices: LeAudioService is null
02-16 14:24:23.088 E/WindowAnimParamsProvider( 4043): getWindowTargetBounds    bounds=Rect(0, 0 - 1220, 2712)
02-16 14:24:23.090 E/StateNotifyUtils( 4043): sendFsStateBroadCast state=closeWindow   channel=navigation_bar   packageName=
02-16 14:24:23.091 E/ClipAnimationHelper( 4043): updateSourceStack  mSourceInsets=Rect(0, 0 - 0, 0), mSourceStackBounds=Rect(0, 0 - 1220, 2712)
02-16 14:24:23.091 E/ClipAnimationHelper( 4043): updateHomeStack  mSourceInsets=Rect(0, 0 - 0, 0), mHomeStackBounds=Rect(0, 0 - 1220, 2712)
02-16 14:24:23.091 E/ClipAnimationHelper( 4043): updateTargetRect  mSourceRect=RectF(0.0, 0.0, 1220.0, 2712.0)   mTargetRect=RectF(0.0, 0.0, 1220.0, 2712.0)   mSourceWindowClipInsets=RectF(0.0, 0.0, 0.0, 0.0)   mHomeStackBounds=Rect(0, 0 - 1220, 2712)   targetRect=Rect(0, 0 - 1220, 2712)
02-16 14:24:23.097 E/MultiSpringDynamicAnimationbfa9660( 4043): ERROR Not Found Bundle scaleY
02-16 14:24:23.100 E/SurfaceFlinger( 1606): Out of order buffers detected for RequestedLayerState{com.miui.home/com.miui.home.launcher.Launcher#16156 parentId=84} producedId=397 frameNumber=15 -> producedId=397 frameNumber=3
02-16 14:24:23.106 E/MI-SF   ( 1606): surfaceflinger setAffinity success
02-16 14:24:23.106 E/MI-SF   ( 1606): surfaceflinger setAffinity success
02-16 14:24:23.107 E/ActivityManagerWrapper( 4043): get all recent tasks force including 174
02-16 14:24:23.110 E/ActivityManagerWrapper( 4043): getRecentTasksForceIncludingTaskIdIfValid: getRecentTasks: size=2
02-16 14:24:23.110 E/ActivityManagerWrapper( 4043):  mainTaskId=181   userId=0   windowMode=1   baseIntent=Intent { act=android.intent.action.MAIN flag=270532608 cmp=ComponentInfo{com.pr4y.app.dev/com.pr4y.app.MainActivity} }
02-16 14:24:23.110 E/ActivityManagerWrapper( 4043):  mainTaskId=174   userId=0   windowMode=1   baseIntent=Intent { act=com.android.camera.action.REVIEW flag=285245440 cmp=ComponentInfo{com.miui.gallery/com.miui.gallery.activity.ExternalPhotoPageActivity} }
02-16 14:24:23.113 E/MI-SF   ( 1606): surfaceflinger setAffinity success
02-16 14:24:23.117 E/SurfaceFlinger( 1606): Out of order buffers detected for RequestedLayerState{com.miui.home/com.miui.home.launcher.Launcher#16156 parentId=84} producedId=397 frameNumber=15 -> producedId=397 frameNumber=4
02-16 14:24:23.122 E/MI-SF   ( 1606): surfaceflinger setAffinity success
02-16 14:24:23.122 E/MI-SF   ( 1606): surfaceflinger setAffinity success
02-16 14:24:23.140 E/libsensor-displayalgo( 2260): value of coefs 5,850.073000,4.965174,-2.685090,1.640057,-4.685160, line 101
02-16 14:24:23.146 E/Zygote  (12305): process_name_ptr:12305 com.miui.weather2
02-16 14:24:23.146 E/Zygote  (12305): SetMemoryProtected process_name_ptr:12305 com.miui.weather2
02-16 14:24:23.252 E/m.miui.weather2(12305): hiddenapi: Accessing hidden method Landroid/content/pm/ApplicationInfo;->isAllowedToUseHiddenApis()Z (runtime_flags=0, domain=platform, api=max-target-o) from Lg8/a; (domain=app, TargetSdkVersion=34) using reflection: denied
02-16 14:24:23.253 E/m.miui.weather2(12305): hiddenapi: Accessing hidden field Landroid/app/ResourcesManager;->mLock:Ljava/lang/Object; (runtime_flags=0, domain=platform, api=blocked) from Lg8/a; (domain=app, TargetSdkVersion=34) using reflection: denied
02-16 14:24:23.292 E/SurfaceFlinger( 1606): Out of order buffers detected for RequestedLayerState{com.miui.home/com.miui.home.launcher.Launcher#16156 parentId=84} producedId=397 frameNumber=15 -> producedId=397 frameNumber=5
02-16 14:24:23.300 E/SurfaceFlinger( 1606): Out of order buffers detected for RequestedLayerState{com.miui.home/com.miui.home.launcher.Launcher#16156 parentId=84} producedId=397 frameNumber=15 -> producedId=397 frameNumber=6
02-16 14:24:23.309 E/SurfaceFlinger( 1606): Out of order buffers detected for RequestedLayerState{com.miui.home/com.miui.home.launcher.Launcher#16156 parentId=84} producedId=397 frameNumber=15 -> producedId=397 frameNumber=7
02-16 14:24:23.439 E/libsensor-displayalgo( 2260): value of coefs 5,850.073000,4.965174,-2.685090,1.640057,-4.685160, line 101
02-16 14:24:23.739 E/libsensor-displayalgo( 2260): value of coefs 5,850.073000,4.965174,-2.685090,1.640057,-4.685160, line 101
02-16 14:24:23.885 E/SurfaceFlinger( 1606): Out of order buffers detected for RequestedLayerState{com.miui.home/com.miui.home.launcher.Launcher#16156 parentId=84} producedId=397 frameNumber=15 -> producedId=397 frameNumber=8
02-16 14:24:23.886 E/WindowTransitionCompat( 4043): com.android.systemui.shared.recents.system.WindowTransitionCompat@b0b1f7c finishTransition toHome = true
02-16 14:24:23.887 E/MI-SF   ( 1606): surfaceflinger setAffinity success
02-16 14:24:23.889 E/WindowManager( 2645): setClientVisible ActivityRecord{77e1d6 u0 com.pr4y.app.dev/com.pr4y.app.MainActivity t181 f} isExiting} false
02-16 14:24:23.890 E/RotationHelper( 4043): setCurrentTransitionRequest: request=0
02-16 14:24:23.893 E/SurfaceFlinger( 1606): Out of order buffers detected for RequestedLayerState{com.miui.home/com.miui.home.launcher.Launcher#16156 parentId=84} producedId=397 frameNumber=15 -> producedId=397 frameNumber=9
02-16 14:24:23.896 E/NativeTurboSchedManagerJni( 2645): ioctl 8 failed!
02-16 14:24:23.898 E/ActivityManagerWrapper( 4043): get all recent tasks force including 174
02-16 14:24:23.901 E/ActivityManagerWrapper( 4043): getRecentTasksForceIncludingTaskIdIfValid: getRecentTasks: size=2
02-16 14:24:23.901 E/ActivityManagerWrapper( 4043):  mainTaskId=181   userId=0   windowMode=1   baseIntent=Intent { act=android.intent.action.MAIN flag=270532608 cmp=ComponentInfo{com.pr4y.app.dev/com.pr4y.app.MainActivity} }
02-16 14:24:23.901 E/ActivityManagerWrapper( 4043):  mainTaskId=174   userId=0   windowMode=1   baseIntent=Intent { act=com.android.camera.action.REVIEW flag=285245440 cmp=ComponentInfo{com.miui.gallery/com.miui.gallery.activity.ExternalPhotoPageActivity} }
02-16 14:24:24.040 E/libsensor-displayalgo( 2260): value of coefs 5,850.073000,4.965174,-2.685090,1.640057,-4.685160, line 101
02-16 14:24:24.342 E/libsensor-displayalgo( 2260): value of coefs 5,850.073000,4.965174,-2.685090,1.640057,-4.685160, line 101
