02-16 14:24:12.572 E/SmartAppAssistant(10153): SystemUtil get  applicationInfo fail
02-16 14:24:12.626 E/WindowTransitionCompat( 4043): com.android.systemui.shared.recents.system.WindowTransitionCompat@8d9b8a2 finishTransition toHome = false
02-16 14:24:12.636 E/sensors-hal( 1397): handle_sns_client_event:57, har-sensor-hal: time=60073469350462 data 0.000000
02-16 14:24:12.637 E/MI-SF   ( 1606): surfaceflinger setAffinity success
02-16 14:24:12.643 E/BluetoothUtils( 5593): isDeepDozeMode? false
02-16 14:24:12.728 E/WifiClientModeImpl[6737054:wlan0]( 2645): Failed to get mlo info
02-16 14:24:12.738 E/MI-SF   ( 1606): surfaceflinger setAffinity success
02-16 14:24:12.738 E/MI-SF   ( 1606): surfaceflinger setAffinity success
02-16 14:24:12.744 E/MI-SF   ( 1606): surfaceflinger setAffinity success
02-16 14:24:12.831 E/ANDR-PERF-LM( 1460): VmRssMeter:: start() 358: Could not find pid, can not collect vmrss data
02-16 14:24:12.831 E/ANDR-PERF-LM( 1460): AdaptiveLaunch: writeToDataBase() 64: Meter aborted or could not get meter data for this run
02-16 14:24:12.839 E/libsensor-displayalgo( 2260): value of coefs 5,850.073000,4.965174,-2.685090,1.640057,-4.685160, line 101
02-16 14:24:12.842 E/ANDR-PERF-LM( 1460): VmRssMeter:: start() 358: Could not find pid, can not collect vmrss data
02-16 14:24:13.027 E/vendor.qti.hardware.perf-hal-service( 1460): ExtendedPerfBoost: extended_perfboost_verification() 738: Ok, set boost params. hintid=4226 hinttype=1 prio=2, clientpid=2645 packagename=com.miui.home params=boost:1 cpu0:1958400 cpu4:2400000 cpumask:ff
02-16 14:24:13.028 E/vendor.qti.hardware.perf-hal-service( 1460): ExtendedPerfBoost: extended_perfboost_verification() 738: Ok, set boost params. hintid=4227 hinttype=-1 prio=1, clientpid=2645 packagename=com.miui.home params=boost:1 cpu0:1958400 cpu4:2400000 cpumask:ff
02-16 14:24:13.033 E/onWindowDecorRectChanged( 4422): start size:0
02-16 14:24:13.035 E/Launcher.application( 4043): setClickAppWaitForCallback = false
02-16 14:24:13.037 E/WindowManager( 2645):  source = Task{b4d1848 #179 type=standard A=10319:com.pr4y.app.dev} excludeMiuiNavBar = true excludeMiuiStatusBar = true excludeIme = false excludeNavBar = true miuiNavSurfaceControl = Surface(name=Miui Fake NavBar#51)/@0xa93b015 miuiStatusSurfaceControl = Surface(name=Miui Fake StatusBar#50)/@0xc839f1e
02-16 14:24:13.044 E/KeyguardTransitionHandlerImpl( 4422): activityCount = 0
02-16 14:24:13.044 E/KeyguardTransitionHandlerImpl( 4422): activityCount = 0
02-16 14:24:13.048 E/MI-SF   ( 1606): surfaceflinger setAffinity success
02-16 14:24:13.048 E/MI-SF   ( 1606): surfaceflinger setAffinity success
02-16 14:24:13.055 E/MI-SF   ( 1606): surfaceflinger setAffinity success
02-16 14:24:13.058 E/WindowTransitionCompat( 4043): TransitionTest wrapRemoteTransition
02-16 14:24:13.058 E/WindowTransitionCompat( 4043): startAnimation isFastLaunch = false
02-16 14:24:13.059 E/WindowTransitionCompat( 4043): printLeash::index = 0, root = Surface(name=Transition Root #1210: Task=1#16132)/@0x96e3da1
02-16 14:24:13.060 E/WindowTransitionCompat( 4043): 0, check isClosingType type = 2, mode = 3
02-16 14:24:13.060 E/WindowTransitionCompat( 4043): 1, check isClosingType type = 1, mode = 2
02-16 14:24:13.067 E/BluetoothAdapterService( 5593): getActiveDevices: LeAudioService is null
02-16 14:24:13.070 E/WindowAnimParamsProvider( 4043): getWindowTargetBounds    bounds=Rect(0, 0 - 1220, 2712)
02-16 14:24:13.074 E/ClipAnimationHelper( 4043): updateSourceStack  mSourceInsets=Rect(0, 0 - 0, 0), mSourceStackBounds=Rect(0, 0 - 1220, 2712)
02-16 14:24:13.074 E/ClipAnimationHelper( 4043): updateHomeStack  mSourceInsets=Rect(0, 0 - 0, 0), mHomeStackBounds=Rect(0, 0 - 1220, 2712)
02-16 14:24:13.074 E/ClipAnimationHelper( 4043): updateTargetRect  mSourceRect=RectF(0.0, 0.0, 1220.0, 2712.0)   mTargetRect=RectF(0.0, 0.0, 1220.0, 2712.0)   mSourceWindowClipInsets=RectF(0.0, 0.0, 0.0, 0.0)   mHomeStackBounds=Rect(0, 0 - 1220, 2712)   targetRect=Rect(0, 0 - 1220, 2712)
02-16 14:24:13.079 E/MultiSpringDynamicAnimationbfa9660( 4043): ERROR Not Found Bundle scaleY
02-16 14:24:13.083 E/StateNotifyUtils( 4043): sendFsStateBroadCast state=closeWindow   channel=navigation_bar   packageName=
02-16 14:24:13.090 E/MI-SF   ( 1606): surfaceflinger setAffinity success
02-16 14:24:13.090 E/MI-SF   ( 1606): surfaceflinger setAffinity success
02-16 14:24:13.093 E/FenceTime( 4043): FenceTime::applyTrustedSnapshot: signalTime mismatch. (41261678634987 (old) != -1 (new))
02-16 14:24:13.133 E/NativeTurboSchedManagerJni( 2645): ioctl 8 failed!
02-16 14:24:13.135 E/ActivityManagerWrapper( 4043): get all recent tasks force including 174
02-16 14:24:13.137 E/ActivityManagerWrapper( 4043): getRecentTasksForceIncludingTaskIdIfValid: getRecentTasks: size=2
02-16 14:24:13.137 E/ActivityManagerWrapper( 4043):  mainTaskId=179   userId=0   windowMode=1   baseIntent=Intent { act=android.intent.action.MAIN flag=270532608 cmp=ComponentInfo{com.pr4y.app.dev/com.pr4y.app.MainActivity} }
02-16 14:24:13.137 E/ActivityManagerWrapper( 4043):  mainTaskId=174   userId=0   windowMode=1   baseIntent=Intent { act=com.android.camera.action.REVIEW flag=285245440 cmp=ComponentInfo{com.miui.gallery/com.miui.gallery.activity.ExternalPhotoPageActivity} }
02-16 14:24:13.139 E/libsensor-displayalgo( 2260): value of coefs 5,850.073000,4.965174,-2.685090,1.640057,-4.685160, line 101
02-16 14:24:13.439 E/libsensor-displayalgo( 2260): value of coefs 5,850.073000,4.965174,-2.685090,1.640057,-4.685160, line 101
02-16 14:24:13.739 E/libsensor-displayalgo( 2260): value of coefs 5,850.073000,4.965174,-2.685090,1.640057,-4.685160, line 101
02-16 14:24:13.829 E/RTMode  ( 2645): pkgName: android has no permission
02-16 14:24:13.880 E/WindowTransitionCompat( 4043): com.android.systemui.shared.recents.system.WindowTransitionCompat@2a63a5f finishTransition toHome = true
02-16 14:24:13.882 E/MI-SF   ( 1606): surfaceflinger setAffinity success
02-16 14:24:13.893 E/WindowManager( 2645): setClientVisible ActivityRecord{f16f8cf u0 com.pr4y.app.dev/com.pr4y.app.MainActivity t179 f}} false
02-16 14:24:13.894 E/RotationHelper( 4043): setCurrentTransitionRequest: request=0
02-16 14:24:13.906 E/NativeTurboSchedManagerJni( 2645): ioctl 8 failed!
02-16 14:24:13.910 E/ActivityManagerWrapper( 4043): get all recent tasks force including 174
02-16 14:24:13.914 E/ActivityManagerWrapper( 4043): getRecentTasksForceIncludingTaskIdIfValid: getRecentTasks: size=2
02-16 14:24:13.914 E/ActivityManagerWrapper( 4043):  mainTaskId=179   userId=0   windowMode=1   baseIntent=Intent { act=android.intent.action.MAIN flag=270532608 cmp=ComponentInfo{com.pr4y.app.dev/com.pr4y.app.MainActivity} }
02-16 14:24:13.914 E/ActivityManagerWrapper( 4043):  mainTaskId=174   userId=0   windowMode=1   baseIntent=Intent { act=com.android.camera.action.REVIEW flag=285245440 cmp=ComponentInfo{com.miui.gallery/com.miui.gallery.activity.ExternalPhotoPageActivity} }
02-16 14:24:13.944 E/WindowManager( 2645): setClientVisible ActivityRecord{fe5635 u0 com.miui.bugreport/.ui.MiuiFcPreviewActivity true
02-16 14:24:13.949 E/MI-SF   ( 1606): surfaceflinger setAffinity success
02-16 14:24:13.950 E/MI-SF   ( 1606): surfaceflinger setAffinity success
02-16 14:24:13.951 E/ANDR-PERF-LM( 1460): MetaMeter: handleAsync() 166: AdaptLaunch Invalid Async
02-16 14:24:13.956 E/MI-SF   ( 1606): surfaceflinger setAffinity success
02-16 14:24:13.957 E/vendor.qti.hardware.perf-hal-service( 1460): ExtendedPerfBoost: extended_perfboost_verification() 738: Ok, set boost params. hintid=4226 hinttype=1 prio=2, clientpid=2645 packagename=com.miui.bugreport params=boost:1 cpu0:1958400 cpu4:2400000 cpumask:ff
02-16 14:24:13.973 E/vendor.qti.hardware.perf-hal-service( 1460): ExtendedPerfBoost: extended_perfboost_verification() 738: Ok, set boost params. hintid=4226 hinttype=1 prio=2, clientpid=2645 packagename=com.miui.bugreport params=boost:1 cpu0:1958400 cpu4:2400000 cpumask:ff
02-16 14:24:13.975 E/ANDR-PERF-LM( 1460): MetaMeter: handleAsync() 166: AdaptLaunch Invalid Async
02-16 14:24:13.975 E/WindowManager( 2645): setClientVisible ActivityRecord{fe5635 u0 com.miui.bugreport/.ui.MiuiFcPreviewActivity t180} true
02-16 14:24:13.983 E/WindowManager( 2645): setClientVisible ActivityRecord{fe5635 u0 com.miui.bugreport/.ui.MiuiFcPreviewActivity t180} true
02-16 14:24:14.007 E/WindowManager( 2645): setClientVisible ActivityRecord{fe5635 u0 com.miui.bugreport/.ui.MiuiFcPreviewActivity t180} true
02-16 14:24:14.015 E/KeyguardTransitionHandlerImpl( 4422): activityCount = 0
02-16 14:24:14.015 E/KeyguardTransitionHandlerImpl( 4422): activityCount = 0
02-16 14:24:14.029 E/ActivityManagerWrapper( 4043): get all recent tasks force including 180
02-16 14:24:14.041 E/libsensor-displayalgo( 2260): value of coefs 5,850.073000,4.965174,-2.685090,1.640057,-4.685160, line 101
02-16 14:24:14.042 E/ActivityManagerWrapper( 4043): getRecentTasksForceIncludingTaskIdIfValid: getRecentTasks: size=3
02-16 14:24:14.042 E/ActivityManagerWrapper( 4043):  mainTaskId=180   userId=0   windowMode=1   baseIntent=Intent { act=miui.intent.action.FC_PREVIEW flag=276824064 cmp=ComponentInfo{com.miui.bugreport/com.miui.bugreport.ui.MiuiFcPreviewActivity} }
02-16 14:24:14.042 E/ActivityManagerWrapper( 4043):  mainTaskId=179   userId=0   windowMode=1   baseIntent=Intent { act=android.intent.action.MAIN flag=270532608 cmp=ComponentInfo{com.pr4y.app.dev/com.pr4y.app.MainActivity} }
02-16 14:24:14.042 E/ActivityManagerWrapper( 4043):  mainTaskId=174   userId=0   windowMode=1   baseIntent=Intent { act=com.android.camera.action.REVIEW flag=285245440 cmp=ComponentInfo{com.miui.gallery/com.miui.gallery.activity.ExternalPhotoPageActivity} }
02-16 14:24:14.050 E/onWindowDecorRectChanged( 4422): start size:1
02-16 14:24:14.050 E/onWindowDecorRectChanged( 4422): windowDecorRect: Rect(535, 10 - 684, 128)
02-16 14:24:14.054 E/MI-SF   ( 1606): surfaceflinger setAffinity success
02-16 14:24:14.054 E/MI-SF   ( 1606): surfaceflinger setAffinity success
02-16 14:24:14.076 E/BluetoothAdapterService( 5593): getActiveDevices: LeAudioService is null
02-16 14:24:14.082 E/ANDR-PERF-LM( 1460): VmRssMeter:: start() 358: Could not find pid, can not collect vmrss data
02-16 14:24:14.086 E/ANDR-PERF-LM( 1460): VmRssMeter:: start() 358: Could not find pid, can not collect vmrss data
02-16 14:24:14.086 E/ANDR-PERF-LM( 1460): AdaptiveLaunch: writeToDataBase() 64: Meter aborted or could not get meter data for this run
02-16 14:24:14.108 E/ActivityManagerWrapper( 4043): get all recent tasks force including 180
02-16 14:24:14.111 E/ActivityManagerWrapper( 4043): getRecentTasksForceIncludingTaskIdIfValid: getRecentTasks: size=3
02-16 14:24:14.111 E/ActivityManagerWrapper( 4043):  mainTaskId=180   userId=0   windowMode=1   baseIntent=Intent { act=miui.intent.action.FC_PREVIEW flag=276824064 cmp=ComponentInfo{com.miui.bugreport/com.miui.bugreport.ui.MiuiFcPreviewActivity} }
02-16 14:24:14.111 E/ActivityManagerWrapper( 4043):  mainTaskId=179   userId=0   windowMode=1   baseIntent=Intent { act=android.intent.action.MAIN flag=270532608 cmp=ComponentInfo{com.pr4y.app.dev/com.pr4y.app.MainActivity} }
02-16 14:24:14.111 E/ActivityManagerWrapper( 4043):  mainTaskId=174   userId=0   windowMode=1   baseIntent=Intent { act=com.android.camera.action.REVIEW flag=285245440 cmp=ComponentInfo{com.miui.gallery/com.miui.gallery.activity.ExternalPhotoPageActivity} }
02-16 14:24:14.136 E/ActivityManagerWrapper( 4043): get all recent tasks force including 180
02-16 14:24:14.141 E/ActivityManagerWrapper( 4043): getRecentTasksForceIncludingTaskIdIfValid: getRecentTasks: size=3
02-16 14:24:14.141 E/ActivityManagerWrapper( 4043):  mainTaskId=180   userId=0   windowMode=1   baseIntent=Intent { act=miui.intent.action.FC_PREVIEW flag=276824064 cmp=ComponentInfo{com.miui.bugreport/com.miui.bugreport.ui.MiuiFcPreviewActivity} }
02-16 14:24:14.141 E/ActivityManagerWrapper( 4043):  mainTaskId=179   userId=0   windowMode=1   baseIntent=Intent { act=android.intent.action.MAIN flag=270532608 cmp=ComponentInfo{com.pr4y.app.dev/com.pr4y.app.MainActivity} }
02-16 14:24:14.141 E/ActivityManagerWrapper( 4043):  mainTaskId=174   userId=0   windowMode=1   baseIntent=Intent { act=com.android.camera.action.REVIEW flag=285245440 cmp=ComponentInfo{com.miui.gallery/com.miui.gallery.activity.ExternalPhotoPageActivity} }
02-16 14:24:14.274 E/LB      (30920): fail to open node: No such file or directory
02-16 14:24:14.275 E/.miui.bugreport(30920): FrameInsert open fail: No such file or directory
02-16 14:24:14.299 E/LB      (30920): fail to open node: No such file or directory
02-16 14:24:14.312 E/LB      (30920): fail to open node: No such file or directory
02-16 14:24:14.340 E/libsensor-displayalgo( 2260): value of coefs 5,850.073000,4.965174,-2.685090,1.640057,-4.685160, line 101
02-16 14:24:14.347 E/TaskSnapshot_CInjector( 2645): exception:
02-16 14:24:14.347 E/TaskSnapshot_CInjector( 2645): java.lang.NullPointerException: Attempt to invoke virtual method 'boolean com.android.server.wm.Task.isActivityTypeHome()' on a null object reference
02-16 14:24:14.347 E/TaskSnapshot_CInjector( 2645): 	at com.android.server.wm.TaskSnapshotControllerInjectorImpl.doSnapshotQSInternal(TaskSnapshotControllerInjectorImpl.java:82)
02-16 14:24:14.347 E/TaskSnapshot_CInjector( 2645): 	at com.android.server.wm.TaskSnapshotControllerInjectorImpl.lambda$doSnapshotQS$0(TaskSnapshotControllerInjectorImpl.java:66)
02-16 14:24:14.347 E/TaskSnapshot_CInjector( 2645): 	at com.android.server.wm.TaskSnapshotControllerInjectorImpl.$r8$lambda$cV82sgYF05NjSLxuXSzrbTDnshU(Unknown Source:0)
02-16 14:24:14.347 E/TaskSnapshot_CInjector( 2645): 	at com.android.server.wm.TaskSnapshotControllerInjectorImpl$$ExternalSyntheticLambda1.run(D8$$SyntheticClass:0)
02-16 14:24:14.347 E/TaskSnapshot_CInjector( 2645): 	at android.os.Handler.handleCallback(Handler.java:959)
02-16 14:24:14.347 E/TaskSnapshot_CInjector( 2645): 	at android.os.Handler.dispatchMessage(Handler.java:100)
02-16 14:24:14.347 E/TaskSnapshot_CInjector( 2645): 	at android.os.Looper.loopOnce(Looper.java:249)
02-16 14:24:14.347 E/TaskSnapshot_CInjector( 2645): 	at android.os.Looper.loop(Looper.java:337)
02-16 14:24:14.347 E/TaskSnapshot_CInjector( 2645): 	at android.os.HandlerThread.run(HandlerThread.java:85)
02-16 14:24:14.347 E/TaskSnapshot_CInjector( 2645): 	at com.android.server.ServiceThread.run(ServiceThread.java:46)
02-16 14:24:14.543 E/SurfaceComposerClient( 4422): SurfaceComposerClient::Transaction::setAlpha: invalid alpha 1.000010, clamping
02-16 14:24:14.552 E/SurfaceComposerClient( 4422): SurfaceComposerClient::Transaction::setAlpha: invalid alpha 1.000031, clamping
02-16 14:24:14.560 E/SurfaceComposerClient( 4422): SurfaceComposerClient::Transaction::setAlpha: invalid alpha 1.000046, clamping
02-16 14:24:14.569 E/SurfaceComposerClient( 4422): SurfaceComposerClient::Transaction::setAlpha: invalid alpha 1.000057, clamping
02-16 14:24:14.577 E/SurfaceComposerClient( 4422): SurfaceComposerClient::Transaction::setAlpha: invalid alpha 1.000064, clamping
02-16 14:24:14.579 E/SurfaceComposerClient( 4422): SurfaceComposerClient::Transaction::setAlpha: invalid alpha 1.000064, clamping
02-16 14:24:14.587 E/WindowManager( 2645): setClientVisible ActivityRecord{659c16e u0 com.miui.home/.launcher.Launcher t2} false
02-16 14:24:14.590 E/WindowManager( 2645): setClientVisible WallpaperWindowToken{986b648 token=android.os.Binder@1f9a8eb} false
02-16 14:24:14.591 E/WindowManager( 2645): setClientVisible WallpaperWindowToken{cf9eac9 token=android.os.Binder@fc09382} false
02-16 14:24:14.596 E/MI-SF   ( 1606): surfaceflinger setAffinity success
02-16 14:24:14.606 E/WindowManager( 2645): setClientVisible WallpaperWindowToken{cf9eac9 token=android.os.Binder@fc09382} false
02-16 14:24:14.606 E/WindowManager( 2645): setClientVisible WallpaperWindowToken{986b648 token=android.os.Binder@1f9a8eb} false
02-16 14:24:14.617 E/NativeTurboSchedManagerJni( 2645): ioctl 8 failed!
02-16 14:24:14.617 E/WindowManager( 2645): setClientVisible WallpaperWindowToken{cf9eac9 token=android.os.Binder@fc09382} false
02-16 14:24:14.617 E/WindowManager( 2645): setClientVisible WallpaperWindowToken{986b648 token=android.os.Binder@1f9a8eb} false
02-16 14:24:14.621 E/ActivityManagerWrapper( 4043): get all recent tasks force including 180
02-16 14:24:14.623 E/WindowManager( 2645): setClientVisible WallpaperWindowToken{cf9eac9 token=android.os.Binder@fc09382} false
02-16 14:24:14.623 E/WindowManager( 2645): setClientVisible WallpaperWindowToken{986b648 token=android.os.Binder@1f9a8eb} false
02-16 14:24:14.626 E/Launcher.application( 4043): setClickAppWaitForCallback = false
02-16 14:24:14.629 E/ActivityManagerWrapper( 4043): getRecentTasksForceIncludingTaskIdIfValid: getRecentTasks: size=3
02-16 14:24:14.629 E/ActivityManagerWrapper( 4043):  mainTaskId=180   userId=0   windowMode=1   baseIntent=Intent { act=miui.intent.action.FC_PREVIEW flag=276824064 cmp=ComponentInfo{com.miui.bugreport/com.miui.bugreport.ui.MiuiFcPreviewActivity} }
02-16 14:24:14.629 E/ActivityManagerWrapper( 4043):  mainTaskId=179   userId=0   windowMode=1   baseIntent=Intent { act=android.intent.action.MAIN flag=270532608 cmp=ComponentInfo{com.pr4y.app.dev/com.pr4y.app.MainActivity} }
02-16 14:24:14.629 E/ActivityManagerWrapper( 4043):  mainTaskId=174   userId=0   windowMode=1   baseIntent=Intent { act=com.android.camera.action.REVIEW flag=285245440 cmp=ComponentInfo{com.miui.gallery/com.miui.gallery.activity.ExternalPhotoPageActivity} }
02-16 14:24:14.643 E/libsensor-displayalgo( 2260): value of coefs 5,850.073000,4.965174,-2.685090,1.640057,-4.685160, line 101
02-16 14:24:14.943 E/libsensor-displayalgo( 2260): value of coefs 5,850.073000,4.965174,-2.685090,1.640057,-4.685160, line 101
02-16 14:24:15.244 E/libsensor-displayalgo( 2260): value of coefs 5,850.073000,4.965174,-2.685090,1.640057,-4.685160, line 101
02-16 14:24:15.542 E/libsensor-displayalgo( 2260): value of coefs 5,850.073000,4.965174,-2.685090,1.640057,-4.685160, line 101
02-16 14:24:15.752 E/WifiClientModeImpl[6737054:wlan0]( 2645): Failed to get mlo info
02-16 14:24:15.842 E/libsensor-displayalgo( 2260): value of coefs 5,850.073000,4.965174,-2.685090,1.640057,-4.685160, line 101
02-16 14:24:16.140 E/libsensor-displayalgo( 2260): value of coefs 5,850.073000,4.965174,-2.685090,1.640057,-4.685160, line 101
02-16 14:24:16.442 E/libsensor-displayalgo( 2260): value of coefs 5,850.073000,4.965174,-2.685090,1.640057,-4.685160, line 101
02-16 14:24:16.613 E/RTMode  ( 2645): pkgName: com.miui.bugreport has no permission
02-16 14:24:16.616 E/sensors-hal( 1397): handle_sns_client_event:52, sar_algo_event: ts=60077448583275, event=4.000000
02-16 14:24:16.653 E/LB      (30920): fail to open node: No such file or directory
02-16 14:24:16.743 E/libsensor-displayalgo( 2260): value of coefs 5,850.073000,4.965174,-2.685090,1.640057,-4.685160, line 101
02-16 14:24:16.995 E/HyperSentinel( 2645): -------------------------------------------------------
02-16 14:24:16.995 E/HyperSentinel( 2645): Event_ThreadAmount
02-16 14:24:16.995 E/HyperSentinel( 2645): -> audit event by proc 11896 "com.google.android.apps.messaging": running threads amount, 0 -> 45
02-16 14:24:17.042 E/libsensor-displayalgo( 2260): value of coefs 5,850.073000,4.965174,-2.685090,1.640057,-4.685160, line 101
02-16 14:24:17.113 E/LB      (30920): fail to open node: No such file or directory
02-16 14:24:17.341 E/libsensor-displayalgo( 2260): value of coefs 5,850.073000,4.965174,-2.685090,1.640057,-4.685160, line 101
02-16 14:24:17.643 E/libsensor-displayalgo( 2260): value of coefs 5,850.073000,4.965174,-2.685090,1.640057,-4.685160, line 101
02-16 14:24:17.742 E/RTMode  ( 2645): pkgName: com.miui.bugreport has no permission
02-16 14:24:17.755 E/LB      (30920): fail to open node: No such file or directory
02-16 14:24:17.786 E/RTMode  ( 2645): pkgName: com.miui.bugreport has no permission
02-16 14:24:17.788 E/RTMode  ( 2645): pkgName: com.miui.bugreport has no permission
02-16 14:24:17.790 E/RTMode  ( 2645): pkgName: com.miui.bugreport has no permission
02-16 14:24:17.794 E/RTMode  ( 2645): pkgName: com.miui.bugreport has no permission
02-16 14:24:17.798 E/RTMode  ( 2645): pkgName: com.miui.bugreport has no permission
02-16 14:24:17.824 E/LB      (30920): fail to open node: No such file or directory
02-16 14:24:17.829 E/ActivityManagerWrapper( 4043): get all recent tasks force including 174
02-16 14:24:17.829 E/NativeTurboSchedManagerJni( 2645): ioctl 8 failed!
02-16 14:24:17.831 E/vendor.qti.hardware.perf-hal-service( 1460): ExtendedPerfBoost: extended_perfboost_verification() 738: Ok, set boost params. hintid=4226 hinttype=1 prio=2, clientpid=2645 packagename=com.miui.home params=boost:1 cpu0:1958400 cpu4:2400000 cpumask:ff
02-16 14:24:17.832 E/vendor.qti.hardware.perf-hal-service( 1460): ExtendedPerfBoost: extended_perfboost_verification() 738: Ok, set boost params. hintid=4227 hinttype=-1 prio=1, clientpid=2645 packagename=com.miui.home params=boost:1 cpu0:1958400 cpu4:2400000 cpumask:ff
02-16 14:24:17.833 E/WindowManager( 2645): setClientVisible ActivityRecord{659c16e u0 com.miui.home/.launcher.Launcher t2} true
02-16 14:24:17.838 E/WindowManager( 2645): setClientVisible WallpaperWindowToken{cf9eac9 token=android.os.Binder@fc09382} false
02-16 14:24:17.838 E/WindowManager( 2645): setClientVisible WallpaperWindowToken{986b648 token=android.os.Binder@1f9a8eb} false
02-16 14:24:17.843 E/Launcher.application( 4043): setClickAppWaitForCallback = false
02-16 14:24:17.845 E/ActivityManagerWrapper( 4043): getRecentTasksForceIncludingTaskIdIfValid: getRecentTasks: size=3
02-16 14:24:17.845 E/ActivityManagerWrapper( 4043):  mainTaskId=180   userId=0   windowMode=1   baseIntent=Intent { act=miui.intent.action.FC_PREVIEW flag=276824064 cmp=ComponentInfo{com.miui.bugreport/com.miui.bugreport.ui.MiuiFcPreviewActivity} }
02-16 14:24:17.845 E/ActivityManagerWrapper( 4043):  mainTaskId=179   userId=0   windowMode=1   baseIntent=Intent { act=android.intent.action.MAIN flag=270532608 cmp=ComponentInfo{com.pr4y.app.dev/com.pr4y.app.MainActivity} }
02-16 14:24:17.845 E/ActivityManagerWrapper( 4043):  mainTaskId=174   userId=0   windowMode=1   baseIntent=Intent { act=com.android.camera.action.REVIEW flag=285245440 cmp=ComponentInfo{com.miui.gallery/com.miui.gallery.activity.ExternalPhotoPageActivity} }
02-16 14:24:17.846 E/LB      (30920): fail to open node: No such file or directory
02-16 14:24:17.854 E/BluetoothAdapterService( 5593): getActiveDevices: LeAudioService is null
02-16 14:24:17.856 E/WindowManager( 2645): setClientVisible WallpaperWindowToken{cf9eac9 token=android.os.Binder@fc09382} true
02-16 14:24:17.857 E/WindowManager( 2645): setClientVisible WallpaperWindowToken{986b648 token=android.os.Binder@1f9a8eb} true
02-16 14:24:17.858 E/mqsasd  (  923): run_command: uptime
02-16 14:24:17.897 E/mqsasd  (  923): dump begin path=/data/mqsas//bugReport/online/-2_bugReport_other_unknow_stable_garnet_OS2.0.204.0.VNRMIXM_1771262657_206101874 (logcat -v,threadtime,-d,*:v) id=-2
02-16 14:24:17.897 E/mqsasd  (  923): run_command: logcat -v threadtime -d *:v
02-16 14:24:17.904 E/WindowManager( 2645): setClientVisible ActivityRecord{659c16e u0 com.miui.home/.launcher.Launcher t2} true
02-16 14:24:17.910 E/WindowManager( 2645):  source = Task{f4b20b1 #180 type=standard A=1000:com.miui.bugreport} excludeMiuiNavBar = true excludeMiuiStatusBar = true excludeIme = false excludeNavBar = true miuiNavSurfaceControl = Surface(name=Miui Fake NavBar#51)/@0xa93b015 miuiStatusSurfaceControl = Surface(name=Miui Fake StatusBar#50)/@0xc839f1e
02-16 14:24:17.913 E/KeyguardTransitionHandlerImpl( 4422): activityCount = 0
02-16 14:24:17.913 E/KeyguardTransitionHandlerImpl( 4422): activityCount = 0
02-16 14:24:17.920 E/onWindowDecorRectChanged( 4422): start size:0
02-16 14:24:17.922 E/WindowTransitionCompat( 4043): TransitionTest wrapRemoteTransition
02-16 14:24:17.922 E/WindowTransitionCompat( 4043): startAnimation isFastLaunch = false
02-16 14:24:17.923 E/WindowTransitionCompat( 4043): printLeash::index = 0, root = Surface(name=Transition Root #1212: Task=1#16160)/@0xf24eb4b
02-16 14:24:17.924 E/WindowTransitionCompat( 4043): 0, check isClosingType type = 2, mode = 3
02-16 14:24:17.924 E/WindowTransitionCompat( 4043): 1, check isClosingType type = 1, mode = 2
02-16 14:24:17.929 E/ActivityManagerWrapper( 4043): get all recent tasks force including 174
02-16 14:24:17.932 E/ActivityManagerWrapper( 4043): getRecentTasksForceIncludingTaskIdIfValid: getRecentTasks: size=3
02-16 14:24:17.932 E/ActivityManagerWrapper( 4043):  mainTaskId=180   userId=0   windowMode=1   baseIntent=Intent { act=miui.intent.action.FC_PREVIEW flag=276824064 cmp=ComponentInfo{com.miui.bugreport/com.miui.bugreport.ui.MiuiFcPreviewActivity} }
02-16 14:24:17.932 E/ActivityManagerWrapper( 4043):  mainTaskId=179   userId=0   windowMode=1   baseIntent=Intent { act=android.intent.action.MAIN flag=270532608 cmp=ComponentInfo{com.pr4y.app.dev/com.pr4y.app.MainActivity} }
02-16 14:24:17.932 E/ActivityManagerWrapper( 4043):  mainTaskId=174   userId=0   windowMode=1   baseIntent=Intent { act=com.android.camera.action.REVIEW flag=285245440 cmp=ComponentInfo{com.miui.gallery/com.miui.gallery.activity.ExternalPhotoPageActivity} }
02-16 14:24:17.941 E/WindowAnimParamsProvider( 4043): getWindowTargetBounds    bounds=Rect(0, 0 - 1220, 2712)
02-16 14:24:17.941 E/libsensor-displayalgo( 2260): value of coefs 5,850.073000,4.965174,-2.685090,1.640057,-4.685160, line 101
02-16 14:24:17.943 E/ActivityManagerWrapper( 4043): get all recent tasks force including 174
02-16 14:24:17.946 E/ClipAnimationHelper( 4043): updateSourceStack  mSourceInsets=Rect(0, 0 - 0, 0), mSourceStackBounds=Rect(0, 0 - 1220, 2712)
02-16 14:24:17.946 E/ClipAnimationHelper( 4043): updateHomeStack  mSourceInsets=Rect(0, 0 - 0, 0), mHomeStackBounds=Rect(0, 0 - 1220, 2712)
02-16 14:24:17.946 E/ClipAnimationHelper( 4043): updateTargetRect  mSourceRect=RectF(0.0, 0.0, 1220.0, 2712.0)   mTargetRect=RectF(0.0, 0.0, 1220.0, 2712.0)   mSourceWindowClipInsets=RectF(0.0, 0.0, 0.0, 0.0)   mHomeStackBounds=Rect(0, 0 - 1220, 2712)   targetRect=Rect(0, 0 - 1220, 2712)
02-16 14:24:17.947 E/ActivityManagerWrapper( 4043): getRecentTasksForceIncludingTaskIdIfValid: getRecentTasks: size=3
02-16 14:24:17.947 E/ActivityManagerWrapper( 4043):  mainTaskId=180   userId=0   windowMode=1   baseIntent=Intent { act=miui.intent.action.FC_PREVIEW flag=276824064 cmp=ComponentInfo{com.miui.bugreport/com.miui.bugreport.ui.MiuiFcPreviewActivity} }
02-16 14:24:17.947 E/ActivityManagerWrapper( 4043):  mainTaskId=179   userId=0   windowMode=1   baseIntent=Intent { act=android.intent.action.MAIN flag=270532608 cmp=ComponentInfo{com.pr4y.app.dev/com.pr4y.app.MainActivity} }
02-16 14:24:17.947 E/ActivityManagerWrapper( 4043):  mainTaskId=174   userId=0   windowMode=1   baseIntent=Intent { act=com.android.camera.action.REVIEW flag=285245440 cmp=ComponentInfo{com.miui.gallery/com.miui.gallery.activity.ExternalPhotoPageActivity} }
02-16 14:24:17.949 E/StateNotifyUtils( 4043): sendFsStateBroadCast state=closeWindow   channel=navigation_bar   packageName=
02-16 14:24:17.955 E/MultiSpringDynamicAnimationb01b641( 4043): ERROR Not Found Bundle Radius
02-16 14:24:17.955 E/MultiSpringDynamicAnimationb01b641( 4043): ERROR Not Found Bundle SurfaceExtAlpha
02-16 14:24:17.956 E/MultiSpringDynamicAnimationb01b641( 4043): ERROR Not Found Bundle SurfaceExtAlpha
02-16 14:24:17.956 E/MultiSpringDynamicAnimationb01b641( 4043): ERROR Not Found Bundle SurfaceExtAlpha
02-16 14:24:17.956 E/MultiSpringDynamicAnimationbfa9660( 4043): ERROR Not Found Bundle scaleY
02-16 14:24:17.966 E/ANDR-PERF-RESOURCEQS( 1460): Failed to apply optimization [11, 8]
02-16 14:24:17.971 E/MI-SF   ( 1606): surfaceflinger setAffinity success
02-16 14:24:17.971 E/MI-SF   ( 1606): surfaceflinger setAffinity success
02-16 14:24:18.000 E/mqsasd  (  923): dump begin path=/data/mqsas//bugReport/online/-2_bugReport_other_unknow_stable_garnet_OS2.0.204.0.VNRMIXM_1771262657_206101874 (logcat -v,threadtime,-b,events,-d,*:v) id=-2
02-16 14:24:18.000 E/mqsasd  (  923): run_command: logcat -v threadtime -b events -d *:v
02-16 14:24:18.185 E/MI-SF   ( 1606): surfaceflinger setAffinity success
02-16 14:24:18.240 E/libsensor-displayalgo( 2260): value of coefs 5,850.073000,4.965174,-2.685090,1.640057,-4.685160, line 101
02-16 14:24:18.348 E/mqsasd  (  923): dump begin path=/data/mqsas//bugReport/online/-2_bugReport_other_unknow_stable_garnet_OS2.0.204.0.VNRMIXM_1771262657_206101874 (logcat -v,threadtime,-b,radio,-d,*:v) id=-2
02-16 14:24:18.349 E/mqsasd  (  923): run_command: logcat -v threadtime -b radio -d *:v
02-16 14:24:18.540 E/libsensor-displayalgo( 2260): value of coefs 5,850.073000,4.965174,-2.685090,1.640057,-4.685160, line 101
02-16 14:24:18.562 E/WindowTransitionCompat( 4043): com.android.systemui.shared.recents.system.WindowTransitionCompat@22347f6 finishTransition toHome = true
02-16 14:24:18.567 E/WindowManager( 2645): setClientVisible ActivityRecord{fe5635 u0 com.miui.bugreport/.ui.MiuiFcPreviewActivity t180 f}} false
02-16 14:24:18.570 E/RotationHelper( 4043): setCurrentTransitionRequest: request=0
02-16 14:24:18.584 E/NativeTurboSchedManagerJni( 2645): ioctl 8 failed!
02-16 14:24:18.588 E/ActivityManagerWrapper( 4043): get all recent tasks force including 174
02-16 14:24:18.596 E/ActivityManagerWrapper( 4043): getRecentTasksForceIncludingTaskIdIfValid: getRecentTasks: size=3
02-16 14:24:18.596 E/ActivityManagerWrapper( 4043):  mainTaskId=180   userId=0   windowMode=1   baseIntent=Intent { act=miui.intent.action.FC_PREVIEW flag=276824064 cmp=ComponentInfo{com.miui.bugreport/com.miui.bugreport.ui.MiuiFcPreviewActivity} }
02-16 14:24:18.596 E/ActivityManagerWrapper( 4043):  mainTaskId=179   userId=0   windowMode=1   baseIntent=Intent { act=android.intent.action.MAIN flag=270532608 cmp=ComponentInfo{com.pr4y.app.dev/com.pr4y.app.MainActivity} }
02-16 14:24:18.596 E/ActivityManagerWrapper( 4043):  mainTaskId=174   userId=0   windowMode=1   baseIntent=Intent { act=com.android.camera.action.REVIEW flag=285245440 cmp=ComponentInfo{com.miui.gallery/com.miui.gallery.activity.ExternalPhotoPageActivity} }
02-16 14:24:18.628 E/ActivityManagerWrapper( 4043): get all recent tasks force including 174
02-16 14:24:18.630 E/ActivityManagerWrapper( 4043): getRecentTasksForceIncludingTaskIdIfValid: getRecentTasks: size=3
02-16 14:24:18.630 E/ActivityManagerWrapper( 4043):  mainTaskId=180   userId=0   windowMode=1   baseIntent=Intent { act=miui.intent.action.FC_PREVIEW flag=276824064 cmp=ComponentInfo{com.miui.bugreport/com.miui.bugreport.ui.MiuiFcPreviewActivity} }
02-16 14:24:18.630 E/ActivityManagerWrapper( 4043):  mainTaskId=179   userId=0   windowMode=1   baseIntent=Intent { act=android.intent.action.MAIN flag=270532608 cmp=ComponentInfo{com.pr4y.app.dev/com.pr4y.app.MainActivity} }
02-16 14:24:18.630 E/ActivityManagerWrapper( 4043):  mainTaskId=174   userId=0   windowMode=1   baseIntent=Intent { act=com.android.camera.action.REVIEW flag=285245440 cmp=ComponentInfo{com.miui.gallery/com.miui.gallery.activity.ExternalPhotoPageActivity} }
02-16 14:24:18.644 E/sensors-hal( 1397): handle_sns_client_event:57, har-sensor-hal: time=60079478062077 data 0.000000
02-16 14:24:18.767 E/WifiClientModeImpl[6737054:wlan0]( 2645): Failed to get mlo info
02-16 14:24:18.840 E/libsensor-displayalgo( 2260): value of coefs 5,850.073000,4.965174,-2.685090,1.640057,-4.685160, line 101
02-16 14:24:18.863 E/ANDR-PERF-LM( 1460): VmRssMeter:: start() 358: Could not find pid, can not collect vmrss data
02-16 14:24:18.863 E/ANDR-PERF-LM( 1460): AdaptiveLaunch: writeToDataBase() 64: Meter aborted or could not get meter data for this run
02-16 14:24:18.865 E/ANDR-PERF-LM( 1460): VmRssMeter:: start() 358: Could not find pid, can not collect vmrss data
02-16 14:24:19.140 E/libsensor-displayalgo( 2260): value of coefs 5,850.073000,4.965174,-2.685090,1.640057,-4.685160, line 101
02-16 14:24:19.540 E/libsensor-displayalgo( 2260): value of coefs 5,850.073000,4.965174,-2.685090,1.640057,-4.685160, line 101
02-16 14:24:19.645 E/sensors-hal( 1397): handle_sns_client_event:57, har-sensor-hal: time=60080479938587 data 1.000000
02-16 14:24:19.794 E/JobScheduler.Background( 2645): Couldn't determine stopped state for unknown package: com.google.android.apps.turbo
02-16 14:24:19.794 E/JobScheduler.Background( 2645): Couldn't determine stopped state for unknown package: com.google.android.apps.turbo
02-16 14:24:19.794 E/JobScheduler.Background( 2645): Couldn't determine stopped state for unknown package: com.google.android.apps.turbo
02-16 14:24:19.795 E/JobScheduler.Background( 2645): Couldn't determine stopped state for unknown package: com.aura.oobe.deutsche
02-16 14:24:19.816 E/mqsasd  (  923): dump begin path=/data/mqsas//bugReport/online/-2_bugReport_other_unknow_stable_garnet_OS2.0.204.0.VNRMIXM_1771262657_206101874 (top -n,1,-d,1,-m,100) id=-2
02-16 14:24:19.816 E/mqsasd  (  923): run_command: top -n 1 -d 1 -m 100
02-16 14:24:19.840 E/libsensor-displayalgo( 2260): value of coefs 5,850.073000,4.965174,-2.685090,1.640057,-4.685160, line 101
02-16 14:24:20.104 E/mqsasd  (  923): dump begin path=/data/mqsas//bugReport/online/-2_bugReport_other_unknow_stable_garnet_OS2.0.204.0.VNRMIXM_1771262657_206101874 (do_dmesg ) id=-2
02-16 14:24:20.140 E/libsensor-displayalgo( 2260): value of coefs 5,850.073000,4.965174,-2.685090,1.640057,-4.685160, line 101
02-16 14:24:20.176 E/mqsasd  (  923): dump begin path=/data/mqsas//bugReport/online/-2_bugReport_other_unknow_stable_garnet_OS2.0.204.0.VNRMIXM_1771262657_206101874 (getprop ) id=-2
02-16 14:24:20.176 E/mqsasd  (  923): run_command: getprop
02-16 14:24:20.223 E/mqsasd  (  923): dump begin path=/data/mqsas//bugReport/online/-2_bugReport_other_unknow_stable_garnet_OS2.0.204.0.VNRMIXM_1771262657_206101874 (ps -e) id=-2
02-16 14:24:20.223 E/mqsasd  (  923): run_command: ps -e
02-16 14:24:20.441 E/libsensor-displayalgo( 2260): value of coefs 5,850.073000,4.965174,-2.685090,1.640057,-4.685160, line 101
02-16 14:24:20.741 E/libsensor-displayalgo( 2260): value of coefs 5,850.073000,4.965174,-2.685090,1.640057,-4.685160, line 101
02-16 14:24:21.042 E/libsensor-displayalgo( 2260): value of coefs 5,850.073000,4.965174,-2.685090,1.640057,-4.685160, line 101
02-16 14:24:21.342 E/libsensor-displayalgo( 2260): value of coefs 5,850.073000,4.965174,-2.685090,1.640057,-4.685160, line 101
02-16 14:24:21.643 E/libsensor-displayalgo( 2260): value of coefs 5,850.073000,4.965174,-2.685090,1.640057,-4.685160, line 101
02-16 14:24:21.792 E/WifiClientModeImpl[6737054:wlan0]( 2645): Failed to get mlo info
02-16 14:24:21.937 E/vendor.qti.hardware.perf-hal-service( 1460): ExtendedPerfBoost: extended_perfboost_verification() 738: Ok, set boost params. hintid=4225 hinttype=1 prio=3, clientpid=2645 packagename=com.pr4y.app.dev params=boost:1 cpu0:1958400 cpu4:2400000 cpumask:ff
02-16 14:24:21.938 E/PreStartUtils( 4043): preLaunchProcess success infoPackage: com.pr4y.app.dev
02-16 14:24:21.942 E/libsensor-displayalgo( 2260): value of coefs 5,850.073000,4.965174,-2.685090,1.640057,-4.685160, line 101
02-16 14:24:21.947 E/Zygote  (11833): process_name_ptr:11833 com.pr4y.app.dev
02-16 14:24:21.947 E/Zygote  (11833): SetMemoryProtected process_name_ptr:11833 com.pr4y.app.dev
02-16 14:24:21.969 E/vendor.qti.hardware.perf-hal-service( 1460): ExtendedPerfBoost: extended_perfboost_verification() 738: Ok, set boost params. hintid=4226 hinttype=1 prio=2, clientpid=2645 packagename=com.miui.home params=boost:1 cpu0:1958400 cpu4:2400000 cpumask:ff
02-16 14:24:21.969 E/Launcher.application( 4043): setClickAppWaitForCallback = true
02-16 14:24:21.969 E/Launcher.application( 4043): setClickAppWaitForCallback = true
02-16 14:24:21.969 E/Launcher( 4043): superStartActivity   type=13
02-16 14:24:21.974 E/WindowManager( 2645): setClientVisible ActivityRecord{77e1d6 u0 com.pr4y.app.dev/com.pr4y.app.MainActivity true
02-16 14:24:21.977 E/vendor.qti.hardware.perf-hal-service( 1460): ExtendedPerfBoost: extended_perfboost_verification() 738: Ok, set boost params. hintid=4225 hinttype=1 prio=3, clientpid=2645 packagename=com.pr4y.app.dev params=boost:1 cpu0:1958400 cpu4:2400000 cpumask:ff
02-16 14:24:21.978 E/ANDR-PERF-JNI( 2645): com_qualcomm_qtiperformance_native_perf_io_prefetch_start
02-16 14:24:21.978 E/ANDR-PERF-LM( 1460): MetaMeter: handleAsync() 166: AdaptLaunch Invalid Async
02-16 14:24:21.979 E/ANDR-PERF-LM( 1460): MetaMeter: handleAsync() 166: AdaptLaunch Invalid Async
02-16 14:24:21.984 E/ANDR-PERF-LM( 1460): MetaMeter: handleAsync() 166: AdaptLaunch Invalid Async
02-16 14:24:21.986 E/ANDR-IOP( 1444): io prefetch is disabled
02-16 14:24:21.993 E/WindowManager( 2645): setClientVisible ActivityRecord{77e1d6 u0 com.pr4y.app.dev/com.pr4y.app.MainActivity t181} true
02-16 14:24:22.008 E/PhoneAdapter( 4394): get ntnphones failed, exception: java.lang.IllegalStateException: Default phones haven't been made yet!
02-16 14:24:22.011 E/WindowManager( 2645): setClientVisible ActivityRecord{77e1d6 u0 com.pr4y.app.dev/com.pr4y.app.MainActivity t181} true
02-16 14:24:22.022 E/KeyguardTransitionHandlerImpl( 4422): activityCount = 0
02-16 14:24:22.027 E/WindowTransitionCompat( 4043): startAnimation isFastLaunch = false
02-16 14:24:22.027 E/onWindowDecorRectChanged( 4422): start size:1
02-16 14:24:22.027 E/onWindowDecorRectChanged( 4422): windowDecorRect: Rect(535, 10 - 684, 128)
02-16 14:24:22.028 E/WindowTransitionCompat( 4043): printLeash::index = 0, root = Surface(name=Transition Root #1213: Task=181#16172)/@0xcb26094
02-16 14:24:22.028 E/WindowTransitionCompat( 4043): 0, check isClosingType type = 1, mode = 1
02-16 14:24:22.028 E/WindowTransitionCompat( 4043): 1, check isClosingType type = 2, mode = 4
02-16 14:24:22.037 E/HyperSentinel( 2645): -------------------------------------------------------
02-16 14:24:22.037 E/HyperSentinel( 2645): Event_ResidentSize
02-16 14:24:22.037 E/HyperSentinel( 2645): -> audit event by proc 11833 "usap64": RSS increasement, peak 65068kb -> 97980kb
02-16 14:24:22.041 E/WindowAnimParamsProvider( 4043): getWindowTargetBounds    bounds=Rect(0, 0 - 1220, 2712)
02-16 14:24:22.041 E/ClipAnimationHelper( 4043): updateSourceStack  mSourceInsets=Rect(0, 0 - 0, 0), mSourceStackBounds=Rect(0, 0 - 1220, 2712)
02-16 14:24:22.041 E/ClipAnimationHelper( 4043): updateHomeStack  mSourceInsets=Rect(0, 0 - 0, 0), mHomeStackBounds=Rect(0, 0 - 1220, 2712)
02-16 14:24:22.041 E/ClipAnimationHelper( 4043): updateTargetRect  mSourceRect=RectF(0.0, 0.0, 1220.0, 2712.0)   mTargetRect=RectF(0.0, 0.0, 1220.0, 2712.0)   mSourceWindowClipInsets=RectF(0.0, 0.0, 0.0, 0.0)   mHomeStackBounds=Rect(0, 0 - 1220, 2712)   targetRect=Rect(0, 0 - 1220, 2712)
02-16 14:24:22.047 E/MultiSpringDynamicAnimationbfa9660( 4043): ERROR Not Found Bundle scaleY
02-16 14:24:22.047 E/Launcher.application( 4043): setClickAppWaitForCallback = false
02-16 14:24:22.051 E/ANDR-PERF-MPCTL( 1460): Perflock Submit request limit reached.
02-16 14:24:22.053 E/MI-SF   ( 1606): surfaceflinger setAffinity success
02-16 14:24:22.053 E/MI-SF   ( 1606): surfaceflinger setAffinity success
02-16 14:24:22.063 E/NativeTurboSchedManagerJni( 2645): ioctl 8 failed!
02-16 14:24:22.068 E/ActivityManagerWrapper( 4043): get all recent tasks force including 181
02-16 14:24:22.068 E/ANDR-PERF-MPCTL( 1460): Perflock Submit request limit reached.
02-16 14:24:22.069 E/ANDR-PERF-LM( 1460): MetaMeter: handleAsync() 166: AdaptLaunch Invalid Async
02-16 14:24:22.071 E/ActivityManagerWrapper( 4043): getRecentTasksForceIncludingTaskIdIfValid: getRecentTasks: size=3
02-16 14:24:22.071 E/ActivityManagerWrapper( 4043):  mainTaskId=181   userId=0   windowMode=1   baseIntent=Intent { act=android.intent.action.MAIN flag=270532608 cmp=ComponentInfo{com.pr4y.app.dev/com.pr4y.app.MainActivity} }
02-16 14:24:22.071 E/ActivityManagerWrapper( 4043):  mainTaskId=180   userId=0   windowMode=1   baseIntent=Intent { act=miui.intent.action.FC_PREVIEW flag=276824064 cmp=ComponentInfo{com.miui.bugreport/com.miui.bugreport.ui.MiuiFcPreviewActivity} }
02-16 14:24:22.071 E/ActivityManagerWrapper( 4043):  mainTaskId=174   userId=0   windowMode=1   baseIntent=Intent { act=com.android.camera.action.REVIEW flag=285245440 cmp=ComponentInfo{com.miui.gallery/com.miui.gallery.activity.ExternalPhotoPageActivity} }
02-16 14:24:22.079 E/ActivityManagerWrapper( 4043): get all recent tasks force including 181
02-16 14:24:22.081 E/ActivityManagerWrapper( 4043): getRecentTasksForceIncludingTaskIdIfValid: getRecentTasks: size=3
02-16 14:24:22.081 E/ActivityManagerWrapper( 4043):  mainTaskId=181   userId=0   windowMode=1   baseIntent=Intent { act=android.intent.action.MAIN flag=270532608 cmp=ComponentInfo{com.pr4y.app.dev/com.pr4y.app.MainActivity} }
02-16 14:24:22.081 E/ActivityManagerWrapper( 4043):  mainTaskId=180   userId=0   windowMode=1   baseIntent=Intent { act=miui.intent.action.FC_PREVIEW flag=276824064 cmp=ComponentInfo{com.miui.bugreport/com.miui.bugreport.ui.MiuiFcPreviewActivity} }
02-16 14:24:22.081 E/ActivityManagerWrapper( 4043):  mainTaskId=174   userId=0   windowMode=1   baseIntent=Intent { act=com.android.camera.action.REVIEW flag=285245440 cmp=ComponentInfo{com.miui.gallery/com.miui.gallery.activity.ExternalPhotoPageActivity} }
02-16 14:24:22.087 E/HyperSentinel( 2645): -------------------------------------------------------
02-16 14:24:22.087 E/HyperSentinel( 2645): Event_ThreadAmount
02-16 14:24:22.087 E/HyperSentinel( 2645): -> audit event by proc 11833 "usap64": running threads amount, 0 -> 12
02-16 14:24:22.098 E/ActivityManagerWrapper( 4043): get all recent tasks force including 181
02-16 14:24:22.100 E/ActivityManagerWrapper( 4043): getRecentTasksForceIncludingTaskIdIfValid: getRecentTasks: size=3
02-16 14:24:22.100 E/ActivityManagerWrapper( 4043):  mainTaskId=181   userId=0   windowMode=1   baseIntent=Intent { act=android.intent.action.MAIN flag=270532608 cmp=ComponentInfo{com.pr4y.app.dev/com.pr4y.app.MainActivity} }
02-16 14:24:22.100 E/ActivityManagerWrapper( 4043):  mainTaskId=180   userId=0   windowMode=1   baseIntent=Intent { act=miui.intent.action.FC_PREVIEW flag=276824064 cmp=ComponentInfo{com.miui.bugreport/com.miui.bugreport.ui.MiuiFcPreviewActivity} }
02-16 14:24:22.100 E/ActivityManagerWrapper( 4043):  mainTaskId=174   userId=0   windowMode=1   baseIntent=Intent { act=com.android.camera.action.REVIEW flag=285245440 cmp=ComponentInfo{com.miui.gallery/com.miui.gallery.activity.ExternalPhotoPageActivity} }
02-16 14:24:22.240 E/HyperSentinel( 2645): -------------------------------------------------------
02-16 14:24:22.240 E/HyperSentinel( 2645): Event_ResidentSize
02-16 14:24:22.240 E/HyperSentinel( 2645): -> audit event by proc 11833 "usap64": RSS increasement, peak 97980kb -> 147116kb
02-16 14:24:22.242 E/libsensor-displayalgo( 2260): value of coefs 5,850.073000,4.965174,-2.685090,1.640057,-4.685160, line 101
02-16 14:24:22.539 E/libsensor-displayalgo( 2260): value of coefs 5,850.073000,4.965174,-2.685090,1.640057,-4.685160, line 101
02-16 14:24:22.705 I/PR4Y_DEBUG(11833): Pr4yApp.onCreate|pkg=com.pr4y.app.dev|pid=11833|uid=10319|userId=0|hypothesisId=H1,H5
02-16 14:24:22.741 E/HyperSentinel( 2645): -------------------------------------------------------
02-16 14:24:22.741 E/HyperSentinel( 2645): Event_ResidentSize
02-16 14:24:22.741 E/HyperSentinel( 2645): -> audit event by proc 11833 "usap64": RSS increasement, peak 147116kb -> 220744kb
02-16 14:24:22.757 E/BluetoothAdapterService( 5593): getActiveDevices: LeAudioService is null
02-16 14:24:22.782 E/HyperSentinel( 2645): -------------------------------------------------------
02-16 14:24:22.782 E/HyperSentinel( 2645): Event_ThreadAmount
02-16 14:24:22.782 E/HyperSentinel( 2645): -> audit event by proc 11833 "usap64": running threads amount, 12 -> 23
02-16 14:24:22.809 E/WindowTransitionCompat( 4043): com.android.systemui.shared.recents.system.WindowTransitionCompat@606edde finishTransition toHome = false
02-16 14:24:22.817 E/WindowManager( 2645): setClientVisible ActivityRecord{659c16e u0 com.miui.home/.launcher.Launcher t2} false
02-16 14:24:22.817 E/WindowManager( 2645): setClientVisible WallpaperWindowToken{986b648 token=android.os.Binder@1f9a8eb} false
02-16 14:24:22.817 E/WindowManager( 2645): setClientVisible WallpaperWindowToken{cf9eac9 token=android.os.Binder@fc09382} false
02-16 14:24:22.819 E/MI-SF   ( 1606): surfaceflinger setAffinity success
02-16 14:24:22.830 E/WindowManager( 2645): setClientVisible WallpaperWindowToken{cf9eac9 token=android.os.Binder@fc09382} false
02-16 14:24:22.830 E/WindowManager( 2645): setClientVisible WallpaperWindowToken{986b648 token=android.os.Binder@1f9a8eb} false
02-16 14:24:22.834 E/WindowManager( 2645): setClientVisible WallpaperWindowToken{cf9eac9 token=android.os.Binder@fc09382} false
02-16 14:24:22.834 E/WindowManager( 2645): setClientVisible WallpaperWindowToken{986b648 token=android.os.Binder@1f9a8eb} false
02-16 14:24:22.836 E/NativeTurboSchedManagerJni( 2645): ioctl 8 failed!
02-16 14:24:22.840 E/IPCThreadState( 5218): Process seems to be sending too many oneway calls.
02-16 14:24:22.840 E/libsensor-displayalgo( 2260): value of coefs 5,850.073000,4.965174,-2.685090,1.640057,-4.685160, line 101
02-16 14:24:22.848 I/PR4Y_DEBUG(11833): MainActivity.onCreate start|pkg=com.pr4y.app.dev
02-16 14:24:22.849 E/WindowManager( 2645): setClientVisible WallpaperWindowToken{cf9eac9 token=android.os.Binder@fc09382} false
02-16 14:24:22.849 E/WindowManager( 2645): setClientVisible WallpaperWindowToken{986b648 token=android.os.Binder@1f9a8eb} false
02-16 14:24:22.851 E/ActivityManagerWrapper( 4043): get all recent tasks force including 181
02-16 14:24:22.853 E/ActivityManagerWrapper( 4043): getRecentTasksForceIncludingTaskIdIfValid: getRecentTasks: size=3
02-16 14:24:22.853 E/ActivityManagerWrapper( 4043):  mainTaskId=181   userId=0   windowMode=1   baseIntent=Intent { act=android.intent.action.MAIN flag=270532608 cmp=ComponentInfo{com.pr4y.app.dev/com.pr4y.app.MainActivity} }
02-16 14:24:22.853 E/ActivityManagerWrapper( 4043):  mainTaskId=180   userId=0   windowMode=1   baseIntent=Intent { act=miui.intent.action.FC_PREVIEW flag=276824064 cmp=ComponentInfo{com.miui.bugreport/com.miui.bugreport.ui.MiuiFcPreviewActivity} }
02-16 14:24:22.853 E/ActivityManagerWrapper( 4043):  mainTaskId=174   userId=0   windowMode=1   baseIntent=Intent { act=com.android.camera.action.REVIEW flag=285245440 cmp=ComponentInfo{com.miui.gallery/com.miui.gallery.activity.ExternalPhotoPageActivity} }
02-16 14:24:22.893 E/TransactionExecutor(11833): Failed to execute the transaction: tId:-1906142722 ClientTransaction{
02-16 14:24:22.893 E/TransactionExecutor(11833): tId:-1906142722   transactionItems=[
02-16 14:24:22.893 E/TransactionExecutor(11833): tId:-1906142722     LaunchActivityItem{activityToken=android.os.BinderProxy@a34d219,intent=Intent { act=android.intent.action.MAIN cat=[android.intent.category.LAUNCHER] flg=0x10200000 cmp=com.pr4y.app.dev/com.pr4y.app.MainActivity bnds=[49,29][179,159] (has extras) },ident=7856598,info=ActivityInfo{9b53bc6 com.pr4y.app.MainActivity},curConfig={1.0 730mcc1mnc [es_US] ldltr sw508dp w508dp h1130dp 384dpi lrg long port finger -keyb/v/h -nav/h winConfig={ mBounds=Rect(0, 0 - 1220, 2712) mAppBounds=Rect(0, 0 - 1220, 2712) mMaxBounds=Rect(0, 0 - 1220, 2712) mDisplayRotation=ROTATION_0 mWindowingMode=fullscreen mActivityType=undefined mAlwaysOnTop=undefined mRotation=ROTATION_0 mInSplitScreen=false letterBoxed=false foScaled=false isSpecificEmbedded=false screenType=0} s.2336 fontWeightAdjustment=0/d themeChanged=0 themeChangedFlags=0 extraData = Bundle[EMPTY_PARCEL] screenType=0/0},overrideConfig={1.0 730mcc1mnc [es_US] ldltr sw508dp w508dp h1130dp 384dpi lrg long port finger -keyb/v/h -nav/h winConfig={ mBounds=Rect(0, 0 - 1220, 2712) mAppBounds=Rect(0, 0 - 1220, 2712) mMaxBounds=Rect(0, 0 - 1220, 2712) mDisplayRotation=ROTATION_0 mWindowingMode=fullscreen mActivityType=standard mAlwaysOnTop=undefined mRotation=ROTATION_0 mInSplitScreen=false letterBoxed=false foScaled=false isSpecificEmbedded=false screenType=0} s.2 fontWeightAdjustment=0/d themeChanged=0 themeChangedFlags=0 extraData = Bundle[{}] screenType=0/0},deviceId=0,referrer=com.miui.home,procState=2,state=null,persistentState=null,pendingResults=null,pendingNewIntents=null,sceneTransitionInfo=null,profilerInfo=null,assistToken=android.os.BinderProxy@49f4bab,shareableActivityToken=android.os.BinderProxy@2238208,activityWindowInfo=ActivityWindowInfo{isEmbedded=false, taskBounds=Rect(0, 0 - 1220, 2712), taskFragmentBounds=Rect(0, 0 - 1220, 2712)}}
02-16 14:24:22.893 E/TransactionExecutor(11833): tId:-1906142722     ResumeActivityItem{mActivityToken=android.os.BinderProxy@a34d219,procState=-1,updateProcState=false,isForward=true,shouldSendCompatFakeFocus=false}
02-16 14:24:22.893 E/TransactionExecutor(11833): tId:-1906142722     Target activity: com.pr4y.app.MainActivity
02-16 14:24:22.893 E/TransactionExecutor(11833): tId:-1906142722   ]
02-16 14:24:22.893 E/TransactionExecutor(11833): tId:-1906142722 }
02-16 14:24:22.894 E/AndroidRuntime(11833): FATAL EXCEPTION: main
02-16 14:24:22.894 E/AndroidRuntime(11833): Process: com.pr4y.app.dev, PID: 11833
02-16 14:24:22.894 E/AndroidRuntime(11833): java.lang.RuntimeException: Unable to start activity ComponentInfo{com.pr4y.app.dev/com.pr4y.app.MainActivity}: java.lang.IllegalStateException: You need to use a Theme.AppCompat theme (or descendant) with this activity.
02-16 14:24:22.894 E/AndroidRuntime(11833): 	at android.app.ActivityThread.performLaunchActivity(ActivityThread.java:4418)
02-16 14:24:22.894 E/AndroidRuntime(11833): 	at android.app.ActivityThread.handleLaunchActivity(ActivityThread.java:4639)
02-16 14:24:22.894 E/AndroidRuntime(11833): 	at android.app.servertransaction.LaunchActivityItem.execute(LaunchActivityItem.java:112)
