02-18 20:51:56.345 E/NativeTurboSchedManagerJni(31110): open /dev/metis failed!
02-18 20:51:56.347 E/WindowManager( 2702): setClientVisible ActivityRecord{b3b8981 u0 com.pr4y.app/com.google.android.gms.auth.api.signin.internal.SignInHubActivity t421} true
02-18 20:51:56.347 E/WindowManager( 2702): setClientVisible ActivityRecord{68d4675 u0 com.google.android.gms/.auth.api.signin.ui.SignInActivity t421} true
02-18 20:51:56.355 E/KeyguardTransitionHandlerImpl( 4462): activityCount = 2
02-18 20:51:56.355 E/KeyguardTransitionHandlerImpl( 4462): activityCount = 2
02-18 20:51:56.380 E/WindowManager( 2702): setClientVisible ActivityRecord{7055ab1 u0 com.google.android.gms/.common.api.GoogleApiActivity true
02-18 20:51:56.382 E/ANDR-PERF-MPCTL( 1468): Perflock Submit request limit reached.
02-18 20:51:56.383 E/ANDR-PERF-LM( 1468): MetaMeter: handleAsync() 166: AdaptLaunch Invalid Async
02-18 20:51:56.387 E/ANDR-PERF-MPCTL( 1468): Perflock Submit request limit reached.
02-18 20:51:56.396 E/libsensor-displayalgo( 2261): value of coefs 5,850.073000,4.965174,-2.685090,1.640057,-4.685160, line 101
02-18 20:51:56.400 E/ANDR-PERF-MPCTL( 1468): Perflock Submit request limit reached.
02-18 20:51:56.407 E/WindowManager( 2702): setClientVisible ActivityRecord{7055ab1 u0 com.google.android.gms/.common.api.GoogleApiActivity t421} true
02-18 20:51:56.408 E/WindowManager( 2702): setClientVisible ActivityRecord{7055ab1 u0 com.google.android.gms/.common.api.GoogleApiActivity t421} true
02-18 20:51:56.409 E/ANDR-PERF-LM( 1468): MetaMeter: handleAsync() 166: AdaptLaunch Invalid Async
02-18 20:51:56.430 E/WindowManager( 2702): setClientVisible ActivityRecord{cb15221 u0 com.google.android.gms/.signin.activity.SignInActivity true
02-18 20:51:56.432 E/ANDR-PERF-MPCTL( 1468): Perflock Submit request limit reached.
02-18 20:51:56.433 E/ANDR-PERF-LM( 1468): MetaMeter: handleAsync() 166: AdaptLaunch Invalid Async
02-18 20:51:56.435 E/ANDR-PERF-MPCTL( 1468): Perflock Submit request limit reached.
02-18 20:51:56.443 E/com.pr4y.app(31073): FrameInsert open fail: No such file or directory
02-18 20:51:56.470 E/ANDR-PERF-MPCTL( 1468): Perflock Submit request limit reached.
02-18 20:51:56.472 E/ANDR-PERF-LM( 1468): MetaMeter: handleAsync() 166: AdaptLaunch Invalid Async
02-18 20:51:56.472 E/WindowManager( 2702): setClientVisible ActivityRecord{cb15221 u0 com.google.android.gms/.signin.activity.SignInActivity t421} true
02-18 20:51:56.473 E/WindowManager( 2702): setClientVisible ActivityRecord{cb15221 u0 com.google.android.gms/.signin.activity.SignInActivity t421} true
02-18 20:51:56.501 E/NativeTurboSchedManagerJni(31110): open /dev/metis failed!
02-18 20:51:56.501 E/NativeTurboSchedManagerJni(31110): open /dev/metis failed!
02-18 20:51:56.541 E/jccc    (31110): *~*~*~ Previous channel {0} was garbage collected without being shut down! ~*~*~*
02-18 20:51:56.541 E/jccc    (31110):     Make sure to call shutdown()/shutdownNow()
02-18 20:51:56.541 E/jccc    (31110): java.lang.RuntimeException: ManagedChannel allocation site
02-18 20:51:56.541 E/jccc    (31110): 	at jccb.<init>(:com.google.android.gms@260438035@26.04.38 (260400-867839860):21)
02-18 20:51:56.541 E/jccc    (31110): 	at jccc.<init>(:com.google.android.gms@260438035@26.04.38 (260400-867839860):10)
02-18 20:51:56.541 E/jccc    (31110): 	at jcca.a(:com.google.android.gms@260438035@26.04.38 (260400-867839860):300)
02-18 20:51:56.541 E/jccc    (31110): 	at jbma.a(:com.google.android.gms@260438035@26.04.38 (260400-867839860):5)
02-18 20:51:56.541 E/jccc    (31110): 	at bfck.a(:com.google.android.gms@260438035@26.04.38 (260400-867839860):85)
02-18 20:51:56.541 E/jccc    (31110): 	at bfcb.t(:com.google.android.gms@260438035@26.04.38 (260400-867839860):119)
02-18 20:51:56.541 E/jccc    (31110): 	at bfcb.G(:com.google.android.gms@260438035@26.04.38 (260400-867839860):5)
02-18 20:51:56.541 E/jccc    (31110): 	at ezcg.call(:com.google.android.gms@260438035@26.04.38 (260400-867839860):265)
02-18 20:51:56.541 E/jccc    (31110): 	at java.util.concurrent.FutureTask.run(FutureTask.java:317)
02-18 20:51:56.541 E/jccc    (31110): 	at bfin.c(:com.google.android.gms@260438035@26.04.38 (260400-867839860):50)
02-18 20:51:56.541 E/jccc    (31110): 	at bfin.run(:com.google.android.gms@260438035@26.04.38 (260400-867839860):73)
02-18 20:51:56.541 E/jccc    (31110): 	at java.util.concurrent.ThreadPoolExecutor.runWorker(ThreadPoolExecutor.java:1154)
02-18 20:51:56.541 E/jccc    (31110): 	at java.util.concurrent.ThreadPoolExecutor$Worker.run(ThreadPoolExecutor.java:652)
02-18 20:51:56.541 E/jccc    (31110): 	at bfoe.run(:com.google.android.gms@260438035@26.04.38 (260400-867839860):8)
02-18 20:51:56.541 E/jccc    (31110): 	at java.lang.Thread.run(Thread.java:1563)
02-18 20:51:56.541 E/jccc    (31110): *~*~*~ Previous channel {0} was garbage collected without being shut down! ~*~*~*
02-18 20:51:56.541 E/jccc    (31110):     Make sure to call shutdown()/shutdownNow()
02-18 20:51:56.541 E/jccc    (31110): java.lang.RuntimeException: ManagedChannel allocation site
02-18 20:51:56.541 E/jccc    (31110): 	at jccb.<init>(:com.google.android.gms@260438035@26.04.38 (260400-867839860):21)
02-18 20:51:56.541 E/jccc    (31110): 	at jccc.<init>(:com.google.android.gms@260438035@26.04.38 (260400-867839860):10)
02-18 20:51:56.541 E/jccc    (31110): 	at jcca.a(:com.google.android.gms@260438035@26.04.38 (260400-867839860):300)
02-18 20:51:56.541 E/jccc    (31110): 	at jbma.a(:com.google.android.gms@260438035@26.04.38 (260400-867839860):5)
02-18 20:51:56.541 E/jccc    (31110): 	at bfck.a(:com.google.android.gms@260438035@26.04.38 (260400-867839860):85)
02-18 20:51:56.541 E/jccc    (31110): 	at bfcb.t(:com.google.android.gms@260438035@26.04.38 (260400-867839860):119)
02-18 20:51:56.541 E/jccc    (31110): 	at bfcb.G(:com.google.android.gms@260438035@26.04.38 (260400-867839860):5)
02-18 20:51:56.541 E/jccc    (31110): 	at ezcg.call(:com.google.android.gms@260438035@26.04.38 (260400-867839860):265)
02-18 20:51:56.541 E/jccc    (31110): 	at java.util.concurrent.FutureTask.run(FutureTask.java:317)
02-18 20:51:56.541 E/jccc    (31110): 	at bfin.c(:com.google.android.gms@260438035@26.04.38 (260400-867839860):50)
02-18 20:51:56.541 E/jccc    (31110): 	at bfin.run(:com.google.android.gms@260438035@26.04.38 (260400-867839860):73)
02-18 20:51:56.541 E/jccc    (31110): 	at java.util.concurrent.ThreadPoolExecutor.runWorker(ThreadPoolExecutor.java:1154)
02-18 20:51:56.541 E/jccc    (31110): 	at java.util.concurrent.ThreadPoolExecutor$Worker.run(ThreadPoolExecutor.java:652)
02-18 20:51:56.541 E/jccc    (31110): 	at bfoe.run(:com.google.android.gms@260438035@26.04.38 (260400-867839860):8)
02-18 20:51:56.541 E/jccc    (31110): 	at java.lang.Thread.run(Thread.java:1563)
02-18 20:51:56.541 E/jccc    (31110): *~*~*~ Previous channel {0} was garbage collected without being shut down! ~*~*~*
02-18 20:51:56.541 E/jccc    (31110):     Make sure to call shutdown()/shutdownNow()
02-18 20:51:56.541 E/jccc    (31110): java.lang.RuntimeException: ManagedChannel allocation site
02-18 20:51:56.541 E/jccc    (31110): 	at jccb.<init>(:com.google.android.gms@260438035@26.04.38 (260400-867839860):21)
02-18 20:51:56.541 E/jccc    (31110): 	at jccc.<init>(:com.google.android.gms@260438035@26.04.38 (260400-867839860):10)
02-18 20:51:56.541 E/jccc    (31110): 	at jcca.a(:com.google.android.gms@260438035@26.04.38 (260400-867839860):300)
02-18 20:51:56.541 E/jccc    (31110): 	at jbma.a(:com.google.android.gms@260438035@26.04.38 (260400-867839860):5)
02-18 20:51:56.541 E/jccc    (31110): 	at bfck.a(:com.google.android.gms@260438035@26.04.38 (260400-867839860):85)
02-18 20:51:56.541 E/jccc    (31110): 	at bfcb.t(:com.google.android.gms@260438035@26.04.38 (260400-867839860):119)
02-18 20:51:56.541 E/jccc    (31110): 	at bfcb.G(:com.google.android.gms@260438035@26.04.38 (260400-867839860):5)
02-18 20:51:56.541 E/jccc    (31110): 	at ezcg.call(:com.google.android.gms@260438035@26.04.38 (260400-867839860):265)
02-18 20:51:56.541 E/jccc    (31110): 	at java.util.concurrent.FutureTask.run(FutureTask.java:317)
02-18 20:51:56.541 E/jccc    (31110): 	at bfin.c(:com.google.android.gms@260438035@26.04.38 (260400-867839860):50)
02-18 20:51:56.541 E/jccc    (31110): 	at bfin.run(:com.google.android.gms@260438035@26.04.38 (260400-867839860):73)
02-18 20:51:56.541 E/jccc    (31110): 	at java.util.concurrent.ThreadPoolExecutor.runWorker(ThreadPoolExecutor.java:1154)
02-18 20:51:56.541 E/jccc    (31110): 	at java.util.concurrent.ThreadPoolExecutor$Worker.run(ThreadPoolExecutor.java:652)
02-18 20:51:56.541 E/jccc    (31110): 	at bfoe.run(:com.google.android.gms@260438035@26.04.38 (260400-867839860):8)
02-18 20:51:56.541 E/jccc    (31110): 	at java.lang.Thread.run(Thread.java:1563)
02-18 20:51:56.570 E/NativeTurboSchedManagerJni(31110): open /dev/metis failed!
02-18 20:51:56.572 E/NativeTurboSchedManagerJni(31110): open /dev/metis failed!
02-18 20:51:56.581 E/WindowManager( 2702): setClientVisible ActivityRecord{cb15221 u0 com.google.android.gms/.signin.activity.SignInActivity t421} true
02-18 20:51:56.582 E/WindowManager( 2702): setClientVisible ActivityRecord{7055ab1 u0 com.google.android.gms/.common.api.GoogleApiActivity t421} true
02-18 20:51:56.588 E/KeyguardTransitionHandlerImpl( 4462): activityCount = 2
02-18 20:51:56.588 E/KeyguardTransitionHandlerImpl( 4462): activityCount = 2
02-18 20:51:56.602 E/ActivityManagerWrapper( 3966): get all recent tasks force including 421
02-18 20:51:56.604 E/ActivityManagerWrapper( 3966): getRecentTasksForceIncludingTaskIdIfValid: getRecentTasks: size=1
02-18 20:51:56.604 E/ActivityManagerWrapper( 3966):  mainTaskId=421   userId=0   windowMode=1   baseIntent=Intent { act=android.intent.action.MAIN flag=270532608 cmp=ComponentInfo{com.pr4y.app/com.pr4y.app.MainActivity} }
02-18 20:51:56.608 E/MI-SF   ( 1606): surfaceflinger setAffinity success
02-18 20:51:56.608 E/MI-SF   ( 1606): surfaceflinger setAffinity success
02-18 20:51:56.613 E/MI-SF   ( 1606): surfaceflinger setAffinity success
02-18 20:51:56.694 E/libsensor-displayalgo( 2261): value of coefs 5,850.073000,4.965174,-2.685090,1.640057,-4.685160, line 101
02-18 20:51:56.729 E/WindowManager( 2702): setClientVisible ActivityRecord{63b2830 u0 com.google.android.gms/.common.account.AccountPickerActivity true
02-18 20:51:56.735 E/ANDR-PERF-MPCTL( 1468): Perflock Submit request limit reached.
02-18 20:51:56.736 E/ANDR-PERF-LM( 1468): MetaMeter: handleAsync() 166: AdaptLaunch Invalid Async
02-18 20:51:56.741 E/ANDR-PERF-MPCTL( 1468): Perflock Submit request limit reached.
02-18 20:51:56.748 E/ANDR-PERF-MPCTL( 1468): Perflock Submit request limit reached.
02-18 20:51:56.750 E/ANDR-PERF-LM( 1468): MetaMeter: handleAsync() 166: AdaptLaunch Invalid Async
02-18 20:51:56.750 E/WindowManager( 2702): setClientVisible ActivityRecord{63b2830 u0 com.google.android.gms/.common.account.AccountPickerActivity t421} true
02-18 20:51:56.751 E/WindowManager( 2702): setClientVisible ActivityRecord{63b2830 u0 com.google.android.gms/.common.account.AccountPickerActivity t421} true
02-18 20:51:56.790 E/.android.gms.ui(31110): Invalid resource ID 0x00000000.
02-18 20:51:56.815 E/HyperSentinel( 2702): -------------------------------------------------------
02-18 20:51:56.815 E/HyperSentinel( 2702): Event_ResidentSize
02-18 20:51:56.815 E/HyperSentinel( 2702): -> audit event by proc 32077 "com.alibaba.aliexpresshd:channel": RSS increasement, peak 0kb -> 224104kb
02-18 20:51:56.838 E/HyperSentinel( 2702): -------------------------------------------------------
02-18 20:51:56.839 E/HyperSentinel( 2702): Event_ThreadAmount
02-18 20:51:56.839 E/HyperSentinel( 2702): -> audit event by proc 31923 "com.xiaomi.glgm": running threads amount, 0 -> 32
02-18 20:51:56.861 E/NativeTurboSchedManagerJni( 2702): ioctl 8 failed!
02-18 20:51:56.863 E/ActivityManagerWrapper( 3966): get all recent tasks force including 421
02-18 20:51:56.866 E/ActivityManagerWrapper( 3966): getRecentTasksForceIncludingTaskIdIfValid: getRecentTasks: size=1
02-18 20:51:56.866 E/ActivityManagerWrapper( 3966):  mainTaskId=421   userId=0   windowMode=1   baseIntent=Intent { act=android.intent.action.MAIN flag=270532608 cmp=ComponentInfo{com.pr4y.app/com.pr4y.app.MainActivity} }
02-18 20:51:56.912 E/MI-SF   ( 1606): surfaceflinger setAffinity success
02-18 20:51:56.912 E/MI-SF   ( 1606): surfaceflinger setAffinity success
02-18 20:51:56.919 E/MI-SF   ( 1606): surfaceflinger setAffinity success
02-18 20:51:56.992 E/libsensor-displayalgo( 2261): value of coefs 5,850.073000,4.965174,-2.685090,1.640057,-4.685160, line 101
02-18 20:51:57.050 E/NativeTurboSchedManagerJni(31110): open /dev/metis failed!
02-18 20:51:57.050 E/NativeTurboSchedManagerJni(31110): open /dev/metis failed!
02-18 20:51:57.063 E/WindowManager( 2702): setClientVisible ActivityRecord{63b2830 u0 com.google.android.gms/.common.account.AccountPickerActivity t421} true
02-18 20:51:57.071 E/KeyguardTransitionHandlerImpl( 4462): activityCount = 1
02-18 20:51:57.071 E/KeyguardTransitionHandlerImpl( 4462): activityCount = 1
02-18 20:51:57.096 E/.android.gms.ui(31110): Invalid resource ID 0x00000000.
02-18 20:51:57.163 E/ANDR-PERF-LM( 1468): VmRssMeter:: start() 358: Could not find pid, can not collect vmrss data
02-18 20:51:57.166 E/ANDR-PERF-LM( 1468): VmRssMeter:: start() 358: Could not find pid, can not collect vmrss data
02-18 20:51:57.166 E/ANDR-PERF-LM( 1468): AdaptiveLaunch: writeToDataBase() 64: Meter aborted or could not get meter data for this run
02-18 20:51:57.214 E/MI-SF   ( 1606): surfaceflinger setAffinity success
02-18 20:51:57.214 E/MI-SF   ( 1606): surfaceflinger setAffinity success
02-18 20:51:57.219 E/MI-SF   ( 1606): surfaceflinger setAffinity success
02-18 20:51:57.291 E/libsensor-displayalgo( 2261): value of coefs 5,850.073000,4.965174,-2.685090,1.640057,-4.685160, line 101
02-18 20:51:57.522 E/MI-SF   ( 1606): surfaceflinger setAffinity failed, error=22
02-18 20:51:57.522 E/MI-SF   ( 1606): surfaceflinger setAffinity failed.
02-18 20:51:57.522 E/MI-SF   ( 1606): surfaceflinger setAffinity failed, error=22
02-18 20:51:57.522 E/MI-SF   ( 1606): surfaceflinger setreAffinity failed.
02-18 20:51:57.528 E/MI-SF   ( 1606): surfaceflinger setAffinity failed, error=22
02-18 20:51:57.528 E/MI-SF   ( 1606): surfaceflinger resetAffinity failed.
02-18 20:51:57.594 E/libsensor-displayalgo( 2261): value of coefs 5,850.073000,4.965174,-2.685090,1.640057,-4.685160, line 101
02-18 20:51:57.712 E/WifiClientModeImpl[19599:wlan0]( 2702): Failed to get mlo info
02-18 20:51:57.829 E/MI-SF   ( 1606): surfaceflinger setAffinity failed, error=22
02-18 20:51:57.829 E/MI-SF   ( 1606): surfaceflinger setAffinity failed.
02-18 20:51:57.829 E/MI-SF   ( 1606): surfaceflinger setAffinity failed, error=22
02-18 20:51:57.829 E/MI-SF   ( 1606): surfaceflinger setreAffinity failed.
02-18 20:51:57.835 E/MI-SF   ( 1606): surfaceflinger setAffinity failed, error=22
02-18 20:51:57.836 E/MI-SF   ( 1606): surfaceflinger resetAffinity failed.
02-18 20:51:57.895 E/libsensor-displayalgo( 2261): value of coefs 5,850.073000,4.965174,-2.685090,1.640057,-4.685160, line 101
02-18 20:51:57.964 E/sensors-hal( 1370): handle_sns_client_event:57, har-sensor-hal: time=169210766033902 data 0.000000
02-18 20:51:58.134 E/MI-SF   ( 1606): surfaceflinger setAffinity failed, error=22
02-18 20:51:58.134 E/MI-SF   ( 1606): surfaceflinger setAffinity failed.
02-18 20:51:58.134 E/MI-SF   ( 1606): surfaceflinger setAffinity failed, error=22
02-18 20:51:58.134 E/MI-SF   ( 1606): surfaceflinger setreAffinity failed.
02-18 20:51:58.140 E/MI-SF   ( 1606): surfaceflinger setAffinity failed, error=22
02-18 20:51:58.140 E/MI-SF   ( 1606): surfaceflinger resetAffinity failed.
02-18 20:51:58.193 E/TelephonyEventHandler( 7161): Received network connection action
02-18 20:51:58.194 E/libsensor-displayalgo( 2261): value of coefs 5,850.073000,4.965174,-2.685090,1.640057,-4.685160, line 101
02-18 20:51:58.198 E/TelephonyEventHandler( 7161): Received network connection action currentNwType=1
02-18 20:51:58.398 E/RTMode  ( 2702): pkgName: com.google.android.gms has no permission
02-18 20:51:58.436 E/MI-SF   ( 1606): surfaceflinger setAffinity success
02-18 20:51:58.436 E/MI-SF   ( 1606): surfaceflinger setAffinity success
02-18 20:51:58.442 E/MI-SF   ( 1606): surfaceflinger setAffinity success
02-18 20:51:58.471 E/RTMode  ( 2702): pkgName: com.google.android.gms has no permission
02-18 20:51:58.474 E/RTMode  ( 2702): pkgName: com.google.android.gms has no permission
02-18 20:51:58.478 E/RTMode  ( 2702): pkgName: com.google.android.gms has no permission
02-18 20:51:58.482 E/RTMode  ( 2702): pkgName: com.google.android.gms has no permission
02-18 20:51:58.494 E/libsensor-displayalgo( 2261): value of coefs 5,850.073000,4.965174,-2.685090,1.640057,-4.685160, line 101
02-18 20:51:58.542 E/ANDR-PERF-MPCTL( 1468): Perflock Submit request limit reached.
02-18 20:51:58.577 E/KeyguardTransitionHandlerImpl( 4462): activityCount = 1
02-18 20:51:58.577 E/KeyguardTransitionHandlerImpl( 4462): activityCount = 1
02-18 20:51:58.592 E/WindowManager( 2702): setClientVisible ActivityRecord{63b2830 u0 com.google.android.gms/.common.account.AccountPickerActivity t421 f}} false
02-18 20:51:58.627 E/SysUtils(24978): cancelNotificationById: 5,showRedDot:-1
02-18 20:51:58.674 E/ActivityManagerWrapper( 3966): get all recent tasks force including 421
02-18 20:51:58.677 E/ActivityManagerWrapper( 3966): getRecentTasksForceIncludingTaskIdIfValid: getRecentTasks: size=1
02-18 20:51:58.677 E/ActivityManagerWrapper( 3966):  mainTaskId=421   userId=0   windowMode=1   baseIntent=Intent { act=android.intent.action.MAIN flag=270532608 cmp=ComponentInfo{com.pr4y.app/com.pr4y.app.MainActivity} }
02-18 20:51:58.681 E/NativeTurboSchedManagerJni( 2702): ioctl 8 failed!
02-18 20:51:58.691 E/Zygote  (32399): process_name_ptr:32399 com.miui.cloudservice
02-18 20:51:58.691 E/Zygote  (32399): SetMemoryProtected process_name_ptr:32399 com.miui.cloudservice
02-18 20:51:58.740 E/MI-SF   ( 1606): surfaceflinger setAffinity success
02-18 20:51:58.740 E/MI-SF   ( 1606): surfaceflinger setAffinity success
02-18 20:51:58.746 E/MI-SF   ( 1606): surfaceflinger setAffinity success
02-18 20:51:58.764 E/KeymasterUtils(  870): rsp_header->status: -28
02-18 20:51:58.765 E/KeyMasterHalDevice(  870): abort_operation
02-18 20:51:58.765 E/KeyMasterHalDevice(  870): ret: -28
02-18 20:51:58.791 E/libsensor-displayalgo( 2261): value of coefs 5,850.073000,4.965174,-2.685090,1.640057,-4.685160, line 101
02-18 20:51:58.957 E/KeymasterUtils(  870): rsp_header->status: -28
02-18 20:51:58.957 E/KeyMasterHalDevice(  870): abort_operation
02-18 20:51:58.957 E/KeyMasterHalDevice(  870): ret: -28
02-18 20:51:58.966 E/sensors-hal( 1370): handle_sns_client_event:57, har-sensor-hal: time=169211768549006 data 1.000000
02-18 20:51:59.016 E/ANDR-PERF-MPCTL( 1468): Perflock Submit request limit reached.
02-18 20:51:59.036 E/KeyguardTransitionHandlerImpl( 4462): activityCount = 1
02-18 20:51:59.036 E/KeyguardTransitionHandlerImpl( 4462): activityCount = 1
02-18 20:51:59.040 E/WindowManager( 2702): setClientVisible ActivityRecord{cb15221 u0 com.google.android.gms/.signin.activity.SignInActivity t421 f}} false
02-18 20:51:59.047 E/MI-SF   ( 1606): surfaceflinger setAffinity success
02-18 20:51:59.047 E/MI-SF   ( 1606): surfaceflinger setAffinity success
02-18 20:51:59.053 E/MI-SF   ( 1606): surfaceflinger setAffinity success
02-18 20:51:59.072 E/ANDR-PERF-MPCTL( 1468): Perflock Submit request limit reached.
02-18 20:51:59.093 E/libsensor-displayalgo( 2261): value of coefs 5,850.073000,4.965174,-2.685090,1.640057,-4.685160, line 101
02-18 20:51:59.094 E/Zygote  (32457): process_name_ptr:32457 com.xiaomi.simactivate.service
02-18 20:51:59.094 E/Zygote  (32457): SetMemoryProtected process_name_ptr:32457 com.xiaomi.simactivate.service
02-18 20:51:59.103 E/KeyguardTransitionHandlerImpl( 4462): activityCount = 1
02-18 20:51:59.103 E/KeyguardTransitionHandlerImpl( 4462): activityCount = 1
02-18 20:51:59.107 E/WindowManager( 2702): setClientVisible ActivityRecord{7055ab1 u0 com.google.android.gms/.common.api.GoogleApiActivity t421 f}} false
02-18 20:51:59.174 E/ANDR-PERF-MPCTL( 1468): Perflock Submit request limit reached.
02-18 20:51:59.190 E/KeyguardTransitionHandlerImpl( 4462): activityCount = 1
02-18 20:51:59.190 E/KeyguardTransitionHandlerImpl( 4462): activityCount = 1
02-18 20:51:59.194 E/WindowManager( 2702): setClientVisible ActivityRecord{68d4675 u0 com.google.android.gms/.auth.api.signin.ui.SignInActivity t421 f}} false
02-18 20:51:59.217 E/BluetoothAdapterService( 4271): getActiveDevices: LeAudioService is null
02-18 20:51:59.230 E/Zygote  (32484): process_name_ptr:32484 com.miui.micloudsync
02-18 20:51:59.230 E/Zygote  (32484): SetMemoryProtected process_name_ptr:32484 com.miui.micloudsync
02-18 20:51:59.259 E/ANDR-PERF-MPCTL( 1468): Perflock Submit request limit reached.
02-18 20:51:59.300 E/Zygote  (32503): process_name_ptr:32503 com.xiaomi.account
02-18 20:51:59.300 E/Zygote  (32503): SetMemoryProtected process_name_ptr:32503 com.xiaomi.account
02-18 20:51:59.326 E/KeyguardTransitionHandlerImpl( 4462): activityCount = 1
02-18 20:51:59.326 E/KeyguardTransitionHandlerImpl( 4462): activityCount = 1
02-18 20:51:59.329 E/WindowManager( 2702): setClientVisible ActivityRecord{b3b8981 u0 com.pr4y.app/com.google.android.gms.auth.api.signin.internal.SignInHubActivity t421 f}} false
02-18 20:51:59.336 E/PR4Y_ERROR(31073): Login: legacy ApiException 10 (DEVELOPER_ERROR). Registrar SHA-1 y package en GCP. Ver COMO-RESOLVER-LOGIN.md
02-18 20:51:59.336 E/PR4Y_ERROR(31073): com.google.android.gms.common.api.ApiException: 10: 
02-18 20:51:59.336 E/PR4Y_ERROR(31073): 	at com.google.android.gms.common.internal.ApiExceptionUtil.fromStatus(com.google.android.gms:play-services-base@@18.4.0:3)
02-18 20:51:59.336 E/PR4Y_ERROR(31073): 	at com.google.android.gms.auth.api.signin.GoogleSignIn.getSignedInAccountFromIntent(com.google.android.gms:play-services-auth@@21.3.0:3)
02-18 20:51:59.336 E/PR4Y_ERROR(31073): 	at com.pr4y.app.ui.viewmodel.LoginViewModel$handleLegacySignInResult$1.invokeSuspend(LoginViewModel.kt:171)
02-18 20:51:59.336 E/PR4Y_ERROR(31073): 	at kotlin.coroutines.jvm.internal.BaseContinuationImpl.resumeWith(ContinuationImpl.kt:33)
02-18 20:51:59.336 E/PR4Y_ERROR(31073): 	at kotlinx.coroutines.internal.DispatchedContinuationKt.resumeCancellableWith(DispatchedContinuation.kt:375)
02-18 20:51:59.336 E/PR4Y_ERROR(31073): 	at kotlinx.coroutines.intrinsics.CancellableKt.startCoroutineCancellable(Cancellable.kt:26)
02-18 20:51:59.336 E/PR4Y_ERROR(31073): 	at kotlinx.coroutines.CoroutineStart.invoke(CoroutineStart.kt:358)
02-18 20:51:59.336 E/PR4Y_ERROR(31073): 	at kotlinx.coroutines.AbstractCoroutine.start(AbstractCoroutine.kt:134)
02-18 20:51:59.336 E/PR4Y_ERROR(31073): 	at kotlinx.coroutines.BuildersKt__Builders_commonKt.launch(Builders.common.kt:52)
02-18 20:51:59.336 E/PR4Y_ERROR(31073): 	at kotlinx.coroutines.BuildersKt.launch(Unknown Source:1)
02-18 20:51:59.336 E/PR4Y_ERROR(31073): 	at kotlinx.coroutines.BuildersKt__Builders_commonKt.launch$default(Builders.common.kt:43)
02-18 20:51:59.336 E/PR4Y_ERROR(31073): 	at kotlinx.coroutines.BuildersKt.launch$default(Unknown Source:1)
02-18 20:51:59.336 E/PR4Y_ERROR(31073): 	at com.pr4y.app.ui.viewmodel.LoginViewModel.handleLegacySignInResult(LoginViewModel.kt:165)
02-18 20:51:59.336 E/PR4Y_ERROR(31073): 	at com.pr4y.app.ui.screens.LoginScreenKt.LoginScreen$lambda$3$lambda$2(LoginScreen.kt:46)
02-18 20:51:59.336 E/PR4Y_ERROR(31073): 	at com.pr4y.app.ui.screens.LoginScreenKt.$r8$lambda$0n4kKBuB71RsA8wUSl31H7fiGUk(Unknown Source:0)
02-18 20:51:59.336 E/PR4Y_ERROR(31073): 	at com.pr4y.app.ui.screens.LoginScreenKt$$ExternalSyntheticLambda0.invoke(D8$$SyntheticClass:0)
02-18 20:51:59.336 E/PR4Y_ERROR(31073): 	at androidx.activity.compose.ActivityResultRegistryKt$rememberLauncherForActivityResult$1$1.invoke$lambda$0(ActivityResultRegistry.kt:106)
02-18 20:51:59.336 E/PR4Y_ERROR(31073): 	at androidx.activity.compose.ActivityResultRegistryKt$rememberLauncherForActivityResult$1$1.$r8$lambda$VLs2Oqd6MzDD-LGilzyhNhDSH_4(Unknown Source:0)
02-18 20:51:59.336 E/PR4Y_ERROR(31073): 	at androidx.activity.compose.ActivityResultRegistryKt$rememberLauncherForActivityResult$1$1$$ExternalSyntheticLambda0.onActivityResult(D8$$SyntheticClass:0)
02-18 20:51:59.336 E/PR4Y_ERROR(31073): 	at androidx.activity.result.ActivityResultRegistry.doDispatch(ActivityResultRegistry.kt:371)
02-18 20:51:59.336 E/PR4Y_ERROR(31073): 	at androidx.activity.result.ActivityResultRegistry.dispatchResult(ActivityResultRegistry.kt:331)
02-18 20:51:59.336 E/PR4Y_ERROR(31073): 	at androidx.activity.ComponentActivity.onActivityResult(ComponentActivity.kt:786)
02-18 20:51:59.336 E/PR4Y_ERROR(31073): 	at androidx.fragment.app.FragmentActivity.onActivityResult(FragmentActivity.java:152)
02-18 20:51:59.336 E/PR4Y_ERROR(31073): 	at android.app.Activity.onActivityResult(Activity.java:7661)
02-18 20:51:59.336 E/PR4Y_ERROR(31073): 	at android.app.Activity.internalDispatchActivityResult(Activity.java:9680)
02-18 20:51:59.336 E/PR4Y_ERROR(31073): 	at android.app.Activity.dispatchActivityResult(Activity.java:9654)
02-18 20:51:59.336 E/PR4Y_ERROR(31073): 	at android.app.ActivityThread.deliverResults(ActivityThread.java:6328)
02-18 20:51:59.336 E/PR4Y_ERROR(31073): 	at android.app.ActivityThread.handleSendResult(ActivityThread.java:6384)
02-18 20:51:59.336 E/PR4Y_ERROR(31073): 	at android.app.servertransaction.ActivityResultItem.execute(ActivityResultItem.java:72)
02-18 20:51:59.336 E/PR4Y_ERROR(31073): 	at android.app.servertransaction.ActivityTransactionItem.execute(ActivityTransactionItem.java:60)
02-18 20:51:59.336 E/PR4Y_ERROR(31073): 	at android.app.servertransaction.TransactionExecutor.executeNonLifecycleItem(TransactionExecutor.java:186)
02-18 20:51:59.336 E/PR4Y_ERROR(31073): 	at android.app.servertransaction.TransactionExecutor.executeTransactionItems(TransactionExecutor.java:112)
02-18 20:51:59.336 E/PR4Y_ERROR(31073): 	at android.app.servertransaction.TransactionExecutor.execute(TransactionExecutor.java:84)
02-18 20:51:59.336 E/PR4Y_ERROR(31073): 	at android.app.ActivityThread$H.handleMessage(ActivityThread.java:2875)
02-18 20:51:59.336 E/PR4Y_ERROR(31073): 	at android.os.Handler.dispatchMessage(Handler.java:107)
02-18 20:51:59.336 E/PR4Y_ERROR(31073): 	at android.os.Looper.loopOnce(Looper.java:249)
02-18 20:51:59.336 E/PR4Y_ERROR(31073): 	at android.os.Looper.loop(Looper.java:337)
02-18 20:51:59.336 E/PR4Y_ERROR(31073): 	at android.app.ActivityThread.main(ActivityThread.java:9608)
02-18 20:51:59.336 E/PR4Y_ERROR(31073): 	at java.lang.reflect.Method.invoke(Native Method)
02-18 20:51:59.336 E/PR4Y_ERROR(31073): 	at com.android.internal.os.RuntimeInit$MethodAndArgsCaller.run(RuntimeInit.java:615)
02-18 20:51:59.336 E/PR4Y_ERROR(31073): 	at com.android.internal.os.ZygoteInit.main(ZygoteInit.java:936)
02-18 20:51:59.343 E/##XLogger##(32399): o5.@IPV6@SourceFile:2, thread:37309--cloud config is not expired , request canceled
02-18 20:51:59.381 E/HyperSentinel( 2702): -------------------------------------------------------
02-18 20:51:59.381 E/HyperSentinel( 2702): Event_ThreadAmount
02-18 20:51:59.381 E/HyperSentinel( 2702): -> audit event by proc 32158 "com.alibaba.aliexpresshd:support": running threads amount, 0 -> 25
02-18 20:51:59.392 E/libsensor-displayalgo( 2261): value of coefs 5,850.073000,4.965174,-2.685090,1.640057,-4.685160, line 101
02-18 20:51:59.431 E/NativeTurboSchedManagerJni( 2702): ioctl 8 failed!
02-18 20:51:59.439 E/JobScheduler( 2702): ResourceBudgetManagerInternal is null
02-18 20:51:59.458 E/ActivityManagerWrapper( 3966): get all recent tasks force including 421
02-18 20:51:59.461 E/ActivityManagerWrapper( 3966): getRecentTasksForceIncludingTaskIdIfValid: getRecentTasks: size=1
02-18 20:51:59.461 E/ActivityManagerWrapper( 3966):  mainTaskId=421   userId=0   windowMode=1   baseIntent=Intent { act=android.intent.action.MAIN flag=270532608 cmp=ComponentInfo{com.pr4y.app/com.pr4y.app.MainActivity} }
02-18 20:51:59.477 E/JobScheduler( 2702): ResourceBudgetManagerInternal is null
02-18 20:51:59.554 E/ANDR-PERF-LM( 1468): VmRssMeter:: start() 358: Could not find pid, can not collect vmrss data
02-18 20:51:59.575 E/ANDR-PERF-LM( 1468): VmRssMeter:: start() 358: Could not find pid, can not collect vmrss data
02-18 20:51:59.575 E/ANDR-PERF-LM( 1468): AdaptiveLaunch: writeToDataBase() 64: Meter aborted or could not get meter data for this run
02-18 20:51:59.582 E/XiaomiAccountManager(32503): PassportLog@A2^6C[c2V0dXAgdHJ1ZQ==]
02-18 20:51:59.585 E/XiaomiAccountManager(32503): PassportLog@A2^6C[aXMgaW4gc3lzdGVtIGFjY291bnQgYXBw]
02-18 20:51:59.598 E/MiMoverProvider(32503): PassportLog@A2^6C[Y3JlYXRl]
02-18 20:51:59.598 E/XiaomiAccountManager(32503): PassportLog@A2^6C[c2V0dXAgdHJ1ZQ==]
02-18 20:51:59.607 E/##XLogger##(32457): #&^FMMTJYwhwY+4RxeMafKsY89HOjKx0tkaZlDc+o1wYCL6i0IjxGRKxtzaOuwJMmyUrFf0eyKaR9JN1zC8skPxntqtC05KfPrAQ7Fm0xgfi9mTILx5ACLmM+kYp63dV/ti63jPRtV2GAhvqMttloxKGq4XZ0bXUKht58EV23cKGeM=!simactivate!mlll/oRbQKxNvJHgdIEK7Dfuh2OMlgPa00QjL/2QF/sNWEN3tWDYdx83dU1d2AruKyZAgDhNXlT2jHkDgemmDEGHxl/aiiqsKFEfY+xxzzT1gbBQl6BRLBKIqMhgSXw/^&#
02-18 20:51:59.617 E/Zygote  (32558): process_name_ptr:32558 com.xiaomi.aicr
02-18 20:51:59.617 E/Zygote  (32558): SetMemoryProtected process_name_ptr:32558 com.xiaomi.aicr
02-18 20:51:59.620 E/XiaomiAccountManager(32503): PassportLog@A2^6C[c2V0dXAgdHJ1ZQ==]
02-18 20:51:59.620 E/AppProcessUtil(32503): PassportLog@A2^6C[Z2V0Q3VycmVudFByb2Nlc3NOYW1lQnlBcHBsaWNhdGlvbj4+PnByb2Nlc3NOYW1lPWNvbS54aWFvbWkuYWNjb3VudA==]
02-18 20:51:59.620 E/AppProcessUtil(32503): PassportLog@A2^6C[aXNJbk1haW5Qcm9jZXNzPj4+bWFpblByb2Nlc3NOYW1lPWNvbS54aWFvbWkuYWNjb3VudCAgY3VyUHJvY2Vzc05hbWU9Y29tLnhpYW9taS5hY2NvdW50]
02-18 20:51:59.625 E/##XLogger##(32503): #&^UpKc4jpNdMclEowQinER6hJcwn9KEu1JO3e6PJyU44bsv+8DoFr61evL9JtuIQrpC4m7VRFgu5ug91uhZlKuvVSqxNqE9HZaPS2hzQq5T7hyxcLm4lF67prLDVkiOyKNF5PH100+XLi/Zeer1GE4zbG87djCnzVgutHPr36mvyI=!account!Z05EFdYmm8AACL+bsJWsXNW+JNajrPwJqegln77AgA5oigE8Ws/xnL0e82xt9snTgNH/AS3E7vpvkx/fr+Md5F6zj8OPTONmTB2RWLRBil8=^&#
02-18 20:51:59.630 E/##XLogger##(32503): #&^UpKc4jpNdMclEowQinER6hJcwn9KEu1JO3e6PJyU44bsv+8DoFr61evL9JtuIQrpC4m7VRFgu5ug91uhZlKuvVSqxNqE9HZaPS2hzQq5T7hyxcLm4lF67prLDVkiOyKNF5PH100+XLi/Zeer1GE4zbG87djCnzVgutHPr36mvyI=!account!uo8qPfuCU/elghYbsWBPq84OSBw6Krd76Ca6A/hDtZdPceEKB5VBpCzhFbP08M9R/PNLzjp+M1GWpZmX2tMZ9g==^&#
02-18 20:51:59.630 E/##XLogger##(32503): #&^UpKc4jpNdMclEowQinER6hJcwn9KEu1JO3e6PJyU44bsv+8DoFr61evL9JtuIQrpC4m7VRFgu5ug91uhZlKuvVSqxNqE9HZaPS2hzQq5T7hyxcLm4lF67prLDVkiOyKNF5PH100+XLi/Zeer1GE4zbG87djCnzVgutHPr36mvyI=!account!uo8qPfuCU/elghYbsWBPq1kTa3C0dhZF7ULtIJLcEnvKUnyKJvKoxYDSumz3cu7UivzFNA8Xc80Chz+RSwyIOQSYT9oBfwjR0Dq5dGdAJtA=^&#
02-18 20:51:59.632 E/##XLogger##(32503): #&^UpKc4jpNdMclEowQinER6hJcwn9KEu1JO3e6PJyU44bsv+8DoFr61evL9JtuIQrpC4m7VRFgu5ug91uhZlKuvVSqxNqE9HZaPS2hzQq5T7hyxcLm4lF67prLDVkiOyKNF5PH100+XLi/Zeer1GE4zbG87djCnzVgutHPr36mvyI=!account!6t8T0Z3sWiG6xaYiZ+tP03pQixHCowX5NXAM56qUFXLF8uIaCNLetz8Z+Ci2Sged76QPVHWaheP79GaephO1MA==^&#
02-18 20:51:59.635 E/##XLogger##(32503): #&^UpKc4jpNdMclEowQinER6hJcwn9KEu1JO3e6PJyU44bsv+8DoFr61evL9JtuIQrpC4m7VRFgu5ug91uhZlKuvVSqxNqE9HZaPS2hzQq5T7hyxcLm4lF67prLDVkiOyKNF5PH100+XLi/Zeer1GE4zbG87djCnzVgutHPr36mvyI=!account!ZIDqycRtVHvdi1fwux05uk5ywYQapM1R5natDHo5Q9/Wjnf2Nj+64+xV/UanxlCCuFJCK/vI/KDOCJ+JOX2CDrO3+VDbWR9HmwJdlAp+/8YrXXPOyJDJdHT4o3XOmvWXI98Mfc8sIa1yjzKmYB4FZg==^&#
02-18 20:51:59.635 E/##XLogger##(32503): #&^UpKc4jpNdMclEowQinER6hJcwn9KEu1JO3e6PJyU44bsv+8DoFr61evL9JtuIQrpC4m7VRFgu5ug91uhZlKuvVSqxNqE9HZaPS2hzQq5T7hyxcLm4lF67prLDVkiOyKNF5PH100+XLi/Zeer1GE4zbG87djCnzVgutHPr36mvyI=!account!RomntFmfdfhIZPU6fp68if6FgN0yllA0Ib+LLOWWklryDEnPKHWnZA7UNR68WLYV^&#
02-18 20:51:59.636 E/##XLogger##(32503): #&^UpKc4jpNdMclEowQinER6hJcwn9KEu1JO3e6PJyU44bsv+8DoFr61evL9JtuIQrpC4m7VRFgu5ug91uhZlKuvVSqxNqE9HZaPS2hzQq5T7hyxcLm4lF67prLDVkiOyKNF5PH100+XLi/Zeer1GE4zbG87djCnzVgutHPr36mvyI=!account!8Sr/5ql03Ssh//UvKXZBKUnoibZLqYt9Mf5FlosvE9t2D09lDIHOQWdb15YEOm3e68vvPBKX/6HTG2tTQOzKiA==^&#
02-18 20:51:59.639 E/##XLogger##(32503): #&^UpKc4jpNdMclEowQinER6hJcwn9KEu1JO3e6PJyU44bsv+8DoFr61evL9JtuIQrpC4m7VRFgu5ug91uhZlKuvVSqxNqE9HZaPS2hzQq5T7hyxcLm4lF67prLDVkiOyKNF5PH100+XLi/Zeer1GE4zbG87djCnzVgutHPr36mvyI=!account!5wxrEYWg2eZ+ZshbI2tSBrV+Lv2SfFisDer3/K8JL2eDZfwlZop1ZJi4sSla2wU2aPxgtAMWVXuyNHDjG1ljUVBj5xtfZSzEnfJFEt2WfhE=^&#
02-18 20:51:59.640 E/##XLogger##(32503): #&^UpKc4jpNdMclEowQinER6hJcwn9KEu1JO3e6PJyU44bsv+8DoFr61evL9JtuIQrpC4m7VRFgu5ug91uhZlKuvVSqxNqE9HZaPS2hzQq5T7hyxcLm4lF67prLDVkiOyKNF5PH100+XLi/Zeer1GE4zbG87djCnzVgutHPr36mvyI=!account!5wxrEYWg2eZ+ZshbI2tSBkGUGZI6uZwoNtOopTGsgzHGO46u/KtYgEMKRlOrxth7VhxREegk7o8HNUIOLWj1QlU+qC3j2PNvQqARrmXC86ZZ1eq2TqbTBFHFeSo1Nu9x^&#
02-18 20:51:59.640 E/##XLogger##(32503): #&^UpKc4jpNdMclEowQinER6hJcwn9KEu1JO3e6PJyU44bsv+8DoFr61evL9JtuIQrpC4m7VRFgu5ug91uhZlKuvVSqxNqE9HZaPS2hzQq5T7hyxcLm4lF67prLDVkiOyKNF5PH100+XLi/Zeer1GE4zbG87djCnzVgutHPr36mvyI=!account!5wxrEYWg2eZ+ZshbI2tSBg+hczX5cyh7XMVBUGIDSW/2zo/c0GqkjAcbRfJVG019w27hwablu2231APIJL7Bmq9zGPvOnGVDgAfFOX7xErGmTqto172dCp0A2/Abo6C8^&#
02-18 20:51:59.645 E/##XLogger##(32503): #&^UpKc4jpNdMclEowQinER6hJcwn9KEu1JO3e6PJyU44bsv+8DoFr61evL9JtuIQrpC4m7VRFgu5ug91uhZlKuvVSqxNqE9HZaPS2hzQq5T7hyxcLm4lF67prLDVkiOyKNF5PH100+XLi/Zeer1GE4zbG87djCnzVgutHPr36mvyI=!account!3b+xSEIgE5cDd3uBVD1bMcqFhbRrmSoIbtEzwZANyi/+gII3qWDbd563ySzo382K6BWfy9os1LG4KF96HIEoQMHisAA8fzS31wLyRExCbeWEKyooKMay1bO2NbCfvcCgElWwi/+JSwpkrC1gZE69iNx1V8nCUKIAmiVp2/BQB7w=^&#
02-18 20:51:59.645 E/##XLogger##(32503): #&^UpKc4jpNdMclEowQinER6hJcwn9KEu1JO3e6PJyU44bsv+8DoFr61evL9JtuIQrpC4m7VRFgu5ug91uhZlKuvVSqxNqE9HZaPS2hzQq5T7hyxcLm4lF67prLDVkiOyKNF5PH100+XLi/Zeer1GE4zbG87djCnzVgutHPr36mvyI=!account!OZJ7yx/dSfyZQL52UQG1LGbjU4mkJvKibmzb/jB4jzgtO3v+7tWYbULP9hqSjYFgSNIHOL1Ze1JNCpSuwcWmDo5koYheu0JqFFP/CFWoxf8=^&#
02-18 20:51:59.656 E/##XLogger##(32503): #&^UpKc4jpNdMclEowQinER6hJcwn9KEu1JO3e6PJyU44bsv+8DoFr61evL9JtuIQrpC4m7VRFgu5ug91uhZlKuvVSqxNqE9HZaPS2hzQq5T7hyxcLm4lF67prLDVkiOyKNF5PH100+XLi/Zeer1GE4zbG87djCnzVgutHPr36mvyI=!account!ZIDqycRtVHvdi1fwux05ukYQeXRYPC6wABHItec4vRHwc36bMT912domXnWNsMXCjCSWfsYS4lwCSHVFdSHESzd4BKHB6z28tx6JSbYWjoY=^&#
02-18 20:51:59.656 E/##XLogger##(32503): #&^UpKc4jpNdMclEowQinER6hJcwn9KEu1JO3e6PJyU44bsv+8DoFr61evL9JtuIQrpC4m7VRFgu5ug91uhZlKuvVSqxNqE9HZaPS2hzQq5T7hyxcLm4lF67prLDVkiOyKNF5PH100+XLi/Zeer1GE4zbG87djCnzVgutHPr36mvyI=!account!W5K7twVzFmxAL9cM0RV2hpUaVp5I2U4rQSFeWexFx/mVDpiSv7bob73JSo8RNG9B^&#
02-18 20:51:59.694 E/libsensor-displayalgo( 2261): value of coefs 5,850.073000,4.965174,-2.685090,1.640057,-4.685160, line 101
02-18 20:51:59.734 E/##XLogger##(32457): #&^FMMTJYwhwY+4RxeMafKsY89HOjKx0tkaZlDc+o1wYCL6i0IjxGRKxtzaOuwJMmyUrFf0eyKaR9JN1zC8skPxntqtC05KfPrAQ7Fm0xgfi9mTILx5ACLmM+kYp63dV/ti63jPRtV2GAhvqMttloxKGq4XZ0bXUKht58EV23cKGeM=!simactivate!mlll/oRbQKxNvJHgdIEK7Dfuh2OMlgPa00QjL/2QF/sNWEN3tWDYdx83dU1d2AruKyZAgDhNXlT2jHkDgemmDEGHxl/aiiqsKFEfY+xxzzT1gbBQl6BRLBKIqMhgSXw/^&#
02-18 20:51:59.766 E/##XLogger##(32503): #&^UpKc4jpNdMclEowQinER6hJcwn9KEu1JO3e6PJyU44bsv+8DoFr61evL9JtuIQrpC4m7VRFgu5ug91uhZlKuvVSqxNqE9HZaPS2hzQq5T7hyxcLm4lF67prLDVkiOyKNF5PH100+XLi/Zeer1GE4zbG87djCnzVgutHPr36mvyI=!account!5wxrEYWg2eZ+ZshbI2tSBp9Z+aks1xZ9EFmWNUvS7f+0yISyFUHbiDDARN4yQIJs2WcNzsmSiDdkSMjthEB+mWmnhcMpLNpdRASc5/TeS/Kpxsn4g0vOy9bWMKIOunTeMzdIuCWQaqpwxDd1KkluIXeLBGcYg84qryNo2khjj5rIhhXdqqvAV4bjrcSWjc+jSzcOJXjrCB797W4wfd9fS/xKVg+qoOdCnkB6ST3GEowIEWsQnObfAWr0ZCnZbdtHD/LV1KMVbKsTAxPczU5IIVFUN4PVUEiTVtL2GRDJgk2fVRg7RFa409DpIIFFanL37pI+Fn7tPcjihUTL9lTWJTU+3gbXoTlObWXAUWp9N/8fa+OSEVhlIuKnPh/FKyKp8NDyxCKS2LkHauqtvSF+JDnuHLIPXMFDrD8C0MirGqx4qKlZe2YK+1AxDx4xCDAq9GRQuYZ+6vT9HhMs7pFvN441Y24uzicgLoIe9dE+LXGfUHWY9Tw4y7qrIlEAH4dHPbknXHctYaq0yTuKfw4ZFODnenuY9M5ge+VgaC6IM7Ambu1lxgy/vSVZWllRyAtvbtOD7MP5GVaDsZpqkgKci78vOL374q8du5cLq6o5MIDHdE4k1++GPRkwttuBq8EYYXNTh1vJXt6jhhaiwQRDSmpXcf9wiNPiuU0x0L5fGhIpWZcS8TSuPP4AXdKva81hUfC8MYyrmf11G44Bo8Ub6HGiccu7I/eUKIXgMNQiwFiQ6wgNw98/pJIID8xSYAl59uO4FpW0JWwq59jfHD68HCmcFSm1IOTt0I7KzRIToNc7fkLRrCwIewR9DTrmrFNJ+1Az/Bgh8OP+kARYV8axHZmWaRovcATBANo5VJyEqaYKxz9AkoBfa7QPrOzH42q5L3cmqwf2gBylTEpVIIRj20Oq6dQguDdfKBengrUL9N6YJhlTBDhCT/Mnsr9bbPpBVOoxlwD6ee48gs+L56SI/vc/oKc0rrG7tpNgeA0RrF408PPipQ7j1DKLTC1d84QkHLCE2WZFU41TwKrjVai/NzxBXSbZiPqsJMdJg43Glaw=^&#
02-18 20:51:59.774 E/##XLogger##(32503): #&^UpKc4jpNdMclEowQinER6hJcwn9KEu1JO3e6PJyU44bsv+8DoFr61evL9JtuIQrpC4m7VRFgu5ug91uhZlKuvVSqxNqE9HZaPS2hzQq5T7hyxcLm4lF67prLDVkiOyKNF5PH100+XLi/Zeer1GE4zbG87djCnzVgutHPr36mvyI=!account!5wxrEYWg2eZ+ZshbI2tSBp9Z+aks1xZ9EFmWNUvS7f+0yISyFUHbiDDARN4yQIJs2WcNzsmSiDdkSMjthEB+mWmnhcMpLNpdRASc5/TeS/Ie8Q4ny09RIVH6cXIA7R3+2+ju8AMTVvDI85Kw7EVILZjs/TH05UIBAnL4XYdT2mFGx1LywKB8VHynHYCfDS7Ii404RUCwuGzXuiH5MFH0A91Z9e4bUGbp1x0Z1x9MizsrG+SJ6SqXmiJZD9qd09W+hmsXGLcI0g5SezmRnyPyzjqpjZ18P9CWCK0rOHJSE3oKxg33ZCTKP0CwKTBmrvMeH8Y0FPnbOg7Bs6/uNeMFvoLgKl8if241FFm1CKkeijfIrprXxiQG0PTZt+LUDQIqi00ly8T+hwjNNytFyfib6K3jo7Pj78j4Lp8y14QJLNNhoOyceCabHKCf+VtSuV0E2WCA673YVcvpXZ4vQMS2MlgicxGhLevULiSdarCEZhc+Hj6WA26jBfd6wgwsIuBY3NPEr0OiYW2SOPlVXzfHWDpg9YfH0Eqr1BZfUWDMLv2sH+NtJ2cBYXquLgY0J63Mp5wGzA0ZFH/aODugcmQXDvPoB+PQHCwku3IyuvevDfMsq/6QikPyi3FBfQZLHGGR8EbLogEize/HRMNHZg0oS6QLdd+RGC0vOET19m653trFPzn1FMi/0b3F/+LJ32jYCXqb2SG2bU4BuNcNwzBu7g==^&#
02-18 20:51:59.777 E/##XLogger##(32503): #&^UpKc4jpNdMclEowQinER6hJcwn9KEu1JO3e6PJyU44bsv+8DoFr61evL9JtuIQrpC4m7VRFgu5ug91uhZlKuvVSqxNqE9HZaPS2hzQq5T7hyxcLm4lF67prLDVkiOyKNF5PH100+XLi/Zeer1GE4zbG87djCnzVgutHPr36mvyI=!account!5wxrEYWg2eZ+ZshbI2tSBp9Z+aks1xZ9EFmWNUvS7f+0yISyFUHbiDDARN4yQIJs2WcNzsmSiDdkSMjthEB+mWmnhcMpLNpdRASc5/TeS/KzYESPMRvdhUXFkAkZ7YXywSuGoKpfQyvH23uVdD204NTqWYoWI7HLdauW6sVEdQKDliaeHJrF8G/H9FIwyRBs^&#
02-18 20:51:59.779 E/##XLogger##(32503): #&^UpKc4jpNdMclEowQinER6hJcwn9KEu1JO3e6PJyU44bsv+8DoFr61evL9JtuIQrpC4m7VRFgu5ug91uhZlKuvVSqxNqE9HZaPS2hzQq5T7hyxcLm4lF67prLDVkiOyKNF5PH100+XLi/Zeer1GE4zbG87djCnzVgutHPr36mvyI=!account!5wxrEYWg2eZ+ZshbI2tSBp9Z+aks1xZ9EFmWNUvS7f+0yISyFUHbiDDARN4yQIJs2WcNzsmSiDdkSMjthEB+mT0N0OGrIcwJz0hwfifBf37Q/0Jo67TNXfeuPvkQMory9s0KBP1wl8VxMzIljsCBx8lf5xFAblDQRrN3VDdgT8MXXAqErf1O3OZPx0F/VwkCeBWkAtBlCB4xlM8qswEQLo+JOz8LdfIZnUMJ7Bq4MVFUH8hg6YKjS/suv04Pe/0r+6OKshMhfO8YW+62TLHrKxnMa1lbTn60NZkoJVqLemDk+kuSHJv8nE7NAtmQ5j0R+SiKiWzpjbFrjj5EZc/OaPp09IA8W1KgoYELOg5v8FFZ4EW/337d8GYf8cObo8aZD9/FDXVyvkxxCkrcAbUsk2J/3zPuFihm5tQNjHKEaRWFP8kbmQYVcZNhBsT5fOq4qOh+G4Cmjy8scJzj+s6wJdWMtO7f5u48lr2nNArA0g+Qc30PjhLwpr9lHr7L4yHguASI5FNxrneWGUukSYwrHhUNX2iVqJhoVFlgUvqtJCzdaMTFVmzCkmNXEMUQfI0DBGk4U0Vy+prrUL+AC2pnroFj7VGb5VOjOfA2wk7vTh3vhmo+FmQFJZptAIdQpj9H9yM4HBYGrPHZWEF3NuawlCMhDHEM7x/9Usg1VkI/uv2ToxdpZAunuGzzkDWQ56F+H7XhmnhyPQyAcV/yj3bMTMNEexd5vVLtb6we8j1DReEhKB+NchEwPHkxNeICYzsborhLj51klBZCIBaEZ2IOnlnyJanY0DKGWDqf9pfZqL61wK79ZsjPk3XZ7/+9KjSBs0s2nIm+UNSYkiSYbFLNMz37SyaJNHLKFpvAG0iabrtntze/TX48hUYl5OaxVPAdo1buzjeFgiG0MHb8Is68KOhh/KNXa+61KRdsUYsfHq1UaGlEhQiEaoijuPRbY8iCvPqPusaEWxJMNjTSr0hMx1HgZoGJDO7+AmMa2yjL1lUzvjedFoHJEyjM9qMWckUZkuKZ0n1PWnOuCRAvdfLB0kDZ8Vs25RgRxk8fe7sdreQ=^&#
02-18 20:51:59.780 E/##XLogger##(32503): #&^UpKc4jpNdMclEowQinER6hJcwn9KEu1JO3e6PJyU44bsv+8DoFr61evL9JtuIQrpC4m7VRFgu5ug91uhZlKuvVSqxNqE9HZaPS2hzQq5T7hyxcLm4lF67prLDVkiOyKNF5PH100+XLi/Zeer1GE4zbG87djCnzVgutHPr36mvyI=!account!5wxrEYWg2eZ+ZshbI2tSBp9Z+aks1xZ9EFmWNUvS7f+0yISyFUHbiDDARN4yQIJs2WcNzsmSiDdkSMjthEB+mWmnhcMpLNpdRASc5/TeS/KhtZf2Nhv7Nr4ToS+2eQUX2oKPfV1Ak/a/RotGNVwaioYfOOw62t3WdIWDvfhT9eBCw8XPijr75jC5+rn/+Elx^&#
02-18 20:51:59.782 E/##XLogger##(32503): #&^UpKc4jpNdMclEowQinER6hJcwn9KEu1JO3e6PJyU44bsv+8DoFr61evL9JtuIQrpC4m7VRFgu5ug91uhZlKuvVSqxNqE9HZaPS2hzQq5T7hyxcLm4lF67prLDVkiOyKNF5PH100+XLi/Zeer1GE4zbG87djCnzVgutHPr36mvyI=!account!5wxrEYWg2eZ+ZshbI2tSBp9Z+aks1xZ9EFmWNUvS7f+0yISyFUHbiDDARN4yQIJs2WcNzsmSiDdkSMjthEB+mWmnhcMpLNpdRASc5/TeS/IayU2NRzUGG/lzI59mhbPQo24r9q6V9RltyhWpjM9iY3UT2E1r9+vFYN0/xBhkKEY=^&#
02-18 20:51:59.783 E/##XLogger##(32503): #&^UpKc4jpNdMclEowQinER6hJcwn9KEu1JO3e6PJyU44bsv+8DoFr61evL9JtuIQrpC4m7VRFgu5ug91uhZlKuvVSqxNqE9HZaPS2hzQq5T7hyxcLm4lF67prLDVkiOyKNF5PH100+XLi/Zeer1GE4zbG87djCnzVgutHPr36mvyI=!account!5wxrEYWg2eZ+ZshbI2tSBp9Z+aks1xZ9EFmWNUvS7f+0yISyFUHbiDDARN4yQIJs2WcNzsmSiDdkSMjthEB+mWmnhcMpLNpdRASc5/TeS/L2xymuolOMVCs4ZK8VVDhStc34Z0XzInq4UG4rBG2MLikrW9DMxjIntD4eT/3CiKdCsugTMaSgjOzwPcPdVWO2f1DOwHC3LnTsE1mc9ADRMeS03IHwOxlPF8Ivtv0oSOo=^&#
02-18 20:51:59.783 E/##XLogger##(32503): #&^UpKc4jpNdMclEowQinER6hJcwn9KEu1JO3e6PJyU44bsv+8DoFr61evL9JtuIQrpC4m7VRFgu5ug91uhZlKuvVSqxNqE9HZaPS2hzQq5T7hyxcLm4lF67prLDVkiOyKNF5PH100+XLi/Zeer1GE4zbG87djCnzVgutHPr36mvyI=!account!5wxrEYWg2eZ+ZshbI2tSBp9Z+aks1xZ9EFmWNUvS7f+0yISyFUHbiDDARN4yQIJs2WcNzsmSiDdkSMjthEB+mWmnhcMpLNpdRASc5/TeS/JiWdFhLoXHWl9FBtnNvQlGAer6NqUzNqwuYnH75z1D7qFEOLWhII4iGgWJA57sHx0=^&#
02-18 20:51:59.784 E/##XLogger##(32503): #&^UpKc4jpNdMclEowQinER6hJcwn9KEu1JO3e6PJyU44bsv+8DoFr61evL9JtuIQrpC4m7VRFgu5ug91uhZlKuvVSqxNqE9HZaPS2hzQq5T7hyxcLm4lF67prLDVkiOyKNF5PH100+XLi/Zeer1GE4zbG87djCnzVgutHPr36mvyI=!account!5wxrEYWg2eZ+ZshbI2tSBp9Z+aks1xZ9EFmWNUvS7f+0yISyFUHbiDDARN4yQIJs2WcNzsmSiDdkSMjthEB+mWmnhcMpLNpdRASc5/TeS/IUNjTsRkeR2o6d7JgHd0sNHHtYHIawRF8d/SvZtRWUSU4KlI+9nOCFVVbwmXZWR2nZ/JXItJEgfM9cbC+Kg6+1^&#
02-18 20:51:59.787 E/##XLogger##(32503): #&^UpKc4jpNdMclEowQinER6hJcwn9KEu1JO3e6PJyU44bsv+8DoFr61evL9JtuIQrpC4m7VRFgu5ug91uhZlKuvVSqxNqE9HZaPS2hzQq5T7hyxcLm4lF67prLDVkiOyKNF5PH100+XLi/Zeer1GE4zbG87djCnzVgutHPr36mvyI=!account!5wxrEYWg2eZ+ZshbI2tSBp9Z+aks1xZ9EFmWNUvS7f+0yISyFUHbiDDARN4yQIJs2WcNzsmSiDdkSMjthEB+mWmnhcMpLNpdRASc5/TeS/KPgIP+WcmRGgqrBxo4HtXOKL69p4MnUSKPnSKQJYmP0MzJZBcLcG6vdbd2sOwiLX0raRJw9j5c6ZQxN92MPSa9phkjpqpludcInkrn2FbguUQM7oUhEysPLUGV6IOKxOtxWSyrFeu5NhZHuGGTMrm5h2IGw4umfLt7kzWuOMt8Wegl3I7ZxbVD+VLO6oCKUzwI5XP1zfXE0ez36iWlWOENuNHagrrELR9ziBS68sDXRt70Elrx3/3sB4ukmzzGKtEAXnodg5hylITl4IeNdkVDwlRv7r70b9jh9i/mVcM14OqQ6RpIWUVlWDM5EaqWKcYlLhOyo2pXIszyfQHtKUhELT9I86CYZ6N4lk/mgdhYoJrBxRpAzRpAb+pYmoguBLRPrUPSDBeRfCSEwrmkTstvsReiGGaT8P2yBRHwYTy8L5AIq9Evje+eLc2NkvkdvbT5QDYz4lUnMvUn6Uv4+BbS8MoQBNvyaXwCxqVip8R9QxTWd/Rw+CeuyYuZRAnLa5gZuJdkeYSQQgKUwgPUyYFNm+eBi8r5FeiS7LGV1LYpQoo81wJvQwo+fnnmpJQqyfM=^&#
02-18 20:51:59.798 E/##XLogger##(32503): #&^UpKc4jpNdMclEowQinER6hJcwn9KEu1JO3e6PJyU44bsv+8DoFr61evL9JtuIQrpC4m7VRFgu5ug91uhZlKuvVSqxNqE9HZaPS2hzQq5T7hyxcLm4lF67prLDVkiOyKNF5PH100+XLi/Zeer1GE4zbG87djCnzVgutHPr36mvyI=!account!xAEV59nOBLG2T200ZEU4SBfTqqJ0KRoudM9jQDRkMxqfC8qrrJy0zjR/UjrReaWz^&#
02-18 20:51:59.799 E/##XLogger##(32503): #&^UpKc4jpNdMclEowQinER6hJcwn9KEu1JO3e6PJyU44bsv+8DoFr61evL9JtuIQrpC4m7VRFgu5ug91uhZlKuvVSqxNqE9HZaPS2hzQq5T7hyxcLm4lF67prLDVkiOyKNF5PH100+XLi/Zeer1GE4zbG87djCnzVgutHPr36mvyI=!account!xAEV59nOBLG2T200ZEU4SLTHI0a3al28FHkP1WgEtSm12fhfT8pBiga3TpRVvEY5^&#
02-18 20:51:59.799 E/##XLogger##(32503): #&^UpKc4jpNdMclEowQinER6hJcwn9KEu1JO3e6PJyU44bsv+8DoFr61evL9JtuIQrpC4m7VRFgu5ug91uhZlKuvVSqxNqE9HZaPS2hzQq5T7hyxcLm4lF67prLDVkiOyKNF5PH100+XLi/Zeer1GE4zbG87djCnzVgutHPr36mvyI=!account!sCWCscW+7HArGsgxoOGbuZFIaouQYBkBA+HGTiJsEXQlcSyHGH+2Jmn9expT6ZeL8xSQ3rkagJTSIndHaE4Wyg==^&#
02-18 20:51:59.800 E/##XLogger##(32503): #&^UpKc4jpNdMclEowQinER6hJcwn9KEu1JO3e6PJyU44bsv+8DoFr61evL9JtuIQrpC4m7VRFgu5ug91uhZlKuvVSqxNqE9HZaPS2hzQq5T7hyxcLm4lF67prLDVkiOyKNF5PH100+XLi/Zeer1GE4zbG87djCnzVgutHPr36mvyI=!account!sCWCscW+7HArGsgxoOGbuci5FM6e6Wq5eBFTqXEaJVZX4qV5WHVFrx0mYjj36VYqen/OX1gpPunx4MO+dg8ogg==^&#
02-18 20:51:59.801 E/##XLogger##(32503): #&^UpKc4jpNdMclEowQinER6hJcwn9KEu1JO3e6PJyU44bsv+8DoFr61evL9JtuIQrpC4m7VRFgu5ug91uhZlKuvVSqxNqE9HZaPS2hzQq5T7hyxcLm4lF67prLDVkiOyKNF5PH100+XLi/Zeer1GE4zbG87djCnzVgutHPr36mvyI=!account!UHlqiUt8dJJA8w2BrAcombD079etytsFoFWIUUJJN935Lv/JU7Ex2/gb9P1xa5Mjp+cv4IDDy+0fy6KXnemX2S+3MwOmoA5cUgSampU4B3OM0qTcvIQLSJk0B1C5OW+Obyt50TBkj6Y/iaLohRs3OQ==^&#
02-18 20:51:59.810 E/##XLogger##(32503): #&^UpKc4jpNdMclEowQinER6hJcwn9KEu1JO3e6PJyU44bsv+8DoFr61evL9JtuIQrpC4m7VRFgu5ug91uhZlKuvVSqxNqE9HZaPS2hzQq5T7hyxcLm4lF67prLDVkiOyKNF5PH100+XLi/Zeer1GE4zbG87djCnzVgutHPr36mvyI=!account!6t8T0Z3sWiG6xaYiZ+tP03pQixHCowX5NXAM56qUFXLF8uIaCNLetz8Z+Ci2Sged76QPVHWaheP79GaephO1MA==^&#
02-18 20:51:59.827 E/##XLogger##(32503): #&^UpKc4jpNdMclEowQinER6hJcwn9KEu1JO3e6PJyU44bsv+8DoFr61evL9JtuIQrpC4m7VRFgu5ug91uhZlKuvVSqxNqE9HZaPS2hzQq5T7hyxcLm4lF67prLDVkiOyKNF5PH100+XLi/Zeer1GE4zbG87djCnzVgutHPr36mvyI=!account!yNyxYjiJyJKaRQXI4pDQFXPpE/9S0PQkyqENIvUXhB3XObNMTdeNCeueN0BhQ2VBIagzMQpFSa1RIoi3rFtOC91Z1ZZ0e2nWQ1uIZ63jWoRqDY2Op96HAJAIFYntaNdivUfKPq7+hIbHCYPssKv9kw==^&#
02-18 20:51:59.830 E/##XLogger##(32503): #&^UpKc4jpNdMclEowQinER6hJcwn9KEu1JO3e6PJyU44bsv+8DoFr61evL9JtuIQrpC4m7VRFgu5ug91uhZlKuvVSqxNqE9HZaPS2hzQq5T7hyxcLm4lF67prLDVkiOyKNF5PH100+XLi/Zeer1GE4zbG87djCnzVgutHPr36mvyI=!account!5wxrEYWg2eZ+ZshbI2tSBmRb+qbxKBF38Zsi7HwkRUQwHneEoRjq0oszCnx4ZZqoc97n/QHGx3NchUtZcMDrAd8cG121uQ0zz4vbrDezURw=^&#
02-18 20:51:59.831 E/##XLogger##(32503): #&^UpKc4jpNdMclEowQinER6hJcwn9KEu1JO3e6PJyU44bsv+8DoFr61evL9JtuIQrpC4m7VRFgu5ug91uhZlKuvVSqxNqE9HZaPS2hzQq5T7hyxcLm4lF67prLDVkiOyKNF5PH100+XLi/Zeer1GE4zbG87djCnzVgutHPr36mvyI=!account!5wxrEYWg2eZ+ZshbI2tSBlR2SKHakoZNnuIldTS6uLruo4D9lUmKzRUexUwtcEYDY7gKdnmGLBUAzxA5aNIfJ3zwaPGcl4RxY3kfaz2Vj4HxRmSWIUXzl73BFHjeYnpBhugIRWhNlsN2eZp/RzXyTA==^&#
02-18 20:51:59.832 E/##XLogger##(32503): #&^UpKc4jpNdMclEowQinER6hJcwn9KEu1JO3e6PJyU44bsv+8DoFr61evL9JtuIQrpC4m7VRFgu5ug91uhZlKuvVSqxNqE9HZaPS2hzQq5T7hyxcLm4lF67prLDVkiOyKNF5PH100+XLi/Zeer1GE4zbG87djCnzVgutHPr36mvyI=!account!5wxrEYWg2eZ+ZshbI2tSBpkJSznJB2wQCgiYZbGWrhXLqkuk7LRZ0igVTz/RPqqzyB8IF3W4W08O4AQptbp6RZWrC1e9Qb2iiFBF0Y4biplHN5gZ7zOUTfFh2Dbne94vSXv4wUaHPu9/dslP40XEllYvn/48l7T7806olC/dWv9TRzLGcOmwP4rnL7RdrW9B^&#
02-18 20:51:59.834 E/##XLogger##(32503): #&^UpKc4jpNdMclEowQinER6hJcwn9KEu1JO3e6PJyU44bsv+8DoFr61evL9JtuIQrpC4m7VRFgu5ug91uhZlKuvVSqxNqE9HZaPS2hzQq5T7hyxcLm4lF67prLDVkiOyKNF5PH100+XLi/Zeer1GE4zbG87djCnzVgutHPr36mvyI=!account!5wxrEYWg2eZ+ZshbI2tSBpkJSznJB2wQCgiYZbGWrhXLqkuk7LRZ0igVTz/RPqqzyB8IF3W4W08O4AQptbp6RbN7MtxtXC2O+KqG3z0SVSuwsGWfZKwKrwNKSQJobANzUjfYWfF2Oits4R/fZ/XlqRde7motjGhvVoTmi3OeqZC0ba6CcJUJIw6Ln9QSsSp3^&#
02-18 20:51:59.835 E/##XLogger##(32503): #&^UpKc4jpNdMclEowQinER6hJcwn9KEu1JO3e6PJyU44bsv+8DoFr61evL9JtuIQrpC4m7VRFgu5ug91uhZlKuvVSqxNqE9HZaPS2hzQq5T7hyxcLm4lF67prLDVkiOyKNF5PH100+XLi/Zeer1GE4zbG87djCnzVgutHPr36mvyI=!account!5wxrEYWg2eZ+ZshbI2tSBpkJSznJB2wQCgiYZbGWrhXLqkuk7LRZ0igVTz/RPqqzyB8IF3W4W08O4AQptbp6RbN7MtxtXC2O+KqG3z0SVSuwsGWfZKwKrwNKSQJobANzmiJ/cbxUztGpRFFEP5KBT/ji+40fqqlL+KmskGkfBkpWY1faDZ/D1ztNt3rXBSXF^&#
02-18 20:51:59.836 E/##XLogger##(32503): #&^UpKc4jpNdMclEowQinER6hJcwn9KEu1JO3e6PJyU44bsv+8DoFr61evL9JtuIQrpC4m7VRFgu5ug91uhZlKuvVSqxNqE9HZaPS2hzQq5T7hyxcLm4lF67prLDVkiOyKNF5PH100+XLi/Zeer1GE4zbG87djCnzVgutHPr36mvyI=!account!5wxrEYWg2eZ+ZshbI2tSBpkJSznJB2wQCgiYZbGWrhXLqkuk7LRZ0igVTz/RPqqzyB8IF3W4W08O4AQptbp6RaXId1qovKpchbHfVsIC8tqQD8zhwkofAMW6oQ8NxHhrK00KTT/W4Zaj1ECVzEZW5cmVDBZGTM8nISVmfVw6RqA=^&#
02-18 20:51:59.837 E/##XLogger##(32503): #&^UpKc4jpNdMclEowQinER6hJcwn9KEu1JO3e6PJyU44bsv+8DoFr61evL9JtuIQrpC4m7VRFgu5ug91uhZlKuvVSqxNqE9HZaPS2hzQq5T7hyxcLm4lF67prLDVkiOyKNF5PH100+XLi/Zeer1GE4zbG87djCnzVgutHPr36mvyI=!account!5wxrEYWg2eZ+ZshbI2tSBpkJSznJB2wQCgiYZbGWrhXLqkuk7LRZ0igVTz/RPqqzyB8IF3W4W08O4AQptbp6RaXId1qovKpchbHfVsIC8tqQD8zhwkofAMW6oQ8NxHhrK00KTT/W4Zaj1ECVzEZW5axVI/0Jkkcy0ExGAeBpGlo=^&#
02-18 20:51:59.838 E/##XLogger##(32503): #&^UpKc4jpNdMclEowQinER6hJcwn9KEu1JO3e6PJyU44bsv+8DoFr61evL9JtuIQrpC4m7VRFgu5ug91uhZlKuvVSqxNqE9HZaPS2hzQq5T7hyxcLm4lF67prLDVkiOyKNF5PH100+XLi/Zeer1GE4zbG87djCnzVgutHPr36mvyI=!account!5wxrEYWg2eZ+ZshbI2tSBpkJSznJB2wQCgiYZbGWrhXLqkuk7LRZ0igVTz/RPqqzyB8IF3W4W08O4AQptbp6RRYfJcbXzd6i8px0zq68euzpQlk04pMhJ+yYaxRxaUXdLbNz1GSG8aQoiaTcU1/fvqU+jneugPAirhnBeGGahai8tcPGMYGrW29AYIyBm/km^&#
02-18 20:51:59.839 E/##XLogger##(32503): #&^UpKc4jpNdMclEowQinER6hJcwn9KEu1JO3e6PJyU44bsv+8DoFr61evL9JtuIQrpC4m7VRFgu5ug91uhZlKuvVSqxNqE9HZaPS2hzQq5T7hyxcLm4lF67prLDVkiOyKNF5PH100+XLi/Zeer1GE4zbG87djCnzVgutHPr36mvyI=!account!5wxrEYWg2eZ+ZshbI2tSBpkJSznJB2wQCgiYZbGWrhXLqkuk7LRZ0igVTz/RPqqzyB8IF3W4W08O4AQptbp6RWS65cMGpwg1IqVPSjff1HPvaIh5AGsl3juzF+FAaJxlUes6U2iBfxNeZv/RJEYSC52qooJnrlhtQhZQk51mzceDwlCss0ibJmFE8CrqDNI0^&#
02-18 20:51:59.840 E/##XLogger##(32503): #&^UpKc4jpNdMclEowQinER6hJcwn9KEu1JO3e6PJyU44bsv+8DoFr61evL9JtuIQrpC4m7VRFgu5ug91uhZlKuvVSqxNqE9HZaPS2hzQq5T7hyxcLm4lF67prLDVkiOyKNF5PH100+XLi/Zeer1GE4zbG87djCnzVgutHPr36mvyI=!account!5wxrEYWg2eZ+ZshbI2tSBpkJSznJB2wQCgiYZbGWrhXLqkuk7LRZ0igVTz/RPqqzyB8IF3W4W08O4AQptbp6RWS65cMGpwg1IqVPSjff1HPvaIh5AGsl3juzF+FAaJxlUes6U2iBfxNeZv/RJEYSC31RYA/VAiBdaap/U7KM0Hl+3v8ANk5IkQm4KisCar2E^&#
02-18 20:51:59.841 E/##XLogger##(32503): #&^UpKc4jpNdMclEowQinER6hJcwn9KEu1JO3e6PJyU44bsv+8DoFr61evL9JtuIQrpC4m7VRFgu5ug91uhZlKuvVSqxNqE9HZaPS2hzQq5T7hyxcLm4lF67prLDVkiOyKNF5PH100+XLi/Zeer1GE4zbG87djCnzVgutHPr36mvyI=!account!5wxrEYWg2eZ+ZshbI2tSBpkJSznJB2wQCgiYZbGWrhXLqkuk7LRZ0igVTz/RPqqzyB8IF3W4W08O4AQptbp6RfAQshDbD+17An9a7vc3n7wtzXLnrtnApJ8wtrkzSIOKKgp1x51kyLa2NB/9FuqWfM1N8jO3JGZj8OFX4aGZd3U=^&#
02-18 20:51:59.842 E/##XLogger##(32503): #&^UpKc4jpNdMclEowQinER6hJcwn9KEu1JO3e6PJyU44bsv+8DoFr61evL9JtuIQrpC4m7VRFgu5ug91uhZlKuvVSqxNqE9HZaPS2hzQq5T7hyxcLm4lF67prLDVkiOyKNF5PH100+XLi/Zeer1GE4zbG87djCnzVgutHPr36mvyI=!account!5wxrEYWg2eZ+ZshbI2tSBpkJSznJB2wQCgiYZbGWrhXLqkuk7LRZ0igVTz/RPqqzyB8IF3W4W08O4AQptbp6ReZb0vV58z0AU7zX2jma1Ptw5tvMjauxfYrb+j121kRdOH01ARxCWrHDCVOE9oLQDyQzzyxbOmUPX2Epn7SSYXWOOaOTWdkzTmwbqxUFU4tvjMldPNmJcXHEmpOCfbNiUQ==^&#
02-18 20:51:59.843 E/##XLogger##(32399): f6.@IPV6@SourceFile:10, thread:37314--STATUS_OFF cancel
02-18 20:51:59.843 E/##XLogger##(32503): #&^UpKc4jpNdMclEowQinER6hJcwn9KEu1JO3e6PJyU44bsv+8DoFr61evL9JtuIQrpC4m7VRFgu5ug91uhZlKuvVSqxNqE9HZaPS2hzQq5T7hyxcLm4lF67prLDVkiOyKNF5PH100+XLi/Zeer1GE4zbG87djCnzVgutHPr36mvyI=!account!5wxrEYWg2eZ+ZshbI2tSBo3RbIR+KisRLBTvVwNAEhT9byEq/upUI5j9SQNbDpDO1EEv+LoSmrB36LNC73gF7aNRbS8zDOEe6wjAgVe+oaY897xa8j+6TkLrvhGTlnM53rX5bZYS54Qcp54xa2vfVh89Plneg0rHGYICWAt4tiPkSt+Bw0K/hKbArNEdtAGTW/ggeQDECsja7VjtOvhKJfOlpp5V6HYZLQFU55/f+TEn3KsCVfJg3JqfvpVc5rZTfh3FDeIT1XDkrLs1Z9V5JvvaRzKYfqBK909TJJWT3ERL4VEVUHz9hpMijKn1UvkEFyf2Dbmj7d1xkOWNfehIokNADNjSIiNorfjupk4PjS/+FViQWpQh0IrFyyKRtLLI^&#
