02-18 17:02:55.093 E/libsensor-displayalgo( 2261): value of coefs 5,850.073000,4.965174,-2.685090,1.640057,-4.685160, line 101
02-18 17:02:55.256 E/sensors-hal( 1370): handle_sns_client_event:57, har-sensor-hal: time=155468058434288 data 5.000000
02-18 17:02:55.393 E/libsensor-displayalgo( 2261): value of coefs 5,850.073000,4.965174,-2.685090,1.640057,-4.685160, line 101
02-18 17:02:55.693 E/libsensor-displayalgo( 2261): value of coefs 5,850.073000,4.965174,-2.685090,1.640057,-4.685160, line 101
02-18 17:02:55.994 E/libsensor-displayalgo( 2261): value of coefs 5,850.073000,4.965174,-2.685090,1.640057,-4.685160, line 101
02-18 17:02:56.258 E/sensors-hal( 1370): handle_sns_client_event:57, har-sensor-hal: time=155469059877465 data 0.000000
02-18 17:02:56.294 E/libsensor-displayalgo( 2261): value of coefs 5,850.073000,4.965174,-2.685090,1.640057,-4.685160, line 101
02-18 17:02:56.551 E/msys    (29545): E[N mns]_OnDiskCacheGetData(632)=>Start post callback cache refresh DNS resolution
02-18 17:02:56.560 E/msys    (29545): E[N mns]_LogError(228)=>Failed to resolve using system DNS resolver, getaddrinfo(): No address associated with hostname
02-18 17:02:56.594 E/libsensor-displayalgo( 2261): value of coefs 5,850.073000,4.965174,-2.685090,1.640057,-4.685160, line 101
02-18 17:02:56.684 E/msys    (29545): E[N mns]_OnDiskCacheGetData(632)=>Start post callback cache refresh DNS resolution
02-18 17:02:56.697 E/msys    (29545): E[N mns]_LogError(228)=>Failed to resolve using system DNS resolver, getaddrinfo(): No address associated with hostname
02-18 17:02:56.698 E/JobScheduler.Background( 2702): Couldn't determine stopped state for unknown package: com.google.android.apps.turbo
02-18 17:02:56.699 E/JobScheduler.Background( 2702): Couldn't determine stopped state for unknown package: com.google.android.apps.turbo
02-18 17:02:56.699 E/JobScheduler.Background( 2702): Couldn't determine stopped state for unknown package: com.google.android.apps.turbo
02-18 17:02:56.701 E/JobScheduler.Background( 2702): Couldn't determine stopped state for unknown package: com.aura.oobe.deutsche
02-18 17:02:56.895 E/libsensor-displayalgo( 2261): value of coefs 5,850.073000,4.965174,-2.685090,1.640057,-4.685160, line 101
02-18 17:02:56.966 E/msys    (29545): E[N mns]_OnDiskCacheGetData(632)=>Start post callback cache refresh DNS resolution
02-18 17:02:56.978 E/msys    (29545): E[N mns]_LogError(228)=>Failed to resolve using system DNS resolver, getaddrinfo(): No address associated with hostname
02-18 17:02:57.193 E/libsensor-displayalgo( 2261): value of coefs 5,850.073000,4.965174,-2.685090,1.640057,-4.685160, line 101
02-18 17:02:57.305 E/WifiClientModeImpl[19599:wlan0]( 2702): Failed to get mlo info
02-18 17:02:57.494 E/libsensor-displayalgo( 2261): value of coefs 5,850.073000,4.965174,-2.685090,1.640057,-4.685160, line 101
02-18 17:02:57.797 E/libsensor-displayalgo( 2261): value of coefs 5,850.073000,4.965174,-2.685090,1.640057,-4.685160, line 101
02-18 17:02:58.055 E/BluetoothUtils( 4271): isDeepDozeMode? false
02-18 17:02:58.097 E/libsensor-displayalgo( 2261): value of coefs 5,850.073000,4.965174,-2.685090,1.640057,-4.685160, line 101
02-18 17:02:58.196 E/RTMode  ( 2702): pkgName: com.pr4y.app has no permission
02-18 17:02:58.392 E/libsensor-displayalgo( 2261): value of coefs 5,850.073000,4.965174,-2.685090,1.640057,-4.685160, line 101
02-18 17:02:58.439 E/fb4a.msys( 6280): E[N MQTT]onConnectError(562)=>Connect Error: folly::AsyncSocketException: AsyncSocketException: connect failed, type = Socket not open, errno = 110 (Connection timed out)
02-18 17:02:58.619 E/PR4Y_ERROR(28194): Login: NoCredentialException (Google no reconoce la app). Revisa SHA-1 en GCP.
02-18 17:02:58.619 E/PR4Y_ERROR(28194): q0.d: No credentials available
02-18 17:02:58.619 E/PR4Y_ERROR(28194): 	at p0.g.onError(r8-map-id-840d9d8924a164e2edb1921b8bdda819ec6fad95600f8d243a690cad98062a4f:45)
02-18 17:02:58.619 E/PR4Y_ERROR(28194): 	at android.credentials.CredentialManager$GetCredentialTransport.lambda$onError$2(CredentialManager.java:820)
02-18 17:02:58.619 E/PR4Y_ERROR(28194): 	at android.credentials.CredentialManager$GetCredentialTransport.$r8$lambda$_rg2Q59c21DJrPoh5aAnwNR78wQ(Unknown Source:0)
02-18 17:02:58.619 E/PR4Y_ERROR(28194): 	at android.credentials.CredentialManager$GetCredentialTransport$$ExternalSyntheticLambda0.run(D8$$SyntheticClass:0)
02-18 17:02:58.619 E/PR4Y_ERROR(28194): 	at n.a.execute(r8-map-id-840d9d8924a164e2edb1921b8bdda819ec6fad95600f8d243a690cad98062a4f:6)
02-18 17:02:58.619 E/PR4Y_ERROR(28194): 	at android.credentials.CredentialManager$GetCredentialTransport.onError(CredentialManager.java:819)
02-18 17:02:58.619 E/PR4Y_ERROR(28194): 	at android.credentials.IGetCredentialCallback$Stub.onTransact(IGetCredentialCallback.java:121)
02-18 17:02:58.619 E/PR4Y_ERROR(28194): 	at android.os.Binder.execTransactInternal(Binder.java:1512)
02-18 17:02:58.619 E/PR4Y_ERROR(28194): 	at android.os.Binder.execTransact(Binder.java:1451)
02-18 17:02:58.619 I/PR4Y_APP(28194): Login: Intento sin nonce fall├│, intentando con nonce
02-18 17:02:58.691 E/libsensor-displayalgo( 2261): value of coefs 5,850.073000,4.965174,-2.685090,1.640057,-4.685160, line 101
02-18 17:02:58.695 E/KeymasterUtils(  870): rsp_header->status: -28
02-18 17:02:58.695 E/KeyMasterHalDevice(  870): abort_operation
02-18 17:02:58.695 E/KeyMasterHalDevice(  870): ret: -28
02-18 17:02:58.719 E/KeymasterUtils(  870): rsp_header->status: -28
02-18 17:02:58.719 E/KeyMasterHalDevice(  870): abort_operation
02-18 17:02:58.719 E/KeyMasterHalDevice(  870): ret: -28
02-18 17:02:58.747 E/KeymasterUtils(  870): rsp_header->status: -28
02-18 17:02:58.747 E/KeyMasterHalDevice(  870): abort_operation
02-18 17:02:58.747 E/KeyMasterHalDevice(  870): ret: -28
02-18 17:02:58.784 E/KeymasterUtils(  870): rsp_header->status: -28
02-18 17:02:58.784 E/KeyMasterHalDevice(  870): abort_operation
02-18 17:02:58.784 E/KeyMasterHalDevice(  870): ret: -28
02-18 17:02:58.992 E/libsensor-displayalgo( 2261): value of coefs 5,850.073000,4.965174,-2.685090,1.640057,-4.685160, line 101
02-18 17:02:59.291 E/libsensor-displayalgo( 2261): value of coefs 5,850.073000,4.965174,-2.685090,1.640057,-4.685160, line 101
02-18 17:02:59.325 E/PR4Y_ERROR(28194): Login: NoCredentialException (Google no reconoce la app). Revisa SHA-1 en GCP.
02-18 17:02:59.325 E/PR4Y_ERROR(28194): q0.d: No credentials available
02-18 17:02:59.325 E/PR4Y_ERROR(28194): 	at p0.g.onError(r8-map-id-840d9d8924a164e2edb1921b8bdda819ec6fad95600f8d243a690cad98062a4f:45)
02-18 17:02:59.325 E/PR4Y_ERROR(28194): 	at android.credentials.CredentialManager$GetCredentialTransport.lambda$onError$2(CredentialManager.java:820)
02-18 17:02:59.325 E/PR4Y_ERROR(28194): 	at android.credentials.CredentialManager$GetCredentialTransport.$r8$lambda$_rg2Q59c21DJrPoh5aAnwNR78wQ(Unknown Source:0)
02-18 17:02:59.325 E/PR4Y_ERROR(28194): 	at android.credentials.CredentialManager$GetCredentialTransport$$ExternalSyntheticLambda0.run(D8$$SyntheticClass:0)
02-18 17:02:59.325 E/PR4Y_ERROR(28194): 	at n.a.execute(r8-map-id-840d9d8924a164e2edb1921b8bdda819ec6fad95600f8d243a690cad98062a4f:6)
02-18 17:02:59.325 E/PR4Y_ERROR(28194): 	at android.credentials.CredentialManager$GetCredentialTransport.onError(CredentialManager.java:819)
02-18 17:02:59.325 E/PR4Y_ERROR(28194): 	at android.credentials.IGetCredentialCallback$Stub.onTransact(IGetCredentialCallback.java:121)
02-18 17:02:59.325 E/PR4Y_ERROR(28194): 	at android.os.Binder.execTransactInternal(Binder.java:1512)
02-18 17:02:59.325 E/PR4Y_ERROR(28194): 	at android.os.Binder.execTransact(Binder.java:1451)
02-18 17:02:59.342 E/KeymasterUtils(  870): rsp_header->status: -28
02-18 17:02:59.342 E/KeyMasterHalDevice(  870): abort_operation
02-18 17:02:59.342 E/KeyMasterHalDevice(  870): ret: -28
02-18 17:02:59.406 E/KeymasterUtils(  870): rsp_header->status: -28
02-18 17:02:59.406 E/KeyMasterHalDevice(  870): abort_operation
02-18 17:02:59.406 E/KeyMasterHalDevice(  870): ret: -28
02-18 17:02:59.439 E/KeymasterUtils(  870): rsp_header->status: -28
02-18 17:02:59.439 E/KeyMasterHalDevice(  870): abort_operation
02-18 17:02:59.439 E/KeyMasterHalDevice(  870): ret: -28
02-18 17:02:59.466 E/KeymasterUtils(  870): rsp_header->status: -28
02-18 17:02:59.466 E/KeyMasterHalDevice(  870): abort_operation
02-18 17:02:59.466 E/KeyMasterHalDevice(  870): ret: -28
02-18 17:02:59.696 E/libsensor-displayalgo( 2261): value of coefs 5,850.073000,4.965174,-2.685090,1.640057,-4.685160, line 101
02-18 17:02:59.894 E/libsensor-displayalgo( 2261): value of coefs 5,850.073000,4.965174,-2.685090,1.640057,-4.685160, line 101
02-18 17:03:00.025 E/StackScroller( 4462): updateSidePadding: viewWidth is zero
02-18 17:03:00.057 E/AnimationHelper( 4462): updateTime mToAod:false mHasNotification: true, mClockType: classic
02-18 17:03:00.194 E/libsensor-displayalgo( 2261): value of coefs 5,850.073000,4.965174,-2.685090,1.640057,-4.685160, line 101
02-18 17:03:00.327 E/WifiClientModeImpl[19599:wlan0]( 2702): Failed to get mlo info
02-18 17:03:00.594 E/libsensor-displayalgo( 2261): value of coefs 5,850.073000,4.965174,-2.685090,1.640057,-4.685160, line 101
02-18 17:03:00.893 E/libsensor-displayalgo( 2261): value of coefs 5,850.073000,4.965174,-2.685090,1.640057,-4.685160, line 101
02-18 17:03:01.193 E/libsensor-displayalgo( 2261): value of coefs 5,850.073000,4.965174,-2.685090,1.640057,-4.685160, line 101
02-18 17:03:01.264 E/sensors-hal( 1370): handle_sns_client_event:57, har-sensor-hal: time=155474066704236 data 5.000000
02-18 17:03:01.493 E/libsensor-displayalgo( 2261): value of coefs 5,850.073000,4.965174,-2.685090,1.640057,-4.685160, line 101
02-18 17:03:01.793 E/libsensor-displayalgo( 2261): value of coefs 5,850.073000,4.965174,-2.685090,1.640057,-4.685160, line 101
02-18 17:03:02.093 E/libsensor-displayalgo( 2261): value of coefs 5,850.073000,4.965174,-2.685090,1.640057,-4.685160, line 101
02-18 17:03:02.199 E/msys    (29545): E[N mns]_OnDiskCacheGetData(632)=>Start post callback cache refresh DNS resolution
02-18 17:03:02.213 E/msys    (29545): E[N mns]_LogError(228)=>Failed to resolve using system DNS resolver, getaddrinfo(): No address associated with hostname
02-18 17:03:02.213 E/msys    (29545): E[N mns]_OnDiskCacheGetData(632)=>Start post callback cache refresh DNS resolution
02-18 17:03:02.216 E/msys    (29545): E[N mns]_LogError(228)=>Failed to resolve using system DNS resolver, getaddrinfo(): No address associated with hostname
02-18 17:03:02.393 E/libsensor-displayalgo( 2261): value of coefs 5,850.073000,4.965174,-2.685090,1.640057,-4.685160, line 101
02-18 17:03:02.470 E/RTMode  ( 2702): pkgName: com.pr4y.app has no permission
