--------- beginning of main
02-16 13:59:01.141 E/libsensor-displayalgo( 2260): value of coefs 5,850.073000,4.965174,-2.685090,1.640057,-4.685160, line 101
02-16 13:59:01.141 E/libsensor-displayalgo( 2260): value of coefs 5,850.073000,4.965174,-2.685090,1.640057,-4.685160, line 101
02-16 13:59:01.242 E/libsensor-displayalgo( 2260): value of coefs 5,850.073000,4.965174,-2.685090,1.640057,-4.685160, line 101
02-16 13:59:01.243 E/libsensor-displayalgo( 2260): value of coefs 5,850.073000,4.965174,-2.685090,1.640057,-4.685160, line 101
02-16 13:59:01.243 E/libsensor-displayalgo( 2260): value of coefs 5,850.073000,4.965174,-2.685090,1.640057,-4.685160, line 101
02-16 13:59:01.244 E/libsensor-displayalgo( 2260): value of coefs 5,850.073000,4.965174,-2.685090,1.640057,-4.685160, line 101
02-16 13:59:01.341 E/libsensor-displayalgo( 2260): value of coefs 5,850.073000,4.965174,-2.685090,1.640057,-4.685160, line 101
02-16 13:59:01.342 E/libsensor-displayalgo( 2260): value of coefs 5,850.073000,4.965174,-2.685090,1.640057,-4.685160, line 101
02-16 13:59:01.342 E/libsensor-displayalgo( 2260): value of coefs 5,850.073000,4.965174,-2.685090,1.640057,-4.685160, line 101
02-16 13:59:01.442 E/libsensor-displayalgo( 2260): value of coefs 5,850.073000,4.965174,-2.685090,1.640057,-4.685160, line 101
--------- beginning of system
02-16 13:59:01.509 E/JobScheduler.Background( 2645): Couldn't determine stopped state for unknown package: com.google.android.apps.turbo
02-16 13:59:01.509 E/JobScheduler.Background( 2645): Couldn't determine stopped state for unknown package: com.google.android.apps.turbo
02-16 13:59:01.509 E/JobScheduler.Background( 2645): Couldn't determine stopped state for unknown package: com.google.android.apps.turbo
02-16 13:59:01.509 E/JobScheduler.Background( 2645): Couldn't determine stopped state for unknown package: com.aura.oobe.deutsche
02-16 13:59:02.132 E/sensors-hal( 1397): handle_sns_client_event:57, har-sensor-hal: time=58562965835930 data 2.000000
02-16 13:59:02.293 E/WifiClientModeImpl[6737054:wlan0]( 2645): Failed to get mlo info
02-16 13:59:02.442 E/libsensor-displayalgo( 2260): value of coefs 5,850.073000,4.965174,-2.685090,1.640057,-4.685160, line 101
02-16 13:59:02.444 E/libsensor-displayalgo( 2260): value of coefs 5,850.073000,4.965174,-2.685090,1.640057,-4.685160, line 101
02-16 13:59:02.450 E/libsensor-displayalgo( 2260): value of coefs 5,850.073000,4.965174,-2.685090,1.640057,-4.685160, line 101
02-16 13:59:02.543 E/libsensor-displayalgo( 2260): value of coefs 5,850.073000,4.965174,-2.685090,1.640057,-4.685160, line 101
02-16 13:59:02.544 E/libsensor-displayalgo( 2260): value of coefs 5,850.073000,4.965174,-2.685090,1.640057,-4.685160, line 101
02-16 13:59:02.546 E/libsensor-displayalgo( 2260): value of coefs 5,850.073000,4.965174,-2.685090,1.640057,-4.685160, line 101
02-16 13:59:02.548 E/libsensor-displayalgo( 2260): value of coefs 5,850.073000,4.965174,-2.685090,1.640057,-4.685160, line 101
02-16 13:59:02.642 E/libsensor-displayalgo( 2260): value of coefs 5,850.073000,4.965174,-2.685090,1.640057,-4.685160, line 101
02-16 13:59:02.643 E/libsensor-displayalgo( 2260): value of coefs 5,850.073000,4.965174,-2.685090,1.640057,-4.685160, line 101
02-16 13:59:02.644 E/libsensor-displayalgo( 2260): value of coefs 5,850.073000,4.965174,-2.685090,1.640057,-4.685160, line 101
02-16 13:59:02.646 E/libsensor-displayalgo( 2260): value of coefs 5,850.073000,4.965174,-2.685090,1.640057,-4.685160, line 101
02-16 13:59:02.743 E/libsensor-displayalgo( 2260): value of coefs 5,850.073000,4.965174,-2.685090,1.640057,-4.685160, line 101
02-16 13:59:02.744 E/libsensor-displayalgo( 2260): value of coefs 5,850.073000,4.965174,-2.685090,1.640057,-4.685160, line 101
02-16 13:59:02.746 E/libsensor-displayalgo( 2260): value of coefs 5,850.073000,4.965174,-2.685090,1.640057,-4.685160, line 101
02-16 13:59:02.747 E/libsensor-displayalgo( 2260): value of coefs 5,850.073000,4.965174,-2.685090,1.640057,-4.685160, line 101
02-16 13:59:02.748 E/libsensor-displayalgo( 2260): value of coefs 5,850.073000,4.965174,-2.685090,1.640057,-4.685160, line 101
02-16 13:59:02.843 E/libsensor-displayalgo( 2260): value of coefs 5,850.073000,4.965174,-2.685090,1.640057,-4.685160, line 101
02-16 13:59:02.844 E/libsensor-displayalgo( 2260): value of coefs 5,850.073000,4.965174,-2.685090,1.640057,-4.685160, line 101
02-16 13:59:02.846 E/libsensor-displayalgo( 2260): value of coefs 5,850.073000,4.965174,-2.685090,1.640057,-4.685160, line 101
02-16 13:59:02.848 E/libsensor-displayalgo( 2260): value of coefs 5,850.073000,4.965174,-2.685090,1.640057,-4.685160, line 101
02-16 13:59:02.850 E/libsensor-displayalgo( 2260): value of coefs 5,850.073000,4.965174,-2.685090,1.640057,-4.685160, line 101
02-16 13:59:02.942 E/libsensor-displayalgo( 2260): value of coefs 5,850.073000,4.965174,-2.685090,1.640057,-4.685160, line 101
02-16 13:59:02.944 E/libsensor-displayalgo( 2260): value of coefs 5,850.073000,4.965174,-2.685090,1.640057,-4.685160, line 101
02-16 13:59:02.949 E/libsensor-displayalgo( 2260): value of coefs 5,850.073000,4.965174,-2.685090,1.640057,-4.685160, line 101
02-16 13:59:02.951 E/libsensor-displayalgo( 2260): value of coefs 5,850.073000,4.965174,-2.685090,1.640057,-4.685160, line 101
02-16 13:59:03.042 E/libsensor-displayalgo( 2260): value of coefs 5,850.073000,4.965174,-2.685090,1.640057,-4.685160, line 101
02-16 13:59:03.043 E/libsensor-displayalgo( 2260): value of coefs 5,850.073000,4.965174,-2.685090,1.640057,-4.685160, line 101
02-16 13:59:03.044 E/libsensor-displayalgo( 2260): value of coefs 5,850.073000,4.965174,-2.685090,1.640057,-4.685160, line 101
02-16 13:59:03.048 E/RTMode  ( 2645): pkgName: com.pr4y.app.dev has no permission
02-16 13:59:03.055 E/libsensor-displayalgo( 2260): value of coefs 5,850.073000,4.965174,-2.685090,1.640057,-4.685160, line 101
02-16 13:59:03.062 E/VibratorManagerServiceImpl( 2645): vibrationThreadSetParameters
02-16 13:59:03.133 E/sensors-hal( 1397): handle_sns_client_event:57, har-sensor-hal: time=58563967410878 data 0.000000
02-16 13:59:03.141 E/libsensor-displayalgo( 2260): value of coefs 5,850.073000,4.965174,-2.685090,1.640057,-4.685160, line 101
02-16 13:59:03.142 E/RotationHelper( 4043): setCurrentStateRequest: request=1
02-16 13:59:03.142 E/RotationHelper( 4043): notifyChange activityFlags=1, mMultiWindowRotationRequest=3, mCurrentTransitionRequest=0, mCurrentStateRequest=1
02-16 13:59:03.144 E/StateNotifyUtils( 4043): sendFsStateBroadCast state=toRecents   channel=navigation_bar   packageName=
02-16 13:59:03.146 E/NormalState( 4043): onExitState
02-16 13:59:03.146 E/OverviewState( 4043): onStateEnabled
02-16 13:59:03.151 E/RecentsContainer( 4043): setIsExitRecentsAnimating animating=false
02-16 13:59:03.152 E/RotationHelper( 4043): setCurrentStateRequest: request=1
02-16 13:59:03.154 E/StateManager( 4043): setWorkspaceProperty  state=OverviewState
02-16 13:59:03.154 E/StateManager( 4043): setShortcutMenuLayerProperty  state=OverviewState   alpha=0.0   duration=0   scale=0.95   isInState=false
02-16 13:59:03.155 E/RecentsViewStateController( 4043): setState: state=OverviewState
02-16 13:59:03.155 E/OverviewState( 4043): onStateTransitionEnd
02-16 13:59:03.155 E/RotationHelper( 4043): setCurrentStateRequest: request=1
02-16 13:59:03.156 E/Launcher.application( 4043): setClickAppWaitForCallback = true
02-16 13:59:03.157 E/Launcher( 4043): mFsGestureStatusRefreshRunnable:run usingFsGesture=false   show=true   focus=false   pause=true
02-16 13:59:03.163 E/WindowManager( 2645): setClientVisible ActivityRecord{9e2553 u0 com.miui.home/.launcher.Launcher true
02-16 13:59:03.168 E/vendor.qti.hardware.perf-hal-service( 1460): ExtendedPerfBoost: extended_perfboost_verification() 738: Ok, set boost params. hintid=4226 hinttype=1 prio=2, clientpid=2645 packagename=com.miui.home params=boost:1 cpu0:1958400 cpu4:2400000 cpumask:ff
02-16 13:59:03.171 E/WindowManager( 2645): setClientVisible ActivityRecord{659c16e u0 com.miui.home/.launcher.Launcher t2} true
02-16 13:59:03.175 E/WindowManager( 2645): setClientVisible WallpaperWindowToken{cf9eac9 token=android.os.Binder@fc09382} false
02-16 13:59:03.175 E/WindowManager( 2645): setClientVisible WallpaperWindowToken{986b648 token=android.os.Binder@1f9a8eb} false
02-16 13:59:03.183 E/NativeTurboSchedManagerJni( 2645): ioctl 8 failed!
02-16 13:59:03.183 E/ActivityManagerWrapper( 4043): get all recent tasks force including 153
02-16 13:59:03.188 E/WindowManager( 2645): setClientVisible WallpaperWindowToken{cf9eac9 token=android.os.Binder@fc09382} false
02-16 13:59:03.188 E/WindowManager( 2645): setClientVisible WallpaperWindowToken{986b648 token=android.os.Binder@1f9a8eb} false
02-16 13:59:03.188 E/JobScheduler.Background( 2645): Couldn't determine stopped state for unknown package: com.google.android.apps.turbo
02-16 13:59:03.188 E/JobScheduler.Background( 2645): Couldn't determine stopped state for unknown package: com.google.android.apps.turbo
02-16 13:59:03.188 E/JobScheduler.Background( 2645): Couldn't determine stopped state for unknown package: com.google.android.apps.turbo
02-16 13:59:03.188 E/JobScheduler.Background( 2645): Couldn't determine stopped state for unknown package: com.aura.oobe.deutsche
02-16 13:59:03.190 E/ActivityManagerWrapper( 4043): getRecentTasksForceIncludingTaskIdIfValid: getRecentTasks: size=1
02-16 13:59:03.190 E/ActivityManagerWrapper( 4043):  mainTaskId=153   userId=0   windowMode=1   baseIntent=Intent { act=android.intent.action.MAIN flag=270532608 cmp=ComponentInfo{com.pr4y.app.dev/com.pr4y.app.MainActivity} }
02-16 13:59:03.196 E/RecentsContainer( 4043): setIsExitRecentsAnimating animating=false
02-16 13:59:03.199 E/Launcher.application( 4043): setClickAppWaitForCallback = false
02-16 13:59:03.207 E/BluetoothAdapterService( 5593): getActiveDevices: LeAudioService is null
02-16 13:59:03.210 E/WindowManager( 2645): setClientVisible WallpaperWindowToken{cf9eac9 token=android.os.Binder@fc09382} true
02-16 13:59:03.211 E/WindowManager( 2645): setClientVisible WallpaperWindowToken{986b648 token=android.os.Binder@1f9a8eb} true
02-16 13:59:03.236 E/JobScheduler( 2645): ResourceBudgetManagerInternal is null
02-16 13:59:03.247 E/JobScheduler( 2645): ResourceBudgetManagerInternal is null
02-16 13:59:03.250 E/JobScheduler( 2645): ResourceBudgetManagerInternal is null
02-16 13:59:03.266 E/WindowManager( 2645): setClientVisible ActivityRecord{659c16e u0 com.miui.home/.launcher.Launcher t2} true
02-16 13:59:03.272 E/WindowManager( 2645):  source = Task{f348cbc #153 type=standard A=10319:com.pr4y.app.dev} excludeMiuiNavBar = true excludeMiuiStatusBar = true excludeIme = false excludeNavBar = true miuiNavSurfaceControl = Surface(name=Miui Fake NavBar#51)/@0xa93b015 miuiStatusSurfaceControl = Surface(name=Miui Fake StatusBar#50)/@0xc839f1e
02-16 13:59:03.283 E/WindowTransitionCompat( 4043): startAnimation isFastLaunch = false
02-16 13:59:03.284 E/WindowTransitionCompat( 4043): printLeash::index = 0, root = Surface(name=Transition Root #1112: Task=1#14797)/@0x7e69f1d
02-16 13:59:03.284 E/WindowTransitionCompat( 4043): 0, check isClosingType type = 2, mode = 3
02-16 13:59:03.284 E/WindowTransitionCompat( 4043): 1, check isClosingType type = 1, mode = 4
02-16 13:59:03.297 E/WindowAnimParamsProvider( 4043): getWindowTargetBounds    bounds=Rect(0, 0 - 1220, 2712)
02-16 13:59:03.297 E/ClipAnimationHelper( 4043): updateSourceStack  mSourceInsets=Rect(0, 0 - 0, 0), mSourceStackBounds=Rect(0, 0 - 1220, 2712)
02-16 13:59:03.297 E/ClipAnimationHelper( 4043): updateHomeStack  mSourceInsets=Rect(0, 0 - 0, 0), mHomeStackBounds=Rect(0, 0 - 1220, 2712)
02-16 13:59:03.297 E/ClipAnimationHelper( 4043): updateTargetRect  mSourceRect=RectF(0.0, 0.0, 1220.0, 2712.0)   mTargetRect=RectF(0.0, 0.0, 1220.0, 2712.0)   mSourceWindowClipInsets=RectF(0.0, 0.0, 0.0, 0.0)   mHomeStackBounds=Rect(0, 0 - 1220, 2712)   targetRect=Rect(0, 0 - 1220, 2712)
02-16 13:59:03.301 E/ActivityManagerWrapper( 4043): get all recent tasks force including 153
02-16 13:59:03.304 E/MultiSpringDynamicAnimation3326418( 4043): ERROR Not Found Bundle Radius
02-16 13:59:03.304 E/MultiSpringDynamicAnimation3326418( 4043): ERROR Not Found Bundle SurfaceExtAlpha
02-16 13:59:03.304 E/MultiSpringDynamicAnimation3326418( 4043): ERROR Not Found Bundle SurfaceExtAlpha
02-16 13:59:03.304 E/MultiSpringDynamicAnimation3326418( 4043): ERROR Not Found Bundle SurfaceExtAlpha
02-16 13:59:03.305 E/TaskViewsElement( 4043): animTo,mode=16
02-16 13:59:03.305 E/Zygote  (18682): process_name_ptr:18682 com.google.android.apps.docs.editors.docs
02-16 13:59:03.305 E/onWindowDecorRectChanged( 4422): start size:0
02-16 13:59:03.305 E/Zygote  (18682): SetMemoryProtected process_name_ptr:18682 com.google.android.apps.docs.editors.docs
02-16 13:59:03.307 E/ActivityManagerWrapper( 4043): getRecentTasksForceIncludingTaskIdIfValid: getRecentTasks: size=1
02-16 13:59:03.307 E/ActivityManagerWrapper( 4043):  mainTaskId=153   userId=0   windowMode=1   baseIntent=Intent { act=android.intent.action.MAIN flag=270532608 cmp=ComponentInfo{com.pr4y.app.dev/com.pr4y.app.MainActivity} }
02-16 13:59:03.313 E/ANDR-PERF-RESOURCEQS( 1460): Failed to apply optimization [11, 8]
02-16 13:59:03.314 E/ActivityManagerWrapper( 4043): get all recent tasks force including 153
02-16 13:59:03.314 E/MI-SF   ( 1606): surfaceflinger setAffinity success
02-16 13:59:03.314 E/MI-SF   ( 1606): surfaceflinger setAffinity success
02-16 13:59:03.316 E/ActivityManagerWrapper( 4043): getRecentTasksForceIncludingTaskIdIfValid: getRecentTasks: size=1
02-16 13:59:03.316 E/ActivityManagerWrapper( 4043):  mainTaskId=153   userId=0   windowMode=1   baseIntent=Intent { act=android.intent.action.MAIN flag=270532608 cmp=ComponentInfo{com.pr4y.app.dev/com.pr4y.app.MainActivity} }
02-16 13:59:03.368 E/HyperSentinel( 2645): -------------------------------------------------------
02-16 13:59:03.368 E/HyperSentinel( 2645): Event_ThreadAmount
02-16 13:59:03.368 E/HyperSentinel( 2645): -> audit event by proc 18370 "com.ubercab": running threads amount, 0 -> 126
02-16 13:59:03.384 E/Zygote  (18721): process_name_ptr:18721 com.miui.weather2
02-16 13:59:03.384 E/Zygote  (18721): SetMemoryProtected process_name_ptr:18721 com.miui.weather2
02-16 13:59:03.441 E/libsensor-displayalgo( 2260): value of coefs 5,850.073000,4.965174,-2.685090,1.640057,-4.685160, line 101
02-16 13:59:03.456 E/Launcher.application( 4043): setClickAppWaitForCallback = false
02-16 13:59:03.584 E/m.miui.weather2(18721): hiddenapi: Accessing hidden method Landroid/content/pm/ApplicationInfo;->isAllowedToUseHiddenApis()Z (runtime_flags=0, domain=platform, api=max-target-o) from Lg8/a; (domain=app, TargetSdkVersion=34) using reflection: denied
02-16 13:59:03.585 E/m.miui.weather2(18721): hiddenapi: Accessing hidden field Landroid/app/ResourcesManager;->mLock:Ljava/lang/Object; (runtime_flags=0, domain=platform, api=blocked) from Lg8/a; (domain=app, TargetSdkVersion=34) using reflection: denied
02-16 13:59:03.743 E/libsensor-displayalgo( 2260): value of coefs 5,850.073000,4.965174,-2.685090,1.640057,-4.685160, line 101
02-16 13:59:03.784 E/ExtM    ( 2645): can_flush_idle_pages:27543 flush_number_adjust: 12000
02-16 13:59:03.848 E/ANDR-PERF-RESOURCEQS( 1460): Failed to apply optimization [11, 8]
02-16 13:59:03.849 E/vold    (18805): maxCpuFreq=2400000
02-16 13:59:03.851 E/vold    (18805): maxCpuFreq=2400000
02-16 13:59:04.140 E/libsensor-displayalgo( 2260): value of coefs 5,850.073000,4.965174,-2.685090,1.640057,-4.685160, line 101
02-16 13:59:04.170 E/minksocket( 1308): MinkIPC_QRTR_Service: client with node 1 port 6d63 went down
02-16 13:59:04.171 E/minksocket( 1308): MinkIPC_QRTR_Service: client with node 1 port 6d64 went down
02-16 13:59:04.172 E/WindowTransitionCompat( 4043): com.android.systemui.shared.recents.system.WindowTransitionCompat@9fa8716 finishTransition toHome = true
02-16 13:59:04.172 E/minksocket( 1308): MinkIPC_QRTR_Service: client with node 1 port 6d65 went down
02-16 13:59:04.176 E/minksocket( 1308): MinkIPC_QRTR_Service: client with node 1 port 6d66 went down
02-16 13:59:04.181 E/MI-SF   ( 1606): surfaceflinger setAffinity success
02-16 13:59:04.183 E/WindowManager( 2645): setClientVisible ActivityRecord{1c68790 u0 com.pr4y.app.dev/com.pr4y.app.MainActivity t153} false
02-16 13:59:04.186 E/RotationHelper( 4043): setCurrentTransitionRequest: request=0
02-16 13:59:04.189 E/NativeTurboSchedManagerJni( 2645): ioctl 8 failed!
02-16 13:59:04.189 E/ActivityManagerWrapper( 4043): get all recent tasks force including 153
02-16 13:59:04.195 E/ActivityManagerWrapper( 4043): getRecentTasksForceIncludingTaskIdIfValid: getRecentTasks: size=1
02-16 13:59:04.195 E/ActivityManagerWrapper( 4043):  mainTaskId=153   userId=0   windowMode=1   baseIntent=Intent { act=android.intent.action.MAIN flag=270532608 cmp=ComponentInfo{com.pr4y.app.dev/com.pr4y.app.MainActivity} }
02-16 13:59:04.195 E/ANDR-PERF-LM( 1460): VmRssMeter:: start() 358: Could not find pid, can not collect vmrss data
02-16 13:59:04.209 E/ANDR-PERF-LM( 1460): VmRssMeter:: start() 358: Could not find pid, can not collect vmrss data
02-16 13:59:04.209 E/ANDR-PERF-LM( 1460): AdaptiveLaunch: writeToDataBase() 64: Meter aborted or could not get meter data for this run
02-16 13:59:04.273 E/GoogleApiManager(18682): Failed to get service from broker. 
02-16 13:59:04.273 E/GoogleApiManager(18682): java.lang.SecurityException: Unknown calling package name 'com.google.android.gms'.
02-16 13:59:04.273 E/GoogleApiManager(18682): 	at android.os.Parcel.createExceptionOrNull(Parcel.java:3256)
02-16 13:59:04.273 E/GoogleApiManager(18682): 	at android.os.Parcel.createException(Parcel.java:3240)
02-16 13:59:04.273 E/GoogleApiManager(18682): 	at android.os.Parcel.readException(Parcel.java:3223)
02-16 13:59:04.273 E/GoogleApiManager(18682): 	at android.os.Parcel.readException(Parcel.java:3165)
02-16 13:59:04.273 E/GoogleApiManager(18682): 	at bdxh.a(:com.google.android.gms@260235035@26.02.35 (260400-862924022):36)
02-16 13:59:04.273 E/GoogleApiManager(18682): 	at bdvi.z(:com.google.android.gms@260235035@26.02.35 (260400-862924022):143)
02-16 13:59:04.273 E/GoogleApiManager(18682): 	at bdbk.run(:com.google.android.gms@260235035@26.02.35 (260400-862924022):42)
02-16 13:59:04.273 E/GoogleApiManager(18682): 	at android.os.Handler.handleCallback(Handler.java:959)
02-16 13:59:04.273 E/GoogleApiManager(18682): 	at android.os.Handler.dispatchMessage(Handler.java:100)
02-16 13:59:04.273 E/GoogleApiManager(18682): 	at crvb.mD(:com.google.android.gms@260235035@26.02.35 (260400-862924022):1)
02-16 13:59:04.273 E/GoogleApiManager(18682): 	at crvb.dispatchMessage(:com.google.android.gms@260235035@26.02.35 (260400-862924022):5)
02-16 13:59:04.273 E/GoogleApiManager(18682): 	at android.os.Looper.loopOnce(Looper.java:249)
02-16 13:59:04.273 E/GoogleApiManager(18682): 	at android.os.Looper.loop(Looper.java:337)
02-16 13:59:04.273 E/GoogleApiManager(18682): 	at android.os.HandlerThread.run(HandlerThread.java:85)
02-16 13:59:04.349 E/msys    (16611): E[N mns]_OnDiskCacheGetData(632)=>Start post callback cache refresh DNS resolution
02-16 13:59:04.356 E/msys    (16611): E[N mns]_LogError(228)=>Failed to resolve using system DNS resolver, getaddrinfo(): No address associated with hostname
02-16 13:59:04.356 E/msys    (16611): E[N mns]_OnDiskCacheGetData(632)=>Start post callback cache refresh DNS resolution
02-16 13:59:04.358 E/msys    (16611): E[N mns]_LogError(228)=>Failed to resolve using system DNS resolver, getaddrinfo(): No address associated with hostname
02-16 13:59:04.371 E/VibratorManagerServiceImpl( 2645): vibrationThreadSetParameters
02-16 13:59:04.398 E/ANDR-PERF-OPTSHANDLER( 1460): Perflock resource /sys/class/devfreq/soc:qcom,cpu-llcc-ddr-bw/min_freq not supported
02-16 13:59:04.398 E/ANDR-PERF-RESOURCEQS( 1460): Failed to apply optimization [12, 4]
02-16 13:59:04.440 E/libsensor-displayalgo( 2260): value of coefs 5,850.073000,4.965174,-2.685090,1.640057,-4.685160, line 101
02-16 13:59:04.703 E/StateManager( 4043): setWorkspaceProperty  state=NormalState
02-16 13:59:04.703 E/StateManager( 4043): setShortcutMenuLayerProperty  state=NormalState   alpha=1.0   duration=500   scale=1.0   isInState=false
02-16 13:59:04.704 E/RecentsViewStateController( 4043): setState: state=NormalState   mIsIgnoreOverviewAnim=false
02-16 13:59:04.704 E/RecentsContainer( 4043): setIsExitRecentsAnimating animating=true
02-16 13:59:04.704 E/RecentsContainer( 4043): setIsExitRecentsAnimating animating=false
02-16 13:59:04.704 E/RecentsViewStateController( 4043): set RecentsContainer GONE when setState with animation,  need:true
02-16 13:59:04.706 E/OverviewState( 4043): onExitState
02-16 13:59:04.708 E/RotationHelper( 4043): setCurrentStateRequest: request=0
02-16 13:59:04.708 E/RotationHelper( 4043): notifyChange activityFlags=1, mMultiWindowRotationRequest=3, mCurrentTransitionRequest=0, mCurrentStateRequest=0
02-16 13:59:04.708 E/NormalState( 4043): onStateEnabled
02-16 13:59:04.710 E/Launcher( 4043): mFsGestureStatusRefreshRunnable:run usingFsGesture=false   show=true   focus=true   pause=false
02-16 13:59:04.717 E/NativeTurboSchedManagerJni( 2645): ioctl 8 failed!
02-16 13:59:04.725 E/ActivityManagerWrapper( 4043): get all recent tasks force including -1
02-16 13:59:04.740 E/libsensor-displayalgo( 2260): value of coefs 5,850.073000,4.965174,-2.685090,1.640057,-4.685160, line 101
02-16 13:59:04.804 E/ActivityManagerWrapper( 4043): get all recent tasks force including -1
02-16 13:59:04.818 E/ActivityManagerWrapper( 4043): get all recent tasks force including -1
02-16 13:59:05.059 E/HyperSentinel( 2645): -------------------------------------------------------
02-16 13:59:05.059 E/HyperSentinel( 2645): Event_ThreadAmount
02-16 13:59:05.059 E/HyperSentinel( 2645): -> audit event by proc 18542 "com.alibaba.aliexpresshd:support": running threads amount, 0 -> 25
02-16 13:59:05.212 E/RotationHelper( 4043): setCurrentStateRequest: request=0
02-16 13:59:05.241 E/libsensor-displayalgo( 2260): value of coefs 5,850.073000,4.965174,-2.685090,1.640057,-4.685160, line 101
02-16 13:59:05.250 E/HyperSentinel( 2645): -------------------------------------------------------
02-16 13:59:05.250 E/HyperSentinel( 2645): Event_ThreadAmount
02-16 13:59:05.250 E/HyperSentinel( 2645): -> audit event by proc 18591 "com.alibaba.aliexpresshd:tool": running threads amount, 0 -> 25
02-16 13:59:05.281 E/msys    (16611): E[N mns]_OnDiskCacheGetData(632)=>Start post callback cache refresh DNS resolution
02-16 13:59:05.287 E/msys    (16611): E[N mns]_LogError(228)=>Failed to resolve using system DNS resolver, getaddrinfo(): No address associated with hostname
02-16 13:59:05.307 E/WifiClientModeImpl[6737054:wlan0]( 2645): Failed to get mlo info
02-16 13:59:05.552 E/PreStartUtils( 4043): preLaunchProcess success infoPackage: com.pr4y.app.dev
02-16 13:59:05.585 E/msys    (16611): E[N mns]_OnDiskCacheGetData(632)=>Start post callback cache refresh DNS resolution
02-16 13:59:05.591 E/msys    (16611): E[N mns]_LogError(228)=>Failed to resolve using system DNS resolver, getaddrinfo(): No address associated with hostname
02-16 13:59:05.619 E/Launcher.application( 4043): setClickAppWaitForCallback = true
02-16 13:59:05.620 E/Launcher.application( 4043): setClickAppWaitForCallback = true
02-16 13:59:05.620 E/vendor.qti.hardware.perf-hal-service( 1460): ExtendedPerfBoost: extended_perfboost_verification() 738: Ok, set boost params. hintid=4226 hinttype=1 prio=2, clientpid=2645 packagename=com.miui.home params=boost:1 cpu0:1958400 cpu4:2400000 cpumask:ff
02-16 13:59:05.620 E/Launcher( 4043): superStartActivity   type=13
02-16 13:59:05.624 E/WindowManager( 2645): setClientVisible ActivityRecord{e2ed8f4 u0 com.pr4y.app.dev/com.pr4y.app.MainActivity true
02-16 13:59:05.627 E/vendor.qti.hardware.perf-hal-service( 1460): ExtendedPerfBoost: extended_perfboost_verification() 738: Ok, set boost params. hintid=4225 hinttype=1 prio=3, clientpid=2645 packagename=com.pr4y.app.dev params=boost:1 cpu0:1958400 cpu4:2400000 cpumask:ff
02-16 13:59:05.628 E/ANDR-PERF-JNI( 2645): com_qualcomm_qtiperformance_native_perf_io_prefetch_start
02-16 13:59:05.628 E/ANDR-PERF-LM( 1460): MetaMeter: handleAsync() 166: AdaptLaunch Invalid Async
02-16 13:59:05.628 E/ANDR-PERF-LM( 1460): MetaMeter: handleAsync() 166: AdaptLaunch Invalid Async
02-16 13:59:05.629 E/ANDR-PERF-LM( 1460): MetaMeter: handleAsync() 166: AdaptLaunch Invalid Async
02-16 13:59:05.629 E/Zygote  (16271): process_name_ptr:16271 com.pr4y.app.dev
02-16 13:59:05.630 E/Zygote  (16271): SetMemoryProtected process_name_ptr:16271 com.pr4y.app.dev
02-16 13:59:05.633 E/ANDR-PERF-LM( 1460): MetaMeter: handleAsync() 166: AdaptLaunch Invalid Async
02-16 13:59:05.635 E/ANDR-IOP( 1444): io prefetch is disabled
02-16 13:59:05.639 E/WindowManager( 2645): setClientVisible ActivityRecord{e2ed8f4 u0 com.pr4y.app.dev/com.pr4y.app.MainActivity t154} true
02-16 13:59:05.645 E/libsensor-displayalgo( 2260): value of coefs 5,850.073000,4.965174,-2.685090,1.640057,-4.685160, line 101
02-16 13:59:05.663 E/HyperSentinel( 2645): -------------------------------------------------------
02-16 13:59:05.663 E/HyperSentinel( 2645): Event_ResidentSize
02-16 13:59:05.663 E/HyperSentinel( 2645): -> audit event by proc 16271 "usap64": RSS increasement, peak 16268kb -> 76920kb
02-16 13:59:05.665 E/NativeTurboSchedManagerJni( 2645): ioctl 8 failed!
02-16 13:59:05.667 E/ActivityManagerWrapper( 4043): get all recent tasks force including 154
02-16 13:59:05.674 E/WindowManager( 2645): setClientVisible ActivityRecord{e2ed8f4 u0 com.pr4y.app.dev/com.pr4y.app.MainActivity t154} true
02-16 13:59:05.680 E/ActivityManagerWrapper( 4043): getRecentTasksForceIncludingTaskIdIfValid: getRecentTasks: size=1
02-16 13:59:05.680 E/ActivityManagerWrapper( 4043):  mainTaskId=154   userId=0   windowMode=1   baseIntent=Intent { act=android.intent.action.MAIN flag=270532608 cmp=ComponentInfo{com.pr4y.app.dev/com.pr4y.app.MainActivity} }
02-16 13:59:05.691 E/KeyguardTransitionHandlerImpl( 4422): activityCount = 0
02-16 13:59:05.693 E/WindowTransitionCompat( 4043): startAnimation isFastLaunch = false
02-16 13:59:05.694 E/WindowTransitionCompat( 4043): printLeash::index = 0, root = Surface(name=Transition Root #1113: Task=154#14809)/@0x685fe77
02-16 13:59:05.696 E/WindowTransitionCompat( 4043): 0, check isClosingType type = 1, mode = 1
02-16 13:59:05.696 E/WindowTransitionCompat( 4043): 1, check isClosingType type = 2, mode = 4
02-16 13:59:05.697 E/onWindowDecorRectChanged( 4422): start size:1
02-16 13:59:05.698 E/onWindowDecorRectChanged( 4422): windowDecorRect: Rect(535, 10 - 684, 128)
02-16 13:59:05.710 E/WindowAnimParamsProvider( 4043): getWindowTargetBounds    bounds=Rect(0, 0 - 1220, 2712)
02-16 13:59:05.710 E/ClipAnimationHelper( 4043): updateSourceStack  mSourceInsets=Rect(0, 0 - 0, 0), mSourceStackBounds=Rect(0, 0 - 1220, 2712)
02-16 13:59:05.711 E/ClipAnimationHelper( 4043): updateHomeStack  mSourceInsets=Rect(0, 0 - 0, 0), mHomeStackBounds=Rect(0, 0 - 1220, 2712)
02-16 13:59:05.711 E/ClipAnimationHelper( 4043): updateTargetRect  mSourceRect=RectF(0.0, 0.0, 1220.0, 2712.0)   mTargetRect=RectF(0.0, 0.0, 1220.0, 2712.0)   mSourceWindowClipInsets=RectF(0.0, 0.0, 0.0, 0.0)   mHomeStackBounds=Rect(0, 0 - 1220, 2712)   targetRect=Rect(0, 0 - 1220, 2712)
02-16 13:59:05.718 E/MultiSpringDynamicAnimationbfa9660( 4043): ERROR Not Found Bundle scaleY
02-16 13:59:05.718 E/Launcher.application( 4043): setClickAppWaitForCallback = false
02-16 13:59:05.728 E/MI-SF   ( 1606): surfaceflinger setAffinity success
02-16 13:59:05.729 E/MI-SF   ( 1606): surfaceflinger setAffinity success
02-16 13:59:05.742 E/ANDR-PERF-MPCTL( 1460): Perflock Submit request limit reached.
02-16 13:59:05.743 E/ANDR-PERF-LM( 1460): MetaMeter: handleAsync() 166: AdaptLaunch Invalid Async
02-16 13:59:05.744 E/ActivityManagerWrapper( 4043): get all recent tasks force including 154
02-16 13:59:05.747 E/ActivityManagerWrapper( 4043): getRecentTasksForceIncludingTaskIdIfValid: getRecentTasks: size=1
02-16 13:59:05.747 E/ActivityManagerWrapper( 4043):  mainTaskId=154   userId=0   windowMode=1   baseIntent=Intent { act=android.intent.action.MAIN flag=270532608 cmp=ComponentInfo{com.pr4y.app.dev/com.pr4y.app.MainActivity} }
02-16 13:59:05.758 E/HyperSentinel( 2645): -------------------------------------------------------
02-16 13:59:05.758 E/HyperSentinel( 2645): Event_ThreadAmount
02-16 13:59:05.758 E/HyperSentinel( 2645): -> audit event by proc 16271 "usap64": running threads amount, 0 -> 12
02-16 13:59:05.758 E/HyperSentinel( 2645): -------------------------------------------------------
02-16 13:59:05.758 E/HyperSentinel( 2645): Event_ResidentSize
02-16 13:59:05.758 E/HyperSentinel( 2645): -> audit event by proc 16271 "usap64": RSS increasement, peak 76920kb -> 115468kb
02-16 13:59:05.941 E/libsensor-displayalgo( 2260): value of coefs 5,850.073000,4.965174,-2.685090,1.640057,-4.685160, line 101
02-16 13:59:05.973 E/HyperSentinel( 2645): -------------------------------------------------------
02-16 13:59:05.973 E/HyperSentinel( 2645): Event_ResidentSize
02-16 13:59:05.973 E/HyperSentinel( 2645): -> audit event by proc 16271 "usap64": RSS increasement, peak 115468kb -> 173240kb
02-16 13:59:06.230 E/msys    (16611): E[N mns]_OnDiskCacheGetData(632)=>Start post callback cache refresh DNS resolution
02-16 13:59:06.236 E/msys    (16611): E[N mns]_LogError(228)=>Failed to resolve using system DNS resolver, getaddrinfo(): No address associated with hostname
02-16 13:59:06.241 E/libsensor-displayalgo( 2260): value of coefs 5,850.073000,4.965174,-2.685090,1.640057,-4.685160, line 101
02-16 13:59:06.248 E/PowerKeeper.Thermal( 9694): ProcessInfo java.lang.NumberFormatException: For input string: "CPU usage from 145574ms to 112057ms ago (2026-02-16 13"
02-16 13:59:06.326 I/PR4Y_DEBUG(16271): Pr4yApp.onCreate|pkg=com.pr4y.app.dev|pid=16271|uid=10319|userId=0|hypothesisId=H1,H5
02-16 13:59:06.353 E/BluetoothAdapterService( 5593): getActiveDevices: LeAudioService is null
02-16 13:59:06.387 I/PR4Y_DEBUG(16271): MainActivity.onCreate start|pkg=com.pr4y.app.dev
02-16 13:59:06.450 E/FramePredict(16271): registerContentObserver fail
02-16 13:59:06.450 E/HyperSentinel( 2645): -------------------------------------------------------
02-16 13:59:06.450 E/HyperSentinel( 2645): Event_ThreadAmount
02-16 13:59:06.450 E/HyperSentinel( 2645): -> audit event by proc 16271 "usap64": running threads amount, 12 -> 23
02-16 13:59:06.463 E/onWindowDecorRectChanged( 4422): start size:0
02-16 13:59:06.465 E/onWindowDecorRectChanged( 4422): start size:1
02-16 13:59:06.465 E/onWindowDecorRectChanged( 4422): windowDecorRect: Rect(535, 10 - 684, 128)
02-16 13:59:06.485 E/WindowTransitionCompat( 4043): com.android.systemui.shared.recents.system.WindowTransitionCompat@2828b44 finishTransition toHome = false
02-16 13:59:06.493 E/WindowManager( 2645): setClientVisible ActivityRecord{659c16e u0 com.miui.home/.launcher.Launcher t2} false
02-16 13:59:06.495 E/WindowManager( 2645): setClientVisible WallpaperWindowToken{986b648 token=android.os.Binder@1f9a8eb} false
02-16 13:59:06.496 E/MI-SF   ( 1606): surfaceflinger setAffinity success
02-16 13:59:06.499 E/WindowManager( 2645): setClientVisible WallpaperWindowToken{cf9eac9 token=android.os.Binder@fc09382} false
02-16 13:59:06.507 E/WindowManager( 2645): setClientVisible WallpaperWindowToken{cf9eac9 token=android.os.Binder@fc09382} false
02-16 13:59:06.507 E/WindowManager( 2645): setClientVisible WallpaperWindowToken{986b648 token=android.os.Binder@1f9a8eb} false
02-16 13:59:06.507 E/WindowManager( 2645): setClientVisible WallpaperWindowToken{cf9eac9 token=android.os.Binder@fc09382} false
02-16 13:59:06.507 E/WindowManager( 2645): setClientVisible WallpaperWindowToken{986b648 token=android.os.Binder@1f9a8eb} false
02-16 13:59:06.511 E/WindowManager( 2645): setClientVisible WallpaperWindowToken{cf9eac9 token=android.os.Binder@fc09382} false
02-16 13:59:06.511 E/WindowManager( 2645): setClientVisible WallpaperWindowToken{986b648 token=android.os.Binder@1f9a8eb} false
02-16 13:59:06.519 E/NativeTurboSchedManagerJni( 2645): ioctl 8 failed!
02-16 13:59:06.524 E/ActivityManagerWrapper( 4043): get all recent tasks force including 154
02-16 13:59:06.531 E/ActivityManagerWrapper( 4043): getRecentTasksForceIncludingTaskIdIfValid: getRecentTasks: size=1
02-16 13:59:06.531 E/ActivityManagerWrapper( 4043):  mainTaskId=154   userId=0   windowMode=1   baseIntent=Intent { act=android.intent.action.MAIN flag=270532608 cmp=ComponentInfo{com.pr4y.app.dev/com.pr4y.app.MainActivity} }
02-16 13:59:06.542 E/libsensor-displayalgo( 2260): value of coefs 5,850.073000,4.965174,-2.685090,1.640057,-4.685160, line 101
02-16 13:59:06.681 E/ANDR-PERF-LM( 1460): VmRssMeter:: start() 358: Could not find pid, can not collect vmrss data
02-16 13:59:06.682 E/ANDR-PERF-LM( 1460): VmRssMeter:: start() 358: Could not find pid, can not collect vmrss data
02-16 13:59:06.682 E/ANDR-PERF-LM( 1460): AdaptiveLaunch: writeToDataBase() 64: Meter aborted or could not get meter data for this run
02-16 13:59:06.734 E/LB      (16271): fail to open node: No such file or directory
02-16 13:59:06.768 E/Launcher.application( 4043): setClickAppWaitForCallback = false
02-16 13:59:06.771 E/LB      (16271): fail to open node: No such file or directory
02-16 13:59:06.783 E/LB      (16271): fail to open node: No such file or directory
02-16 13:59:06.795 E/LB      (16271): fail to open node: No such file or directory
02-16 13:59:06.799 E/HyperSentinel( 2645): -------------------------------------------------------
02-16 13:59:06.799 E/HyperSentinel( 2645): Event_ResidentSize
02-16 13:59:06.799 E/HyperSentinel( 2645): -> audit event by proc 16271 "usap64": RSS increasement, peak 173240kb -> 260348kb
02-16 13:59:06.804 E/LB      (16271): fail to open node: No such file or directory
02-16 13:59:06.810 E/LB      (16271): fail to open node: No such file or directory
02-16 13:59:06.817 E/LB      (16271): fail to open node: No such file or directory
02-16 13:59:06.824 E/LB      (16271): fail to open node: No such file or directory
02-16 13:59:06.832 E/LB      (16271): fail to open node: No such file or directory
02-16 13:59:06.842 E/libsensor-displayalgo( 2260): value of coefs 5,850.073000,4.965174,-2.685090,1.640057,-4.685160, line 101
02-16 13:59:06.844 E/LB      (16271): fail to open node: No such file or directory
02-16 13:59:06.849 E/LB      (16271): fail to open node: No such file or directory
02-16 13:59:06.850 E/HyperSentinel( 2645): -------------------------------------------------------
02-16 13:59:06.850 E/HyperSentinel( 2645): Event_ResidentSize
02-16 13:59:06.850 E/HyperSentinel( 2645): -> audit event by proc 18682 "com.google.android.apps.docs.editors.docs": RSS increasement, peak 0kb -> 269436kb
02-16 13:59:06.856 E/LB      (16271): fail to open node: No such file or directory
02-16 13:59:06.865 E/LB      (16271): fail to open node: No such file or directory
02-16 13:59:06.872 E/LB      (16271): fail to open node: No such file or directory
02-16 13:59:06.879 E/LB      (16271): fail to open node: No such file or directory
02-16 13:59:06.888 E/LB      (16271): fail to open node: No such file or directory
02-16 13:59:06.896 E/LB      (16271): fail to open node: No such file or directory
02-16 13:59:06.904 E/LB      (16271): fail to open node: No such file or directory
02-16 13:59:06.913 E/LB      (16271): fail to open node: No such file or directory
02-16 13:59:06.921 E/LB      (16271): fail to open node: No such file or directory
02-16 13:59:06.929 E/LB      (16271): fail to open node: No such file or directory
02-16 13:59:06.937 E/LB      (16271): fail to open node: No such file or directory
02-16 13:59:06.946 E/LB      (16271): fail to open node: No such file or directory
02-16 13:59:06.955 E/LB      (16271): fail to open node: No such file or directory
02-16 13:59:06.963 E/LB      (16271): fail to open node: No such file or directory
02-16 13:59:06.972 E/LB      (16271): fail to open node: No such file or directory
02-16 13:59:06.980 E/LB      (16271): fail to open node: No such file or directory
02-16 13:59:06.988 E/LB      (16271): fail to open node: No such file or directory
02-16 13:59:06.997 E/LB      (16271): fail to open node: No such file or directory
02-16 13:59:07.005 E/LB      (16271): fail to open node: No such file or directory
02-16 13:59:07.013 E/LB      (16271): fail to open node: No such file or directory
02-16 13:59:07.022 E/LB      (16271): fail to open node: No such file or directory
02-16 13:59:07.030 E/LB      (16271): fail to open node: No such file or directory
02-16 13:59:07.038 E/LB      (16271): fail to open node: No such file or directory
02-16 13:59:07.047 E/LB      (16271): fail to open node: No such file or directory
02-16 13:59:07.048 I/PR4Y_APP(16271): --- Iniciando B├║nker PR4Y (Async) ---
02-16 13:59:07.052 I/PR4Y_CRYPTO(16271): Inicializando almac├⌐n de hardware (Intento 1)...
02-16 13:59:07.058 E/LB      (16271): fail to open node: No such file or directory
02-16 13:59:07.066 E/LB      (16271): fail to open node: No such file or directory
02-16 13:59:07.075 E/LB      (16271): fail to open node: No such file or directory
02-16 13:59:07.085 E/LB      (16271): fail to open node: No such file or directory
02-16 13:59:07.093 E/LB      (16271): fail to open node: No such file or directory
02-16 13:59:07.102 E/LB      (16271): fail to open node: No such file or directory
02-16 13:59:07.110 E/LB      (16271): fail to open node: No such file or directory
02-16 13:59:07.118 E/LB      (16271): fail to open node: No such file or directory
02-16 13:59:07.126 E/LB      (16271): fail to open node: No such file or directory
02-16 13:59:07.134 E/LB      (16271): fail to open node: No such file or directory
02-16 13:59:07.139 E/LB      (16271): fail to open node: No such file or directory
02-16 13:59:07.142 E/libsensor-displayalgo( 2260): value of coefs 5,850.073000,4.965174,-2.685090,1.640057,-4.685160, line 101
02-16 13:59:07.150 E/LB      (16271): fail to open node: No such file or directory
02-16 13:59:07.156 E/LB      (16271): fail to open node: No such file or directory
02-16 13:59:07.165 E/LB      (16271): fail to open node: No such file or directory
02-16 13:59:07.167 E/KeymasterUtils(  866): rsp_header->status: -28
02-16 13:59:07.167 E/KeyMasterHalDevice(  866): abort_operation
02-16 13:59:07.167 E/KeyMasterHalDevice(  866): ret: -28
02-16 13:59:07.173 E/LB      (16271): fail to open node: No such file or directory
02-16 13:59:07.183 E/LB      (16271): fail to open node: No such file or directory
02-16 13:59:07.186 E/KeymasterUtils(  866): rsp_header->status: -28
02-16 13:59:07.186 E/KeyMasterHalDevice(  866): abort_operation
02-16 13:59:07.186 E/KeyMasterHalDevice(  866): ret: -28
02-16 13:59:07.189 E/LB      (16271): fail to open node: No such file or directory
02-16 13:59:07.196 E/LB      (16271): fail to open node: No such file or directory
02-16 13:59:07.204 E/LB      (16271): fail to open node: No such file or directory
02-16 13:59:07.206 E/KeymasterUtils(  866): rsp_header->status: -28
02-16 13:59:07.206 E/KeyMasterHalDevice(  866): abort_operation
02-16 13:59:07.206 E/KeyMasterHalDevice(  866): ret: -28
02-16 13:59:07.213 E/LB      (16271): fail to open node: No such file or directory
02-16 13:59:07.221 E/LB      (16271): fail to open node: No such file or directory
02-16 13:59:07.224 E/KeymasterUtils(  866): rsp_header->status: -28
02-16 13:59:07.224 E/KeyMasterHalDevice(  866): abort_operation
02-16 13:59:07.224 E/KeyMasterHalDevice(  866): ret: -28
02-16 13:59:07.229 E/LB      (16271): fail to open node: No such file or directory
02-16 13:59:07.237 E/LB      (16271): fail to open node: No such file or directory
02-16 13:59:07.238 E/KeymasterUtils(  866): rsp_header->status: -28
02-16 13:59:07.238 E/KeyMasterHalDevice(  866): abort_operation
02-16 13:59:07.238 E/KeyMasterHalDevice(  866): ret: -28
02-16 13:59:07.241 E/app_process64(18926): Error reading named image component header for /system/framework/boot.art, error: Image header from "/system/framework/arm64/boot.art" is invalid
02-16 13:59:07.241 E/app_process64(18926): Could not create image space with image file '/system/framework/boot.art!/apex/com.android.art/etc/boot-image.prof!/system/etc/boot-image.prof:/system/framework/boot-framework-adservices.art'. Attempting to fall back to imageless running. Error was: Image header from "/system/framework/arm64/boot.art" is invalid
02-16 13:59:07.245 E/LB      (16271): fail to open node: No such file or directory
02-16 13:59:07.252 E/KeymasterUtils(  866): rsp_header->status: -28
02-16 13:59:07.252 E/KeyMasterHalDevice(  866): abort_operation
02-16 13:59:07.252 E/KeyMasterHalDevice(  866): ret: -28
02-16 13:59:07.254 E/LB      (16271): fail to open node: No such file or directory
02-16 13:59:07.257 I/PR4Y_CRYPTO(16271): Almac├⌐n cifrado listo.
02-16 13:59:07.263 E/LB      (16271): fail to open node: No such file or directory
02-16 13:59:07.271 E/LB      (16271): fail to open node: No such file or directory
02-16 13:59:07.279 E/LB      (16271): fail to open node: No such file or directory
02-16 13:59:07.282 E/KeymasterUtils(  866): rsp_header->status: -28
02-16 13:59:07.283 E/KeyMasterHalDevice(  866): abort_operation
02-16 13:59:07.283 E/KeyMasterHalDevice(  866): ret: -28
02-16 13:59:07.287 E/LB      (16271): fail to open node: No such file or directory
02-16 13:59:07.296 E/LB      (16271): fail to open node: No such file or directory
02-16 13:59:07.297 E/KeymasterUtils(  866): rsp_header->status: -28
02-16 13:59:07.297 E/KeyMasterHalDevice(  866): abort_operation
02-16 13:59:07.297 E/KeyMasterHalDevice(  866): ret: -28
02-16 13:59:07.304 E/LB      (16271): fail to open node: No such file or directory
02-16 13:59:07.311 E/KeymasterUtils(  866): rsp_header->status: -28
02-16 13:59:07.311 E/KeyMasterHalDevice(  866): abort_operation
02-16 13:59:07.311 E/KeyMasterHalDevice(  866): ret: -28
02-16 13:59:07.313 E/LB      (16271): fail to open node: No such file or directory
02-16 13:59:07.320 E/LB      (16271): fail to open node: No such file or directory
02-16 13:59:07.328 E/KeymasterUtils(  866): rsp_header->status: -28
02-16 13:59:07.328 E/KeyMasterHalDevice(  866): abort_operation
02-16 13:59:07.328 E/KeyMasterHalDevice(  866): ret: -28
02-16 13:59:07.329 E/LB      (16271): fail to open node: No such file or directory
02-16 13:59:07.337 E/LB      (16271): fail to open node: No such file or directory
02-16 13:59:07.342 E/KeymasterUtils(  866): rsp_header->status: -28
02-16 13:59:07.342 E/KeyMasterHalDevice(  866): abort_operation
02-16 13:59:07.342 E/KeyMasterHalDevice(  866): ret: -28
02-16 13:59:07.346 E/LB      (16271): fail to open node: No such file or directory
02-16 13:59:07.354 E/LB      (16271): fail to open node: No such file or directory
02-16 13:59:07.356 E/KeymasterUtils(  866): rsp_header->status: -28
02-16 13:59:07.356 E/KeyMasterHalDevice(  866): abort_operation
02-16 13:59:07.356 E/KeyMasterHalDevice(  866): ret: -28
02-16 13:59:07.358 I/PR4Y_APP(16271): Login status: false
02-16 13:59:07.363 E/LB      (16271): fail to open node: No such file or directory
02-16 13:59:07.372 E/LB      (16271): fail to open node: No such file or directory
02-16 13:59:07.381 E/LB      (16271): fail to open node: No such file or directory
02-16 13:59:07.386 E/app_process64(18933): Error reading named image component header for /system/framework/boot.art, error: Image header from "/system/framework/arm64/boot.art" is invalid
02-16 13:59:07.386 E/app_process64(18933): Could not create image space with image file '/system/framework/boot.art!/apex/com.android.art/etc/boot-image.prof!/system/etc/boot-image.prof:/system/framework/boot-framework-adservices.art'. Attempting to fall back to imageless running. Error was: Image header from "/system/framework/arm64/boot.art" is invalid
02-16 13:59:07.390 E/LB      (16271): fail to open node: No such file or directory
02-16 13:59:07.396 E/LB      (16271): fail to open node: No such file or directory
02-16 13:59:07.396 I/PR4Y_DEBUG(16271): initBunker finalized|isReady=true|repo=true
02-16 13:59:07.484 E/LB      (16271): fail to open node: No such file or directory
02-16 13:59:07.486 I/PR4Y_APP(16271): LoginScreen: Iniciando flujo con ID: 5839622070...
02-16 13:59:07.499 I/PR4Y_NETWORK(16271): --> GET https://pr4yapi-production.up.railway.app/v1/config
02-16 13:59:07.499 I/PR4Y_NETWORK(16271): --> END GET
02-16 13:59:07.542 E/libsensor-displayalgo( 2260): value of coefs 5,850.073000,4.965174,-2.685090,1.640057,-4.685160, line 101
02-16 13:59:07.602 E/LB      (16271): fail to open node: No such file or directory
02-16 13:59:07.612 E/LB      (16271): fail to open node: No such file or directory
02-16 13:59:07.644 E/LB      (16271): fail to open node: No such file or directory
02-16 13:59:07.645 E/LB      (16271): fail to open node: No such file or directory
02-16 13:59:07.649 E/LB      (16271): fail to open node: No such file or directory
02-16 13:59:07.654 E/LB      (16271): fail to open node: No such file or directory
02-16 13:59:07.663 E/LB      (16271): fail to open node: No such file or directory
02-16 13:59:07.671 E/LB      (16271): fail to open node: No such file or directory
02-16 13:59:07.679 E/LB      (16271): fail to open node: No such file or directory
02-16 13:59:07.688 E/LB      (16271): fail to open node: No such file or directory
02-16 13:59:07.697 E/LB      (16271): fail to open node: No such file or directory
02-16 13:59:07.705 E/LB      (16271): fail to open node: No such file or directory
02-16 13:59:07.714 E/LB      (16271): fail to open node: No such file or directory
02-16 13:59:07.722 E/LB      (16271): fail to open node: No such file or directory
02-16 13:59:07.730 E/LB      (16271): fail to open node: No such file or directory
02-16 13:59:07.738 E/LB      (16271): fail to open node: No such file or directory
02-16 13:59:07.742 E/libsensor-displayalgo( 2260): value of coefs 5,850.073000,4.965174,-2.685090,1.640057,-4.685160, line 101
02-16 13:59:07.746 E/LB      (16271): fail to open node: No such file or directory
02-16 13:59:07.755 E/LB      (16271): fail to open node: No such file or directory
02-16 13:59:07.764 E/LB      (16271): fail to open node: No such file or directory
02-16 13:59:07.772 E/LB      (16271): fail to open node: No such file or directory
02-16 13:59:07.780 E/LB      (16271): fail to open node: No such file or directory
02-16 13:59:07.789 E/LB      (16271): fail to open node: No such file or directory
02-16 13:59:07.797 E/LB      (16271): fail to open node: No such file or directory
02-16 13:59:08.044 E/libsensor-displayalgo( 2260): value of coefs 5,850.073000,4.965174,-2.685090,1.640057,-4.685160, line 101
02-16 13:59:08.141 E/sensors-hal( 1397): handle_sns_client_event:57, har-sensor-hal: time=58568975925670 data 0.000000
02-16 13:59:08.325 E/WifiClientModeImpl[6737054:wlan0]( 2645): Failed to get mlo info
02-16 13:59:08.342 E/libsensor-displayalgo( 2260): value of coefs 5,850.073000,4.965174,-2.685090,1.640057,-4.685160, line 101
02-16 13:59:08.404 E/HyperSentinel( 2645): -------------------------------------------------------
02-16 13:59:08.404 E/HyperSentinel( 2645): Event_ResidentSize
02-16 13:59:08.404 E/HyperSentinel( 2645): -> audit event by proc 18721 "com.miui.weather2": RSS increasement, peak 0kb -> 147400kb
02-16 13:59:08.472 I/PR4Y_NETWORK(16271): <-- 200 https://pr4yapi-production.up.railway.app/v1/config (973ms)
02-16 13:59:08.473 I/PR4Y_NETWORK(16271): access-control-allow-credentials: true
02-16 13:59:08.473 I/PR4Y_NETWORK(16271): content-type: application/json; charset=utf-8
02-16 13:59:08.473 I/PR4Y_NETWORK(16271): cross-origin-opener-policy: same-origin
02-16 13:59:08.473 I/PR4Y_NETWORK(16271): cross-origin-resource-policy: same-origin
02-16 13:59:08.473 I/PR4Y_NETWORK(16271): date: Mon, 16 Feb 2026 16:59:08 GMT
02-16 13:59:08.473 I/PR4Y_NETWORK(16271): origin-agent-cluster: ?1
02-16 13:59:08.473 I/PR4Y_NETWORK(16271): referrer-policy: no-referrer
02-16 13:59:08.473 I/PR4Y_NETWORK(16271): server: railway-edge
02-16 13:59:08.473 I/PR4Y_NETWORK(16271): strict-transport-security: max-age=31536000; includeSubDomains
02-16 13:59:08.473 I/PR4Y_NETWORK(16271): vary: Origin
02-16 13:59:08.473 I/PR4Y_NETWORK(16271): x-content-type-options: nosniff
02-16 13:59:08.473 I/PR4Y_NETWORK(16271): x-dns-prefetch-control: off
02-16 13:59:08.473 I/PR4Y_NETWORK(16271): x-download-options: noopen
02-16 13:59:08.473 I/PR4Y_NETWORK(16271): x-frame-options: SAMEORIGIN
02-16 13:59:08.473 I/PR4Y_NETWORK(16271): x-permitted-cross-domain-policies: none
02-16 13:59:08.473 I/PR4Y_NETWORK(16271): x-railway-edge: railway/us-east4-eqdc4a
02-16 13:59:08.473 I/PR4Y_NETWORK(16271): x-railway-request-id: Gr9F_NxeR9uaqnYlAax-fw
02-16 13:59:08.473 I/PR4Y_NETWORK(16271): x-ratelimit-limit: 300
02-16 13:59:08.473 I/PR4Y_NETWORK(16271): x-ratelimit-remaining: 298
02-16 13:59:08.473 I/PR4Y_NETWORK(16271): x-ratelimit-reset: 37
02-16 13:59:08.473 I/PR4Y_NETWORK(16271): x-xss-protection: 0
02-16 13:59:08.473 I/PR4Y_NETWORK(16271): content-length: 195
02-16 13:59:08.474 I/PR4Y_NETWORK(16271): 
02-16 13:59:08.474 I/PR4Y_NETWORK(16271): {"googleWebClientId":"583962207001-j7j7agjv8d2fb7iojgc840duhd1u7kni.apps.googleusercontent.com","googleAndroidClientId":"583962207001-qbtk7g0cujt6q4euvfoa4g9n32p8na7i.apps.googleusercontent.com"}
02-16 13:59:08.474 I/PR4Y_NETWORK(16271): <-- END HTTP (195-byte body)
02-16 13:59:08.474 I/PR4Y_NETWORK(16271): HTTP SUCCESS 200: https://pr4yapi-production.up.railway.app/v1/config
02-16 13:59:08.477 I/PR4Y_APP(16271): getPublicConfig: googleAndroidClientId (cliente Android) desde API para login
02-16 13:59:08.478 I/PR4Y_APP(16271): Login: Web ID actualizado desde API.
02-16 13:59:08.558 E/SLM-HAL-SladSocketClient( 1491): connect failed:-1, socket:39, error:No such file or directory
