02-18 21:06:48.806 E/ActivityManagerWrapper( 3966): getRecentTasksForceIncludingTaskIdIfValid: getRecentTasks: size=2
02-18 21:06:48.806 E/ActivityManagerWrapper( 3966):  mainTaskId=430   userId=0   windowMode=1   baseIntent=Intent { act=android.intent.action.MAIN flag=270532608 cmp=ComponentInfo{com.pr4y.app/com.pr4y.app.MainActivity} }
02-18 21:06:48.806 E/ActivityManagerWrapper( 3966):  mainTaskId=429   userId=0   windowMode=1   baseIntent=Intent { act=android.intent.action.MAIN flag=270532608 cmp=ComponentInfo{com.whatsapp/com.whatsapp.Main} }
02-18 21:06:48.814 E/KeymasterUtils(  870): rsp_header->status: -28
02-18 21:06:48.815 E/KeyMasterHalDevice(  870): abort_operation
02-18 21:06:48.815 E/KeyMasterHalDevice(  870): ret: -28
02-18 21:06:48.904 E/MI-SF   ( 1606): surfaceflinger setAffinity failed, error=22
02-18 21:06:48.904 E/MI-SF   ( 1606): surfaceflinger setAffinity failed.
02-18 21:06:48.904 E/MI-SF   ( 1606): surfaceflinger setAffinity failed, error=22
02-18 21:06:48.904 E/MI-SF   ( 1606): surfaceflinger setreAffinity failed.
02-18 21:06:48.910 E/MI-SF   ( 1606): surfaceflinger setAffinity failed, error=22
02-18 21:06:48.911 E/MI-SF   ( 1606): surfaceflinger resetAffinity failed.
02-18 21:06:48.939 E/KeymasterUtils(  870): rsp_header->status: -28
02-18 21:06:48.939 E/KeyMasterHalDevice(  870): abort_operation
02-18 21:06:48.939 E/KeyMasterHalDevice(  870): ret: -28
02-18 21:06:48.991 E/libsensor-displayalgo( 2261): value of coefs 5,850.073000,4.965174,-2.685090,1.640057,-4.685160, line 101
02-18 21:06:49.008 E/ANDR-PERF-MPCTL( 1468): Perflock Submit request limit reached.
02-18 21:06:49.032 E/KeyguardTransitionHandlerImpl( 4462): activityCount = 1
02-18 21:06:49.032 E/KeyguardTransitionHandlerImpl( 4462): activityCount = 1
02-18 21:06:49.038 E/WindowManager( 2702): setClientVisible ActivityRecord{7f5a370 u0 com.google.android.gms/.signin.activity.SignInActivity t430 f}} false
02-18 21:06:49.096 E/ANDR-PERF-MPCTL( 1468): Perflock Submit request limit reached.
02-18 21:06:49.120 E/KeyguardTransitionHandlerImpl( 4462): activityCount = 1
02-18 21:06:49.120 E/KeyguardTransitionHandlerImpl( 4462): activityCount = 1
02-18 21:06:49.124 E/WindowManager( 2702): setClientVisible ActivityRecord{9e011c3 u0 com.google.android.gms/.common.api.GoogleApiActivity t430 f}} false
02-18 21:06:49.174 E/ANDR-PERF-MPCTL( 1468): Perflock Submit request limit reached.
02-18 21:06:49.192 E/KeyguardTransitionHandlerImpl( 4462): activityCount = 1
02-18 21:06:49.192 E/KeyguardTransitionHandlerImpl( 4462): activityCount = 1
02-18 21:06:49.196 E/WindowManager( 2702): setClientVisible ActivityRecord{2ddc181 u0 com.google.android.gms/.auth.api.signin.ui.SignInActivity t430 f}} false
02-18 21:06:49.207 E/BluetoothAdapterService( 4271): getActiveDevices: LeAudioService is null
02-18 21:06:49.209 E/ANDR-PERF-MPCTL( 1468): Perflock Submit request limit reached.
02-18 21:06:49.226 E/PR4Y_ERROR(13795): Login: legacy ApiException 10 (DEVELOPER_ERROR). Registrar SHA-1 y package en GCP. Ver COMO-RESOLVER-LOGIN.md
02-18 21:06:49.226 E/PR4Y_ERROR(13795): com.google.android.gms.common.api.ApiException: 10: 
02-18 21:06:49.226 E/PR4Y_ERROR(13795): 	at com.google.android.gms.common.internal.ApiExceptionUtil.fromStatus(com.google.android.gms:play-services-base@@18.4.0:3)
02-18 21:06:49.226 E/PR4Y_ERROR(13795): 	at com.google.android.gms.auth.api.signin.GoogleSignIn.getSignedInAccountFromIntent(com.google.android.gms:play-services-auth@@21.3.0:3)
02-18 21:06:49.226 E/PR4Y_ERROR(13795): 	at com.pr4y.app.ui.viewmodel.LoginViewModel$handleLegacySignInResult$1.invokeSuspend(LoginViewModel.kt:171)
02-18 21:06:49.226 E/PR4Y_ERROR(13795): 	at kotlin.coroutines.jvm.internal.BaseContinuationImpl.resumeWith(ContinuationImpl.kt:33)
02-18 21:06:49.226 E/PR4Y_ERROR(13795): 	at kotlinx.coroutines.internal.DispatchedContinuationKt.resumeCancellableWith(DispatchedContinuation.kt:375)
02-18 21:06:49.226 E/PR4Y_ERROR(13795): 	at kotlinx.coroutines.intrinsics.CancellableKt.startCoroutineCancellable(Cancellable.kt:26)
02-18 21:06:49.226 E/PR4Y_ERROR(13795): 	at kotlinx.coroutines.CoroutineStart.invoke(CoroutineStart.kt:358)
02-18 21:06:49.226 E/PR4Y_ERROR(13795): 	at kotlinx.coroutines.AbstractCoroutine.start(AbstractCoroutine.kt:134)
02-18 21:06:49.226 E/PR4Y_ERROR(13795): 	at kotlinx.coroutines.BuildersKt__Builders_commonKt.launch(Builders.common.kt:52)
02-18 21:06:49.226 E/PR4Y_ERROR(13795): 	at kotlinx.coroutines.BuildersKt.launch(Unknown Source:1)
02-18 21:06:49.226 E/PR4Y_ERROR(13795): 	at kotlinx.coroutines.BuildersKt__Builders_commonKt.launch$default(Builders.common.kt:43)
02-18 21:06:49.226 E/PR4Y_ERROR(13795): 	at kotlinx.coroutines.BuildersKt.launch$default(Unknown Source:1)
02-18 21:06:49.226 E/PR4Y_ERROR(13795): 	at com.pr4y.app.ui.viewmodel.LoginViewModel.handleLegacySignInResult(LoginViewModel.kt:165)
02-18 21:06:49.226 E/PR4Y_ERROR(13795): 	at com.pr4y.app.ui.screens.LoginScreenKt.LoginScreen$lambda$3$lambda$2(LoginScreen.kt:46)
02-18 21:06:49.226 E/PR4Y_ERROR(13795): 	at com.pr4y.app.ui.screens.LoginScreenKt.$r8$lambda$0n4kKBuB71RsA8wUSl31H7fiGUk(Unknown Source:0)
02-18 21:06:49.226 E/PR4Y_ERROR(13795): 	at com.pr4y.app.ui.screens.LoginScreenKt$$ExternalSyntheticLambda0.invoke(D8$$SyntheticClass:0)
02-18 21:06:49.226 E/PR4Y_ERROR(13795): 	at androidx.activity.compose.ActivityResultRegistryKt$rememberLauncherForActivityResult$1$1.invoke$lambda$0(ActivityResultRegistry.kt:106)
02-18 21:06:49.226 E/PR4Y_ERROR(13795): 	at androidx.activity.compose.ActivityResultRegistryKt$rememberLauncherForActivityResult$1$1.$r8$lambda$VLs2Oqd6MzDD-LGilzyhNhDSH_4(Unknown Source:0)
02-18 21:06:49.226 E/PR4Y_ERROR(13795): 	at androidx.activity.compose.ActivityResultRegistryKt$rememberLauncherForActivityResult$1$1$$ExternalSyntheticLambda0.onActivityResult(D8$$SyntheticClass:0)
02-18 21:06:49.226 E/PR4Y_ERROR(13795): 	at androidx.activity.result.ActivityResultRegistry.doDispatch(ActivityResultRegistry.kt:371)
02-18 21:06:49.226 E/PR4Y_ERROR(13795): 	at androidx.activity.result.ActivityResultRegistry.dispatchResult(ActivityResultRegistry.kt:331)
02-18 21:06:49.226 E/PR4Y_ERROR(13795): 	at androidx.activity.ComponentActivity.onActivityResult(ComponentActivity.kt:786)
02-18 21:06:49.226 E/PR4Y_ERROR(13795): 	at androidx.fragment.app.FragmentActivity.onActivityResult(FragmentActivity.java:152)
02-18 21:06:49.226 E/PR4Y_ERROR(13795): 	at android.app.Activity.onActivityResult(Activity.java:7661)
02-18 21:06:49.226 E/PR4Y_ERROR(13795): 	at android.app.Activity.internalDispatchActivityResult(Activity.java:9680)
02-18 21:06:49.226 E/PR4Y_ERROR(13795): 	at android.app.Activity.dispatchActivityResult(Activity.java:9654)
02-18 21:06:49.226 E/PR4Y_ERROR(13795): 	at android.app.ActivityThread.deliverResults(ActivityThread.java:6328)
02-18 21:06:49.226 E/PR4Y_ERROR(13795): 	at android.app.ActivityThread.handleSendResult(ActivityThread.java:6384)
02-18 21:06:49.226 E/PR4Y_ERROR(13795): 	at android.app.servertransaction.ActivityResultItem.execute(ActivityResultItem.java:72)
02-18 21:06:49.226 E/PR4Y_ERROR(13795): 	at android.app.servertransaction.ActivityTransactionItem.execute(ActivityTransactionItem.java:60)
02-18 21:06:49.226 E/PR4Y_ERROR(13795): 	at android.app.servertransaction.TransactionExecutor.executeNonLifecycleItem(TransactionExecutor.java:186)
02-18 21:06:49.226 E/PR4Y_ERROR(13795): 	at android.app.servertransaction.TransactionExecutor.executeTransactionItems(TransactionExecutor.java:112)
02-18 21:06:49.226 E/PR4Y_ERROR(13795): 	at android.app.servertransaction.TransactionExecutor.execute(TransactionExecutor.java:84)
02-18 21:06:49.226 E/PR4Y_ERROR(13795): 	at android.app.ActivityThread$H.handleMessage(ActivityThread.java:2875)
02-18 21:06:49.226 E/PR4Y_ERROR(13795): 	at android.os.Handler.dispatchMessage(Handler.java:107)
02-18 21:06:49.226 E/PR4Y_ERROR(13795): 	at android.os.Looper.loopOnce(Looper.java:249)
02-18 21:06:49.226 E/PR4Y_ERROR(13795): 	at android.os.Looper.loop(Looper.java:337)
02-18 21:06:49.226 E/PR4Y_ERROR(13795): 	at android.app.ActivityThread.main(ActivityThread.java:9608)
02-18 21:06:49.226 E/PR4Y_ERROR(13795): 	at java.lang.reflect.Method.invoke(Native Method)
02-18 21:06:49.226 E/PR4Y_ERROR(13795): 	at com.android.internal.os.RuntimeInit$MethodAndArgsCaller.run(RuntimeInit.java:615)
02-18 21:06:49.226 E/PR4Y_ERROR(13795): 	at com.android.internal.os.ZygoteInit.main(ZygoteInit.java:936)
02-18 21:06:49.227 E/KeyguardTransitionHandlerImpl( 4462): activityCount = 1
02-18 21:06:49.227 E/KeyguardTransitionHandlerImpl( 4462): activityCount = 1
02-18 21:06:49.231 E/WindowManager( 2702): setClientVisible ActivityRecord{36b1249 u0 com.pr4y.app/com.google.android.gms.auth.api.signin.internal.SignInHubActivity t430 f}} false
02-18 21:06:49.290 E/libsensor-displayalgo( 2261): value of coefs 5,850.073000,4.965174,-2.685090,1.640057,-4.685160, line 101
02-18 21:06:49.325 E/NativeTurboSchedManagerJni( 2702): ioctl 8 failed!
02-18 21:06:49.333 E/ActivityManagerWrapper( 3966): get all recent tasks force including 430
02-18 21:06:49.335 E/ActivityManagerWrapper( 3966): getRecentTasksForceIncludingTaskIdIfValid: getRecentTasks: size=2
02-18 21:06:49.335 E/ActivityManagerWrapper( 3966):  mainTaskId=430   userId=0   windowMode=1   baseIntent=Intent { act=android.intent.action.MAIN flag=270532608 cmp=ComponentInfo{com.pr4y.app/com.pr4y.app.MainActivity} }
02-18 21:06:49.335 E/ActivityManagerWrapper( 3966):  mainTaskId=429   userId=0   windowMode=1   baseIntent=Intent { act=android.intent.action.MAIN flag=270532608 cmp=ComponentInfo{com.whatsapp/com.whatsapp.Main} }
02-18 21:06:49.593 E/libsensor-displayalgo( 2261): value of coefs 5,850.073000,4.965174,-2.685090,1.640057,-4.685160, line 101
02-18 21:06:49.746 E/ANDR-PERF-LM( 1468): VmRssMeter:: start() 358: Could not find pid, can not collect vmrss data
02-18 21:06:49.746 E/ANDR-PERF-LM( 1468): AdaptiveLaunch: writeToDataBase() 64: Meter aborted or could not get meter data for this run
02-18 21:06:49.746 E/ANDR-PERF-LM( 1468): VmRssMeter:: start() 358: Could not find pid, can not collect vmrss data
02-18 21:06:49.893 E/libsensor-displayalgo( 2261): value of coefs 5,850.073000,4.965174,-2.685090,1.640057,-4.685160, line 101
02-18 21:06:50.121 E/PowerKeeper.Thermal(11411): ProcessInfo java.lang.NumberFormatException: For input string: "CPU usage from 38488ms to 11436ms ago (2026-02-18 21"
02-18 21:06:50.194 E/libsensor-displayalgo( 2261): value of coefs 5,850.073000,4.965174,-2.685090,1.640057,-4.685160, line 101
02-18 21:06:50.493 E/libsensor-displayalgo( 2261): value of coefs 5,850.073000,4.965174,-2.685090,1.640057,-4.685160, line 101
