02-18 20:47:19.459 E/WifiClientModeImpl[19599:wlan0]( 2702): Failed to get mlo info
02-18 20:47:19.491 E/libsensor-displayalgo( 2261): value of coefs 5,850.073000,4.965174,-2.685090,1.640057,-4.685160, line 101
02-18 20:47:19.508 E/ANDR-PERF-MPCTL( 1468): Perflock Submit request limit reached.
02-18 20:47:19.546 E/KeyguardTransitionHandlerImpl( 4462): activityCount = 1
02-18 20:47:19.546 E/KeyguardTransitionHandlerImpl( 4462): activityCount = 1
02-18 20:47:19.573 E/WindowManager( 2702): setClientVisible ActivityRecord{3217115 u0 com.google.android.gms/.auth.api.signin.ui.SignInActivity t419 f}} false
02-18 20:47:19.612 E/BluetoothAdapterService( 4271): getActiveDevices: LeAudioService is null
02-18 20:47:19.650 E/ANDR-PERF-MPCTL( 1468): Perflock Submit request limit reached.
02-18 20:47:19.669 E/ANDR-PERF-LM( 1468): VmRssMeter:: start() 358: Could not find pid, can not collect vmrss data
02-18 20:47:19.669 E/ANDR-PERF-LM( 1468): AdaptiveLaunch: writeToDataBase() 64: Meter aborted or could not get meter data for this run
02-18 20:47:19.675 E/KeyguardTransitionHandlerImpl( 4462): activityCount = 1
02-18 20:47:19.675 E/KeyguardTransitionHandlerImpl( 4462): activityCount = 1
02-18 20:47:19.678 E/WindowManager( 2702): setClientVisible ActivityRecord{b444407 u0 com.pr4y.app/com.google.android.gms.auth.api.signin.internal.SignInHubActivity t419 f}} false
02-18 20:47:19.692 E/PR4Y_ERROR(23309): Login: legacy failed
02-18 20:47:19.692 E/PR4Y_ERROR(23309): com.google.android.gms.common.api.ApiException: 10: 
02-18 20:47:19.692 E/PR4Y_ERROR(23309): 	at com.google.android.gms.common.internal.ApiExceptionUtil.fromStatus(com.google.android.gms:play-services-base@@18.4.0:3)
02-18 20:47:19.692 E/PR4Y_ERROR(23309): 	at com.google.android.gms.auth.api.signin.GoogleSignIn.getSignedInAccountFromIntent(com.google.android.gms:play-services-auth@@21.3.0:3)
02-18 20:47:19.692 E/PR4Y_ERROR(23309): 	at com.pr4y.app.ui.viewmodel.LoginViewModel$handleLegacySignInResult$1.invokeSuspend(LoginViewModel.kt:170)
02-18 20:47:19.692 E/PR4Y_ERROR(23309): 	at kotlin.coroutines.jvm.internal.BaseContinuationImpl.resumeWith(ContinuationImpl.kt:33)
02-18 20:47:19.692 E/PR4Y_ERROR(23309): 	at kotlinx.coroutines.internal.DispatchedContinuationKt.resumeCancellableWith(DispatchedContinuation.kt:375)
02-18 20:47:19.692 E/PR4Y_ERROR(23309): 	at kotlinx.coroutines.intrinsics.CancellableKt.startCoroutineCancellable(Cancellable.kt:26)
02-18 20:47:19.692 E/PR4Y_ERROR(23309): 	at kotlinx.coroutines.CoroutineStart.invoke(CoroutineStart.kt:358)
02-18 20:47:19.692 E/PR4Y_ERROR(23309): 	at kotlinx.coroutines.AbstractCoroutine.start(AbstractCoroutine.kt:134)
02-18 20:47:19.692 E/PR4Y_ERROR(23309): 	at kotlinx.coroutines.BuildersKt__Builders_commonKt.launch(Builders.common.kt:52)
02-18 20:47:19.692 E/PR4Y_ERROR(23309): 	at kotlinx.coroutines.BuildersKt.launch(Unknown Source:1)
02-18 20:47:19.692 E/PR4Y_ERROR(23309): 	at kotlinx.coroutines.BuildersKt__Builders_commonKt.launch$default(Builders.common.kt:43)
02-18 20:47:19.692 E/PR4Y_ERROR(23309): 	at kotlinx.coroutines.BuildersKt.launch$default(Unknown Source:1)
02-18 20:47:19.692 E/PR4Y_ERROR(23309): 	at com.pr4y.app.ui.viewmodel.LoginViewModel.handleLegacySignInResult(LoginViewModel.kt:164)
02-18 20:47:19.692 E/PR4Y_ERROR(23309): 	at com.pr4y.app.ui.screens.LoginScreenKt.LoginScreen$lambda$3$lambda$2(LoginScreen.kt:46)
02-18 20:47:19.692 E/PR4Y_ERROR(23309): 	at com.pr4y.app.ui.screens.LoginScreenKt.$r8$lambda$0n4kKBuB71RsA8wUSl31H7fiGUk(Unknown Source:0)
02-18 20:47:19.692 E/PR4Y_ERROR(23309): 	at com.pr4y.app.ui.screens.LoginScreenKt$$ExternalSyntheticLambda0.invoke(D8$$SyntheticClass:0)
02-18 20:47:19.692 E/PR4Y_ERROR(23309): 	at androidx.activity.compose.ActivityResultRegistryKt$rememberLauncherForActivityResult$1$1.invoke$lambda$0(ActivityResultRegistry.kt:106)
02-18 20:47:19.692 E/PR4Y_ERROR(23309): 	at androidx.activity.compose.ActivityResultRegistryKt$rememberLauncherForActivityResult$1$1.$r8$lambda$VLs2Oqd6MzDD-LGilzyhNhDSH_4(Unknown Source:0)
02-18 20:47:19.692 E/PR4Y_ERROR(23309): 	at androidx.activity.compose.ActivityResultRegistryKt$rememberLauncherForActivityResult$1$1$$ExternalSyntheticLambda0.onActivityResult(D8$$SyntheticClass:0)
02-18 20:47:19.692 E/PR4Y_ERROR(23309): 	at androidx.activity.result.ActivityResultRegistry.doDispatch(ActivityResultRegistry.kt:371)
02-18 20:47:19.692 E/PR4Y_ERROR(23309): 	at androidx.activity.result.ActivityResultRegistry.dispatchResult(ActivityResultRegistry.kt:331)
02-18 20:47:19.692 E/PR4Y_ERROR(23309): 	at androidx.activity.ComponentActivity.onActivityResult(ComponentActivity.kt:786)
02-18 20:47:19.692 E/PR4Y_ERROR(23309): 	at androidx.fragment.app.FragmentActivity.onActivityResult(FragmentActivity.java:152)
02-18 20:47:19.692 E/PR4Y_ERROR(23309): 	at android.app.Activity.onActivityResult(Activity.java:7661)
02-18 20:47:19.692 E/PR4Y_ERROR(23309): 	at android.app.Activity.internalDispatchActivityResult(Activity.java:9680)
02-18 20:47:19.692 E/PR4Y_ERROR(23309): 	at android.app.Activity.dispatchActivityResult(Activity.java:9654)
02-18 20:47:19.692 E/PR4Y_ERROR(23309): 	at android.app.ActivityThread.deliverResults(ActivityThread.java:6328)
02-18 20:47:19.692 E/PR4Y_ERROR(23309): 	at android.app.ActivityThread.handleSendResult(ActivityThread.java:6384)
02-18 20:47:19.692 E/PR4Y_ERROR(23309): 	at android.app.servertransaction.ActivityResultItem.execute(ActivityResultItem.java:72)
02-18 20:47:19.692 E/PR4Y_ERROR(23309): 	at android.app.servertransaction.ActivityTransactionItem.execute(ActivityTransactionItem.java:60)
02-18 20:47:19.692 E/PR4Y_ERROR(23309): 	at android.app.servertransaction.TransactionExecutor.executeNonLifecycleItem(TransactionExecutor.java:186)
02-18 20:47:19.692 E/PR4Y_ERROR(23309): 	at android.app.servertransaction.TransactionExecutor.executeTransactionItems(TransactionExecutor.java:112)
02-18 20:47:19.692 E/PR4Y_ERROR(23309): 	at android.app.servertransaction.TransactionExecutor.execute(TransactionExecutor.java:84)
02-18 20:47:19.692 E/PR4Y_ERROR(23309): 	at android.app.ActivityThread$H.handleMessage(ActivityThread.java:2875)
02-18 20:47:19.692 E/PR4Y_ERROR(23309): 	at android.os.Handler.dispatchMessage(Handler.java:107)
02-18 20:47:19.692 E/PR4Y_ERROR(23309): 	at android.os.Looper.loopOnce(Looper.java:249)
02-18 20:47:19.692 E/PR4Y_ERROR(23309): 	at android.os.Looper.loop(Looper.java:337)
02-18 20:47:19.692 E/PR4Y_ERROR(23309): 	at android.app.ActivityThread.main(ActivityThread.java:9608)
02-18 20:47:19.692 E/PR4Y_ERROR(23309): 	at java.lang.reflect.Method.invoke(Native Method)
02-18 20:47:19.692 E/PR4Y_ERROR(23309): 	at com.android.internal.os.RuntimeInit$MethodAndArgsCaller.run(RuntimeInit.java:615)
02-18 20:47:19.692 E/PR4Y_ERROR(23309): 	at com.android.internal.os.ZygoteInit.main(ZygoteInit.java:936)
02-18 20:47:19.693 E/ANDR-PERF-LM( 1468): VmRssMeter:: start() 358: Could not find pid, can not collect vmrss data
02-18 20:47:19.788 E/NativeTurboSchedManagerJni( 2702): ioctl 8 failed!
02-18 20:47:19.791 E/libsensor-displayalgo( 2261): value of coefs 5,850.073000,4.965174,-2.685090,1.640057,-4.685160, line 101
02-18 20:47:19.804 E/ActivityManagerWrapper( 3966): get all recent tasks force including 419
02-18 20:47:19.816 E/ActivityManagerWrapper( 3966): getRecentTasksForceIncludingTaskIdIfValid: getRecentTasks: size=1
02-18 20:47:19.816 E/ActivityManagerWrapper( 3966):  mainTaskId=419   userId=0   windowMode=1   baseIntent=Intent { act=android.intent.action.MAIN flag=270532608 cmp=ComponentInfo{com.pr4y.app/com.pr4y.app.MainActivity} }
02-18 20:47:19.860 E/JobScheduler.Background( 2702): Couldn't determine stopped state for unknown package: com.google.android.apps.turbo
02-18 20:47:19.860 E/JobScheduler.Background( 2702): Couldn't determine stopped state for unknown package: com.google.android.apps.turbo
02-18 20:47:19.860 E/JobScheduler.Background( 2702): Couldn't determine stopped state for unknown package: com.google.android.apps.turbo
02-18 20:47:19.860 E/JobScheduler.Background( 2702): Couldn't determine stopped state for unknown package: com.aura.oobe.deutsche
02-18 20:47:19.872 E/ActivityManager( 2702): System internals registering for IntentFilter { pri=0 act={android.intent.action.ACTION_SHUTDOWN} } with app priority; this will race with apps!
02-18 20:47:19.872 E/ActivityManager( 2702): java.lang.Throwable
02-18 20:47:19.872 E/ActivityManager( 2702): 	at com.android.server.am.ActivityManagerService.registerReceiverWithFeatureTraced(ActivityManagerService.java:15805)
02-18 20:47:19.872 E/ActivityManager( 2702): 	at com.android.server.am.ActivityManagerService.registerReceiverWithFeature(ActivityManagerService.java:15712)
02-18 20:47:19.872 E/ActivityManager( 2702): 	at android.app.IActivityManager$Stub.onTransact$registerReceiverWithFeature$(IActivityManager.java:13060)
02-18 20:47:19.872 E/ActivityManager( 2702): 	at android.app.IActivityManager$Stub.onTransact(IActivityManager.java:3386)
02-18 20:47:19.872 E/ActivityManager( 2702): 	at com.android.server.am.ActivityManagerService.onTransact(ActivityManagerService.java:3102)
02-18 20:47:19.872 E/ActivityManager( 2702): 	at android.os.Binder.execTransactInternal(Binder.java:1507)
02-18 20:47:19.872 E/ActivityManager( 2702): 	at android.os.Binder.execTransact(Binder.java:1451)
02-18 20:47:19.886 E/ActivityManager( 2702): System internals registering for IntentFilter { pri=0 act={android.intent.action.USER_UNLOCKED} } with app priority; this will race with apps!
02-18 20:47:19.886 E/ActivityManager( 2702): java.lang.Throwable
02-18 20:47:19.886 E/ActivityManager( 2702): 	at com.android.server.am.ActivityManagerService.registerReceiverWithFeatureTraced(ActivityManagerService.java:15805)
02-18 20:47:19.886 E/ActivityManager( 2702): 	at com.android.server.am.ActivityManagerService.registerReceiverWithFeature(ActivityManagerService.java:15712)
02-18 20:47:19.886 E/ActivityManager( 2702): 	at android.app.IActivityManager$Stub.onTransact$registerReceiverWithFeature$(IActivityManager.java:13060)
02-18 20:47:19.886 E/ActivityManager( 2702): 	at android.app.IActivityManager$Stub.onTransact(IActivityManager.java:3386)
02-18 20:47:19.886 E/ActivityManager( 2702): 	at com.android.server.am.ActivityManagerService.onTransact(ActivityManagerService.java:3102)
02-18 20:47:19.886 E/ActivityManager( 2702): 	at android.os.Binder.execTransactInternal(Binder.java:1507)
02-18 20:47:19.886 E/ActivityManager( 2702): 	at android.os.Binder.execTransact(Binder.java:1451)
02-18 20:47:19.933 E/Zygote  (26951): process_name_ptr:26951 com.xiaomi.simactivate.service
02-18 20:47:19.933 E/Zygote  (26951): SetMemoryProtected process_name_ptr:26951 com.xiaomi.simactivate.service
02-18 20:47:19.964 E/Zygote  (26960): process_name_ptr:26960 com.miui.micloudsync
02-18 20:47:19.964 E/Zygote  (26960): SetMemoryProtected process_name_ptr:26960 com.miui.micloudsync
02-18 20:47:19.979 E/aomi.finddevice(26894): No package ID 6a found for resource ID 0x6a0b0013.
02-18 20:47:19.991 E/Zygote  (26975): process_name_ptr:26975 com.xiaomi.account
02-18 20:47:19.991 E/Zygote  (26975): SetMemoryProtected process_name_ptr:26975 com.xiaomi.account
02-18 20:47:20.091 E/libsensor-displayalgo( 2261): value of coefs 5,850.073000,4.965174,-2.685090,1.640057,-4.685160, line 101
02-18 20:47:20.103 E/##XLogger##(26843): o5.@IPV6@SourceFile:2, thread:36994--cloud config is not expired , request canceled
02-18 20:47:20.121 E/JobScheduler( 2702): ResourceBudgetManagerInternal is null
02-18 20:47:20.137 E/Zygote  (27020): process_name_ptr:27020 com.xiaomi.aicr
02-18 20:47:20.137 E/Zygote  (27020): SetMemoryProtected process_name_ptr:27020 com.xiaomi.aicr
02-18 20:47:20.178 E/XiaomiAccountManager(26975): PassportLog@A2^6C[c2V0dXAgdHJ1ZQ==]
02-18 20:47:20.181 E/XiaomiAccountManager(26975): PassportLog@A2^6C[aXMgaW4gc3lzdGVtIGFjY291bnQgYXBw]
02-18 20:47:20.187 E/MiMoverProvider(26975): PassportLog@A2^6C[Y3JlYXRl]
02-18 20:47:20.187 E/XiaomiAccountManager(26975): PassportLog@A2^6C[c2V0dXAgdHJ1ZQ==]
02-18 20:47:20.201 E/XiaomiAccountManager(26975): PassportLog@A2^6C[c2V0dXAgdHJ1ZQ==]
02-18 20:47:20.201 E/AppProcessUtil(26975): PassportLog@A2^6C[Z2V0Q3VycmVudFByb2Nlc3NOYW1lQnlBcHBsaWNhdGlvbj4+PnByb2Nlc3NOYW1lPWNvbS54aWFvbWkuYWNjb3VudA==]
02-18 20:47:20.202 E/AppProcessUtil(26975): PassportLog@A2^6C[aXNJbk1haW5Qcm9jZXNzPj4+bWFpblByb2Nlc3NOYW1lPWNvbS54aWFvbWkuYWNjb3VudCAgY3VyUHJvY2Vzc05hbWU9Y29tLnhpYW9taS5hY2NvdW50]
02-18 20:47:20.206 E/##XLogger##(26975): #&^Pc5lF7k3asyW5u3ymTCHvqn56G3uiF5+5MJl9msP9vA9GG7kWabARBEVmHgCHgZbPT7w2aPZmFe8tPQSni0yTZBHqOWRxHwBm1xkbEo6soBzeDBlejRTAOdkY+R3y5NZbq+2tQ4zcTbD0P3jFou3Cc/O/BhaRUSljMdGdxV2QEs=!account!hds6Q7dkK93nTIwfdjoQrndxdwhlK61wR9chWRANL/G9JwSjMAMznRpsDi4mZElDlz3hxTRdlXmL2owODKY265GActbXHQGdnBk3wnD9ri8=^&#
02-18 20:47:20.209 E/##XLogger##(26975): #&^Pc5lF7k3asyW5u3ymTCHvqn56G3uiF5+5MJl9msP9vA9GG7kWabARBEVmHgCHgZbPT7w2aPZmFe8tPQSni0yTZBHqOWRxHwBm1xkbEo6soBzeDBlejRTAOdkY+R3y5NZbq+2tQ4zcTbD0P3jFou3Cc/O/BhaRUSljMdGdxV2QEs=!account!hXlV7nfV6RoMyvQarMtge7ALasTRIj+fsVJzvjT83lShBBT66JOmJeIA6rjs0yRnEB4y8jD8aH9rSBbg7OvaUg==^&#
02-18 20:47:20.210 E/##XLogger##(26975): #&^Pc5lF7k3asyW5u3ymTCHvqn56G3uiF5+5MJl9msP9vA9GG7kWabARBEVmHgCHgZbPT7w2aPZmFe8tPQSni0yTZBHqOWRxHwBm1xkbEo6soBzeDBlejRTAOdkY+R3y5NZbq+2tQ4zcTbD0P3jFou3Cc/O/BhaRUSljMdGdxV2QEs=!account!hXlV7nfV6RoMyvQarMtge2eZII9Ehj4hdQhp2nz3REC5WSZuTZh8krKw32ig2eyJcRN9STgdng/JI5C6ay1NBxzlpGYM6iBMTKGHMxER5iI=^&#
02-18 20:47:20.212 E/##XLogger##(26975): #&^Pc5lF7k3asyW5u3ymTCHvqn56G3uiF5+5MJl9msP9vA9GG7kWabARBEVmHgCHgZbPT7w2aPZmFe8tPQSni0yTZBHqOWRxHwBm1xkbEo6soBzeDBlejRTAOdkY+R3y5NZbq+2tQ4zcTbD0P3jFou3Cc/O/BhaRUSljMdGdxV2QEs=!account!XzFSXYr3iTMk7/LEsUGT5w/rmlVAO0Tl+gfGmFYTbaL0dJ/6lG/P9KO6PcqlC/LfZjmaR15/ALznYEKpyVdRFA==^&#
02-18 20:47:20.214 E/##XLogger##(26975): #&^Pc5lF7k3asyW5u3ymTCHvqn56G3uiF5+5MJl9msP9vA9GG7kWabARBEVmHgCHgZbPT7w2aPZmFe8tPQSni0yTZBHqOWRxHwBm1xkbEo6soBzeDBlejRTAOdkY+R3y5NZbq+2tQ4zcTbD0P3jFou3Cc/O/BhaRUSljMdGdxV2QEs=!account!Ko7pm6QUEjPUleEgrMhLZgIDCovV3qQt5bNE60IeVlavcwjlNvSiJs8vpY4s+vVLPXEHWHhhn/pqbKzDifdUseZUgLlDxKbYUD7KNilRhvKB8y5TqztpnEbusi6pCK3LAmGugicxnLGNS201qO8YYg==^&#
02-18 20:47:20.214 E/##XLogger##(26975): #&^Pc5lF7k3asyW5u3ymTCHvqn56G3uiF5+5MJl9msP9vA9GG7kWabARBEVmHgCHgZbPT7w2aPZmFe8tPQSni0yTZBHqOWRxHwBm1xkbEo6soBzeDBlejRTAOdkY+R3y5NZbq+2tQ4zcTbD0P3jFou3Cc/O/BhaRUSljMdGdxV2QEs=!account!wgmpk8VowONDfTm5JDI3TQbJiq/CzyENu9DwiZ0V9HUIJe/Y//vjUML+mYM12ikh^&#
02-18 20:47:20.215 E/##XLogger##(26975): #&^Pc5lF7k3asyW5u3ymTCHvqn56G3uiF5+5MJl9msP9vA9GG7kWabARBEVmHgCHgZbPT7w2aPZmFe8tPQSni0yTZBHqOWRxHwBm1xkbEo6soBzeDBlejRTAOdkY+R3y5NZbq+2tQ4zcTbD0P3jFou3Cc/O/BhaRUSljMdGdxV2QEs=!account!l9zObk/s4u8LJ5tm0j82v9RjY5lt1dMbGSMglCS8kv42wiq4Fx2oiB80lJNl+wqikV6Cll7FD61c8lvsctih7g==^&#
02-18 20:47:20.219 E/##XLogger##(26975): #&^Pc5lF7k3asyW5u3ymTCHvqn56G3uiF5+5MJl9msP9vA9GG7kWabARBEVmHgCHgZbPT7w2aPZmFe8tPQSni0yTZBHqOWRxHwBm1xkbEo6soBzeDBlejRTAOdkY+R3y5NZbq+2tQ4zcTbD0P3jFou3Cc/O/BhaRUSljMdGdxV2QEs=!account!RvL6cZjMUl3vs1CX2AeQt5YHcc3rtZ2t3+smfGUAnka02HdM1XQW17b1d3Xey1uKzmPaDzwBnGg3O5Pudy7sy+4u8I3MAWffAfPLlNTHs3U=^&#
02-18 20:47:20.219 E/##XLogger##(26975): #&^Pc5lF7k3asyW5u3ymTCHvqn56G3uiF5+5MJl9msP9vA9GG7kWabARBEVmHgCHgZbPT7w2aPZmFe8tPQSni0yTZBHqOWRxHwBm1xkbEo6soBzeDBlejRTAOdkY+R3y5NZbq+2tQ4zcTbD0P3jFou3Cc/O/BhaRUSljMdGdxV2QEs=!account!RvL6cZjMUl3vs1CX2AeQtypBn7OMz8F7GQYIRqigv9XkgGTM8jP8s9Lqej0HR6AnkYZr+2dU/mt0LsEBRsVerfgR3TkqoRPqPlPqtnmwBXIwTZjDCQuyRu6ONf3i4zmO^&#
02-18 20:47:20.219 E/##XLogger##(26975): #&^Pc5lF7k3asyW5u3ymTCHvqn56G3uiF5+5MJl9msP9vA9GG7kWabARBEVmHgCHgZbPT7w2aPZmFe8tPQSni0yTZBHqOWRxHwBm1xkbEo6soBzeDBlejRTAOdkY+R3y5NZbq+2tQ4zcTbD0P3jFou3Cc/O/BhaRUSljMdGdxV2QEs=!account!RvL6cZjMUl3vs1CX2AeQt8Br/6R2UUKcCwH0DQYFzrrKgabMUITDhEXuHRkHMfWtenuwJHslVkPI/hKTv/rC5o9LpLnrYDQ2IqnzEAYV/688n3pL2G5s6Mcbvop5HBFa^&#
02-18 20:47:20.222 E/##XLogger##(26951): #&^FR5PSGFnnmj/HosTsFxLPKvWJXd3mOT/2BlrlL2ofQborHT/GoJWdG2swg6L4kPDAo8SwaB08Kck1l+jnPmYg8PAY+YVKjQ1vqU4ntQjxuIndnJ6Kpt+agK9qPcZlfG5srQt8xxcG572JxL00T5bpP6QAzPwg6oON44sJ3cq/vc=!simactivate!o68iZ/QY1AxzgMgEyi1WsUe26qU6PrFaTUvw8F5OOMyMObJ5Lzl/3P8eGsz31yl8qD0XVEISbmHKMNOFECvovr7+JObXzWxzHYnjbAJINHF+yB8B/D9yCR+4OpvuNYMh^&#
02-18 20:47:20.224 E/##XLogger##(26975): #&^Pc5lF7k3asyW5u3ymTCHvqn56G3uiF5+5MJl9msP9vA9GG7kWabARBEVmHgCHgZbPT7w2aPZmFe8tPQSni0yTZBHqOWRxHwBm1xkbEo6soBzeDBlejRTAOdkY+R3y5NZbq+2tQ4zcTbD0P3jFou3Cc/O/BhaRUSljMdGdxV2QEs=!account!OqgSo1K3kczNkNdsRV3GEWu7bSIyf57O/V3diZg8cJNoXHpwgfS4bomV7pSpyd1JpWy7A6zmoP7tnAYcDVyR391/T2vCd5NRmpespTPMTeDZiJW8DDriN1BZ0aYpMByJFW4Bi4rE2z9BbgcqVwYttBr5lyjRwdHw3GQPr+cdmAI=^&#
02-18 20:47:20.224 E/##XLogger##(26975): #&^Pc5lF7k3asyW5u3ymTCHvqn56G3uiF5+5MJl9msP9vA9GG7kWabARBEVmHgCHgZbPT7w2aPZmFe8tPQSni0yTZBHqOWRxHwBm1xkbEo6soBzeDBlejRTAOdkY+R3y5NZbq+2tQ4zcTbD0P3jFou3Cc/O/BhaRUSljMdGdxV2QEs=!account!sj23O15yuAdjai+i86dZO60JUOqhkJeB161Mu5bbeyQk5BaWSGe+u11jthpexGoU4H7wazwz2O3Co/TKV9IVhAlkxXIN+byMPqIOJXj52a0=^&#
02-18 20:47:20.232 E/##XLogger##(26975): #&^Pc5lF7k3asyW5u3ymTCHvqn56G3uiF5+5MJl9msP9vA9GG7kWabARBEVmHgCHgZbPT7w2aPZmFe8tPQSni0yTZBHqOWRxHwBm1xkbEo6soBzeDBlejRTAOdkY+R3y5NZbq+2tQ4zcTbD0P3jFou3Cc/O/BhaRUSljMdGdxV2QEs=!account!Ko7pm6QUEjPUleEgrMhLZt0jS6Dszo8FHhLgEnrhwImdMp4WfOmHAqd1kYAKkcdhBNmRxEMiHQtt4q+WQ2NAzn7EWOqSgoVvamukT0JXQXg=^&#
02-18 20:47:20.232 E/##XLogger##(26975): #&^Pc5lF7k3asyW5u3ymTCHvqn56G3uiF5+5MJl9msP9vA9GG7kWabARBEVmHgCHgZbPT7w2aPZmFe8tPQSni0yTZBHqOWRxHwBm1xkbEo6soBzeDBlejRTAOdkY+R3y5NZbq+2tQ4zcTbD0P3jFou3Cc/O/BhaRUSljMdGdxV2QEs=!account!3Xk8Gjx7yZcGhW65a+rN/ifLTUVOCea/P0eYz2kRA5mCh940qb3Ilpzw1KEAE40e^&#
02-18 20:47:20.240 E/JobScheduler( 2702): ResourceBudgetManagerInternal is null
02-18 20:47:20.267 E/Zygote  (27070): process_name_ptr:27070 com.alibaba.aliexpresshd:channel
02-18 20:47:20.267 E/Zygote  (27070): SetMemoryProtected process_name_ptr:27070 com.alibaba.aliexpresshd:channel
02-18 20:47:20.282 E/##XLogger##(26975): #&^Pc5lF7k3asyW5u3ymTCHvqn56G3uiF5+5MJl9msP9vA9GG7kWabARBEVmHgCHgZbPT7w2aPZmFe8tPQSni0yTZBHqOWRxHwBm1xkbEo6soBzeDBlejRTAOdkY+R3y5NZbq+2tQ4zcTbD0P3jFou3Cc/O/BhaRUSljMdGdxV2QEs=!account!RvL6cZjMUl3vs1CX2AeQt5mKwXiI/pCJRp7a8Hs0gEqPmF0afCVFc2y5Yrd1WnfMGObUu89PmEBFAoycsw5l5Gy67esbeZaCKHEU/MMZENS415nOJcHPUtRNeJNpz1wemLKlsELARbTrEG98N1tBKWYw61nLe56FIUX0XKzV3WKR0d4nai+EdbQPCmHZRLp6Sp9Ni/iPumrX7R1xUWMgDdTp3SzqmenfaDAtV3I4yHMZlFbg9tJPDFR1K2jpJu7/ihdSC/XpNT9WwwcGaQO+v0+Xxozn4pHD6Sza93Qv3r0E6Uiwsm1Is5gT9KE0Mh+stYxq+Ns58jYneW+k5qETnb8+qeLhNJJq5tOsEbJsvCPCjEBQSnP3s2HfieWF1pWhj2D7NvOWWc7WqKHB5feaSDe77TbFuRomlkOnK8TdcTWJJTc1vNsnmzU6IRDKLw84uTjfWEwVWsIctNuRGLzaQvLV2Lc/ptPQCOtu54czP8cLVpYv/gObOpNNNQesZZ6u1ToitX4QMvx54zOz5TGEcbRhj7UhtKvLchQ6WWjzk15LYmam2xlVd8hmj0rxrO5SrJEVJNRnc2h0aNUETRmDFHLivIFB51dOrXd5fzZ7gbgY5/BKjMrcVGZWAyTzKe0DG9AvWXXBqb8c0GWmX9I+WpPQLsuK3hXxMRQ32C+blVXgzR20/gEMwmA12STPdi6YKd7i9iKj1OOSBYBfAjmpBxtSD963U6XlBYu0O8S+sJBqCpl70FJIyizn8pAAxs7Ew0i66Uh1rJ83nwZ9f40PI56dLVPvzHxKUx3Yxf0jF0ZOd4K5uFaq6atL6v6NjIzjWwWoZ50ZXJ/D1VjRXh0GSfkqiINlpJ/r5BaeiDfZu4WETZFVUtjF7i7dTn/uytU7GgfX/F99WnjUfAEAIeWXhjY1U9MXsx+Usw/At6gns+mPfXC+iJdD1NwOzQ5uRcWzSq2rnz1HzF7yG+JFmAUegNe+aqZGDLhQKMw5twA2lsOgOf5PyoIficztni8IfV/b89V9EjL2SLvhuyhZv2h+7z9iovnGzXDMHCrlS2k36yw=^&#
02-18 20:47:20.287 E/##XLogger##(26975): #&^Pc5lF7k3asyW5u3ymTCHvqn56G3uiF5+5MJl9msP9vA9GG7kWabARBEVmHgCHgZbPT7w2aPZmFe8tPQSni0yTZBHqOWRxHwBm1xkbEo6soBzeDBlejRTAOdkY+R3y5NZbq+2tQ4zcTbD0P3jFou3Cc/O/BhaRUSljMdGdxV2QEs=!account!RvL6cZjMUl3vs1CX2AeQt5mKwXiI/pCJRp7a8Hs0gEqPmF0afCVFc2y5Yrd1WnfMGObUu89PmEBFAoycsw5l5Gy67esbeZaCKHEU/MMZENTFhbYnHHKHQAC5KXFGg/Pk2VVhzDWk53KBJ5MweRIHfmPyoulGhYjiIO+4qqpE8DjU6JjPJXX/ZdNxJy13ULjJUlXycLNV4U6Nd9RQSr/Xlv00xyQcDCVX47gwvObWxDCwMFtqi8bpNucqd9zI9YgQfGGGwUcS99gpF7VkB42uHlu/3wPp7re5JMd/39TMGW3qvt4gl7+LM+nCQUuMX6jHk/Olu4zWiejz2Kf3zlVYiRkligydVfUTaOu3TVYu+3hxGkxhogq0DfMljonRaKYbcUHxxv22lRKM39VL0vk5LZ5knE2buZTZ/fuogqic5bLwLp2IhPlUrvIKdvchLSA4ftdasRXKqO9be+8m77FsDKrgdQnSsF4c72ttP4C8LFJKMxD5A2j7OES0sZyjO21BWxYz9cbrG59PDxWaQaWkI2f4NxTkxiv7ZgYulmwShYxgpacLgWL1bakMQi+ZEMw6PcwJJ7zQWQg6xM+X1tfxhUxPEqIxvG/FD4H9kcDlP5UJzWV30UyoSo6zkHLDlTR8qEEIahH+AjzqN2we7vo/NeE9juQGgRSnP0tzh5Yt+1xcJsjAMeY7ujxXAfLz1lpSlpCEsJ0+qx4I0LXyCLxfOA==^&#
02-18 20:47:20.294 E/##XLogger##(26975): #&^Pc5lF7k3asyW5u3ymTCHvqn56G3uiF5+5MJl9msP9vA9GG7kWabARBEVmHgCHgZbPT7w2aPZmFe8tPQSni0yTZBHqOWRxHwBm1xkbEo6soBzeDBlejRTAOdkY+R3y5NZbq+2tQ4zcTbD0P3jFou3Cc/O/BhaRUSljMdGdxV2QEs=!account!RvL6cZjMUl3vs1CX2AeQt5mKwXiI/pCJRp7a8Hs0gEqPmF0afCVFc2y5Yrd1WnfMGObUu89PmEBFAoycsw5l5Gy67esbeZaCKHEU/MMZENSUFf9ezHFkvaupyiP1RvNaeOzTozcplBp4gmpG5uVwknCnlNgF0RnPO44k7Ro4uKeI3ysC8vS8hs6Mwj9cdegQ^&#
02-18 20:47:20.295 E/##XLogger##(26975): #&^Pc5lF7k3asyW5u3ymTCHvqn56G3uiF5+5MJl9msP9vA9GG7kWabARBEVmHgCHgZbPT7w2aPZmFe8tPQSni0yTZBHqOWRxHwBm1xkbEo6soBzeDBlejRTAOdkY+R3y5NZbq+2tQ4zcTbD0P3jFou3Cc/O/BhaRUSljMdGdxV2QEs=!account!RvL6cZjMUl3vs1CX2AeQt5mKwXiI/pCJRp7a8Hs0gEqPmF0afCVFc2y5Yrd1WnfMGObUu89PmEBFAoycsw5l5GCZi9KVwhhyOV4bkqOM0/CroDvs5oEC3WZG0SFnpoPPG802EQe3dx1Em2tN2Tv9kynqTZGnVWYMihn2+4T1FvrwK7iqqTbMl/cRs7206Fra9KvjfXossRtNXyGp+BMX5JOYmHg8TPKAHMyp1pkqFymceTHGM3UuOdOtyg6D/YMrNrfMv5/2OugSMV3CpyA/FPjn+K+vZZnLjfoKsVgIysZykPR10+3TzUDcogwLHUymaiw+SBA7Cq9UgrGELI7jkZZJQd8ksKcN2+HenOvg0azL57HbN1re1p6OojJPG1dNZlah8JbZW8NfpwxVI3sNj6sx+4kqnMLRIUOareDYfhChbHI/qjyRli7WR7kA9V2jxJtxQfO3Qc+M6Ibes2wvo6+n6GfJcpSpM8IK2xkWAdj28Mq0029IbWvHjFYxySRfYh6PPGXZljjAvsN2fgAUWU4mB9Kz5YQTrS2Oomp95e+fUeLdDdRWKTMJDym3WrxpVZBkhi4/oLQwaojMiJRrE/wD9UAe3KxjjnFECABaJ+uy8E7vKj6Y5vK9FiYdHSCZbTiXyX3yVSMX0lXXYJojTFFP5k0x1HAS41clxJGrVqzy40yBI4hm+OETF/ugh6VGuJk4/WfojiwSGoMe8divzilayo8Yv+m57+jDRX1iLExmEXXOh5p5ed3EAiJHRkmheCP2qij4pY+fJkhOPPTdbpwmlSrUP4pwSJr8gdsKjBtrIgGMrKp4WzCosi4i6lgs0prr2tFSoFx3i0lUaSAnXechIjiVzv5ecBKLi+AyxG8Fyej/axlfU2Lg7cC5wA/I0Zvb1FGMGDaKQMK89UUXRfeQalfdEUCXNg32GItd9ZocytBuSq8sn0Wr4GIpdaH6w/hmM6pQHSwH3BrCqepnVQK0kS2ENGqBc7IYSyzuFtaHmbQmHFA8IYhuAl7tfQo1hbwKzzxsjBXDs+Q2ujnftpAqYCik7iLt5LzA9rJgaWk=^&#
02-18 20:47:20.296 E/##XLogger##(26975): #&^Pc5lF7k3asyW5u3ymTCHvqn56G3uiF5+5MJl9msP9vA9GG7kWabARBEVmHgCHgZbPT7w2aPZmFe8tPQSni0yTZBHqOWRxHwBm1xkbEo6soBzeDBlejRTAOdkY+R3y5NZbq+2tQ4zcTbD0P3jFou3Cc/O/BhaRUSljMdGdxV2QEs=!account!RvL6cZjMUl3vs1CX2AeQt5mKwXiI/pCJRp7a8Hs0gEqPmF0afCVFc2y5Yrd1WnfMGObUu89PmEBFAoycsw5l5Gy67esbeZaCKHEU/MMZENQ8jCoVH8t3Z7W7AqxjWJGRf/CVeWXGNeGke8MgZP0MPSWrqlxqbEAfAgu+CXiz6NoX7hxpp8iuIC8jeJMTH4aL^&#
02-18 20:47:20.298 E/##XLogger##(26975): #&^Pc5lF7k3asyW5u3ymTCHvqn56G3uiF5+5MJl9msP9vA9GG7kWabARBEVmHgCHgZbPT7w2aPZmFe8tPQSni0yTZBHqOWRxHwBm1xkbEo6soBzeDBlejRTAOdkY+R3y5NZbq+2tQ4zcTbD0P3jFou3Cc/O/BhaRUSljMdGdxV2QEs=!account!RvL6cZjMUl3vs1CX2AeQt5mKwXiI/pCJRp7a8Hs0gEqPmF0afCVFc2y5Yrd1WnfMGObUu89PmEBFAoycsw5l5Gy67esbeZaCKHEU/MMZENSQcxJ3C9sxUtJAcselaXNwqN4xjIn2T5Dux/GFBcs/KYMiialOdbINpIbMOZFcv4U=^&#
02-18 20:47:20.299 E/##XLogger##(26975): #&^Pc5lF7k3asyW5u3ymTCHvqn56G3uiF5+5MJl9msP9vA9GG7kWabARBEVmHgCHgZbPT7w2aPZmFe8tPQSni0yTZBHqOWRxHwBm1xkbEo6soBzeDBlejRTAOdkY+R3y5NZbq+2tQ4zcTbD0P3jFou3Cc/O/BhaRUSljMdGdxV2QEs=!account!RvL6cZjMUl3vs1CX2AeQt5mKwXiI/pCJRp7a8Hs0gEqPmF0afCVFc2y5Yrd1WnfMGObUu89PmEBFAoycsw5l5Gy67esbeZaCKHEU/MMZENQjTQaSxrVvo7cPY9RCmDJvRiX9ZlKpJbxZeuCCedVdZR2zpfAqFYFEf+VxvumzzpxEUD8DCZ6gb/VFssraAKt1ZageHAgoK09PN1pE59HeBiMYhnjbcpkxxmh1oWbvyRU=^&#
02-18 20:47:20.300 E/##XLogger##(26975): #&^Pc5lF7k3asyW5u3ymTCHvqn56G3uiF5+5MJl9msP9vA9GG7kWabARBEVmHgCHgZbPT7w2aPZmFe8tPQSni0yTZBHqOWRxHwBm1xkbEo6soBzeDBlejRTAOdkY+R3y5NZbq+2tQ4zcTbD0P3jFou3Cc/O/BhaRUSljMdGdxV2QEs=!account!RvL6cZjMUl3vs1CX2AeQt5mKwXiI/pCJRp7a8Hs0gEqPmF0afCVFc2y5Yrd1WnfMGObUu89PmEBFAoycsw5l5Gy67esbeZaCKHEU/MMZENTP1kxIiZJ+adJoaIZ+KVfwnarzddq2NIsTqvxEvnCkm8U0Gayx9xpjTnkkzWjEGng=^&#
02-18 20:47:20.303 E/##XLogger##(26975): #&^Pc5lF7k3asyW5u3ymTCHvqn56G3uiF5+5MJl9msP9vA9GG7kWabARBEVmHgCHgZbPT7w2aPZmFe8tPQSni0yTZBHqOWRxHwBm1xkbEo6soBzeDBlejRTAOdkY+R3y5NZbq+2tQ4zcTbD0P3jFou3Cc/O/BhaRUSljMdGdxV2QEs=!account!RvL6cZjMUl3vs1CX2AeQt5mKwXiI/pCJRp7a8Hs0gEqPmF0afCVFc2y5Yrd1WnfMGObUu89PmEBFAoycsw5l5Gy67esbeZaCKHEU/MMZENQzq209DzMWJ4KiePBXqOGOsDFU/Nn6BkwTdKi5PVjpvOfk2nWOZYMM967r10EKb1MXPbGuUiZot4Jhtvt1YAlg^&#
02-18 20:47:20.304 E/##XLogger##(26975): #&^Pc5lF7k3asyW5u3ymTCHvqn56G3uiF5+5MJl9msP9vA9GG7kWabARBEVmHgCHgZbPT7w2aPZmFe8tPQSni0yTZBHqOWRxHwBm1xkbEo6soBzeDBlejRTAOdkY+R3y5NZbq+2tQ4zcTbD0P3jFou3Cc/O/BhaRUSljMdGdxV2QEs=!account!RvL6cZjMUl3vs1CX2AeQt5mKwXiI/pCJRp7a8Hs0gEqPmF0afCVFc2y5Yrd1WnfMGObUu89PmEBFAoycsw5l5Gy67esbeZaCKHEU/MMZENSRpsHkX/RJQ8Io7axjI72VMaxDUWhZAE1JKCQQR7sKz2L15Aga/6PcHZXdZti3jDl8Se3In8DN8l3MnCIUlMI9eHJRJ+JJPrK2651jS2EFFQ2mjy8j8GOi84iVKWS1MdZ/5XGp9brfxjlgUfjg+F3NsZgVtOXdTdoeZ4+K9nkTDP/ccrEcl0Wup2+mp0iAg4YEzxzIMW0C8LnNHqclbBTO/kGVFBAlihxuqndqHkQaMsmcdOtVER0MmEs5jeRM99ZC20UeX9Q18WFhBlU5/vBW09MG9e0yTcC+nuyc94SyXjP7vG1qAtYWoa3MopQ5a5tWqvA94/rhrIPTCpxL9779GqE0Y5i033TJ0B/PDe1LVJh94HgS7//V9rZSbFHFVp8p7IRk1fgdPaox0xL5Wi9cab/ZKtw+qS+268JzME5Dw5jR20rrjYzhhq9WzVAPO53K0tiNNDk8ucK9jOEIHFQwxd2j0PpxItJBn+P/TRDFdWAXSLjbhBqPWrdyMV089ZKFb2v3XNPPtEl0VsovnL5XhHRyjC+YlcP2tQKqomUBE5Psb1byd5LG3bMYGbxGUnQ=^&#
02-18 20:47:20.317 E/##XLogger##(26975): #&^Pc5lF7k3asyW5u3ymTCHvqn56G3uiF5+5MJl9msP9vA9GG7kWabARBEVmHgCHgZbPT7w2aPZmFe8tPQSni0yTZBHqOWRxHwBm1xkbEo6soBzeDBlejRTAOdkY+R3y5NZbq+2tQ4zcTbD0P3jFou3Cc/O/BhaRUSljMdGdxV2QEs=!account!VOqrgyrYZiNcFpn4+OEo2QLWELmfZ5Cs/azZy/HQnBFKa2Yvrlm5S9G1IGRc2V7QaQaOAUQRGB/Z95hLnzvjBvu+Ol+eUvs2r8DuoUt5z0apFK3pJ2eek5GgqavesN59ogviQEd6PR59WEKpJaIxpQ==^&#
02-18 20:47:20.319 E/##XLogger##(26975): #&^Pc5lF7k3asyW5u3ymTCHvqn56G3uiF5+5MJl9msP9vA9GG7kWabARBEVmHgCHgZbPT7w2aPZmFe8tPQSni0yTZBHqOWRxHwBm1xkbEo6soBzeDBlejRTAOdkY+R3y5NZbq+2tQ4zcTbD0P3jFou3Cc/O/BhaRUSljMdGdxV2QEs=!account!BNlX9672XrQvwbyuAIdWBONFH0VFzr09PiSHAkVploIikJjvY5PlWNQu0RrERUcz^&#
02-18 20:47:20.320 E/##XLogger##(26975): #&^Pc5lF7k3asyW5u3ymTCHvqn56G3uiF5+5MJl9msP9vA9GG7kWabARBEVmHgCHgZbPT7w2aPZmFe8tPQSni0yTZBHqOWRxHwBm1xkbEo6soBzeDBlejRTAOdkY+R3y5NZbq+2tQ4zcTbD0P3jFou3Cc/O/BhaRUSljMdGdxV2QEs=!account!BiaXTb5+Dlqf50hhKRbBN0pzTGh4TcL1kGfJHsCU52Utw9yyxO+EslbYKNySrWv4ek2rl66hd4Kixji3UD0s7g==^&#
02-18 20:47:20.323 E/##XLogger##(26975): #&^Pc5lF7k3asyW5u3ymTCHvqn56G3uiF5+5MJl9msP9vA9GG7kWabARBEVmHgCHgZbPT7w2aPZmFe8tPQSni0yTZBHqOWRxHwBm1xkbEo6soBzeDBlejRTAOdkY+R3y5NZbq+2tQ4zcTbD0P3jFou3Cc/O/BhaRUSljMdGdxV2QEs=!account!BNlX9672XrQvwbyuAIdWBGPhL2FT/p1XW2xfp3qF0j7BO1VtCzx3Z8hSJDZqEF2j^&#
02-18 20:47:20.323 E/##XLogger##(26975): #&^Pc5lF7k3asyW5u3ymTCHvqn56G3uiF5+5MJl9msP9vA9GG7kWabARBEVmHgCHgZbPT7w2aPZmFe8tPQSni0yTZBHqOWRxHwBm1xkbEo6soBzeDBlejRTAOdkY+R3y5NZbq+2tQ4zcTbD0P3jFou3Cc/O/BhaRUSljMdGdxV2QEs=!account!xgVlpYsyw/CrPuRJ0FbDDsH+DIsQlKmWIlL6gwde7kUwRan7PWg+aEJh4VfXv0OlabO7P8x034nyQYwbVl7oVQ==^&#
02-18 20:47:20.327 E/##XLogger##(26975): #&^Pc5lF7k3asyW5u3ymTCHvqn56G3uiF5+5MJl9msP9vA9GG7kWabARBEVmHgCHgZbPT7w2aPZmFe8tPQSni0yTZBHqOWRxHwBm1xkbEo6soBzeDBlejRTAOdkY+R3y5NZbq+2tQ4zcTbD0P3jFou3Cc/O/BhaRUSljMdGdxV2QEs=!account!XzFSXYr3iTMk7/LEsUGT5w/rmlVAO0Tl+gfGmFYTbaL0dJ/6lG/P9KO6PcqlC/LfZjmaR15/ALznYEKpyVdRFA==^&#
02-18 20:47:20.330 E/##XLogger##(26951): #&^FR5PSGFnnmj/HosTsFxLPKvWJXd3mOT/2BlrlL2ofQborHT/GoJWdG2swg6L4kPDAo8SwaB08Kck1l+jnPmYg8PAY+YVKjQ1vqU4ntQjxuIndnJ6Kpt+agK9qPcZlfG5srQt8xxcG572JxL00T5bpP6QAzPwg6oON44sJ3cq/vc=!simactivate!o68iZ/QY1AxzgMgEyi1WsUe26qU6PrFaTUvw8F5OOMz8kCUgZ3UExXUNHTxpF6cacNy/gCSLvojzGReEMtvu2IPXP41rsYNDbjI0Z7g3JGduR6Ue/t/EuyT2DKg5h5lm^&#
02-18 20:47:20.336 E/Utils   (27020): updateDebugConfig: false,flavor=beta,buildType=release,openDebugLog=true
02-18 20:47:20.338 E/##XLogger##(26975): #&^Pc5lF7k3asyW5u3ymTCHvqn56G3uiF5+5MJl9msP9vA9GG7kWabARBEVmHgCHgZbPT7w2aPZmFe8tPQSni0yTZBHqOWRxHwBm1xkbEo6soBzeDBlejRTAOdkY+R3y5NZbq+2tQ4zcTbD0P3jFou3Cc/O/BhaRUSljMdGdxV2QEs=!account!zp5VGXP++jcxpAChlZqealp12AVHAoz2JTP0Ic7wVwn8yDsKsh8x7VqnPW33gkQFte9CVl44UlrGbZZ0XZjlCMSvjzxsH4rktc+50t5ermHbA8nT+swzmhUNh3TcfJV6RaaegXoW5Qv/lME0s5bCDA==^&#
02-18 20:47:20.339 E/##XLogger##(26975): #&^Pc5lF7k3asyW5u3ymTCHvqn56G3uiF5+5MJl9msP9vA9GG7kWabARBEVmHgCHgZbPT7w2aPZmFe8tPQSni0yTZBHqOWRxHwBm1xkbEo6soBzeDBlejRTAOdkY+R3y5NZbq+2tQ4zcTbD0P3jFou3Cc/O/BhaRUSljMdGdxV2QEs=!account!RvL6cZjMUl3vs1CX2AeQt6RBe02/J2vCkjYH9Frmubi9BFhr7rT92XcDxTDM2p9bM0SyQmtFbh7wYa0BMpsyevfYbwEvJYtmJWZ+gb/MIw0=^&#
02-18 20:47:20.339 E/##XLogger##(26975): #&^Pc5lF7k3asyW5u3ymTCHvqn56G3uiF5+5MJl9msP9vA9GG7kWabARBEVmHgCHgZbPT7w2aPZmFe8tPQSni0yTZBHqOWRxHwBm1xkbEo6soBzeDBlejRTAOdkY+R3y5NZbq+2tQ4zcTbD0P3jFou3Cc/O/BhaRUSljMdGdxV2QEs=!account!RvL6cZjMUl3vs1CX2AeQt9p1nm/ylbVw7Cw/hXNuHTQH/TT8gpfa2b2QOZHWmeOguQzAELKYCd1VWu28PZIga57ZtXElePpSo48pbgfKepeQvKEnO6RGk37BOsPiFeAEUIwQWNlyBq/cUoYdIGQNTg==^&#
02-18 20:47:20.340 E/##XLogger##(26975): #&^Pc5lF7k3asyW5u3ymTCHvqn56G3uiF5+5MJl9msP9vA9GG7kWabARBEVmHgCHgZbPT7w2aPZmFe8tPQSni0yTZBHqOWRxHwBm1xkbEo6soBzeDBlejRTAOdkY+R3y5NZbq+2tQ4zcTbD0P3jFou3Cc/O/BhaRUSljMdGdxV2QEs=!account!RvL6cZjMUl3vs1CX2AeQt2hV/eW6rUjegx5qoo3y+32tswVYWPTbTe73fXKAL3nq6oU9bH/j7/BW/cwKp3cMDDbiKmkRki8uVU1nQla/QpfueyYrGxUgbKN4eUsFZ6Hfck5AaksRoSYXV8fQGDW1CzwgW+vCk65w1E9iwf9JWLNQ6tKCIgvBzOXmavqIAYb5^&#
02-18 20:47:20.341 E/##XLogger##(26975): #&^Pc5lF7k3asyW5u3ymTCHvqn56G3uiF5+5MJl9msP9vA9GG7kWabARBEVmHgCHgZbPT7w2aPZmFe8tPQSni0yTZBHqOWRxHwBm1xkbEo6soBzeDBlejRTAOdkY+R3y5NZbq+2tQ4zcTbD0P3jFou3Cc/O/BhaRUSljMdGdxV2QEs=!account!RvL6cZjMUl3vs1CX2AeQt2hV/eW6rUjegx5qoo3y+32tswVYWPTbTe73fXKAL3nq6oU9bH/j7/BW/cwKp3cMDLYk1Fv8xF1hSy23nGR4BgSW/9JJHTBzlfInYAwMTnUjypwiFImQj1vG9GGudEv3wtMaCKGoETYeqZoUsESJSWU0L9Zc1hCtoRYSFQG6vhlJ^&#
02-18 20:47:20.342 E/##XLogger##(26975): #&^Pc5lF7k3asyW5u3ymTCHvqn56G3uiF5+5MJl9msP9vA9GG7kWabARBEVmHgCHgZbPT7w2aPZmFe8tPQSni0yTZBHqOWRxHwBm1xkbEo6soBzeDBlejRTAOdkY+R3y5NZbq+2tQ4zcTbD0P3jFou3Cc/O/BhaRUSljMdGdxV2QEs=!account!RvL6cZjMUl3vs1CX2AeQt2hV/eW6rUjegx5qoo3y+32tswVYWPTbTe73fXKAL3nq6oU9bH/j7/BW/cwKp3cMDLYk1Fv8xF1hSy23nGR4BgSW/9JJHTBzlfInYAwMTnUjN+GS5nDGmKudGDnJxCEF3n3V2IQPm2DQQvoE+TBhyIT8HkQEEqJf8YK6Z6epbcem^&#
02-18 20:47:20.343 E/##XLogger##(26975): #&^Pc5lF7k3asyW5u3ymTCHvqn56G3uiF5+5MJl9msP9vA9GG7kWabARBEVmHgCHgZbPT7w2aPZmFe8tPQSni0yTZBHqOWRxHwBm1xkbEo6soBzeDBlejRTAOdkY+R3y5NZbq+2tQ4zcTbD0P3jFou3Cc/O/BhaRUSljMdGdxV2QEs=!account!RvL6cZjMUl3vs1CX2AeQt2hV/eW6rUjegx5qoo3y+32tswVYWPTbTe73fXKAL3nq6oU9bH/j7/BW/cwKp3cMDA9mlu5/4O/uFU9OM1H2/Dz15NuX5B8XEumuAYJSu7o8kwiI5oT97IHd0iHsFX6krJf/rx6TQRjvYmqxjXUddE8=^&#
02-18 20:47:20.344 E/##XLogger##(26975): #&^Pc5lF7k3asyW5u3ymTCHvqn56G3uiF5+5MJl9msP9vA9GG7kWabARBEVmHgCHgZbPT7w2aPZmFe8tPQSni0yTZBHqOWRxHwBm1xkbEo6soBzeDBlejRTAOdkY+R3y5NZbq+2tQ4zcTbD0P3jFou3Cc/O/BhaRUSljMdGdxV2QEs=!account!RvL6cZjMUl3vs1CX2AeQt2hV/eW6rUjegx5qoo3y+32tswVYWPTbTe73fXKAL3nq6oU9bH/j7/BW/cwKp3cMDLYk1Fv8xF1hSy23nGR4BgSW/9JJHTBzlfInYAwMTnUjypwiFImQj1vG9GGudEv3wvf6iUywC/RWYiRIpug59h8=^&#
02-18 20:47:20.344 E/##XLogger##(26975): #&^Pc5lF7k3asyW5u3ymTCHvqn56G3uiF5+5MJl9msP9vA9GG7kWabARBEVmHgCHgZbPT7w2aPZmFe8tPQSni0yTZBHqOWRxHwBm1xkbEo6soBzeDBlejRTAOdkY+R3y5NZbq+2tQ4zcTbD0P3jFou3Cc/O/BhaRUSljMdGdxV2QEs=!account!RvL6cZjMUl3vs1CX2AeQt2hV/eW6rUjegx5qoo3y+32tswVYWPTbTe73fXKAL3nq6oU9bH/j7/BW/cwKp3cMDA9mlu5/4O/uFU9OM1H2/Dz15NuX5B8XEumuAYJSu7o8kwiI5oT97IHd0iHsFX6krAwPTKa0RJInddV8ruE80o6QeJQmJzCqD8C7ornijKti^&#
02-18 20:47:20.346 E/##XLogger##(26975): #&^Pc5lF7k3asyW5u3ymTCHvqn56G3uiF5+5MJl9msP9vA9GG7kWabARBEVmHgCHgZbPT7w2aPZmFe8tPQSni0yTZBHqOWRxHwBm1xkbEo6soBzeDBlejRTAOdkY+R3y5NZbq+2tQ4zcTbD0P3jFou3Cc/O/BhaRUSljMdGdxV2QEs=!account!RvL6cZjMUl3vs1CX2AeQt2hV/eW6rUjegx5qoo3y+32tswVYWPTbTe73fXKAL3nq6oU9bH/j7/BW/cwKp3cMDO+wQTdcRqKzZUoSsBc3qYIdruVk/KrAzeMeMZOR2nnHUPIS9P+GVsdiH5XE5kGM5ZbooDI4Q7ffeJFi0ROSutCXMokDMz6V3CdcHifJz+Z/^&#
02-18 20:47:20.347 E/##XLogger##(26975): #&^Pc5lF7k3asyW5u3ymTCHvqn56G3uiF5+5MJl9msP9vA9GG7kWabARBEVmHgCHgZbPT7w2aPZmFe8tPQSni0yTZBHqOWRxHwBm1xkbEo6soBzeDBlejRTAOdkY+R3y5NZbq+2tQ4zcTbD0P3jFou3Cc/O/BhaRUSljMdGdxV2QEs=!account!RvL6cZjMUl3vs1CX2AeQt2hV/eW6rUjegx5qoo3y+32tswVYWPTbTe73fXKAL3nq6oU9bH/j7/BW/cwKp3cMDO+wQTdcRqKzZUoSsBc3qYIdruVk/KrAzeMeMZOR2nnHUPIS9P+GVsdiH5XE5kGM5eeeQ4cngBD3jWCs/1dzNLeoMPW3Q5LCDr7kTV7guZ04^&#
02-18 20:47:20.347 E/##XLogger##(26975): #&^Pc5lF7k3asyW5u3ymTCHvqn56G3uiF5+5MJl9msP9vA9GG7kWabARBEVmHgCHgZbPT7w2aPZmFe8tPQSni0yTZBHqOWRxHwBm1xkbEo6soBzeDBlejRTAOdkY+R3y5NZbq+2tQ4zcTbD0P3jFou3Cc/O/BhaRUSljMdGdxV2QEs=!account!RvL6cZjMUl3vs1CX2AeQt2hV/eW6rUjegx5qoo3y+32tswVYWPTbTe73fXKAL3nq6oU9bH/j7/BW/cwKp3cMDMWQhMaY6/j/NJ3QO58a031mLjohmwEWRHg54DoYTUBiDOaUkS9/hPMBInH2qBLicGXMzOWAGxgZ10NXVyvtF/0=^&#
02-18 20:47:20.348 E/AIRC_[FN]_F[Int]DP(27020): FocusNotifyManager init
02-18 20:47:20.348 E/##XLogger##(26975): #&^Pc5lF7k3asyW5u3ymTCHvqn56G3uiF5+5MJl9msP9vA9GG7kWabARBEVmHgCHgZbPT7w2aPZmFe8tPQSni0yTZBHqOWRxHwBm1xkbEo6soBzeDBlejRTAOdkY+R3y5NZbq+2tQ4zcTbD0P3jFou3Cc/O/BhaRUSljMdGdxV2QEs=!account!RvL6cZjMUl3vs1CX2AeQt2hV/eW6rUjegx5qoo3y+32tswVYWPTbTe73fXKAL3nq6oU9bH/j7/BW/cwKp3cMDPh7JsxEUF/7DRuEVmu5U5W39/VINh+v4PDG0NGzFvsziqUfAHpWnBFENdsh3biECA4CGv0V9yru8LdhW/qkDXufUuYaznPtq8sQsUiNkJD3XMrjMyxXOGrD7+Exb0CXlg==^&#
02-18 20:47:20.349 E/##XLogger##(26975): #&^Pc5lF7k3asyW5u3ymTCHvqn56G3uiF5+5MJl9msP9vA9GG7kWabARBEVmHgCHgZbPT7w2aPZmFe8tPQSni0yTZBHqOWRxHwBm1xkbEo6soBzeDBlejRTAOdkY+R3y5NZbq+2tQ4zcTbD0P3jFou3Cc/O/BhaRUSljMdGdxV2QEs=!account!RvL6cZjMUl3vs1CX2AeQtx1GpIiRlXJ/OcSZK3KG743CLPn6+OFPEiJUIeo7jcogFNwUewZ2nbbzv2+jIEzcywr3tAJWTJ0QuRDntfqvjb99jw/0AEpP3GuND/zslw5iCw/RJhe2JUvWSFSjdOzD0xliDzPohrcYDSvXj0DhrF3JAHSWkFmCZQRB+fl/3kRzcUxhx+Iw20OF8FsYnRA8znwJtIYBcdqTw0kXM3sCFTH1HRWiV/7UekMoG6UN+tUrHKowytQ05SC1eVmaWihVRv3M/VLJeSmAyAqg2UN+SzILbNlT9bIkI8zhhozmcGqnjisf6RoedNc0YPoGH3eDsYZoZ8IXUeqgDULm4IC2Jr89MjmCmFl4EtJHGo1qvBhB^&#
02-18 20:47:20.349 E/##XLogger##(26975): #&^Pc5lF7k3asyW5u3ymTCHvqn56G3uiF5+5MJl9msP9vA9GG7kWabARBEVmHgCHgZbPT7w2aPZmFe8tPQSni0yTZBHqOWRxHwBm1xkbEo6soBzeDBlejRTAOdkY+R3y5NZbq+2tQ4zcTbD0P3jFou3Cc/O/BhaRUSljMdGdxV2QEs=!account!RvL6cZjMUl3vs1CX2AeQtxBmFgjfoIVTuskDGnU+57Don/NGMwhPRc+LoxsBjg2yo0MZzWFzhFU47QLDvYHXeQ==^&#
02-18 20:47:20.352 E/##XLogger##(26975): #&^Pc5lF7k3asyW5u3ymTCHvqn56G3uiF5+5MJl9msP9vA9GG7kWabARBEVmHgCHgZbPT7w2aPZmFe8tPQSni0yTZBHqOWRxHwBm1xkbEo6soBzeDBlejRTAOdkY+R3y5NZbq+2tQ4zcTbD0P3jFou3Cc/O/BhaRUSljMdGdxV2QEs=!account!Fh0g050zzWYNF7qbX51sT1cADZcm4qkrJ4ppJ6W6MS1Y4duTYDvTVtBovvzWimYt^&#
02-18 20:47:20.356 E/Hmind   (27020): init
02-18 20:47:20.359 E/##XLogger##(26843): f6.@IPV6@SourceFile:10, thread:36998--STATUS_OFF cancel
02-18 20:47:20.365 E/##XLogger##(26975): #&^Pc5lF7k3asyW5u3ymTCHvqn56G3uiF5+5MJl9msP9vA9GG7kWabARBEVmHgCHgZbPT7w2aPZmFe8tPQSni0yTZBHqOWRxHwBm1xkbEo6soBzeDBlejRTAOdkY+R3y5NZbq+2tQ4zcTbD0P3jFou3Cc/O/BhaRUSljMdGdxV2QEs=!account!Fh0g050zzWYNF7qbX51sT+IhJvdyzdACO3Rz2BdKPMBaZU7DbwSZo6ecRBFx3p0eT9CRh2aCnzfkyFoEAmg7QPwmLORwCrdU5W3PB6YLebHChJqwD86b7+KEGQEjbX4ZQJ3FS4yKfbVsWQoSlyI6K5PO4an0vS3mdq/zCD0fM8OjkhRcid67PJQqaBCx5thH^&#
02-18 20:47:20.391 E/libsensor-displayalgo( 2261): value of coefs 5,850.073000,4.965174,-2.685090,1.640057,-4.685160, line 101
02-18 20:47:20.401 E/AccountChangeReceiver(27020): onReceive hmind refresh token
02-18 20:47:20.403 E/XiaomiAccountManager(27020): PassportLog@A2^6C[c2V0dXAgdHJ1ZQ==]
02-18 20:47:20.411 E/QC-time-services(  871): Receive Passed == base = 13, unit = 1, operation = 2, result = 0
02-18 20:47:20.411 E/QC-time-services( 1209): Daemon: Time-services: Waiting to acceptconnection
02-18 20:47:20.413 E/Zygote  (27111): process_name_ptr:27111 com.google.android.apps.docs
02-18 20:47:20.413 E/QC-time-services( 1209): Daemon: Time-services: Waiting to acceptconnection
02-18 20:47:20.413 E/Zygote  (27111): SetMemoryProtected process_name_ptr:27111 com.google.android.apps.docs
02-18 20:47:20.428 E/XiaomiAccountManager(27020): PassportLog@A2^6C[Y2FsbGVyIHNpZ25hdHVyZSA9IEFwcFNpZ25hdHVyZUhhc2h7c2hhMT0nN0I2REM3MDc5QzM0NzM5Q0U4MTE1OTcxOUZCNUVCNjFEMkEwMzIyNScsIG1kNT0nNzAxNDc4QTFFM0I0QjdFMzk3OEVBNjk0Njk0MTBGMTMnfQ==]
02-18 20:47:20.429 E/XiaomiAccountManager(27020): PassportLog@A2^6C[c3lzIGFjY291bnQgc2lnbmF0dXJlID0gQXBwU2lnbmF0dXJlSGFzaHtzaGExPSc3QjZEQzcwNzlDMzQ3MzlDRTgxMTU5NzE5RkI1RUI2MUQyQTAzMjI1JywgbWQ1PSc3MDE0NzhBMUUzQjRCN0UzOTc4RUE2OTQ2OTQxMEYxMyd9]
02-18 20:47:20.432 E/XiaomiAccountManager(27020): PassportLog@A2^6C[aGFzIHN5c3RlbSBhY2NvdW50IGFwcCBhbmQgY3VycmVudCBjb20ueGlhb21pLmFpY3IgaGFzIHNhbWUgc2lnbmF0dXJl]
02-18 20:47:20.436 E/MiJiaAccountManager(27020): init:mIsInitialized=false,CoreService.getAppContext=com.xiaomi.aicr.AiCrApplication@4e833c
02-18 20:47:20.457 E/LoginMiAccount(27020): SystemTokenUtils onReceiveAccountChange broadcast
02-18 20:47:20.471 E/KeymasterUtils(  870): rsp_header->status: -28
02-18 20:47:20.472 E/KeyMasterHalDevice(  870): abort_operation
02-18 20:47:20.472 E/KeyMasterHalDevice(  870): ret: -28
02-18 20:47:20.473 E/KeymasterUtils(  870): rsp_header->status: -28
02-18 20:47:20.473 E/KeyMasterHalDevice(  870): abort_operation
02-18 20:47:20.473 E/KeyMasterHalDevice(  870): ret: -28
02-18 20:47:20.595 E/DocsApplication(27111): from onCreate Completable for sending summary about blocked SyncRequests
02-18 20:47:20.595 E/DocsApplication(27111): java.lang.IllegalStateException
02-18 20:47:20.595 E/DocsApplication(27111): 	at hji.i(PG:64)
02-18 20:47:20.595 E/DocsApplication(27111): 	at gvz.lambda$onCreate$2(PG:272)
02-18 20:47:20.595 E/DocsApplication(27111): 	at gvz.$r8$lambda$M-tqsz8QJK2QrqieVTlg-c3Lhbo(PG:1)
02-18 20:47:20.595 E/DocsApplication(27111): 	at gmr$1.run(PG:197)
02-18 20:47:20.595 E/DocsApplication(27111): 	at aavk.d(PG:13)
02-18 20:47:20.595 E/DocsApplication(27111): 	at aasy.e(PG:3)
02-18 20:47:20.595 E/DocsApplication(27111): 	at aavs$a.run(PG:3)
02-18 20:47:20.595 E/DocsApplication(27111): 	at aati$a.run(PG:10)
02-18 20:47:20.595 E/DocsApplication(27111): 	at aazh.run(PG:14)
02-18 20:47:20.595 E/DocsApplication(27111): 	at aazh.call(PG:1)
02-18 20:47:20.595 E/DocsApplication(27111): 	at java.util.concurrent.FutureTask.run(FutureTask.java:317)
02-18 20:47:20.595 E/DocsApplication(27111): 	at java.util.concurrent.ScheduledThreadPoolExecutor$ScheduledFutureTask.run(ScheduledThreadPoolExecutor.java:348)
02-18 20:47:20.595 E/DocsApplication(27111): 	at java.util.concurrent.ThreadPoolExecutor.runWorker(ThreadPoolExecutor.java:1154)
02-18 20:47:20.595 E/DocsApplication(27111): 	at java.util.concurrent.ThreadPoolExecutor$Worker.run(ThreadPoolExecutor.java:652)
02-18 20:47:20.595 E/DocsApplication(27111): 	at java.lang.Thread.run(Thread.java:1563)
02-18 20:47:20.650 E/Zygote  (27188): process_name_ptr:27188 com.google.android.apps.maps
02-18 20:47:20.650 E/Zygote  (27188): SetMemoryProtected process_name_ptr:27188 com.google.android.apps.maps
02-18 20:47:20.691 E/libsensor-displayalgo( 2261): value of coefs 5,850.073000,4.965174,-2.685090,1.640057,-4.685160, line 101
02-18 20:47:20.798 E/MediaProvider( 6948): Creating or writing to a non-default top level directory is not allowed!
02-18 20:47:20.802 E/MediaProvider( 6948): Creating or writing to a non-default top level directory is not allowed!
02-18 20:47:20.869 E/DatabaseUtils( 2702): Writing exception to parcel
02-18 20:47:20.869 E/DatabaseUtils( 2702): java.lang.SecurityException: com.alibaba.aliexpresshd was not granted  this permission: android.permission.WRITE_SETTINGS.
02-18 20:47:20.869 E/DatabaseUtils( 2702): 	at android.provider.Settings.isCallingPackageAllowedToPerformAppOpsProtectedOperation(Settings.java:21426)
02-18 20:47:20.869 E/DatabaseUtils( 2702): 	at android.provider.Settings.checkAndNoteWriteSettingsOperation(Settings.java:21314)
02-18 20:47:20.869 E/DatabaseUtils( 2702): 	at com.android.providers.settings.SettingsProvider.mutateSystemSetting(SettingsProvider.java:2004)
02-18 20:47:20.869 E/DatabaseUtils( 2702): 	at com.android.providers.settings.SettingsProvider.insertSystemSetting(SettingsProvider.java:1960)
02-18 20:47:20.869 E/DatabaseUtils( 2702): 	at com.android.providers.settings.SettingsProvider.call(SettingsProvider.java:501)
02-18 20:47:20.869 E/DatabaseUtils( 2702): 	at android.content.ContentProvider.call(ContentProvider.java:2736)
02-18 20:47:20.869 E/DatabaseUtils( 2702): 	at android.content.ContentProvider$Transport.call(ContentProvider.java:639)
02-18 20:47:20.869 E/DatabaseUtils( 2702): 	at android.content.ContentProviderNative.onTransact(ContentProviderNative.java:310)
02-18 20:47:20.869 E/DatabaseUtils( 2702): 	at android.os.Binder.execTransactInternal(Binder.java:1507)
02-18 20:47:20.869 E/DatabaseUtils( 2702): 	at android.os.Binder.execTransact(Binder.java:1451)
02-18 20:47:20.986 E/presshd:channel(27070): No package ID 6a found for resource ID 0x6a0b0013.
02-18 20:47:20.991 E/libsensor-displayalgo( 2261): value of coefs 5,850.073000,4.965174,-2.685090,1.640057,-4.685160, line 101
02-18 20:47:21.002 E/presshd:channel(27070): Invalid resource ID 0x00000000.
02-18 20:47:21.004 E/Zygote  (27308): process_name_ptr:27308 com.google.android.apps.messaging
02-18 20:47:21.004 E/Zygote  (27308): SetMemoryProtected process_name_ptr:27308 com.google.android.apps.messaging
02-18 20:47:21.024 E/GoogleApiManager(27111): Failed to get service from broker. 
02-18 20:47:21.024 E/GoogleApiManager(27111): java.lang.SecurityException: Unknown calling package name 'com.google.android.gms'.
02-18 20:47:21.024 E/GoogleApiManager(27111): 	at android.os.Parcel.createExceptionOrNull(Parcel.java:3256)
02-18 20:47:21.024 E/GoogleApiManager(27111): 	at android.os.Parcel.createException(Parcel.java:3240)
02-18 20:47:21.024 E/GoogleApiManager(27111): 	at android.os.Parcel.readException(Parcel.java:3223)
02-18 20:47:21.024 E/GoogleApiManager(27111): 	at android.os.Parcel.readException(Parcel.java:3165)
02-18 20:47:21.024 E/GoogleApiManager(27111): 	at beoy.a(:com.google.android.gms@260438035@26.04.38 (260400-867839860):36)
02-18 20:47:21.024 E/GoogleApiManager(27111): 	at bemz.z(:com.google.android.gms@260438035@26.04.38 (260400-867839860):143)
02-18 20:47:21.024 E/GoogleApiManager(27111): 	at bdtf.run(:com.google.android.gms@260438035@26.04.38 (260400-867839860):42)
02-18 20:47:21.024 E/GoogleApiManager(27111): 	at android.os.Handler.handleCallback(Handler.java:959)
02-18 20:47:21.024 E/GoogleApiManager(27111): 	at android.os.Handler.dispatchMessage(Handler.java:100)
02-18 20:47:21.024 E/GoogleApiManager(27111): 	at csuf.mz(:com.google.android.gms@260438035@26.04.38 (260400-867839860):1)
02-18 20:47:21.024 E/GoogleApiManager(27111): 	at csuf.dispatchMessage(:com.google.android.gms@260438035@26.04.38 (260400-867839860):5)
02-18 20:47:21.024 E/GoogleApiManager(27111): 	at android.os.Looper.loopOnce(Looper.java:249)
02-18 20:47:21.024 E/GoogleApiManager(27111): 	at android.os.Looper.loop(Looper.java:337)
02-18 20:47:21.024 E/GoogleApiManager(27111): 	at android.os.HandlerThread.run(HandlerThread.java:85)
02-18 20:47:21.116 E/presshd:channel(27070): Invalid resource ID 0x00000000.
02-18 20:47:21.234 E/lowmemorykiller(  601): process_mrelease 25248 failed: No such process
02-18 20:47:21.290 E/libsensor-displayalgo( 2261): value of coefs 5,850.073000,4.965174,-2.685090,1.640057,-4.685160, line 101
02-18 20:47:21.383 E/Zygote  (27412): process_name_ptr:27412 com.google.android.apps.wellbeing
02-18 20:47:21.383 E/Zygote  (27412): SetMemoryProtected process_name_ptr:27412 com.google.android.apps.wellbeing
02-18 20:47:21.522 E/Zygote  (27459): process_name_ptr:27459 com.google.android.gm
02-18 20:47:21.522 E/Zygote  (27459): SetMemoryProtected process_name_ptr:27459 com.google.android.gm
02-18 20:47:21.591 E/libsensor-displayalgo( 2261): value of coefs 5,850.073000,4.965174,-2.685090,1.640057,-4.685160, line 101
02-18 20:47:21.658 E/lowmemorykiller(  601): process_mrelease 25447 failed: No such process
02-18 20:47:21.745 E/lowmemorykiller(  601): process_mrelease 26146 failed: No such process
02-18 20:47:21.870 E/lowmemorykiller(  601): process_mrelease 26427 failed: No such process
02-18 20:47:21.892 E/libsensor-displayalgo( 2261): value of coefs 5,850.073000,4.965174,-2.685090,1.640057,-4.685160, line 101
02-18 20:47:21.897 E/libprocessgroup( 2702): Failed to open /sys/fs/cgroup/uid_10266/pid_26427/cgroup.procs: No such file or directory
02-18 20:47:21.950 E/lowmemorykiller(  601): process_mrelease 20597 failed: No such process
02-18 20:47:22.075 E/##XLogger##(26843): f5.a::h@SourceFile:2, thread:36997--url is https://keyapi.micloud.xiaomi.net/mic/keychain/v1/status, respone = {"result":"ok","retriable":false,"code":0,"data":{"appId":"micloud","status":false},"description":"µêÉσèƒ","ts":1771458442029}
02-18 20:47:22.095 E/system_server( 2702): No package ID 7f found for resource ID 0x7f08045f.
02-18 20:47:22.095 E/system_server( 2702): No package ID 7f found for resource ID 0x7f140b0c.
02-18 20:47:22.095 E/system_server( 2702): No package ID 7f found for resource ID 0x7f140b0c.
02-18 20:47:22.096 E/system_server( 2702): No package ID 7f found for resource ID 0x7f08045b.
02-18 20:47:22.096 E/system_server( 2702): No package ID 7f found for resource ID 0x7f140b0a.
02-18 20:47:22.096 E/system_server( 2702): No package ID 7f found for resource ID 0x7f140b0a.
02-18 20:47:22.096 E/system_server( 2702): No package ID 7f found for resource ID 0x7f08045d.
02-18 20:47:22.096 E/system_server( 2702): No package ID 7f found for resource ID 0x7f140b0b.
02-18 20:47:22.096 E/system_server( 2702): No package ID 7f found for resource ID 0x7f140b0b.
02-18 20:47:22.096 E/ShortcutService( 2702): Ignoring excessive intent tag.
02-18 20:47:22.098 E/SmsApplication( 4437): com.google.android.apps.messaging lost android:read_cell_broadcasts:  (fixing)
02-18 20:47:22.112 E/lowmemorykiller(  601): process_mrelease 756 failed: No such process
02-18 20:47:22.117 E/RegisteredServicesCache( 7196): Skipping application component ComponentInfo{com.cl.srcei.iddigital/com.idemia.android.iso18013.engagement.nfc.HceTagService}: it must request the permission android.permission.NFC
02-18 20:47:22.151 E/Zygote  (27566): process_name_ptr:27566 com.google.android.permissioncontroller
02-18 20:47:22.151 E/Zygote  (27566): SetMemoryProtected process_name_ptr:27566 com.google.android.permissioncontroller
02-18 20:47:22.183 E/Zygote  (27581): process_name_ptr:27581 com.google.android.syncadapters.calendar
02-18 20:47:22.184 E/Zygote  (27581): SetMemoryProtected process_name_ptr:27581 com.google.android.syncadapters.calendar
02-18 20:47:22.190 E/libsensor-displayalgo( 2261): value of coefs 5,850.073000,4.965174,-2.685090,1.640057,-4.685160, line 101
02-18 20:47:22.235 E/JobScheduler( 2702): ResourceBudgetManagerInternal is null
02-18 20:47:22.296 E/HyperSentinel( 2702): -------------------------------------------------------
02-18 20:47:22.296 E/HyperSentinel( 2702): Event_ThreadAmount
02-18 20:47:22.296 E/HyperSentinel( 2702): -> audit event by proc 26843 "com.miui.cloudservice": running threads amount, 0 -> 44
02-18 20:47:22.370 E/FeatureFlagsImplExport(27566): android.os.flagging.AconfigStorageReadException: ERROR_PACKAGE_NOT_FOUND: package com.android.permission.flags cannot be found on the device
02-18 20:47:22.374 E/FeatureFlagsImplExport(27566): android.os.flagging.AconfigStorageReadException: ERROR_PACKAGE_NOT_FOUND: package android.permission.flags cannot be found on the device
02-18 20:47:22.374 E/FeatureFlagsImplExport(27566): android.os.flagging.AconfigStorageReadException: ERROR_PACKAGE_NOT_FOUND: package android.companion cannot be found on the device
02-18 20:47:22.374 E/FeatureFlagsImplExport(27566): android.os.flagging.AconfigStorageReadException: ERROR_PACKAGE_NOT_FOUND: package android.content.pm cannot be found on the device
02-18 20:47:22.376 E/FeatureFlagsImplExport(27566): android.os.flagging.AconfigStorageReadException: ERROR_PACKAGE_NOT_FOUND: package android.companion.virtualdevice.flags cannot be found on the device
02-18 20:47:22.390 E/FeatureFlagsImplExport(27566): android.os.flagging.AconfigStorageReadException: ERROR_PACKAGE_NOT_FOUND: package android.xr cannot be found on the device
02-18 20:47:22.433 E/presshd:channel(27070): Invalid resource ID 0x00000000.
02-18 20:47:22.462 E/WifiClientModeImpl[19599:wlan0]( 2702): Failed to get mlo info
02-18 20:47:22.479 E/JobScheduler.Background( 2702): Couldn't determine stopped state for unknown package: com.google.android.apps.turbo
02-18 20:47:22.479 E/JobScheduler.Background( 2702): Couldn't determine stopped state for unknown package: com.google.android.apps.turbo
02-18 20:47:22.479 E/JobScheduler.Background( 2702): Couldn't determine stopped state for unknown package: com.google.android.apps.turbo
02-18 20:47:22.480 E/JobScheduler.Background( 2702): Couldn't determine stopped state for unknown package: com.aura.oobe.deutsche
02-18 20:47:22.491 E/libsensor-displayalgo( 2261): value of coefs 5,850.073000,4.965174,-2.685090,1.640057,-4.685160, line 101
02-18 20:47:22.498 E/Zygote  (27657): process_name_ptr:27657 com.google.android.videos
02-18 20:47:22.498 E/Zygote  (27657): SetMemoryProtected process_name_ptr:27657 com.google.android.videos
02-18 20:47:22.588 E/lowmemorykiller(  601): process_mrelease 26546 failed: No such process
02-18 20:47:22.789 E/SQLiteLog(27657): (5) statement aborts at 2: [PRAGMA journal_mode=PERSIST] database is locked
02-18 20:47:22.790 E/libsensor-displayalgo( 2261): value of coefs 5,850.073000,4.965174,-2.685090,1.640057,-4.685160, line 101
02-18 20:47:22.794 E/JobScheduler( 2702): ResourceBudgetManagerInternal is null
02-18 20:47:22.912 E/lowmemorykiller(  601): process_mrelease 19467 failed: No such process
02-18 20:47:23.022 E/JobScheduler( 2702): ResourceBudgetManagerInternal is null
02-18 20:47:23.049 E/##XLogger##(26975): #&^Pc5lF7k3asyW5u3ymTCHvqn56G3uiF5+5MJl9msP9vA9GG7kWabARBEVmHgCHgZbPT7w2aPZmFe8tPQSni0yTZBHqOWRxHwBm1xkbEo6soBzeDBlejRTAOdkY+R3y5NZbq+2tQ4zcTbD0P3jFou3Cc/O/BhaRUSljMdGdxV2QEs=!account!+MmJ++7JgTsl/NZcwzLOQwmllgw8QicGguUmN3OuMrjQD4NBSl5ba2JZVg1N7lIynOZZyn676HIvDzNutFbP8ZtHl5beTAyl+9T4O4ZqB6Gaa3hSicf35id/z2yJJ8rk0m5H20F3oL2MiUVZ0SWSgQ==^&#
02-18 20:47:23.053 E/##XLogger##(26975): #&^Pc5lF7k3asyW5u3ymTCHvqn56G3uiF5+5MJl9msP9vA9GG7kWabARBEVmHgCHgZbPT7w2aPZmFe8tPQSni0yTZBHqOWRxHwBm1xkbEo6soBzeDBlejRTAOdkY+R3y5NZbq+2tQ4zcTbD0P3jFou3Cc/O/BhaRUSljMdGdxV2QEs=!account!BNlX9672XrQvwbyuAIdWBGPhL2FT/p1XW2xfp3qF0j7BO1VtCzx3Z8hSJDZqEF2j^&#
02-18 20:47:23.074 E/##XLogger##(26975): #&^Pc5lF7k3asyW5u3ymTCHvqn56G3uiF5+5MJl9msP9vA9GG7kWabARBEVmHgCHgZbPT7w2aPZmFe8tPQSni0yTZBHqOWRxHwBm1xkbEo6soBzeDBlejRTAOdkY+R3y5NZbq+2tQ4zcTbD0P3jFou3Cc/O/BhaRUSljMdGdxV2QEs=!account!sj23O15yuAdjai+i86dZO8t71OQ2Ix+piD4JTp1iVWqN1tmWzgCzo/ugqwaAu6530EecQHBcUcsOl3j77H2AwEXzfPGpz3Z8pEav5bwux7iOLlDsO+ahtLN+JKWY0umiOL4oSkrWyitxEjn4LjlPElGU3oeGYB4ffC4qd0geOkM=^&#
