02-16 11:15:45.322 E/PR4Y_ERROR(22823): 	at androidx.credentials.CredentialProviderFrameworkImpl$onGetCredential$outcome$2.onError(CredentialProviderFrameworkImpl.kt:172)
02-16 11:15:45.322 E/PR4Y_ERROR(22823): 	at androidx.credentials.CredentialProviderFrameworkImpl$onGetCredential$outcome$2.onError(CredentialProviderFrameworkImpl.kt:160)
02-16 11:15:45.322 E/PR4Y_ERROR(22823): 	at android.credentials.CredentialManager$GetCredentialTransport.lambda$onError$2(CredentialManager.java:820)
02-16 11:15:45.322 E/PR4Y_ERROR(22823): 	at android.credentials.CredentialManager$GetCredentialTransport.$r8$lambda$_rg2Q59c21DJrPoh5aAnwNR78wQ(Unknown Source:0)
02-16 11:15:45.322 E/PR4Y_ERROR(22823): 	at android.credentials.CredentialManager$GetCredentialTransport$$ExternalSyntheticLambda0.run(D8$$SyntheticClass:0)
02-16 11:15:45.322 E/PR4Y_ERROR(22823): 	at androidx.biometric.auth.Class2BiometricAuthExtensionsKt$$ExternalSyntheticLambda0.execute(D8$$SyntheticClass:0)
02-16 11:15:45.322 E/PR4Y_ERROR(22823): 	at android.credentials.CredentialManager$GetCredentialTransport.onError(CredentialManager.java:819)
02-16 11:15:45.322 E/PR4Y_ERROR(22823): 	at android.credentials.IGetCredentialCallback$Stub.onTransact(IGetCredentialCallback.java:121)
02-16 11:15:45.322 E/PR4Y_ERROR(22823): 	at android.os.Binder.execTransactInternal(Binder.java:1512)
02-16 11:15:45.322 E/PR4Y_ERROR(22823): 	at android.os.Binder.execTransact(Binder.java:1451)
02-16 11:15:45.323 E/PR4Y_ERROR(22823): MIUI Debug: NoCredentialException | serverClientId has valid suffix (.apps.googleusercontent.com)=true | length=72
02-16 11:15:45.336 E/KeymasterUtils(  866): rsp_header->status: -28
02-16 11:15:45.336 E/KeyMasterHalDevice(  866): abort_operation
02-16 11:15:45.336 E/KeyMasterHalDevice(  866): ret: -28
02-16 11:15:45.354 E/KeymasterUtils(  866): rsp_header->status: -28
02-16 11:15:45.354 E/KeyMasterHalDevice(  866): abort_operation
02-16 11:15:45.354 E/KeyMasterHalDevice(  866): ret: -28
02-16 11:15:45.355 E/QcRilRequest( 4309): [2499] < OEM_HOOK_RAW error: org.codeaurora.telephony.utils.CommandException: GENERIC_FAILURE
02-16 11:15:45.364 E/QcRilRequest( 4309): [2500] < OEM_HOOK_RAW error: org.codeaurora.telephony.utils.CommandException: GENERIC_FAILURE
02-16 11:15:45.543 E/libsensor-displayalgo( 2260): value of coefs 5,850.073000,4.965174,-2.685090,1.640057,-4.685160, line 101
02-16 11:15:45.664 E/msys    (21675): E[N mns]_OnDiskCacheGetData(632)=>Start post callback cache refresh DNS resolution
02-16 11:15:45.677 E/msys    (21675): E[N mns]_LogError(228)=>Failed to resolve using system DNS resolver, getaddrinfo(): No address associated with hostname
02-16 11:15:45.808 E/sensors-hal( 1397): handle_sns_client_event:57, har-sensor-hal: time=48766642105244 data 0.000000
02-16 11:15:45.843 E/libsensor-displayalgo( 2260): value of coefs 5,850.073000,4.965174,-2.685090,1.640057,-4.685160, line 101
02-16 11:15:46.143 E/libsensor-displayalgo( 2260): value of coefs 5,850.073000,4.965174,-2.685090,1.640057,-4.685160, line 101
02-16 11:15:46.258 E/msys    (21675): E[N mns]_OnDiskCacheGetData(632)=>Start post callback cache refresh DNS resolution
02-16 11:15:46.271 E/msys    (21675): E[N mns]_LogError(228)=>Failed to resolve using system DNS resolver, getaddrinfo(): No address associated with hostname
02-16 11:15:46.443 E/libsensor-displayalgo( 2260): value of coefs 5,850.073000,4.965174,-2.685090,1.640057,-4.685160, line 101
02-16 11:15:46.743 E/libsensor-displayalgo( 2260): value of coefs 5,850.073000,4.965174,-2.685090,1.640057,-4.685160, line 101
02-16 11:15:46.924 E/msys    (21675): E[N mns]_OnDiskCacheGetData(632)=>Start post callback cache refresh DNS resolution
02-16 11:15:46.935 E/msys    (21675): E[N mns]_LogError(228)=>Failed to resolve using system DNS resolver, getaddrinfo(): No address associated with hostname
02-16 11:15:47.042 E/libsensor-displayalgo( 2260): value of coefs 5,850.073000,4.965174,-2.685090,1.640057,-4.685160, line 101
02-16 11:15:47.342 E/libsensor-displayalgo( 2260): value of coefs 5,850.073000,4.965174,-2.685090,1.640057,-4.685160, line 101
02-16 11:15:47.642 E/libsensor-displayalgo( 2260): value of coefs 5,850.073000,4.965174,-2.685090,1.640057,-4.685160, line 101
02-16 11:15:47.941 E/libsensor-displayalgo( 2260): value of coefs 5,850.073000,4.965174,-2.685090,1.640057,-4.685160, line 101
02-16 11:15:48.147 E/WifiClientModeImpl[6737054:wlan0]( 2645): Failed to get mlo info
02-16 11:15:48.242 E/libsensor-displayalgo( 2260): value of coefs 5,850.073000,4.965174,-2.685090,1.640057,-4.685160, line 101
02-16 11:15:48.368 E/QcRilRequest( 4309): [2501] < OEM_HOOK_RAW error: org.codeaurora.telephony.utils.CommandException: GENERIC_FAILURE
02-16 11:15:48.379 E/QcRilRequest( 4309): [2502] < OEM_HOOK_RAW error: org.codeaurora.telephony.utils.CommandException: GENERIC_FAILURE
02-16 11:15:48.542 E/libsensor-displayalgo( 2260): value of coefs 5,850.073000,4.965174,-2.685090,1.640057,-4.685160, line 101
02-16 11:15:48.842 E/libsensor-displayalgo( 2260): value of coefs 5,850.073000,4.965174,-2.685090,1.640057,-4.685160, line 101
02-16 11:15:49.143 E/libsensor-displayalgo( 2260): value of coefs 5,850.073000,4.965174,-2.685090,1.640057,-4.685160, line 101
02-16 11:15:49.442 E/libsensor-displayalgo( 2260): value of coefs 5,850.073000,4.965174,-2.685090,1.640057,-4.685160, line 101
02-16 11:15:49.741 E/libsensor-displayalgo( 2260): value of coefs 5,850.073000,4.965174,-2.685090,1.640057,-4.685160, line 101
02-16 11:15:49.813 E/sensors-hal( 1397): handle_sns_client_event:57, har-sensor-hal: time=48770647639775 data 5.000000
02-16 11:15:50.042 E/libsensor-displayalgo( 2260): value of coefs 5,850.073000,4.965174,-2.685090,1.640057,-4.685160, line 101
02-16 11:15:50.443 E/libsensor-displayalgo( 2260): value of coefs 5,850.073000,4.965174,-2.685090,1.640057,-4.685160, line 101
02-16 11:15:50.642 E/libsensor-displayalgo( 2260): value of coefs 5,850.073000,4.965174,-2.685090,1.640057,-4.685160, line 101
02-16 11:15:50.817 E/sensors-hal( 1397): handle_sns_client_event:57, har-sensor-hal: time=48771649648838 data 0.000000
02-16 11:15:51.172 E/WifiClientModeImpl[6737054:wlan0]( 2645): Failed to get mlo info
02-16 11:15:51.636 E/RescueSpaceMonitor(  923): [DeleteDirectoryFiles] Can't open the dir /data/miuilog/stability/nativecrash/coredump/ (No such file or directory)
02-16 11:15:51.636 E/RescueSpaceMonitor(  923): Unable to open directory /mnt/rescue/dumpstateTemporary/: No such file or directory
02-16 11:15:51.636 E/RescueSpaceMonitor(  923): Unable to open directory /mnt/rescue/misight/: No such file or directory
02-16 11:15:51.642 E/libsensor-displayalgo( 2260): value of coefs 5,850.073000,4.965174,-2.685090,1.640057,-4.685160, line 101
02-16 11:15:51.717 E/RescueSpaceMonitor(  923): Write /mnt/rescue//mqsas/rescue_info.log failed! No space left on device
02-16 11:15:51.718 E/RescueSpaceMonitor(  923): Level 3: Wirte rescue partition file info to /mqsas/rescue_info.log failed!
02-16 11:15:51.817 E/sensors-hal( 1397): handle_sns_client_event:57, har-sensor-hal: time=48772650400921 data 5.000000
02-16 11:15:51.905 E/msys    (21675): E[N mns]_OnDiskCacheGetData(632)=>Start post callback cache refresh DNS resolution
02-16 11:15:51.917 E/msys    (21675): E[N mns]_LogError(228)=>Failed to resolve using system DNS resolver, getaddrinfo(): No address associated with hostname
02-16 11:15:51.917 E/msys    (21675): E[N mns]_OnDiskCacheGetData(632)=>Start post callback cache refresh DNS resolution
02-16 11:15:51.920 E/msys    (21675): E[N mns]_LogError(228)=>Failed to resolve using system DNS resolver, getaddrinfo(): No address associated with hostname
02-16 11:15:51.956 E/JobScheduler.Background( 2645): Couldn't determine stopped state for unknown package: com.google.android.apps.turbo
02-16 11:15:51.957 E/JobScheduler.Background( 2645): Couldn't determine stopped state for unknown package: com.google.android.apps.turbo
02-16 11:15:51.957 E/JobScheduler.Background( 2645): Couldn't determine stopped state for unknown package: com.google.android.apps.turbo
02-16 11:15:51.958 E/JobScheduler.Background( 2645): Couldn't determine stopped state for unknown package: com.aura.oobe.deutsche
