--------- beginning of main
02-18 20:51:46.091 E/libsensor-displayalgo( 2261): value of coefs 5,850.073000,4.965174,-2.685090,1.640057,-4.685160, line 101
02-18 20:51:46.122 E/HyperSentinel( 2702): -------------------------------------------------------
02-18 20:51:46.123 E/HyperSentinel( 2702): Event_ThreadAmount
02-18 20:51:46.123 E/HyperSentinel( 2702): -> audit event by proc 29828 "usap64": running threads amount, 78 -> 122
--------- beginning of system
02-18 20:51:46.123 E/MiuiSentinelMemoryManager( 2702): getThreadinfo: usap64#29828
02-18 20:51:46.390 E/libsensor-displayalgo( 2261): value of coefs 5,850.073000,4.965174,-2.685090,1.640057,-4.685160, line 101
02-18 20:51:46.692 E/libsensor-displayalgo( 2261): value of coefs 5,850.073000,4.965174,-2.685090,1.640057,-4.685160, line 101
02-18 20:51:46.970 E/PhoneAdapter( 4437): get ntnphones failed, exception: java.lang.IllegalStateException: Default phones haven't been made yet!
02-18 20:51:46.991 E/libsensor-displayalgo( 2261): value of coefs 5,850.073000,4.965174,-2.685090,1.640057,-4.685160, line 101
02-18 20:51:47.273 E/minksocket( 1305): MinkIPC_QRTR_Service: client with node 1 port 52a4 went down
02-18 20:51:47.275 E/minksocket( 1305): MinkIPC_QRTR_Service: client with node 1 port 52a5 went down
02-18 20:51:47.278 E/minksocket( 1305): MinkIPC_QRTR_Service: client with node 1 port 52a6 went down
02-18 20:51:47.279 E/minksocket( 1305): MinkIPC_QRTR_Service: client with node 1 port 52a7 went down
02-18 20:51:47.295 E/libsensor-displayalgo( 2261): value of coefs 5,850.073000,4.965174,-2.685090,1.640057,-4.685160, line 101
02-18 20:51:47.592 E/libsensor-displayalgo( 2261): value of coefs 5,850.073000,4.965174,-2.685090,1.640057,-4.685160, line 101
02-18 20:51:47.643 E/SmsApplication( 4437): com.google.android.apps.messaging lost android:read_cell_broadcasts:  (fixing)
02-18 20:51:47.655 E/RoleControllerServiceImpl( 2702): Default/fallback role holder package doesn't qualify for the role, package: com.google.android.gms.supervision, role: android.app.role.SYSTEM_SUPERVISION, user: 0
02-18 20:51:47.655 E/RegisteredServicesCache( 7196): Skipping application component ComponentInfo{com.cl.srcei.iddigital/com.idemia.android.iso18013.engagement.nfc.HceTagService}: it must request the permission android.permission.NFC
02-18 20:51:47.658 E/system_server( 2702): No package ID 7f found for resource ID 0x7f0f0005.
02-18 20:51:47.658 E/system_server( 2702): No package ID 7f found for resource ID 0x7f131a30.
02-18 20:51:47.658 E/system_server( 2702): No package ID 7f found for resource ID 0x7f131a30.
02-18 20:51:47.745 E/RoleControllerServiceImpl( 2702): Default/fallback role holder package doesn't qualify for the role, package: com.google.android.devicelockcontroller, role: android.app.role.SYSTEM_FINANCED_DEVICE_CONTROLLER, user: 0
02-18 20:51:47.896 E/libsensor-displayalgo( 2261): value of coefs 5,850.073000,4.965174,-2.685090,1.640057,-4.685160, line 101
02-18 20:51:48.194 E/libsensor-displayalgo( 2261): value of coefs 5,850.073000,4.965174,-2.685090,1.640057,-4.685160, line 101
02-18 20:51:48.494 E/libsensor-displayalgo( 2261): value of coefs 5,850.073000,4.965174,-2.685090,1.640057,-4.685160, line 101
02-18 20:51:48.588 E/lowmemorykiller(  601): process_mrelease 27412 failed: No such process
02-18 20:51:48.612 E/WifiClientModeImpl[19599:wlan0]( 2702): Failed to get mlo info
02-18 20:51:48.701 E/HyperSentinel( 2702): -------------------------------------------------------
02-18 20:51:48.702 E/HyperSentinel( 2702): Event_ThreadAmount
02-18 20:51:48.702 E/HyperSentinel( 2702): -> audit event by proc 29828 "usap64": running threads amount, 122 -> 188
02-18 20:51:48.704 E/MiuiSentinelMemoryManager( 2702): getThreadinfo: usap64#29828
02-18 20:51:48.796 E/libsensor-displayalgo( 2261): value of coefs 5,850.073000,4.965174,-2.685090,1.640057,-4.685160, line 101
02-18 20:51:48.835 E/PreStartUtils( 3966): preLaunchProcess success infoPackage: com.pr4y.app
02-18 20:51:48.903 E/ANDR-PERF-MPCTL( 1468): Perflock Submit request limit reached.
02-18 20:51:48.907 E/Launcher.application( 3966): setClickAppWaitForCallback = true
02-18 20:51:48.910 E/Launcher.application( 3966): setClickAppWaitForCallback = true
02-18 20:51:48.913 E/Launcher( 3966): superStartActivity   type=13
02-18 20:51:48.922 E/WindowManager( 2702): setClientVisible ActivityRecord{35c5d36 u0 com.pr4y.app/.MainActivity true
02-18 20:51:48.925 E/ANDR-PERF-MPCTL( 1468): Perflock Submit request limit reached.
02-18 20:51:48.926 E/ANDR-PERF-MPCTL( 1468): Perflock Submit request limit reached.
02-18 20:51:48.926 E/ANDR-PERF-MPCTL( 1468): Perflock Submit request limit reached.
02-18 20:51:48.926 E/ANDR-PERF-JNI( 2702): com_qualcomm_qtiperformance_native_perf_io_prefetch_start
02-18 20:51:48.926 E/Zygote  (31073): process_name_ptr:31073 com.pr4y.app
02-18 20:51:48.926 E/Zygote  (31073): SetMemoryProtected process_name_ptr:31073 com.pr4y.app
02-18 20:51:48.929 E/ANDR-PERF-LM( 1468): MetaMeter: handleAsync() 166: AdaptLaunch Invalid Async
02-18 20:51:48.930 E/ANDR-PERF-LM( 1468): MetaMeter: handleAsync() 166: AdaptLaunch Invalid Async
02-18 20:51:48.932 E/ANDR-PERF-MPCTL( 1468): Perflock Submit request limit reached.
02-18 20:51:48.932 E/ANDR-PERF-LM( 1468): MetaMeter: handleAsync() 166: AdaptLaunch Invalid Async
02-18 20:51:48.937 E/WindowManager( 2702): setClientVisible ActivityRecord{35c5d36 u0 com.pr4y.app/.MainActivity t421} true
02-18 20:51:48.941 E/ANDR-IOP( 1457): io prefetch is disabled
02-18 20:51:48.948 E/ANDR-PERF-LM( 1468): MetaMeter: handleAsync() 166: AdaptLaunch Invalid Async
02-18 20:51:48.960 E/HyperSentinel( 2702): -------------------------------------------------------
02-18 20:51:48.961 E/HyperSentinel( 2702): Event_ResidentSize
02-18 20:51:48.961 E/HyperSentinel( 2702): -> audit event by proc 31073 "usap64": RSS increasement, peak 9556kb -> 16736kb
02-18 20:51:48.961 E/HyperSentinel( 2702): -------------------------------------------------------
02-18 20:51:48.961 E/HyperSentinel( 2702): Event_ResidentSize
02-18 20:51:48.961 E/HyperSentinel( 2702): -> audit event by proc 31073 "usap64": RSS increasement, peak 16736kb -> 76320kb
02-18 20:51:48.992 E/WindowManager( 2702): setClientVisible ActivityRecord{35c5d36 u0 com.pr4y.app/.MainActivity t421} true
02-18 20:51:48.997 E/NativeTurboSchedManagerJni( 2702): ioctl 8 failed!
02-18 20:51:49.008 E/KeyguardTransitionHandlerImpl( 4462): activityCount = 0
02-18 20:51:49.016 E/onWindowDecorRectChanged( 4462): start size:1
02-18 20:51:49.016 E/onWindowDecorRectChanged( 4462): windowDecorRect: Rect(535, 10 - 684, 128)
02-18 20:51:49.017 E/WindowTransitionCompat( 3966): startAnimation isFastLaunch = false
02-18 20:51:49.018 E/WindowTransitionCompat( 3966): printLeash::index = 0, root = Surface(name=Transition Root #3390: Task=421#43659)/@0xe03da05
02-18 20:51:49.018 E/WindowTransitionCompat( 3966): 0, check isClosingType type = 1, mode = 1
02-18 20:51:49.018 E/WindowTransitionCompat( 3966): 1, check isClosingType type = 2, mode = 4
02-18 20:51:49.019 E/ANDR-PERF-MPCTL( 1468): Perflock Submit request limit reached.
02-18 20:51:49.036 E/WindowAnimParamsProvider( 3966): getWindowTargetBounds    bounds=Rect(0, 0 - 1220, 2712)
02-18 20:51:49.036 E/ClipAnimationHelper( 3966): updateSourceStack  mSourceInsets=Rect(0, 0 - 0, 0), mSourceStackBounds=Rect(0, 0 - 1220, 2712)
02-18 20:51:49.036 E/ClipAnimationHelper( 3966): updateHomeStack  mSourceInsets=Rect(0, 0 - 0, 0), mHomeStackBounds=Rect(0, 0 - 1220, 2712)
02-18 20:51:49.036 E/ClipAnimationHelper( 3966): updateTargetRect  mSourceRect=RectF(0.0, 0.0, 1220.0, 2712.0)   mTargetRect=RectF(0.0, 0.0, 1220.0, 2712.0)   mSourceWindowClipInsets=RectF(0.0, 0.0, 0.0, 0.0)   mHomeStackBounds=Rect(0, 0 - 1220, 2712)   targetRect=Rect(0, 0 - 1220, 2712)
02-18 20:51:49.044 E/ActivityManagerWrapper( 3966): get all recent tasks force including 421
02-18 20:51:49.046 E/MultiSpringDynamicAnimation8b22d52( 3966): ERROR Not Found Bundle scaleY
02-18 20:51:49.046 E/Launcher.application( 3966): setClickAppWaitForCallback = false
02-18 20:51:49.050 E/ActivityManagerWrapper( 3966): getRecentTasksForceIncludingTaskIdIfValid: getRecentTasks: size=2
02-18 20:51:49.050 E/ActivityManagerWrapper( 3966):  mainTaskId=421   userId=0   windowMode=1   baseIntent=Intent { act=android.intent.action.MAIN flag=270532608 cmp=ComponentInfo{com.pr4y.app/com.pr4y.app.MainActivity} }
02-18 20:51:49.050 E/ActivityManagerWrapper( 3966):  mainTaskId=420   userId=0   windowMode=1   baseIntent=Intent { act=android.intent.action.VIEW flag=411041792 cmp=ComponentInfo{com.miui.securitycenter/com.miui.permcenter.install.AdbInstallActivity} }
02-18 20:51:49.059 E/ANDR-PERF-MPCTL( 1468): Perflock Submit request limit reached.
02-18 20:51:49.061 E/MI-SF   ( 1606): surfaceflinger setAffinity success
02-18 20:51:49.061 E/MI-SF   ( 1606): surfaceflinger setAffinity success
02-18 20:51:49.093 E/libsensor-displayalgo( 2261): value of coefs 5,850.073000,4.965174,-2.685090,1.640057,-4.685160, line 101
02-18 20:51:49.139 E/Zygote  (31862): process_name_ptr:31862 com.xiaomi.discover
02-18 20:51:49.140 E/Zygote  (31862): SetMemoryProtected process_name_ptr:31862 com.xiaomi.discover
02-18 20:51:49.159 E/ActivityManagerWrapper( 3966): get all recent tasks force including 421
02-18 20:51:49.173 E/ActivityManagerWrapper( 3966): getRecentTasksForceIncludingTaskIdIfValid: getRecentTasks: size=2
02-18 20:51:49.173 E/ActivityManagerWrapper( 3966):  mainTaskId=421   userId=0   windowMode=1   baseIntent=Intent { act=android.intent.action.MAIN flag=270532608 cmp=ComponentInfo{com.pr4y.app/com.pr4y.app.MainActivity} }
02-18 20:51:49.173 E/ActivityManagerWrapper( 3966):  mainTaskId=420   userId=0   windowMode=1   baseIntent=Intent { act=android.intent.action.VIEW flag=411041792 cmp=ComponentInfo{com.miui.securitycenter/com.miui.permcenter.install.AdbInstallActivity} }
02-18 20:51:49.258 E/lowmemorykiller(  601): process_mrelease 30109 failed: No such process
02-18 20:51:49.285 E/artd    (22925): Unable to resolve path '/data/app/~~2OUUJ2ogdPuCedRSMeTh7w==/com.mi.globalbrowser-9y6RwhW2ASAiX1p3iriTvA==/base.apk': No such file or directory
02-18 20:51:49.399 E/libsensor-displayalgo( 2261): value of coefs 5,850.073000,4.965174,-2.685090,1.640057,-4.685160, line 101
02-18 20:51:49.480 E/ANDR-PERF-MPCTL( 1468): Perflock Submit request limit reached.
02-18 20:51:49.481 E/ANDR-PERF-LM( 1468): MetaMeter: handleAsync() 166: AdaptLaunch Invalid Async
02-18 20:51:49.518 E/JobScheduler( 2702): ResourceBudgetManagerInternal is null
02-18 20:51:49.548 E/HyperSentinel( 2702): -------------------------------------------------------
02-18 20:51:49.548 E/HyperSentinel( 2702): Event_ThreadAmount
02-18 20:51:49.548 E/HyperSentinel( 2702): -> audit event by proc 31073 "usap64": running threads amount, 0 -> 12
02-18 20:51:49.548 E/HyperSentinel( 2702): -------------------------------------------------------
02-18 20:51:49.549 E/HyperSentinel( 2702): Event_ResidentSize
02-18 20:51:49.549 E/HyperSentinel( 2702): -> audit event by proc 31073 "usap64": RSS increasement, peak 76320kb -> 114836kb
02-18 20:51:49.650 E/ANDR-PERF-MPCTL( 1468): Perflock Submit request limit reached.
02-18 20:51:49.691 E/libsensor-displayalgo( 2261): value of coefs 5,850.073000,4.965174,-2.685090,1.640057,-4.685160, line 101
02-18 20:51:49.780 E/Zygote  (31906): process_name_ptr:31906 com.google.android.syncadapters.calendar
02-18 20:51:49.780 E/Zygote  (31906): SetMemoryProtected process_name_ptr:31906 com.google.android.syncadapters.calendar
02-18 20:51:49.810 E/WindowTransitionCompat( 3966): com.android.systemui.shared.recents.system.WindowTransitionCompat@2d6461 finishTransition toHome = false
02-18 20:51:49.820 E/WindowManager( 2702): setClientVisible ActivityRecord{7e2ed68 u0 com.miui.home/.launcher.Launcher t2} false
02-18 20:51:49.821 E/WindowManager( 2702): setClientVisible WallpaperWindowToken{6516dda token=android.os.Binder@8bc8bc9} false
02-18 20:51:49.822 E/WindowManager( 2702): setClientVisible WallpaperWindowToken{bf25d92 token=android.os.Binder@97d971d} false
02-18 20:51:49.825 E/MI-SF   ( 1606): surfaceflinger setAffinity success
02-18 20:51:49.837 E/WindowManager( 2702): setClientVisible WallpaperWindowToken{6516dda token=android.os.Binder@8bc8bc9} false
02-18 20:51:49.840 E/WindowManager( 2702): setClientVisible WallpaperWindowToken{bf25d92 token=android.os.Binder@97d971d} false
02-18 20:51:49.847 E/NativeTurboSchedManagerJni( 2702): ioctl 8 failed!
02-18 20:51:49.850 E/WindowManager( 2702): setClientVisible WallpaperWindowToken{6516dda token=android.os.Binder@8bc8bc9} false
02-18 20:51:49.850 E/WindowManager( 2702): setClientVisible WallpaperWindowToken{bf25d92 token=android.os.Binder@97d971d} false
02-18 20:51:49.855 E/WindowManager( 2702): setClientVisible WallpaperWindowToken{6516dda token=android.os.Binder@8bc8bc9} false
02-18 20:51:49.855 E/WindowManager( 2702): setClientVisible WallpaperWindowToken{bf25d92 token=android.os.Binder@97d971d} false
02-18 20:51:49.859 E/ActivityManagerWrapper( 3966): get all recent tasks force including 421
02-18 20:51:49.865 E/ActivityManagerWrapper( 3966): getRecentTasksForceIncludingTaskIdIfValid: getRecentTasks: size=2
02-18 20:51:49.865 E/ActivityManagerWrapper( 3966):  mainTaskId=421   userId=0   windowMode=1   baseIntent=Intent { act=android.intent.action.MAIN flag=270532608 cmp=ComponentInfo{com.pr4y.app/com.pr4y.app.MainActivity} }
02-18 20:51:49.865 E/ActivityManagerWrapper( 3966):  mainTaskId=420   userId=0   windowMode=1   baseIntent=Intent { act=android.intent.action.VIEW flag=411041792 cmp=ComponentInfo{com.miui.securitycenter/com.miui.permcenter.install.AdbInstallActivity} }
02-18 20:51:49.959 E/Zygote  (31923): process_name_ptr:31923 com.xiaomi.glgm
02-18 20:51:49.959 E/Zygote  (31923): SetMemoryProtected process_name_ptr:31923 com.xiaomi.glgm
02-18 20:51:49.975 E/lowmemorykiller(  601): process_mrelease 30362 failed: No such process
02-18 20:51:49.993 E/libsensor-displayalgo( 2261): value of coefs 5,850.073000,4.965174,-2.685090,1.640057,-4.685160, line 101
02-18 20:51:49.998 E/ANDR-PERF-LM( 1468): VmRssMeter:: start() 358: Could not find pid, can not collect vmrss data
02-18 20:51:49.999 E/ANDR-PERF-LM( 1468): AdaptiveLaunch: writeToDataBase() 64: Meter aborted or could not get meter data for this run
02-18 20:51:50.027 E/lowmemorykiller(  601): process_mrelease 30342 failed: No such process
02-18 20:51:50.085 E/ANDR-PERF-LM( 1468): VmRssMeter:: start() 358: Could not find pid, can not collect vmrss data
02-18 20:51:50.117 E/HyperSentinel( 2702): -------------------------------------------------------
02-18 20:51:50.119 E/HyperSentinel( 2702): Event_ResidentSize
02-18 20:51:50.119 E/HyperSentinel( 2702): -> audit event by proc 31073 "usap64": RSS increasement, peak 114836kb -> 172420kb
02-18 20:51:50.135 E/lowmemorykiller(  601): process_mrelease 25717 failed: No such process
02-18 20:51:50.292 E/libsensor-displayalgo( 2261): value of coefs 5,850.073000,4.965174,-2.685090,1.640057,-4.685160, line 101
02-18 20:51:50.593 E/libsensor-displayalgo( 2261): value of coefs 5,850.073000,4.965174,-2.685090,1.640057,-4.685160, line 101
02-18 20:51:50.611 E/lowmemorykiller(  601): process_mrelease 29912 failed: No such process
02-18 20:51:50.651 I/PR4Y_DEBUG(31073): Pr4yApp.onCreate|pkg=com.pr4y.app|pid=31073|uid=10315|userId=0|hypothesisId=H1,H5
02-18 20:51:50.757 E/BluetoothAdapterService( 4271): getActiveDevices: LeAudioService is null
02-18 20:51:50.892 E/AppVersionCheckHelper(31923): PassportLog@A2^6C[Y2hlY2tBcHBWZXJzaW9uPj4+Y2FjaGVBcHBWZXJzaW9uPTIwMjYwMTI2MDEgIGN1ckFwcFZlcnNpb249MjAyNjAxMjYwMQ==]
02-18 20:51:50.895 E/XiaomiAccountManager(31923): PassportLog@A2^6C[c2V0dXAgdHJ1ZQ==]
02-18 20:51:50.959 E/XiaomiAccountManager(31923): PassportLog@A2^6C[Y2FsbGVyIHNpZ25hdHVyZSA9IEFwcFNpZ25hdHVyZUhhc2h7c2hhMT0nN0I2REM3MDc5QzM0NzM5Q0U4MTE1OTcxOUZCNUVCNjFEMkEwMzIyNScsIG1kNT0nNzAxNDc4QTFFM0I0QjdFMzk3OEVBNjk0Njk0MTBGMTMnfQ==]
02-18 20:51:50.959 E/XiaomiAccountManager(31923): PassportLog@A2^6C[c3lzIGFjY291bnQgc2lnbmF0dXJlID0gQXBwU2lnbmF0dXJlSGFzaHtzaGExPSc3QjZEQzcwNzlDMzQ3MzlDRTgxMTU5NzE5RkI1RUI2MUQyQTAzMjI1JywgbWQ1PSc3MDE0NzhBMUUzQjRCN0UzOTc4RUE2OTQ2OTQxMEYxMyd9]
02-18 20:51:50.970 E/XiaomiAccountManager(31923): PassportLog@A2^6C[aGFzIHN5c3RlbSBhY2NvdW50IGFwcCBhbmQgY3VycmVudCBjb20ueGlhb21pLmdsZ20gaGFzIHNhbWUgc2lnbmF0dXJl]
02-18 20:51:50.970 E/FramePredict(31073): registerContentObserver fail
02-18 20:51:50.973 E/sensors-hal( 1370): handle_sns_client_event:57, har-sensor-hal: time=169203775642339 data 1.000000
02-18 20:51:50.979 E/JobScheduler( 2702): ResourceBudgetManagerInternal is null
02-18 20:51:50.982 E/HyperSentinel( 2702): -------------------------------------------------------
02-18 20:51:50.983 E/HyperSentinel( 2702): Event_ThreadAmount
02-18 20:51:50.991 E/libsensor-displayalgo( 2261): value of coefs 5,850.073000,4.965174,-2.685090,1.640057,-4.685160, line 101
02-18 20:51:50.992 E/AccountLoginUploader(31923): PassportLog@A2^6C[cmV0cnlMb2NhbFVwbG9hZD4+PmtleVNldD1bXQ==]
02-18 20:51:50.997 E/HyperSentinel( 2702): -> audit event by proc 31073 "usap64": running threads amount, 12 -> 23
02-18 20:51:51.040 E/SecureDataManager(31923): PassportLog@A2^6C[Z2V0IGtleSBudWxsPyBmYWxzZQ==]
02-18 20:51:51.047 E/SecureDataManager(31923): PassportLog@A2^6C[aW5pdEV4aXN0aW5nS2V5I2luaXQgZXhpc3Rpbmcga2V5IGNvc3QgMzcgbXM=]
02-18 20:51:51.047 E/SecureDataManager(31923): PassportLog@A2^6C[YWxyZWFkeSBnZW5lcmF0ZSBrZXk=]
02-18 20:51:51.073 E/xiaomi.discover(31862): No package ID 6a found for resource ID 0x6a0b0013.
02-18 20:51:51.215 E/KeymasterUtils(  870): rsp_header->status: -28
02-18 20:51:51.215 E/KeyMasterHalDevice(  870): abort_operation
02-18 20:51:51.215 E/KeyMasterHalDevice(  870): ret: -28
02-18 20:51:51.291 E/libsensor-displayalgo( 2261): value of coefs 5,850.073000,4.965174,-2.685090,1.640057,-4.685160, line 101
02-18 20:51:51.432 E/HyperSentinel( 2702): -------------------------------------------------------
02-18 20:51:51.432 E/HyperSentinel( 2702): Event_ResidentSize
02-18 20:51:51.432 E/HyperSentinel( 2702): -> audit event by proc 31073 "usap64": RSS increasement, peak 172420kb -> 259080kb
02-18 20:51:51.436 E/LB      (31073): fail to open node: No such file or directory
02-18 20:51:51.547 E/ContentProviderHelper( 2702): Existing provider com.alibaba.aliexpresshd/com.aidc.immortal.DaemonProvider is crashing; detaching null
02-18 20:51:51.550 E/libprocessgroup( 2702): Failed to open /sys/fs/cgroup/uid_10021/pid_30607/cgroup.procs: No such file or directory
02-18 20:51:51.554 E/KeymasterUtils(  870): rsp_header->status: -28
02-18 20:51:51.554 E/KeyMasterHalDevice(  870): abort_operation
02-18 20:51:51.554 E/KeyMasterHalDevice(  870): ret: -28
02-18 20:51:51.562 E/Launcher.application( 3966): setClickAppWaitForCallback = false
02-18 20:51:51.564 E/ActivityManager( 2702): Activity Manager Crash. UID:10021 PID:0 TRANS:113
02-18 20:51:51.564 E/ActivityManager( 2702): java.lang.NullPointerException: Attempt to invoke virtual method 'void android.os.RemoteCallback.sendResult(android.os.Bundle)' on a null object reference
02-18 20:51:51.564 E/ActivityManager( 2702): 	at com.android.server.am.ContentProviderHelper.getMimeTypeFilterAsync(ContentProviderHelper.java:1219)
02-18 20:51:51.564 E/ActivityManager( 2702): 	at com.android.server.am.ActivityManagerService.getMimeTypeFilterAsync(ActivityManagerService.java:7928)
02-18 20:51:51.564 E/ActivityManager( 2702): 	at android.app.IActivityManager$Stub.onTransact$getMimeTypeFilterAsync$(IActivityManager.java:13962)
02-18 20:51:51.564 E/ActivityManager( 2702): 	at android.app.IActivityManager$Stub.onTransact(IActivityManager.java:4042)
02-18 20:51:51.564 E/ActivityManager( 2702): 	at com.android.server.am.ActivityManagerService.onTransact(ActivityManagerService.java:3102)
02-18 20:51:51.564 E/ActivityManager( 2702): 	at android.os.Binder.execTransactInternal(Binder.java:1512)
02-18 20:51:51.564 E/ActivityManager( 2702): 	at android.os.Binder.execTransact(Binder.java:1451)
02-18 20:51:51.569 E/LB      (31073): fail to open node: No such file or directory
02-18 20:51:51.573 E/LB      (31073): fail to open node: No such file or directory
02-18 20:51:51.591 E/libsensor-displayalgo( 2261): value of coefs 5,850.073000,4.965174,-2.685090,1.640057,-4.685160, line 101
02-18 20:51:51.594 E/LB      (31073): fail to open node: No such file or directory
02-18 20:51:51.630 E/LB      (31073): fail to open node: No such file or directory
02-18 20:51:51.645 E/LB      (31073): fail to open node: No such file or directory
02-18 20:51:51.648 E/WifiClientModeImpl[19599:wlan0]( 2702): Failed to get mlo info
02-18 20:51:51.668 E/LB      (31073): fail to open node: No such file or directory
02-18 20:51:51.688 E/LB      (31073): fail to open node: No such file or directory
02-18 20:51:51.691 E/HyperSentinel( 2702): -------------------------------------------------------
02-18 20:51:51.691 E/HyperSentinel( 2702): Event_ThreadAmount
02-18 20:51:51.691 E/HyperSentinel( 2702): -> audit event by proc 31613 "com.google.android.projection.gearhead:provider": running threads amount, 0 -> 22
02-18 20:51:51.710 E/LB      (31073): fail to open node: No such file or directory
02-18 20:51:51.719 E/LB      (31073): fail to open node: No such file or directory
02-18 20:51:51.732 E/LB      (31073): fail to open node: No such file or directory
02-18 20:51:51.746 E/LB      (31073): fail to open node: No such file or directory
02-18 20:51:51.749 E/Zygote  (32077): process_name_ptr:32077 com.alibaba.aliexpresshd:channel
02-18 20:51:51.749 E/Zygote  (32077): SetMemoryProtected process_name_ptr:32077 com.alibaba.aliexpresshd:channel
02-18 20:51:51.754 I/PR4Y_APP(31073): --- Iniciando B├║nker PR4Y (Async) ---
02-18 20:51:51.781 E/RoleControllerServiceImpl( 2702): Default/fallback role holder package doesn't qualify for the role, package: com.google.android.gms.supervision, role: android.app.role.SYSTEM_SUPERVISION, user: 0
02-18 20:51:51.799 I/PR4Y_CRYPTO(31073): Inicializando almac├⌐n de hardware (Intento 1)...
02-18 20:51:51.808 E/LB      (31073): fail to open node: No such file or directory
02-18 20:51:51.815 I/PR4Y_CRYPTO(31073): Generando Master Key en TEE...
02-18 20:51:51.816 E/SmsApplication( 4437): com.google.android.apps.messaging lost android:read_cell_broadcasts:  (fixing)
02-18 20:51:51.817 E/RegisteredServicesCache( 7196): Skipping application component ComponentInfo{com.cl.srcei.iddigital/com.idemia.android.iso18013.engagement.nfc.HceTagService}: it must request the permission android.permission.NFC
02-18 20:51:51.828 E/AidRoutingManager( 7196): Size of routing table970
02-18 20:51:51.830 E/LB      (31073): fail to open node: No such file or directory
02-18 20:51:51.835 E/QC-time-services(  871): Receive Passed == base = 13, unit = 1, operation = 2, result = 0
02-18 20:51:51.836 E/QC-time-services( 1209): Daemon: Time-services: Waiting to acceptconnection
02-18 20:51:51.851 E/QC-time-services( 1209): Daemon: Time-services: Waiting to acceptconnection
02-18 20:51:51.853 E/LB      (31073): fail to open node: No such file or directory
02-18 20:51:51.875 E/LB      (31073): fail to open node: No such file or directory
02-18 20:51:51.883 E/QC-time-services(  871): Receive Passed == base = 13, unit = 1, operation = 2, result = 0
02-18 20:51:51.883 E/QC-time-services( 1209): Daemon: Time-services: Waiting to acceptconnection
02-18 20:51:51.887 E/LB      (31073): fail to open node: No such file or directory
02-18 20:51:51.888 E/QC-time-services( 1209): Daemon: Time-services: Waiting to acceptconnection
02-18 20:51:51.890 E/libsensor-displayalgo( 2261): value of coefs 5,850.073000,4.965174,-2.685090,1.640057,-4.685160, line 101
02-18 20:51:51.891 E/SmsApplication( 4437): com.google.android.apps.messaging lost android:read_cell_broadcasts:  (fixing)
02-18 20:51:51.901 E/LB      (31073): fail to open node: No such file or directory
02-18 20:51:51.915 E/LB      (31073): fail to open node: No such file or directory
02-18 20:51:51.957 E/LB      (31073): fail to open node: No such file or directory
02-18 20:51:51.967 E/LB      (31073): fail to open node: No such file or directory
02-18 20:51:51.975 E/sensors-hal( 1370): handle_sns_client_event:57, har-sensor-hal: time=169204777204058 data 0.000000
02-18 20:51:51.984 E/LB      (31073): fail to open node: No such file or directory
02-18 20:51:51.989 E/RegisteredServicesCache( 7196): Skipping application component ComponentInfo{com.cl.srcei.iddigital/com.idemia.android.iso18013.engagement.nfc.HceTagService}: it must request the permission android.permission.NFC
02-18 20:51:51.998 E/LB      (31073): fail to open node: No such file or directory
02-18 20:51:52.007 E/AidRoutingManager( 7196): Size of routing table970
02-18 20:51:52.017 E/LB      (31073): fail to open node: No such file or directory
02-18 20:51:52.023 E/LB      (31073): fail to open node: No such file or directory
02-18 20:51:52.049 E/LB      (31073): fail to open node: No such file or directory
02-18 20:51:52.057 E/RoleControllerServiceImpl( 2702): Default/fallback role holder package doesn't qualify for the role, package: com.google.android.devicelockcontroller, role: android.app.role.SYSTEM_FINANCED_DEVICE_CONTROLLER, user: 0
02-18 20:51:52.072 E/LB      (31073): fail to open node: No such file or directory
02-18 20:51:52.081 E/LB      (31073): fail to open node: No such file or directory
02-18 20:51:52.097 E/LB      (31073): fail to open node: No such file or directory
02-18 20:51:52.104 E/LB      (31073): fail to open node: No such file or directory
02-18 20:51:52.120 E/LB      (31073): fail to open node: No such file or directory
02-18 20:51:52.127 E/LB      (31073): fail to open node: No such file or directory
02-18 20:51:52.158 E/KeymasterUtils(  870): rsp_header->status: -28
02-18 20:51:52.158 E/KeyMasterHalDevice(  870): abort_operation
02-18 20:51:52.158 E/KeyMasterHalDevice(  870): ret: -28
02-18 20:51:52.179 E/LB      (31073): fail to open node: No such file or directory
02-18 20:51:52.191 E/KeymasterUtils(  870): rsp_header->status: -28
02-18 20:51:52.191 E/KeyMasterHalDevice(  870): abort_operation
02-18 20:51:52.191 E/KeyMasterHalDevice(  870): ret: -28
02-18 20:51:52.192 E/libsensor-displayalgo( 2261): value of coefs 5,850.073000,4.965174,-2.685090,1.640057,-4.685160, line 101
02-18 20:51:52.198 E/LB      (31073): fail to open node: No such file or directory
02-18 20:51:52.206 E/LB      (31073): fail to open node: No such file or directory
02-18 20:51:52.219 E/LB      (31073): fail to open node: No such file or directory
02-18 20:51:52.229 E/LB      (31073): fail to open node: No such file or directory
02-18 20:51:52.246 E/KeymasterUtils(  870): rsp_header->status: -28
02-18 20:51:52.246 E/KeyMasterHalDevice(  870): abort_operation
02-18 20:51:52.246 E/KeyMasterHalDevice(  870): ret: -28
02-18 20:51:52.258 E/LB      (31073): fail to open node: No such file or directory
02-18 20:51:52.272 E/KeymasterUtils(  870): rsp_header->status: -28
02-18 20:51:52.272 E/KeyMasterHalDevice(  870): abort_operation
02-18 20:51:52.272 E/KeyMasterHalDevice(  870): ret: -28
02-18 20:51:52.292 E/LB      (31073): fail to open node: No such file or directory
02-18 20:51:52.310 E/KeymasterUtils(  870): rsp_header->status: -28
02-18 20:51:52.310 E/KeyMasterHalDevice(  870): abort_operation
02-18 20:51:52.310 E/KeyMasterHalDevice(  870): ret: -28
02-18 20:51:52.312 E/LB      (31073): fail to open node: No such file or directory
02-18 20:51:52.314 E/LB      (31073): fail to open node: No such file or directory
02-18 20:51:52.329 E/KeymasterUtils(  870): rsp_header->status: -28
02-18 20:51:52.329 E/KeyMasterHalDevice(  870): abort_operation
02-18 20:51:52.329 E/KeyMasterHalDevice(  870): ret: -28
02-18 20:51:52.330 E/LB      (31073): fail to open node: No such file or directory
02-18 20:51:52.343 E/LB      (31073): fail to open node: No such file or directory
02-18 20:51:52.348 E/KeymasterUtils(  870): rsp_header->status: -28
02-18 20:51:52.348 E/KeyMasterHalDevice(  870): abort_operation
02-18 20:51:52.348 E/KeyMasterHalDevice(  870): ret: -28
02-18 20:51:52.379 E/KeymasterUtils(  870): rsp_header->status: -28
02-18 20:51:52.379 E/KeyMasterHalDevice(  870): abort_operation
02-18 20:51:52.379 E/KeyMasterHalDevice(  870): ret: -28
02-18 20:51:52.383 I/PR4Y_CRYPTO(31073): Almac├⌐n cifrado listo.
02-18 20:51:52.383 E/LB      (31073): fail to open node: No such file or directory
02-18 20:51:52.395 E/LB      (31073): fail to open node: No such file or directory
02-18 20:51:52.407 E/LB      (31073): fail to open node: No such file or directory
02-18 20:51:52.423 E/LB      (31073): fail to open node: No such file or directory
02-18 20:51:52.429 E/LB      (31073): fail to open node: No such file or directory
02-18 20:51:52.439 E/LB      (31073): fail to open node: No such file or directory
02-18 20:51:52.447 E/NativeTurboSchedManagerJni( 2702): ioctl 8 failed!
02-18 20:51:52.447 E/ActivityManagerWrapper( 3966): get all recent tasks force including 421
02-18 20:51:52.448 E/KeymasterUtils(  870): rsp_header->status: -28
02-18 20:51:52.448 E/KeyMasterHalDevice(  870): abort_operation
02-18 20:51:52.448 E/KeyMasterHalDevice(  870): ret: -28
02-18 20:51:52.450 E/ActivityManagerWrapper( 3966): getRecentTasksForceIncludingTaskIdIfValid: getRecentTasks: size=1
02-18 20:51:52.450 E/ActivityManagerWrapper( 3966):  mainTaskId=421   userId=0   windowMode=1   baseIntent=Intent { act=android.intent.action.MAIN flag=270532608 cmp=ComponentInfo{com.pr4y.app/com.pr4y.app.MainActivity} }
02-18 20:51:52.454 E/LB      (31073): fail to open node: No such file or directory
02-18 20:51:52.462 E/LB      (31073): fail to open node: No such file or directory
02-18 20:51:52.469 E/LB      (31073): fail to open node: No such file or directory
02-18 20:51:52.488 E/KeymasterUtils(  870): rsp_header->status: -28
02-18 20:51:52.488 E/KeyMasterHalDevice(  870): abort_operation
02-18 20:51:52.488 E/KeyMasterHalDevice(  870): ret: -28
02-18 20:51:52.491 E/LB      (31073): fail to open node: No such file or directory
02-18 20:51:52.492 E/libsensor-displayalgo( 2261): value of coefs 5,850.073000,4.965174,-2.685090,1.640057,-4.685160, line 101
02-18 20:51:52.493 E/KeymasterUtils(  870): rsp_header->status: -28
02-18 20:51:52.493 E/KeyMasterHalDevice(  870): abort_operation
02-18 20:51:52.493 E/KeyMasterHalDevice(  870): ret: -28
02-18 20:51:52.507 E/LB      (31073): fail to open node: No such file or directory
02-18 20:51:52.513 E/KeymasterUtils(  870): rsp_header->status: -28
02-18 20:51:52.513 E/KeyMasterHalDevice(  870): abort_operation
02-18 20:51:52.513 E/KeyMasterHalDevice(  870): ret: -28
02-18 20:51:52.518 E/LB      (31073): fail to open node: No such file or directory
02-18 20:51:52.530 E/LB      (31073): fail to open node: No such file or directory
02-18 20:51:52.538 E/LB      (31073): fail to open node: No such file or directory
02-18 20:51:52.540 E/KeymasterUtils(  870): rsp_header->status: -28
02-18 20:51:52.540 E/KeyMasterHalDevice(  870): abort_operation
02-18 20:51:52.540 E/KeyMasterHalDevice(  870): ret: -28
02-18 20:51:52.548 E/LB      (31073): fail to open node: No such file or directory
02-18 20:51:52.555 E/MediaProvider( 6948): Creating or writing to a non-default top level directory is not allowed!
02-18 20:51:52.558 E/LB      (31073): fail to open node: No such file or directory
02-18 20:51:52.558 E/KeymasterUtils(  870): rsp_header->status: -28
02-18 20:51:52.558 E/KeyMasterHalDevice(  870): abort_operation
02-18 20:51:52.558 E/KeyMasterHalDevice(  870): ret: -28
02-18 20:51:52.571 E/LB      (31073): fail to open node: No such file or directory
02-18 20:51:52.576 E/MediaProvider( 6948): Creating or writing to a non-default top level directory is not allowed!
02-18 20:51:52.577 E/LB      (31073): fail to open node: No such file or directory
02-18 20:51:52.579 E/KeymasterUtils(  870): rsp_header->status: -28
02-18 20:51:52.579 E/KeyMasterHalDevice(  870): abort_operation
02-18 20:51:52.579 E/KeyMasterHalDevice(  870): ret: -28
02-18 20:51:52.587 E/LB      (31073): fail to open node: No such file or directory
02-18 20:51:52.591 E/JobScheduler.Background( 2702): Couldn't determine stopped state for unknown package: com.google.android.apps.turbo
02-18 20:51:52.592 E/JobScheduler.Background( 2702): Couldn't determine stopped state for unknown package: com.google.android.apps.turbo
02-18 20:51:52.592 E/JobScheduler.Background( 2702): Couldn't determine stopped state for unknown package: com.google.android.apps.turbo
02-18 20:51:52.592 E/JobScheduler.Background( 2702): Couldn't determine stopped state for unknown package: com.aura.oobe.deutsche
02-18 20:51:52.594 E/lowmemorykiller(  601): process_mrelease 29886 failed: No such process
02-18 20:51:52.597 E/LB      (31073): fail to open node: No such file or directory
02-18 20:51:52.598 E/KeymasterUtils(  870): rsp_header->status: -28
02-18 20:51:52.598 E/KeyMasterHalDevice(  870): abort_operation
02-18 20:51:52.598 E/KeyMasterHalDevice(  870): ret: -28
02-18 20:51:52.609 E/LB      (31073): fail to open node: No such file or directory
02-18 20:51:52.629 E/LB      (31073): fail to open node: No such file or directory
02-18 20:51:52.632 E/DatabaseUtils( 2702): Writing exception to parcel
02-18 20:51:52.632 E/DatabaseUtils( 2702): java.lang.SecurityException: com.alibaba.aliexpresshd was not granted  this permission: android.permission.WRITE_SETTINGS.
02-18 20:51:52.632 E/DatabaseUtils( 2702): 	at android.provider.Settings.isCallingPackageAllowedToPerformAppOpsProtectedOperation(Settings.java:21426)
02-18 20:51:52.632 E/DatabaseUtils( 2702): 	at android.provider.Settings.checkAndNoteWriteSettingsOperation(Settings.java:21314)
02-18 20:51:52.632 E/DatabaseUtils( 2702): 	at com.android.providers.settings.SettingsProvider.mutateSystemSetting(SettingsProvider.java:2004)
02-18 20:51:52.632 E/DatabaseUtils( 2702): 	at com.android.providers.settings.SettingsProvider.insertSystemSetting(SettingsProvider.java:1960)
02-18 20:51:52.632 E/DatabaseUtils( 2702): 	at com.android.providers.settings.SettingsProvider.call(SettingsProvider.java:501)
02-18 20:51:52.632 E/DatabaseUtils( 2702): 	at android.content.ContentProvider.call(ContentProvider.java:2736)
02-18 20:51:52.632 E/DatabaseUtils( 2702): 	at android.content.ContentProvider$Transport.call(ContentProvider.java:639)
02-18 20:51:52.632 E/DatabaseUtils( 2702): 	at android.content.ContentProviderNative.onTransact(ContentProviderNative.java:310)
02-18 20:51:52.632 E/DatabaseUtils( 2702): 	at android.os.Binder.execTransactInternal(Binder.java:1507)
02-18 20:51:52.632 E/DatabaseUtils( 2702): 	at android.os.Binder.execTransact(Binder.java:1451)
02-18 20:51:52.642 E/LB      (31073): fail to open node: No such file or directory
02-18 20:51:52.723 E/Zygote  (32158): process_name_ptr:32158 com.alibaba.aliexpresshd:support
02-18 20:51:52.723 E/Zygote  (32158): SetMemoryProtected process_name_ptr:32158 com.alibaba.aliexpresshd:support
02-18 20:51:52.748 E/LB      (31073): fail to open node: No such file or directory
02-18 20:51:52.757 E/LB      (31073): fail to open node: No such file or directory
02-18 20:51:52.792 E/libsensor-displayalgo( 2261): value of coefs 5,850.073000,4.965174,-2.685090,1.640057,-4.685160, line 101
02-18 20:51:52.815 E/minksocket( 1305): MinkIPC_QRTR_Service: client with node 1 port 52a3 went down
02-18 20:51:52.829 E/presshd:channel(32077): No package ID 6a found for resource ID 0x6a0b0013.
02-18 20:51:52.832 E/lowmemorykiller(  601): process_mrelease 29942 failed: No such process
02-18 20:51:52.849 E/KeymasterUtils(  870): rsp_header->status: -28
02-18 20:51:52.849 E/KeyMasterHalDevice(  870): abort_operation
02-18 20:51:52.849 E/KeyMasterHalDevice(  870): ret: -28
02-18 20:51:52.856 E/presshd:channel(32077): Invalid resource ID 0x00000000.
02-18 20:51:52.871 E/KeymasterUtils(  870): rsp_header->status: -28
02-18 20:51:52.871 E/KeyMasterHalDevice(  870): abort_operation
02-18 20:51:52.871 E/KeyMasterHalDevice(  870): ret: -28
02-18 20:51:52.892 E/KeymasterUtils(  870): rsp_header->status: -28
02-18 20:51:52.892 E/KeyMasterHalDevice(  870): abort_operation
02-18 20:51:52.892 E/KeyMasterHalDevice(  870): ret: -28
02-18 20:51:52.912 E/KeymasterUtils(  870): rsp_header->status: -28
02-18 20:51:52.912 E/KeyMasterHalDevice(  870): abort_operation
02-18 20:51:52.912 E/KeyMasterHalDevice(  870): ret: -28
02-18 20:51:52.931 E/KeymasterUtils(  870): rsp_header->status: -28
02-18 20:51:52.931 E/KeyMasterHalDevice(  870): abort_operation
02-18 20:51:52.931 E/KeyMasterHalDevice(  870): ret: -28
02-18 20:51:52.952 E/KeymasterUtils(  870): rsp_header->status: -28
02-18 20:51:52.952 E/KeyMasterHalDevice(  870): abort_operation
02-18 20:51:52.952 E/KeyMasterHalDevice(  870): ret: -28
02-18 20:51:53.006 E/KeymasterUtils(  870): rsp_header->status: -28
02-18 20:51:53.006 E/KeyMasterHalDevice(  870): abort_operation
02-18 20:51:53.006 E/KeyMasterHalDevice(  870): ret: -28
02-18 20:51:53.031 E/KeymasterUtils(  870): rsp_header->status: -28
02-18 20:51:53.031 E/KeyMasterHalDevice(  870): abort_operation
02-18 20:51:53.031 E/KeyMasterHalDevice(  870): ret: -28
02-18 20:51:53.049 E/KeymasterUtils(  870): rsp_header->status: -28
02-18 20:51:53.049 E/KeyMasterHalDevice(  870): abort_operation
02-18 20:51:53.049 E/KeyMasterHalDevice(  870): ret: -28
02-18 20:51:53.060 E/presshd:channel(32077): Invalid resource ID 0x00000000.
02-18 20:51:53.071 E/KeymasterUtils(  870): rsp_header->status: -28
02-18 20:51:53.071 E/KeyMasterHalDevice(  870): abort_operation
02-18 20:51:53.071 E/KeyMasterHalDevice(  870): ret: -28
02-18 20:51:53.091 E/KeymasterUtils(  870): rsp_header->status: -28
02-18 20:51:53.091 E/KeyMasterHalDevice(  870): abort_operation
02-18 20:51:53.091 E/KeyMasterHalDevice(  870): ret: -28
02-18 20:51:53.091 E/libsensor-displayalgo( 2261): value of coefs 5,850.073000,4.965174,-2.685090,1.640057,-4.685160, line 101
02-18 20:51:53.111 E/KeymasterUtils(  870): rsp_header->status: -28
02-18 20:51:53.111 E/KeyMasterHalDevice(  870): abort_operation
02-18 20:51:53.111 E/KeyMasterHalDevice(  870): ret: -28
02-18 20:51:53.131 E/lowmemorykiller(  601): process_mrelease 29954 failed: No such process
02-18 20:51:53.272 E/presshd:channel(32077): Invalid resource ID 0x00000000.
02-18 20:51:53.393 E/libsensor-displayalgo( 2261): value of coefs 5,850.073000,4.965174,-2.685090,1.640057,-4.685160, line 101
02-18 20:51:53.419 E/LB      (31073): fail to open node: No such file or directory
02-18 20:51:53.692 E/libsensor-displayalgo( 2261): value of coefs 5,850.073000,4.965174,-2.685090,1.640057,-4.685160, line 101
02-18 20:51:53.954 E/ActivityThread( 3966): Failed to find provider info for com.miui.personalassistant.servicedeliver.system.provider
02-18 20:51:53.954 E/ServiceDeliveryCompat( 3966): isSupportServiceDelivery
02-18 20:51:53.954 E/ServiceDeliveryCompat( 3966): java.lang.IllegalArgumentException: Unknown authority com.miui.personalassistant.servicedeliver.system.provider
02-18 20:51:53.954 E/ServiceDeliveryCompat( 3966): 	at android.content.ContentResolver.call(ContentResolver.java:2466)
02-18 20:51:53.954 E/ServiceDeliveryCompat( 3966): 	at android.content.ContentResolver.call(ContentResolver.java:2449)
02-18 20:51:53.954 E/ServiceDeliveryCompat( 3966): 	at com.miui.home.launcher.servicedeliver.ServiceDeliveryUtils.isSupportServiceDelivery(ServiceDeliveryUtils.kt:28)
02-18 20:51:53.954 E/ServiceDeliveryCompat( 3966): 	at com.miui.home.launcher.servicedeliver.ServiceDeliveryReplaceHelper.lambda$tryReplaceToServiceDelivery$1(ServiceDeliveryReplaceHelper.java:67)
02-18 20:51:53.954 E/ServiceDeliveryCompat( 3966): 	at com.miui.home.launcher.servicedeliver.ServiceDeliveryReplaceHelper.$r8$lambda$WUWmthv-UjITX40FJ8ag1YKl6O8(Unknown Source:0)
02-18 20:51:53.954 E/ServiceDeliveryCompat( 3966): 	at com.miui.home.launcher.servicedeliver.ServiceDeliveryReplaceHelper$$ExternalSyntheticLambda1.run(Unknown Source:2)
02-18 20:51:53.954 E/ServiceDeliveryCompat( 3966): 	at java.util.concurrent.Executors$RunnableAdapter.call(Executors.java:520)
02-18 20:51:53.954 E/ServiceDeliveryCompat( 3966): 	at java.util.concurrent.FutureTask.run(FutureTask.java:317)
02-18 20:51:53.954 E/ServiceDeliveryCompat( 3966): 	at java.util.concurrent.ThreadPoolExecutor.runWorker(ThreadPoolExecutor.java:1154)
02-18 20:51:53.954 E/ServiceDeliveryCompat( 3966): 	at java.util.concurrent.ThreadPoolExecutor$Worker.run(ThreadPoolExecutor.java:652)
02-18 20:51:53.954 E/ServiceDeliveryCompat( 3966): 	at java.lang.Thread.run(Thread.java:1563)
02-18 20:51:53.993 E/libsensor-displayalgo( 2261): value of coefs 5,850.073000,4.965174,-2.685090,1.640057,-4.685160, line 101
02-18 20:51:54.188 E/HyperSentinel( 2702): -------------------------------------------------------
02-18 20:51:54.189 E/HyperSentinel( 2702): Event_ResidentSize
02-18 20:51:54.189 E/HyperSentinel( 2702): -> audit event by proc 31862 "com.xiaomi.discover": RSS increasement, peak 0kb -> 180552kb
02-18 20:51:54.291 E/libsensor-displayalgo( 2261): value of coefs 5,850.073000,4.965174,-2.685090,1.640057,-4.685160, line 101
02-18 20:51:54.482 E/Zygote  (32280): process_name_ptr:32280 com.google.android.cellbroadcastreceiver
02-18 20:51:54.482 E/Zygote  (32280): SetMemoryProtected process_name_ptr:32280 com.google.android.cellbroadcastreceiver
02-18 20:51:54.598 E/libsensor-displayalgo( 2261): value of coefs 5,850.073000,4.965174,-2.685090,1.640057,-4.685160, line 101
02-18 20:51:54.624 E/RTMode  ( 2702): pkgName: com.pr4y.app has no permission
02-18 20:51:54.686 E/WifiClientModeImpl[19599:wlan0]( 2702): Failed to get mlo info
02-18 20:51:54.698 E/LB      (31073): fail to open node: No such file or directory
02-18 20:51:54.702 E/LB      (31073): fail to open node: No such file or directory
02-18 20:51:54.704 E/LB      (31073): fail to open node: No such file or directory
02-18 20:51:54.713 E/LB      (31073): fail to open node: No such file or directory
02-18 20:51:54.721 E/LB      (31073): fail to open node: No such file or directory
02-18 20:51:54.755 E/LB      (31073): fail to open node: No such file or directory
02-18 20:51:54.815 E/LB      (31073): fail to open node: No such file or directory
02-18 20:51:54.817 E/LB      (31073): fail to open node: No such file or directory
02-18 20:51:54.821 E/LB      (31073): fail to open node: No such file or directory
02-18 20:51:54.826 E/LB      (31073): fail to open node: No such file or directory
02-18 20:51:54.834 E/LB      (31073): fail to open node: No such file or directory
02-18 20:51:54.841 E/LB      (31073): fail to open node: No such file or directory
02-18 20:51:54.849 E/LB      (31073): fail to open node: No such file or directory
02-18 20:51:54.859 E/LB      (31073): fail to open node: No such file or directory
02-18 20:51:54.867 E/LB      (31073): fail to open node: No such file or directory
02-18 20:51:54.874 E/LB      (31073): fail to open node: No such file or directory
02-18 20:51:54.883 E/LB      (31073): fail to open node: No such file or directory
02-18 20:51:54.891 E/LB      (31073): fail to open node: No such file or directory
02-18 20:51:54.893 E/libsensor-displayalgo( 2261): value of coefs 5,850.073000,4.965174,-2.685090,1.640057,-4.685160, line 101
02-18 20:51:54.900 E/LB      (31073): fail to open node: No such file or directory
02-18 20:51:54.909 E/LB      (31073): fail to open node: No such file or directory
02-18 20:51:54.917 E/LB      (31073): fail to open node: No such file or directory
02-18 20:51:54.925 E/LB      (31073): fail to open node: No such file or directory
02-18 20:51:54.936 E/LB      (31073): fail to open node: No such file or directory
02-18 20:51:54.942 E/LB      (31073): fail to open node: No such file or directory
02-18 20:51:54.952 E/LB      (31073): fail to open node: No such file or directory
02-18 20:51:54.958 E/LB      (31073): fail to open node: No such file or directory
02-18 20:51:54.967 E/LB      (31073): fail to open node: No such file or directory
02-18 20:51:54.975 E/LB      (31073): fail to open node: No such file or directory
02-18 20:51:54.983 E/LB      (31073): fail to open node: No such file or directory
02-18 20:51:54.992 E/LB      (31073): fail to open node: No such file or directory
02-18 20:51:55.001 E/LB      (31073): fail to open node: No such file or directory
02-18 20:51:55.011 E/LB      (31073): fail to open node: No such file or directory
02-18 20:51:55.146 E/KeymasterUtils(  870): rsp_header->status: -28
02-18 20:51:55.146 E/KeyMasterHalDevice(  870): abort_operation
02-18 20:51:55.146 E/KeyMasterHalDevice(  870): ret: -28
02-18 20:51:55.160 E/HyperSentinel( 2702): -------------------------------------------------------
02-18 20:51:55.160 E/HyperSentinel( 2702): Event_ThreadAmount
02-18 20:51:55.160 E/HyperSentinel( 2702): -> audit event by proc 31557 "com.google.android.apps.safetyhub": running threads amount, 0 -> 42
02-18 20:51:55.160 E/HyperSentinel( 2702): -------------------------------------------------------
02-18 20:51:55.160 E/HyperSentinel( 2702): Event_ThreadAmount
02-18 20:51:55.160 E/HyperSentinel( 2702): -> audit event by proc 31906 "com.google.android.syncadapters.calendar": running threads amount, 0 -> 50
02-18 20:51:55.165 E/KeymasterUtils(  870): rsp_header->status: -28
02-18 20:51:55.165 E/KeyMasterHalDevice(  870): abort_operation
02-18 20:51:55.165 E/KeyMasterHalDevice(  870): ret: -28
02-18 20:51:55.191 E/KeymasterUtils(  870): rsp_header->status: -28
02-18 20:51:55.191 E/KeyMasterHalDevice(  870): abort_operation
02-18 20:51:55.191 E/KeyMasterHalDevice(  870): ret: -28
02-18 20:51:55.192 E/libsensor-displayalgo( 2261): value of coefs 5,850.073000,4.965174,-2.685090,1.640057,-4.685160, line 101
02-18 20:51:55.210 E/KeymasterUtils(  870): rsp_header->status: -28
02-18 20:51:55.210 E/KeyMasterHalDevice(  870): abort_operation
02-18 20:51:55.210 E/KeyMasterHalDevice(  870): ret: -28
02-18 20:51:55.260 E/PR4Y_ERROR(31073): Login: NoCredentialException (useNonce=false)
02-18 20:51:55.260 I/PR4Y_APP(31073): Login: Intento sin nonce fall├│ o no devolvi├│ credencial, intentando con nonce
02-18 20:51:55.495 E/libsensor-displayalgo( 2261): value of coefs 5,850.073000,4.965174,-2.685090,1.640057,-4.685160, line 101
02-18 20:51:55.795 E/libsensor-displayalgo( 2261): value of coefs 5,850.073000,4.965174,-2.685090,1.640057,-4.685160, line 101
02-18 20:51:55.960 E/sensors-hal( 1370): handle_sns_client_event:57, har-sensor-hal: time=169208762799839 data 1.000000
02-18 20:51:55.998 E/KeymasterUtils(  870): rsp_header->status: -28
02-18 20:51:55.998 E/KeyMasterHalDevice(  870): abort_operation
02-18 20:51:55.998 E/KeyMasterHalDevice(  870): ret: -28
02-18 20:51:56.017 E/PR4Y_ERROR(31073): Login: NoCredentialException (useNonce=true)
02-18 20:51:56.019 E/KeymasterUtils(  870): rsp_header->status: -28
02-18 20:51:56.019 E/KeyMasterHalDevice(  870): abort_operation
02-18 20:51:56.019 E/KeyMasterHalDevice(  870): ret: -28
02-18 20:51:56.042 E/KeymasterUtils(  870): rsp_header->status: -28
02-18 20:51:56.042 E/KeyMasterHalDevice(  870): abort_operation
02-18 20:51:56.042 E/KeyMasterHalDevice(  870): ret: -28
02-18 20:51:56.055 E/WindowManager( 2702): setClientVisible ActivityRecord{b3b8981 u0 com.pr4y.app/com.google.android.gms.auth.api.signin.internal.SignInHubActivity true
02-18 20:51:56.060 E/ANDR-PERF-MPCTL( 1468): Perflock Submit request limit reached.
02-18 20:51:56.062 E/ANDR-PERF-LM( 1468): MetaMeter: handleAsync() 166: AdaptLaunch Invalid Async
02-18 20:51:56.062 E/KeymasterUtils(  870): rsp_header->status: -28
02-18 20:51:56.062 E/KeyMasterHalDevice(  870): abort_operation
02-18 20:51:56.062 E/KeyMasterHalDevice(  870): ret: -28
02-18 20:51:56.064 E/ANDR-PERF-MPCTL( 1468): Perflock Submit request limit reached.
02-18 20:51:56.082 E/ANDR-PERF-MPCTL( 1468): Perflock Submit request limit reached.
02-18 20:51:56.084 E/WindowManager( 2702): setClientVisible ActivityRecord{b3b8981 u0 com.pr4y.app/com.google.android.gms.auth.api.signin.internal.SignInHubActivity t421} true
02-18 20:51:56.085 E/WindowManager( 2702): setClientVisible ActivityRecord{b3b8981 u0 com.pr4y.app/com.google.android.gms.auth.api.signin.internal.SignInHubActivity t421} true
02-18 20:51:56.088 E/ANDR-PERF-LM( 1468): MetaMeter: handleAsync() 166: AdaptLaunch Invalid Async
02-18 20:51:56.097 E/libsensor-displayalgo( 2261): value of coefs 5,850.073000,4.965174,-2.685090,1.640057,-4.685160, line 101
02-18 20:51:56.115 E/WindowManager( 2702): setClientVisible ActivityRecord{68d4675 u0 com.google.android.gms/.auth.api.signin.ui.SignInActivity true
02-18 20:51:56.117 E/ANDR-PERF-MPCTL( 1468): Perflock Submit request limit reached.
02-18 20:51:56.118 E/ANDR-PERF-LM( 1468): MetaMeter: handleAsync() 166: AdaptLaunch Invalid Async
02-18 20:51:56.122 E/ANDR-PERF-MPCTL( 1468): Perflock Submit request limit reached.
02-18 20:51:56.176 E/ANDR-PERF-MPCTL( 1468): Perflock Submit request limit reached.
02-18 20:51:56.179 E/WindowManager( 2702): setClientVisible ActivityRecord{68d4675 u0 com.google.android.gms/.auth.api.signin.ui.SignInActivity t421} true
02-18 20:51:56.180 E/WindowManager( 2702): setClientVisible ActivityRecord{68d4675 u0 com.google.android.gms/.auth.api.signin.ui.SignInActivity t421} true
02-18 20:51:56.180 E/ANDR-PERF-LM( 1468): MetaMeter: handleAsync() 166: AdaptLaunch Invalid Async
02-18 20:51:56.217 E/BluetoothAdapterService( 4271): getActiveDevices: LeAudioService is null
02-18 20:51:56.297 E/NativeTurboSchedManagerJni( 2702): ioctl 8 failed!
02-18 20:51:56.315 E/ActivityManagerWrapper( 3966): get all recent tasks force including 421
02-18 20:51:56.323 E/ActivityManagerWrapper( 3966): getRecentTasksForceIncludingTaskIdIfValid: getRecentTasks: size=1
02-18 20:51:56.323 E/ActivityManagerWrapper( 3966):  mainTaskId=421   userId=0   windowMode=1   baseIntent=Intent { act=android.intent.action.MAIN flag=270532608 cmp=ComponentInfo{com.pr4y.app/com.pr4y.app.MainActivity} }
02-18 20:51:56.344 E/NativeTurboSchedManagerJni(31110): open /dev/metis failed!
