02-16 13:59:12.695 E/imsd    ( 2131): ImsDsiNetCtrlClient.cpp | 204 | | 2621 |ImsDsiNetCtrlClient : imsEventHandler sending to 891118d8
02-16 13:59:12.695 E/imsd    ( 2131): ImsMain.cpp | 729 | | 2223 |ImsMain: handleEvent Switched to Ims Main thread [ImsDsiEvent]
02-16 13:59:12.695 E/imsd    ( 2131): ImsMain.cpp | 811 | | 2223 |ImsMain:Handle Event sName[ImsDsiEvent] eventType[4]
02-16 13:59:12.695 E/imsd    ( 2131): ImsCommonDef.h | 452 | | 2223 |Current [0x7cef4c0], Appid[0]
02-16 13:59:12.695 E/imsd    ( 2131): ImsCommonDef.h | 453 | | 2223 |Other [0xc9109a30], Appid[21]
02-16 13:59:12.695 E/imsd    ( 2131): ImsPdnFactoryImpl.cpp | 287 | | 2223 |ImsPdnFactoryImpl: isPdnExisting 1
02-16 13:59:12.695 E/imsd    ( 2131): PdnInfoImpl.cpp | 140 | | 2223 |PdnInfoImpl: getPdnType 1 
02-16 13:59:12.695 E/imsd    ( 2131): ImsMain.cpp | 828 | | 2223 |ImsMain: handleEvent from DSI Module for IMS PDN
02-16 13:59:12.695 E/imsd    ( 2131): PdnInfoImpl.cpp | 589 | | 2223 |PdnInfoImpl:handleEvent sName[ImsDsiEvent]
02-16 13:59:12.695 E/imsd    ( 2131): PdnInfoImpl.cpp | 633 | | 2223 |PdnInfoImpl: handleDsiEvents event Id 19 
02-16 13:59:12.695 E/imsd    ( 2131): PdnInfoImpl.cpp | 774 | | 2223 |PdnInfoImpl: handleDsiEvents MTU change event received for dsi_hndl[4989f7c7]
02-16 13:59:12.695 E/imsd    ( 2131): ImsDsiNetCtrlClient.cpp | 130 | | 2223 |ImsDsiNetCtrlClient : requestNetworkService  dsi_hndl[4989f7c7]
02-16 13:59:12.695 E/imsd    ( 2131): ImsDsiNetCtrlClient.cpp | 189 | | 2223 |ImsDsiNetCtrlClient :getMtuSize called
02-16 13:59:12.715 E/minksocket( 1308): MinkIPC_QRTR_Service: client with node 1 port 6d76 went down
02-16 13:59:12.716 E/imsd    ( 2131): ImsDsiNetCtrlWrapper.cpp | 186 | | 2223 |getMtuSize: failed to get mtuSize
02-16 13:59:12.718 E/minksocket( 1308): MinkIPC_QRTR_Service: client with node 1 port 6d6a went down
02-16 13:59:12.719 E/minksocket( 1308): MinkIPC_QRTR_Service: client with node 1 port 6d6e went down
02-16 13:59:12.719 E/minksocket( 1308): MinkIPC_QRTR_Service: client with node 1 port 6d72 went down
02-16 13:59:12.719 E/imsd    ( 2131): ImsDsiNetCtrlWrapper.cpp | 209 | | 2621 |ImsDsiNetCtrlWrapper : dsiNetCtrlCB - received event[2] for dsi_hndl[4989f7c7]
02-16 13:59:12.719 E/imsd    ( 2131): ImsDsiNetCtrlClient.cpp | 204 | | 2621 |ImsDsiNetCtrlClient : imsEventHandler sending to 891118d8
02-16 13:59:12.719 E/imsd    ( 2131): ImsMain.cpp | 729 | | 2223 |ImsMain: handleEvent Switched to Ims Main thread [ImsDsiEvent]
02-16 13:59:12.719 E/imsd    ( 2131): ImsMain.cpp | 811 | | 2223 |ImsMain:Handle Event sName[ImsDsiEvent] eventType[4]
02-16 13:59:12.719 E/imsd    ( 2131): ImsCommonDef.h | 452 | | 2223 |Current [0x7cef4c0], Appid[0]
02-16 13:59:12.719 E/imsd    ( 2131): ImsCommonDef.h | 453 | | 2223 |Other [0xc9109a30], Appid[21]
02-16 13:59:12.719 E/imsd    ( 2131): ImsPdnFactoryImpl.cpp | 287 | | 2223 |ImsPdnFactoryImpl: isPdnExisting 1
02-16 13:59:12.719 E/imsd    ( 2131): PdnInfoImpl.cpp | 140 | | 2223 |PdnInfoImpl: getPdnType 1 
02-16 13:59:12.720 E/imsd    ( 2131): ImsMain.cpp | 828 | | 2223 |ImsMain: handleEvent from DSI Module for IMS PDN
02-16 13:59:12.720 E/imsd    ( 2131): PdnInfoImpl.cpp | 589 | | 2223 |PdnInfoImpl:handleEvent sName[ImsDsiEvent]
02-16 13:59:12.720 E/imsd    ( 2131): PdnInfoImpl.cpp | 633 | | 2223 |PdnInfoImpl: handleDsiEvents event Id 2 
02-16 13:59:12.720 E/imsd    ( 2131): ImsDsiNetCtrlClient.cpp | 130 | | 2223 |ImsDsiNetCtrlClient : requestNetworkService  dsi_hndl[4989f7c7]
02-16 13:59:12.720 E/imsd    ( 2131): ImsDsiNetCtrlClient.cpp | 177 | | 2223 |ImsDsiNetCtrlClient :getCallEndReason called
02-16 13:59:12.720 E/imsd    ( 2131): ImsDsiNetCtrlWrapper.cpp | 136 | | 2223 |ImsDsiNetCtrlWrapper: getCallEndReason for dsi_handle[4989f7c7]
02-16 13:59:12.720 E/imsd    ( 2131): PdnInfoImpl.cpp | 689 | | 2223 |PdnInfoImpl: handleDsiEvents PDN Disconnected: Couldn't be retried, reason code 36 
02-16 13:59:12.720 E/imsd    ( 2131): PdnStateMachine.h | 78 | | 2223 |stateEnum is 6
02-16 13:59:12.720 E/imsd    ( 2131): PdnInfoImpl.cpp | 409 | | 2223 |PdnInfoImpl: Current State: 2, Previous state: 5 
02-16 13:59:12.720 E/imsd    ( 2131): PdnStateMachine.h | 64 | | 2223 |stateEnum is 2
02-16 13:59:12.720 E/imsd    ( 2131): PdnStateMachine.h | 64 | | 2223 |stateEnum is 5
02-16 13:59:12.720 E/imsd    ( 2131): PdnInfoImpl.cpp | 853 | | 2223 |PdnInfoImpl: notifyEvents in event = 1, size[2]
02-16 13:59:12.720 E/imsd    ( 2131): PdnInfoImpl.cpp | 868 | | 2223 |PdnInfoImpl: notifyEvents, Qmi client id 1, Ip client id 0, client map size 2, Listener d910c6c8
02-16 13:59:12.720 E/imsd    ( 2131): ImsQmiDcmServiceImpl.cpp | 1455 | | 2223 |IMS DCM Service : onServiceStatusChange called
02-16 13:59:12.720 E/imsd    ( 2131): ImsQmiDcmServiceImpl.cpp | 1460 | | 2223 |IMS DCM Service : onServiceStatusChange PDP_CONNECTED/PDP_DISCONNECTED/PDP_HANDLE_UNAVAILABLE received [1]
02-16 13:59:12.720 E/imsd    ( 2131): ImsQmiDcmServiceImpl.cpp | 1471 | | 2223 |onServiceStatusChange: pdpData.pdpInfo.eInstID [2], cookie valid 1, pdpData.clientInfo.cookie 100
02-16 13:59:12.720 E/imsd    ( 2131): ImsQmiDcmServiceImpl.cpp | 1474 | | 2223 |onServiceStatusChange: pdpData.pdpInfo.iAppId [21], pdpData.pdpInfo.ipAddressValid [1],pdpData.pdpInfo.eFamilyType 1
02-16 13:59:12.720 E/imsd    ( 2131): ImsQmiDcmServiceImpl.cpp | 1495 | | 2223 |onServiceStatusChange: PdpStatus [3]
02-16 13:59:12.720 E/imsd    ( 2131): ImsQmiDcmServiceImpl.cpp | 1519 | | 2223 |onServiceStatusChange: pdpData.pdpInfo.iAppId [21], ind.pdp_error.error 13, ind.pdp_error.result 0
02-16 13:59:12.720 E/imsd    ( 2131): ImsQmiDcmServiceImpl.cpp | 1521 | | 2223 |QMI Client_handle: 0x1
02-16 13:59:12.720 E/imsd    ( 2131): ImsQmiDcmServiceImpl.cpp | 1533 | | 2223 |IMS DCM Service: QMI_IMS_DCM_PDP_ACTIVATE_IND_V01 qmi_csi_send_ind success err 0
02-16 13:59:12.720 E/imsd    ( 2131): ImsQmiDcmServiceImpl.cpp | 1544 | | 2223 |IMS DCM Service: Self Post to ImsMain for PDP Clean up
02-16 13:59:12.720 E/imsd    ( 2131): PdnInfoImpl.cpp | 868 | | 2223 |PdnInfoImpl: notifyEvents, Qmi client id 0, Ip client id 21, client map size 2, Listener 1910bba0
02-16 13:59:12.720 E/imsd    ( 2131): ImsIpcReqHandler.cpp | 590 | | 2223 |onServiceStatusChange: received event[1], AppId[21]
02-16 13:59:12.720 E/imsd    ( 2131): ImsIpcReqHandler.cpp | 659 | | 2223 |onServiceStatusChange: IMS PDN disconnected AppId[21]
02-16 13:59:12.720 E/imsd    ( 2131): PdnInfoImpl.cpp | 693 | | 2223 |PdnInfoImpl: after notify events, going to destroy
02-16 13:59:12.720 E/imsd    ( 2131): ImsDsiNetCtrlClient.cpp | 95 | | 2223 |ImsDsiNetCtrlClient :destroyHandle called
02-16 13:59:12.720 E/imsd    ( 2131): ImsDsiNetCtrlWrapper.cpp | 239 | | 2223 |1 size
02-16 13:59:12.720 E/imsd    ( 2131): ImsPdnInfo.cpp | 338 | | 2223 |ImsPdnInfo: CNE Stop service request initiated 
02-16 13:59:12.720 E/imsd    ( 2131): ImsCneNetworkReqClient.cpp | 204 | | 2223 |ImsCneNetworkReqClient : stopService called
02-16 13:59:12.720 E/imsd    ( 2131): PdnStateMachine.h | 78 | | 2223 |stateEnum is 7
02-16 13:59:12.720 E/imsd    ( 2131): ImsMain.cpp | 729 | | 2223 |ImsMain: handleEvent Switched to Ims Main thread [ReleasePdpEvent]
02-16 13:59:12.720 E/imsd    ( 2131): ImsMain.cpp | 956 | | 2223 |ImsMain : Release PDP Event to clean up
02-16 13:59:12.720 E/imsd    ( 2131): ImsMain.cpp | 1061 | | 2223 |ImsMain: handlePdpReleaseReq: Clean up
02-16 13:59:12.720 E/imsd    ( 2131): ImsPdnFactoryImpl.cpp | 170 | | 2223 |ImsPdnFactoryImpl::releasePdn called Pdp Id = 21 client = d910c6c8, PdnInfoMap size = 2
02-16 13:59:12.720 E/imsd    ( 2131): ImsPdnFactoryImpl.cpp | 180 | | 2223 |ImsPdnFactoryImpl::releasePdn iterating over Pdp Id = 21 pdn refcount 0
02-16 13:59:12.720 E/imsd    ( 2131): ImsPdnFactoryImpl.cpp | 183 | | 2223 |ImsPdnFactoryImpl : AppId matched, pdn refcount 0
02-16 13:59:12.720 E/imsd    ( 2131): ImsPdnFactoryImpl.cpp | 226 | | 2223 |ImsPdnFactoryImpl:Pdn ref count 0
02-16 13:59:12.720 E/imsd    ( 2131): ImsPdnFactoryImpl.cpp | 230 | | 2223 |ImsPdnFactoryImpl: waitingfortimer true, 2 
02-16 13:59:12.720 E/imsd    ( 2131): PdnInfoImpl.cpp | 836 | | 2223 |PdnInfoImpl: Clearing the Client map 
02-16 13:59:12.720 E/imsd    ( 2131): ImsPdnInfo.cpp | 67 | | 2223 |ImsPdnInfo destructor called 9112410
02-16 13:59:12.720 E/imsd    ( 2131): ImsCneNetworkReqClient.cpp | 163 | | 2223 |ImsCneNetworkReqClient : destroyHandle
02-16 13:59:12.720 E/imsd    ( 2131): ImsPdnFactoryImpl.cpp | 492 | | 2223 |ImsPdnFactoryImpl: Removed new Pdn Id 21, PdnIdMap size = 1
02-16 13:59:12.720 E/imsd    ( 2131): ImsPdnFactoryImpl.cpp | 251 | | 2223 |ImsPdnFactoryImpl: erasing pdninfomap entry
02-16 13:59:12.720 E/imsd    ( 2131): ImsMain.cpp | 1072 | | 2223 |ImsMain: handlePdpDeActivateReq pdpActivateReqs size: 0
02-16 13:59:12.720 E/imsd    ( 2131): ImsMain.cpp | 729 | | 2223 |ImsMain: handleEvent Switched to Ims Main thread [ReleasePdpEvent]
02-16 13:59:12.720 E/imsd    ( 2131): ImsMain.cpp | 956 | | 2223 |ImsMain : Release PDP Event to clean up
02-16 13:59:12.720 E/imsd    ( 2131): ImsMain.cpp | 1061 | | 2223 |ImsMain: handlePdpReleaseReq: Clean up
02-16 13:59:12.720 E/imsd    ( 2131): ImsPdnFactoryImpl.cpp | 170 | | 2223 |ImsPdnFactoryImpl::releasePdn called Pdp Id = 21 client = 1910bba0, PdnInfoMap size = 1
02-16 13:59:12.720 E/imsd    ( 2131): ImsPdnFactoryImpl.cpp | 180 | | 2223 |ImsPdnFactoryImpl::releasePdn iterating over Pdp Id = 20 pdn refcount 2
02-16 13:59:12.720 E/imsd    ( 2131): ImsPdnFactoryImpl.cpp | 258 | | 2223 |ImsPdnFactoryImpl : Appid did not match
02-16 13:59:12.830 E/msys    (16611): E[N mns]_OnDiskCacheGetData(632)=>Start post callback cache refresh DNS resolution
02-16 13:59:12.830 I/PR4Y_NETWORK(16271): <-- 503 https://pr4yapi-production.up.railway.app/v1/auth/google (491ms)
02-16 13:59:12.830 I/PR4Y_NETWORK(16271): access-control-allow-credentials: true
02-16 13:59:12.830 I/PR4Y_NETWORK(16271): content-type: application/json; charset=utf-8
02-16 13:59:12.830 I/PR4Y_NETWORK(16271): cross-origin-opener-policy: same-origin
02-16 13:59:12.830 I/PR4Y_NETWORK(16271): cross-origin-resource-policy: same-origin
02-16 13:59:12.830 I/PR4Y_NETWORK(16271): date: Mon, 16 Feb 2026 16:59:12 GMT
02-16 13:59:12.830 I/PR4Y_NETWORK(16271): origin-agent-cluster: ?1
02-16 13:59:12.830 I/PR4Y_NETWORK(16271): referrer-policy: no-referrer
02-16 13:59:12.830 I/PR4Y_NETWORK(16271): server: railway-edge
02-16 13:59:12.830 I/PR4Y_NETWORK(16271): strict-transport-security: max-age=31536000; includeSubDomains
02-16 13:59:12.830 I/PR4Y_NETWORK(16271): vary: Origin
02-16 13:59:12.830 I/PR4Y_NETWORK(16271): x-content-type-options: nosniff
02-16 13:59:12.830 I/PR4Y_NETWORK(16271): x-dns-prefetch-control: off
02-16 13:59:12.830 I/PR4Y_NETWORK(16271): x-download-options: noopen
02-16 13:59:12.830 I/PR4Y_NETWORK(16271): x-frame-options: SAMEORIGIN
02-16 13:59:12.830 I/PR4Y_NETWORK(16271): x-permitted-cross-domain-policies: none
02-16 13:59:12.830 I/PR4Y_NETWORK(16271): x-railway-edge: railway/us-east4-eqdc4a
02-16 13:59:12.830 I/PR4Y_NETWORK(16271): x-railway-request-id: ny3Bax5fS8myBEaLAax-fw
02-16 13:59:12.830 I/PR4Y_NETWORK(16271): x-ratelimit-limit: 20
02-16 13:59:12.830 I/PR4Y_NETWORK(16271): x-ratelimit-remaining: 18
02-16 13:59:12.830 I/PR4Y_NETWORK(16271): x-ratelimit-reset: 38
02-16 13:59:12.830 I/PR4Y_NETWORK(16271): x-xss-protection: 0
02-16 13:59:12.830 I/PR4Y_NETWORK(16271): content-length: 237
02-16 13:59:12.831 I/PR4Y_NETWORK(16271): 
02-16 13:59:12.831 I/PR4Y_NETWORK(16271): {"error":{"code":"service_unavailable","message":"Database schema not ready. Run migrations (npx prisma migrate deploy).","details":{"hint":"Database schema may not be ready. Run migrations (e.g. npx prisma migrate deploy) and retry."}}}
02-16 13:59:12.831 I/PR4Y_NETWORK(16271): <-- END HTTP (237-byte body)
02-16 13:59:12.832 E/PR4Y_ERROR(16271): HTTP Error 503 [https://pr4yapi-production.up.railway.app/v1/auth/google]: {"error":{"code":"service_unavailable","message":"Database schema not ready. Run migrations (npx prisma migrate deploy).","details":{"hint":"Database schema may not be ready. Run migrations (e.g. npx prisma migrate deploy) and retry."}}}
02-16 13:59:12.835 E/PR4Y_ERROR(16271): Error en Google Login [503]: {"error":{"code":"service_unavailable","message":"Database schema not ready. Run migrations (npx prisma migrate deploy).","details":{"hint":"Database schema may not be ready. Run migrations (e.g. npx prisma migrate deploy) and retry."}}}
02-16 13:59:12.835 E/PR4Y_ERROR(16271): El b├║nker rechaz├│ el token: {"error":{"code":"service_unavailable","message":"Database schema not ready. Run migrations (npx prisma migrate deploy).","details":{"hint":"Database schema may not be ready. Run migrations (e.g. npx prisma migrate deploy) and retry."}}}
02-16 13:59:12.837 E/msys    (16611): E[N mns]_LogError(228)=>Failed to resolve using system DNS resolver, getaddrinfo(): No address associated with hostname
02-16 13:59:12.943 E/libsensor-displayalgo( 2260): value of coefs 5,850.073000,4.965174,-2.685090,1.640057,-4.685160, line 101
02-16 13:59:13.133 E/msys    (16611): E[N mns]_OnDiskCacheGetData(632)=>Start post callback cache refresh DNS resolution
02-16 13:59:13.142 E/msys    (16611): E[N mns]_LogError(228)=>Failed to resolve using system DNS resolver, getaddrinfo(): No address associated with hostname
02-16 13:59:13.243 E/libsensor-displayalgo( 2260): value of coefs 5,850.073000,4.965174,-2.685090,1.640057,-4.685160, line 101
02-16 13:59:13.262 E/msys    (16611): E[N mns]_OnDiskCacheGetData(632)=>Start post callback cache refresh DNS resolution
02-16 13:59:13.272 E/msys    (16611): E[N mns]_LogError(228)=>Failed to resolve using system DNS resolver, getaddrinfo(): No address associated with hostname
02-16 13:59:13.321 E/ANDR-PERF-LM( 1460): VmRssMeter:: start() 358: Could not find pid, can not collect vmrss data
02-16 13:59:13.321 E/ANDR-PERF-LM( 1460): VmRssMeter:: start() 358: Could not find pid, can not collect vmrss data
02-16 13:59:13.322 E/ANDR-PERF-LM( 1460): AdaptiveLaunch: writeToDataBase() 64: Meter aborted or could not get meter data for this run
02-16 13:59:13.543 E/libsensor-displayalgo( 2260): value of coefs 5,850.073000,4.965174,-2.685090,1.640057,-4.685160, line 101
02-16 13:59:13.843 E/libsensor-displayalgo( 2260): value of coefs 5,850.073000,4.965174,-2.685090,1.640057,-4.685160, line 101
02-16 13:59:14.014 E/ExtM    ( 2645): can_flush_idle_pages:17822 flush_number_adjust: 17822
02-16 13:59:14.075 E/vold    (19067): maxCpuFreq=2400000
02-16 13:59:14.076 E/vold    (19067): maxCpuFreq=2400000
02-16 13:59:14.142 E/libsensor-displayalgo( 2260): value of coefs 5,850.073000,4.965174,-2.685090,1.640057,-4.685160, line 101
02-16 13:59:14.262 E/GoogleApiManager(18682): Failed to get service from broker. 
02-16 13:59:14.262 E/GoogleApiManager(18682): java.lang.SecurityException: Unknown calling package name 'com.google.android.gms'.
02-16 13:59:14.262 E/GoogleApiManager(18682): 	at android.os.Parcel.createExceptionOrNull(Parcel.java:3256)
02-16 13:59:14.262 E/GoogleApiManager(18682): 	at android.os.Parcel.createException(Parcel.java:3240)
02-16 13:59:14.262 E/GoogleApiManager(18682): 	at android.os.Parcel.readException(Parcel.java:3223)
02-16 13:59:14.262 E/GoogleApiManager(18682): 	at android.os.Parcel.readException(Parcel.java:3165)
02-16 13:59:14.262 E/GoogleApiManager(18682): 	at bdxh.a(:com.google.android.gms@260235035@26.02.35 (260400-862924022):36)
02-16 13:59:14.262 E/GoogleApiManager(18682): 	at bdvi.z(:com.google.android.gms@260235035@26.02.35 (260400-862924022):143)
02-16 13:59:14.262 E/GoogleApiManager(18682): 	at bdbk.run(:com.google.android.gms@260235035@26.02.35 (260400-862924022):42)
02-16 13:59:14.262 E/GoogleApiManager(18682): 	at android.os.Handler.handleCallback(Handler.java:959)
02-16 13:59:14.262 E/GoogleApiManager(18682): 	at android.os.Handler.dispatchMessage(Handler.java:100)
02-16 13:59:14.262 E/GoogleApiManager(18682): 	at crvb.mD(:com.google.android.gms@260235035@26.02.35 (260400-862924022):1)
02-16 13:59:14.262 E/GoogleApiManager(18682): 	at crvb.dispatchMessage(:com.google.android.gms@260235035@26.02.35 (260400-862924022):5)
02-16 13:59:14.262 E/GoogleApiManager(18682): 	at android.os.Looper.loopOnce(Looper.java:249)
02-16 13:59:14.262 E/GoogleApiManager(18682): 	at android.os.Looper.loop(Looper.java:337)
02-16 13:59:14.262 E/GoogleApiManager(18682): 	at android.os.HandlerThread.run(HandlerThread.java:85)
02-16 13:59:14.368 E/WifiClientModeImpl[6737054:wlan0]( 2645): Failed to get mlo info
02-16 13:59:14.442 E/libsensor-displayalgo( 2260): value of coefs 5,850.073000,4.965174,-2.685090,1.640057,-4.685160, line 101
02-16 13:59:14.744 E/libsensor-displayalgo( 2260): value of coefs 5,850.073000,4.965174,-2.685090,1.640057,-4.685160, line 101
02-16 13:59:15.042 E/libsensor-displayalgo( 2260): value of coefs 5,850.073000,4.965174,-2.685090,1.640057,-4.685160, line 101
02-16 13:59:15.342 E/libsensor-displayalgo( 2260): value of coefs 5,850.073000,4.965174,-2.685090,1.640057,-4.685160, line 101
02-16 13:59:15.480 E/PowerKeeper.Thermal( 9694): ProcessInfo java.lang.NumberFormatException: For input string: "CPU usage from 154800ms to 121283ms ago (2026-02-16 13"
02-16 13:59:15.641 E/libsensor-displayalgo( 2260): value of coefs 5,850.073000,4.965174,-2.685090,1.640057,-4.685160, line 101
02-16 13:59:15.941 E/libsensor-displayalgo( 2260): value of coefs 5,850.073000,4.965174,-2.685090,1.640057,-4.685160, line 101
02-16 13:59:16.241 E/libsensor-displayalgo( 2260): value of coefs 5,850.073000,4.965174,-2.685090,1.640057,-4.685160, line 101
02-16 13:59:16.456 E/vendor.xiaomi.hardware.micharge@1.0-service( 1507): Failed to open node /sys/class/qcom-battery/reverse_chg_mode
02-16 13:59:16.541 E/libsensor-displayalgo( 2260): value of coefs 5,850.073000,4.965174,-2.685090,1.640057,-4.685160, line 101
02-16 13:59:16.842 E/libsensor-displayalgo( 2260): value of coefs 5,850.073000,4.965174,-2.685090,1.640057,-4.685160, line 101
02-16 13:59:17.135 E/sensors-hal( 1397): handle_sns_client_event:57, har-sensor-hal: time=58577969127284 data 2.000000
02-16 13:59:17.141 E/libsensor-displayalgo( 2260): value of coefs 5,850.073000,4.965174,-2.685090,1.640057,-4.685160, line 101
02-16 13:59:17.284 E/JobScheduler.Background( 2645): Couldn't determine stopped state for unknown package: com.google.android.apps.turbo
02-16 13:59:17.284 E/JobScheduler.Background( 2645): Couldn't determine stopped state for unknown package: com.google.android.apps.turbo
02-16 13:59:17.284 E/JobScheduler.Background( 2645): Couldn't determine stopped state for unknown package: com.google.android.apps.turbo
02-16 13:59:17.286 E/JobScheduler.Background( 2645): Couldn't determine stopped state for unknown package: com.aura.oobe.deutsche
02-16 13:59:17.394 E/WifiClientModeImpl[6737054:wlan0]( 2645): Failed to get mlo info
02-16 13:59:17.441 E/libsensor-displayalgo( 2260): value of coefs 5,850.073000,4.965174,-2.685090,1.640057,-4.685160, line 101
02-16 13:59:17.742 E/libsensor-displayalgo( 2260): value of coefs 5,850.073000,4.965174,-2.685090,1.640057,-4.685160, line 101
02-16 13:59:17.796 E/QcRilRequest( 4309): [2877] < OEM_HOOK_RAW error: org.codeaurora.telephony.utils.CommandException: GENERIC_FAILURE
02-16 13:59:18.137 E/sensors-hal( 1397): handle_sns_client_event:57, har-sensor-hal: time=58578971197493 data 0.000000
02-16 13:59:18.144 E/libsensor-displayalgo( 2260): value of coefs 5,850.073000,4.965174,-2.685090,1.640057,-4.685160, line 101
02-16 13:59:18.788 E/msys    (16611): E[N mns]_OnDiskCacheGetData(632)=>Start post callback cache refresh DNS resolution
02-16 13:59:18.799 E/msys    (16611): E[N mns]_LogError(228)=>Failed to resolve using system DNS resolver, getaddrinfo(): No address associated with hostname
02-16 13:59:18.799 E/msys    (16611): E[N mns]_OnDiskCacheGetData(632)=>Start post callback cache refresh DNS resolution
02-16 13:59:18.802 E/msys    (16611): E[N mns]_LogError(228)=>Failed to resolve using system DNS resolver, getaddrinfo(): No address associated with hostname
02-16 13:59:19.139 E/sensors-hal( 1397): handle_sns_client_event:57, har-sensor-hal: time=58579973113795 data 5.000000
02-16 13:59:19.145 E/libsensor-displayalgo( 2260): value of coefs 5,850.073000,4.965174,-2.685090,1.640057,-4.685160, line 101
02-16 13:59:20.146 E/libsensor-displayalgo( 2260): value of coefs 5,850.073000,4.965174,-2.685090,1.640057,-4.685160, line 101
02-16 13:59:20.148 E/libsensor-displayalgo( 2260): value of coefs 5,850.073000,4.965174,-2.685090,1.640057,-4.685160, line 101
02-16 13:59:20.150 E/libsensor-displayalgo( 2260): value of coefs 5,850.073000,4.965174,-2.685090,1.640057,-4.685160, line 101
02-16 13:59:20.245 E/libsensor-displayalgo( 2260): value of coefs 5,850.073000,4.965174,-2.685090,1.640057,-4.685160, line 101
02-16 13:59:20.246 E/libsensor-displayalgo( 2260): value of coefs 5,850.073000,4.965174,-2.685090,1.640057,-4.685160, line 101
02-16 13:59:20.248 E/libsensor-displayalgo( 2260): value of coefs 5,850.073000,4.965174,-2.685090,1.640057,-4.685160, line 101
02-16 13:59:20.250 E/libsensor-displayalgo( 2260): value of coefs 5,850.073000,4.965174,-2.685090,1.640057,-4.685160, line 101
02-16 13:59:20.342 E/libsensor-displayalgo( 2260): value of coefs 5,850.073000,4.965174,-2.685090,1.640057,-4.685160, line 101
02-16 13:59:20.343 E/libsensor-displayalgo( 2260): value of coefs 5,850.073000,4.965174,-2.685090,1.640057,-4.685160, line 101
02-16 13:59:20.343 E/libsensor-displayalgo( 2260): value of coefs 5,850.073000,4.965174,-2.685090,1.640057,-4.685160, line 101
02-16 13:59:20.344 E/libsensor-displayalgo( 2260): value of coefs 5,850.073000,4.965174,-2.685090,1.640057,-4.685160, line 101
02-16 13:59:20.345 E/libsensor-displayalgo( 2260): value of coefs 5,850.073000,4.965174,-2.685090,1.640057,-4.685160, line 101
02-16 13:59:20.418 E/msys    (16611): E[N mns]_OnDiskCacheGetData(632)=>Start post callback cache refresh DNS resolution
02-16 13:59:20.423 E/WifiClientModeImpl[6737054:wlan0]( 2645): Failed to get mlo info
02-16 13:59:20.429 E/msys    (16611): E[N mns]_LogError(228)=>Failed to resolve using system DNS resolver, getaddrinfo(): No address associated with hostname
02-16 13:59:20.443 E/libsensor-displayalgo( 2260): value of coefs 5,850.073000,4.965174,-2.685090,1.640057,-4.685160, line 101
02-16 13:59:20.444 E/libsensor-displayalgo( 2260): value of coefs 5,850.073000,4.965174,-2.685090,1.640057,-4.685160, line 101
02-16 13:59:20.445 E/libsensor-displayalgo( 2260): value of coefs 5,850.073000,4.965174,-2.685090,1.640057,-4.685160, line 101
02-16 13:59:20.446 E/libsensor-displayalgo( 2260): value of coefs 5,850.073000,4.965174,-2.685090,1.640057,-4.685160, line 101
02-16 13:59:20.448 E/libsensor-displayalgo( 2260): value of coefs 5,850.073000,4.965174,-2.685090,1.640057,-4.685160, line 101
02-16 13:59:20.496 E/msys    (16611): E[N mns]_OnDiskCacheGetData(632)=>Start post callback cache refresh DNS resolution
02-16 13:59:20.506 E/msys    (16611): E[N mns]_LogError(228)=>Failed to resolve using system DNS resolver, getaddrinfo(): No address associated with hostname
02-16 13:59:20.544 E/libsensor-displayalgo( 2260): value of coefs 5,850.073000,4.965174,-2.685090,1.640057,-4.685160, line 101
