--------- beginning of main
02-18 18:23:10.491 E/libsensor-displayalgo( 2261): value of coefs 5,850.073000,4.965174,-2.685090,1.640057,-4.685160, line 101
02-18 18:23:10.492 E/libsensor-displayalgo( 2261): value of coefs 5,850.073000,4.965174,-2.685090,1.640057,-4.685160, line 101
02-18 18:23:10.492 E/libsensor-displayalgo( 2261): value of coefs 5,850.073000,4.965174,-2.685090,1.640057,-4.685160, line 101
02-18 18:23:10.493 E/libsensor-displayalgo( 2261): value of coefs 5,850.073000,4.965174,-2.685090,1.640057,-4.685160, line 101
02-18 18:23:10.493 E/libsensor-displayalgo( 2261): value of coefs 5,850.073000,4.965174,-2.685090,1.640057,-4.685160, line 101
02-18 18:23:10.593 E/libsensor-displayalgo( 2261): value of coefs 5,850.073000,4.965174,-2.685090,1.640057,-4.685160, line 101
02-18 18:23:10.594 E/libsensor-displayalgo( 2261): value of coefs 5,850.073000,4.965174,-2.685090,1.640057,-4.685160, line 101
02-18 18:23:10.595 E/libsensor-displayalgo( 2261): value of coefs 5,850.073000,4.965174,-2.685090,1.640057,-4.685160, line 101
02-18 18:23:10.597 E/libsensor-displayalgo( 2261): value of coefs 5,850.073000,4.965174,-2.685090,1.640057,-4.685160, line 101
02-18 18:23:10.598 E/libsensor-displayalgo( 2261): value of coefs 5,850.073000,4.965174,-2.685090,1.640057,-4.685160, line 101
02-18 18:23:10.691 E/libsensor-displayalgo( 2261): value of coefs 5,850.073000,4.965174,-2.685090,1.640057,-4.685160, line 101
02-18 18:23:10.692 E/libsensor-displayalgo( 2261): value of coefs 5,850.073000,4.965174,-2.685090,1.640057,-4.685160, line 101
02-18 18:23:10.693 E/libsensor-displayalgo( 2261): value of coefs 5,850.073000,4.965174,-2.685090,1.640057,-4.685160, line 101
02-18 18:23:10.694 E/libsensor-displayalgo( 2261): value of coefs 5,850.073000,4.965174,-2.685090,1.640057,-4.685160, line 101
02-18 18:23:10.695 E/libsensor-displayalgo( 2261): value of coefs 5,850.073000,4.965174,-2.685090,1.640057,-4.685160, line 101
02-18 18:23:10.794 E/libsensor-displayalgo( 2261): value of coefs 5,850.073000,4.965174,-2.685090,1.640057,-4.685160, line 101
02-18 18:23:10.795 E/libsensor-displayalgo( 2261): value of coefs 5,850.073000,4.965174,-2.685090,1.640057,-4.685160, line 101
02-18 18:23:10.796 E/libsensor-displayalgo( 2261): value of coefs 5,850.073000,4.965174,-2.685090,1.640057,-4.685160, line 101
02-18 18:23:10.798 E/libsensor-displayalgo( 2261): value of coefs 5,850.073000,4.965174,-2.685090,1.640057,-4.685160, line 101
02-18 18:23:10.892 E/libsensor-displayalgo( 2261): value of coefs 5,850.073000,4.965174,-2.685090,1.640057,-4.685160, line 101
02-18 18:23:10.894 E/libsensor-displayalgo( 2261): value of coefs 5,850.073000,4.965174,-2.685090,1.640057,-4.685160, line 101
02-18 18:23:10.894 E/libsensor-displayalgo( 2261): value of coefs 5,850.073000,4.965174,-2.685090,1.640057,-4.685160, line 101
02-18 18:23:10.895 E/libsensor-displayalgo( 2261): value of coefs 5,850.073000,4.965174,-2.685090,1.640057,-4.685160, line 101
02-18 18:23:10.896 E/libsensor-displayalgo( 2261): value of coefs 5,850.073000,4.965174,-2.685090,1.640057,-4.685160, line 101
02-18 18:23:10.993 E/libsensor-displayalgo( 2261): value of coefs 5,850.073000,4.965174,-2.685090,1.640057,-4.685160, line 101
02-18 18:23:10.994 E/libsensor-displayalgo( 2261): value of coefs 5,850.073000,4.965174,-2.685090,1.640057,-4.685160, line 101
02-18 18:23:10.996 E/libsensor-displayalgo( 2261): value of coefs 5,850.073000,4.965174,-2.685090,1.640057,-4.685160, line 101
02-18 18:23:10.998 E/libsensor-displayalgo( 2261): value of coefs 5,850.073000,4.965174,-2.685090,1.640057,-4.685160, line 101
02-18 18:23:11.093 E/libsensor-displayalgo( 2261): value of coefs 5,850.073000,4.965174,-2.685090,1.640057,-4.685160, line 101
02-18 18:23:11.094 E/libsensor-displayalgo( 2261): value of coefs 5,850.073000,4.965174,-2.685090,1.640057,-4.685160, line 101
02-18 18:23:11.096 E/libsensor-displayalgo( 2261): value of coefs 5,850.073000,4.965174,-2.685090,1.640057,-4.685160, line 101
02-18 18:23:11.098 E/libsensor-displayalgo( 2261): value of coefs 5,850.073000,4.965174,-2.685090,1.640057,-4.685160, line 101
02-18 18:23:11.193 E/libsensor-displayalgo( 2261): value of coefs 5,850.073000,4.965174,-2.685090,1.640057,-4.685160, line 101
02-18 18:23:11.194 E/libsensor-displayalgo( 2261): value of coefs 5,850.073000,4.965174,-2.685090,1.640057,-4.685160, line 101
02-18 18:23:11.196 E/libsensor-displayalgo( 2261): value of coefs 5,850.073000,4.965174,-2.685090,1.640057,-4.685160, line 101
02-18 18:23:11.197 E/libsensor-displayalgo( 2261): value of coefs 5,850.073000,4.965174,-2.685090,1.640057,-4.685160, line 101
02-18 18:23:11.199 E/libsensor-displayalgo( 2261): value of coefs 5,850.073000,4.965174,-2.685090,1.640057,-4.685160, line 101
02-18 18:23:11.293 E/libsensor-displayalgo( 2261): value of coefs 5,850.073000,4.965174,-2.685090,1.640057,-4.685160, line 101
02-18 18:23:11.295 E/libsensor-displayalgo( 2261): value of coefs 5,850.073000,4.965174,-2.685090,1.640057,-4.685160, line 101
02-18 18:23:11.296 E/libsensor-displayalgo( 2261): value of coefs 5,850.073000,4.965174,-2.685090,1.640057,-4.685160, line 101
02-18 18:23:11.298 E/libsensor-displayalgo( 2261): value of coefs 5,850.073000,4.965174,-2.685090,1.640057,-4.685160, line 101
02-18 18:23:11.299 E/libsensor-displayalgo( 2261): value of coefs 5,850.073000,4.965174,-2.685090,1.640057,-4.685160, line 101
02-18 18:23:11.324 E/PhoneAdapter( 4437): get ntnphones failed, exception: java.lang.IllegalStateException: Default phones haven't been made yet!
02-18 18:23:11.392 E/libsensor-displayalgo( 2261): value of coefs 5,850.073000,4.965174,-2.685090,1.640057,-4.685160, line 101
02-18 18:23:11.393 E/libsensor-displayalgo( 2261): value of coefs 5,850.073000,4.965174,-2.685090,1.640057,-4.685160, line 101
02-18 18:23:11.394 E/libsensor-displayalgo( 2261): value of coefs 5,850.073000,4.965174,-2.685090,1.640057,-4.685160, line 101
02-18 18:23:11.492 E/libsensor-displayalgo( 2261): value of coefs 5,850.073000,4.965174,-2.685090,1.640057,-4.685160, line 101
02-18 18:23:11.493 E/libsensor-displayalgo( 2261): value of coefs 5,850.073000,4.965174,-2.685090,1.640057,-4.685160, line 101
02-18 18:23:11.494 E/libsensor-displayalgo( 2261): value of coefs 5,850.073000,4.965174,-2.685090,1.640057,-4.685160, line 101
02-18 18:23:11.495 E/libsensor-displayalgo( 2261): value of coefs 5,850.073000,4.965174,-2.685090,1.640057,-4.685160, line 101
02-18 18:23:11.565 E/ANDR-PERF-MPCTL( 1468): Perflock Submit request limit reached.
02-18 18:23:11.595 E/libsensor-displayalgo( 2261): value of coefs 5,850.073000,4.965174,-2.685090,1.640057,-4.685160, line 101
02-18 18:23:11.694 E/libsensor-displayalgo( 2261): value of coefs 5,850.073000,4.965174,-2.685090,1.640057,-4.685160, line 101
02-18 18:23:12.694 E/libsensor-displayalgo( 2261): value of coefs 5,850.073000,4.965174,-2.685090,1.640057,-4.685160, line 101
02-18 18:23:12.696 E/libsensor-displayalgo( 2261): value of coefs 5,850.073000,4.965174,-2.685090,1.640057,-4.685160, line 101
02-18 18:23:12.697 E/libsensor-displayalgo( 2261): value of coefs 5,850.073000,4.965174,-2.685090,1.640057,-4.685160, line 101
02-18 18:23:12.793 E/libsensor-displayalgo( 2261): value of coefs 5,850.073000,4.965174,-2.685090,1.640057,-4.685160, line 101
02-18 18:23:12.794 E/libsensor-displayalgo( 2261): value of coefs 5,850.073000,4.965174,-2.685090,1.640057,-4.685160, line 101
02-18 18:23:12.895 E/libsensor-displayalgo( 2261): value of coefs 5,850.073000,4.965174,-2.685090,1.640057,-4.685160, line 101
02-18 18:23:12.896 E/libsensor-displayalgo( 2261): value of coefs 5,850.073000,4.965174,-2.685090,1.640057,-4.685160, line 101
02-18 18:23:12.898 E/libsensor-displayalgo( 2261): value of coefs 5,850.073000,4.965174,-2.685090,1.640057,-4.685160, line 101
02-18 18:23:12.993 E/libsensor-displayalgo( 2261): value of coefs 5,850.073000,4.965174,-2.685090,1.640057,-4.685160, line 101
02-18 18:23:12.994 E/libsensor-displayalgo( 2261): value of coefs 5,850.073000,4.965174,-2.685090,1.640057,-4.685160, line 101
02-18 18:23:12.994 E/libsensor-displayalgo( 2261): value of coefs 5,850.073000,4.965174,-2.685090,1.640057,-4.685160, line 101
02-18 18:23:12.995 E/libsensor-displayalgo( 2261): value of coefs 5,850.073000,4.965174,-2.685090,1.640057,-4.685160, line 101
02-18 18:23:13.018 E/StackScroller( 4462): updateSidePadding: viewWidth is zero
02-18 18:23:13.024 E/ANDR-PERF-MPCTL( 1468): Perflock Submit request limit reached.
02-18 18:23:13.074 E/StackScroller( 4462): updateSidePadding: viewWidth is zero
02-18 18:23:13.092 E/libsensor-displayalgo( 2261): value of coefs 5,850.073000,4.965174,-2.685090,1.640057,-4.685160, line 101
02-18 18:23:13.108 E/StackScroller( 4462): updateSidePadding: viewWidth is zero
02-18 18:23:13.128 E/StackScroller( 4462): updateSidePadding: viewWidth is zero
02-18 18:23:13.382 E/WifiClientModeImpl[19599:wlan0]( 2702): Failed to get mlo info
--------- beginning of system
02-18 18:23:13.799 E/RTMode  ( 2702): pkgName: com.pr4y.app has no permission
02-18 18:23:13.800 E/ANDR-PERF-MPCTL( 1468): Perflock Submit request limit reached.
02-18 18:23:13.865 E/LB      (16961): fail to open node: No such file or directory
02-18 18:23:13.867 E/com.pr4y.app(16961): FrameInsert open fail: No such file or directory
02-18 18:23:13.872 E/PR4Y_ERROR(16961): Auth error
02-18 18:23:13.872 E/PR4Y_ERROR(16961): java.lang.IllegalArgumentException: serverClientId should not be empty
02-18 18:23:13.872 E/PR4Y_ERROR(16961): 	at com.google.android.libraries.identity.googleid.GetGoogleIdOption$Builder.setServerClientId(com.google.android.libraries.identity.googleid:googleid@@1.1.1:1)
02-18 18:23:13.872 E/PR4Y_ERROR(16961): 	at com.pr4y.app.ui.viewmodel.LoginViewModel.performAuth(LoginViewModel.kt:75)
02-18 18:23:13.872 E/PR4Y_ERROR(16961): 	at com.pr4y.app.ui.viewmodel.LoginViewModel.access$performAuth(LoginViewModel.kt:44)
02-18 18:23:13.872 E/PR4Y_ERROR(16961): 	at com.pr4y.app.ui.viewmodel.LoginViewModel$onGoogleSignIn$1.invokeSuspend(LoginViewModel.kt:62)
02-18 18:23:13.872 E/PR4Y_ERROR(16961): 	at kotlin.coroutines.jvm.internal.BaseContinuationImpl.resumeWith(ContinuationImpl.kt:33)
02-18 18:23:13.872 E/PR4Y_ERROR(16961): 	at kotlinx.coroutines.internal.DispatchedContinuationKt.resumeCancellableWith(DispatchedContinuation.kt:375)
02-18 18:23:13.872 E/PR4Y_ERROR(16961): 	at kotlinx.coroutines.intrinsics.CancellableKt.startCoroutineCancellable(Cancellable.kt:26)
02-18 18:23:13.872 E/PR4Y_ERROR(16961): 	at kotlinx.coroutines.CoroutineStart.invoke(CoroutineStart.kt:358)
02-18 18:23:13.872 E/PR4Y_ERROR(16961): 	at kotlinx.coroutines.AbstractCoroutine.start(AbstractCoroutine.kt:134)
02-18 18:23:13.872 E/PR4Y_ERROR(16961): 	at kotlinx.coroutines.BuildersKt__Builders_commonKt.launch(Builders.common.kt:52)
02-18 18:23:13.872 E/PR4Y_ERROR(16961): 	at kotlinx.coroutines.BuildersKt.launch(Unknown Source:1)
02-18 18:23:13.872 E/PR4Y_ERROR(16961): 	at kotlinx.coroutines.BuildersKt__Builders_commonKt.launch$default(Builders.common.kt:43)
02-18 18:23:13.872 E/PR4Y_ERROR(16961): 	at kotlinx.coroutines.BuildersKt.launch$default(Unknown Source:1)
02-18 18:23:13.872 E/PR4Y_ERROR(16961): 	at com.pr4y.app.ui.viewmodel.LoginViewModel.onGoogleSignIn(LoginViewModel.kt:59)
02-18 18:23:13.872 E/PR4Y_ERROR(16961): 	at com.pr4y.app.ui.screens.LoginScreenKt$LoginScreen$3$1$1$2.invoke$lambda$1$lambda$0(LoginScreen.kt:138)
02-18 18:23:13.872 E/PR4Y_ERROR(16961): 	at com.pr4y.app.ui.screens.LoginScreenKt$LoginScreen$3$1$1$2.$r8$lambda$xoKdiSde7Rq1NXCn-hutNzZk0zo(Unknown Source:0)
02-18 18:23:13.872 E/PR4Y_ERROR(16961): 	at com.pr4y.app.ui.screens.LoginScreenKt$LoginScreen$3$1$1$2$$ExternalSyntheticLambda0.invoke(D8$$SyntheticClass:0)
02-18 18:23:13.872 E/PR4Y_ERROR(16961): 	at androidx.compose.foundation.ClickableNode$clickPointerInput$3.invoke-k-4lQ0M(Clickable.kt:639)
02-18 18:23:13.872 E/PR4Y_ERROR(16961): 	at androidx.compose.foundation.ClickableNode$clickPointerInput$3.invoke(Clickable.kt:633)
02-18 18:23:13.872 E/PR4Y_ERROR(16961): 	at androidx.compose.foundation.gestures.TapGestureDetectorKt$detectTapAndPress$2$1.invokeSuspend(TapGestureDetector.kt:255)
02-18 18:23:13.872 E/PR4Y_ERROR(16961): 	at kotlin.coroutines.jvm.internal.BaseContinuationImpl.resumeWith(ContinuationImpl.kt:33)
02-18 18:23:13.872 E/PR4Y_ERROR(16961): 	at kotlinx.coroutines.DispatchedTaskKt.resume(DispatchedTask.kt:163)
02-18 18:23:13.872 E/PR4Y_ERROR(16961): 	at kotlinx.coroutines.DispatchedTaskKt.dispatch(DispatchedTask.kt:152)
02-18 18:23:13.872 E/PR4Y_ERROR(16961): 	at kotlinx.coroutines.CancellableContinuationImpl.dispatchResume(CancellableContinuationImpl.kt:470)
02-18 18:23:13.872 E/PR4Y_ERROR(16961): 	at kotlinx.coroutines.CancellableContinuationImpl.resumeImpl$kotlinx_coroutines_core(CancellableContinuationImpl.kt:504)
02-18 18:23:13.872 E/PR4Y_ERROR(16961): 	at kotlinx.coroutines.CancellableContinuationImpl.resumeImpl$kotlinx_coroutines_core$default(CancellableContinuationImpl.kt:493)
02-18 18:23:13.872 E/PR4Y_ERROR(16961): 	at kotlinx.coroutines.CancellableContinuationImpl.resumeWith(CancellableContinuationImpl.kt:359)
02-18 18:23:13.872 E/PR4Y_ERROR(16961): 	at androidx.compose.ui.input.pointer.SuspendingPointerInputModifierNodeImpl$PointerEventHandlerCoroutine.offerPointerEvent(SuspendingPointerInputFilter.kt:719)
02-18 18:23:13.872 E/PR4Y_ERROR(16961): 	at androidx.compose.ui.input.pointer.SuspendingPointerInputModifierNodeImpl.dispatchPointerEvent(SuspendingPointerInputFilter.kt:598)
02-18 18:23:13.872 E/PR4Y_ERROR(16961): 	at androidx.compose.ui.input.pointer.SuspendingPointerInputModifierNodeImpl.onPointerEvent-H0pRuoY(SuspendingPointerInputFilter.kt:620)
02-18 18:23:13.872 E/PR4Y_ERROR(16961): 	at androidx.compose.foundation.AbstractClickableNode.onPointerEvent-H0pRuoY(Clickable.kt:1044)
02-18 18:23:13.872 E/PR4Y_ERROR(16961): 	at androidx.compose.ui.input.pointer.Node.dispatchMainEventPass(HitPathTracker.kt:387)
02-18 18:23:13.872 E/PR4Y_ERROR(16961): 	at androidx.compose.ui.input.pointer.Node.dispatchMainEventPass(HitPathTracker.kt:373)
02-18 18:23:13.872 E/PR4Y_ERROR(16961): 	at androidx.compose.ui.input.pointer.Node.dispatchMainEventPass(HitPathTracker.kt:373)
02-18 18:23:13.872 E/PR4Y_ERROR(16961): 	at androidx.compose.ui.input.pointer.NodeParent.dispatchMainEventPass(HitPathTracker.kt:229)
02-18 18:23:13.872 E/PR4Y_ERROR(16961): 	at androidx.compose.ui.input.pointer.HitPathTracker.dispatchChanges(HitPathTracker.kt:144)
02-18 18:23:13.872 E/PR4Y_ERROR(16961): 	at androidx.compose.ui.input.pointer.PointerInputEventProcessor.process-BIzXfog(PointerInputEventProcessor.kt:120)
02-18 18:23:13.872 E/PR4Y_ERROR(16961): 	at androidx.compose.ui.platform.AndroidComposeView.sendMotionEvent-8iAsVTc(AndroidComposeView.android.kt:1994)
02-18 18:23:13.872 E/PR4Y_ERROR(16961): 	at androidx.compose.ui.platform.AndroidComposeView.handleMotionEvent-8iAsVTc(AndroidComposeView.android.kt:1945)
02-18 18:23:13.873 E/PR4Y_ERROR(16961): 	at androidx.compose.ui.platform.AndroidComposeView.dispatchTouchEvent(AndroidComposeView.android.kt:1829)
02-18 18:23:13.873 E/PR4Y_ERROR(16961): 	at android.view.ViewGroup.dispatchTransformedTouchEvent(ViewGroup.java:3158)
02-18 18:23:13.873 E/PR4Y_ERROR(16961): 	at android.view.ViewGroup.dispatchTouchEvent(ViewGroup.java:2826)
02-18 18:23:13.873 E/PR4Y_ERROR(16961): 	at android.view.ViewGroup.dispatchTransformedTouchEvent(ViewGroup.java:3158)
02-18 18:23:13.873 E/PR4Y_ERROR(16961): 	at android.view.ViewGroup.dispatchTouchEvent(ViewGroup.java:2826)
02-18 18:23:13.873 E/PR4Y_ERROR(16961): 	at android.view.ViewGroup.dispatchTransformedTouchEvent(ViewGroup.java:3158)
02-18 18:23:13.873 E/PR4Y_ERROR(16961): 	at android.view.ViewGroup.dispatchTouchEvent(ViewGroup.java:2826)
02-18 18:23:13.873 E/PR4Y_ERROR(16961): 	at android.view.ViewGroup.dispatchTransformedTouchEvent(ViewGroup.java:3158)
02-18 18:23:13.873 E/PR4Y_ERROR(16961): 	at android.view.ViewGroup.dispatchTouchEvent(ViewGroup.java:2826)
02-18 18:23:13.873 E/PR4Y_ERROR(16961): 	at android.view.ViewGroup.dispatchTransformedTouchEvent(ViewGroup.java:3158)
02-18 18:23:13.873 E/PR4Y_ERROR(16961): 	at android.view.ViewGroup.dispatchTouchEvent(ViewGroup.java:2826)
02-18 18:23:13.873 E/PR4Y_ERROR(16961): 	at android.view.ViewGroup.dispatchTransformedTouchEvent(ViewGroup.java:3158)
02-18 18:23:13.873 E/PR4Y_ERROR(16961): 	at android.view.ViewGroup.dispatchTouchEvent(ViewGroup.java:2826)
02-18 18:23:13.873 E/PR4Y_ERROR(16961): 	at com.android.internal.policy.DecorView.superDispatchTouchEvent(DecorView.java:553)
02-18 18:23:13.873 E/PR4Y_ERROR(16961): 	at com.android.internal.policy.PhoneWindow.superDispatchTouchEvent(PhoneWindow.java:1984)
02-18 18:23:13.873 E/PR4Y_ERROR(16961): 	at android.app.Activity.dispatchTouchEvent(Activity.java:4690)
02-18 18:23:13.873 E/PR4Y_ERROR(16961): 	at androidx.appcompat.view.WindowCallbackWrapper.dispatchTouchEvent(WindowCallbackWrapper.java:69)
02-18 18:23:13.873 E/PR4Y_ERROR(16961): 	at com.android.internal.policy.DecorView.dispatchTouchEvent(DecorView.java:511)
02-18 18:23:13.873 E/PR4Y_ERROR(16961): 	at android.view.View.dispatchPointerEvent(View.java:16980)
02-18 18:23:13.873 E/PR4Y_ERROR(16961): 	at com.xiaomi.mirror.MiuiMirrorImpl.isHandled(MiuiMirrorImpl.java:152)
02-18 18:23:13.873 E/PR4Y_ERROR(16961): 	at android.view.ViewRootImpl$ViewPostImeInputStage.processPointerEvent(ViewRootImpl.java:9071)
02-18 18:23:13.873 E/PR4Y_ERROR(16961): 	at android.view.ViewRootImpl$ViewPostImeInputStage.onProcess(ViewRootImpl.java:8813)
02-18 18:23:13.873 E/PR4Y_ERROR(16961): 	at android.view.ViewRootImpl$InputStage.deliver(ViewRootImpl.java:8165)
02-18 18:23:13.873 E/PR4Y_ERROR(16961): 	at android.view.ViewRootImpl$InputStage.onDeliverToNext(ViewRootImpl.java:8222)
02-18 18:23:13.873 E/PR4Y_ERROR(16961): 	at android.view.ViewRootImpl$InputStage.forward(ViewRootImpl.java:8188)
02-18 18:23:13.873 E/PR4Y_ERROR(16961): 	at android.view.ViewRootImpl$AsyncInputStage.forward(ViewRootImpl.java:8354)
02-18 18:23:13.873 E/PR4Y_ERROR(16961): 	at android.view.ViewRootImpl$InputStage.apply(ViewRootImpl.java:8196)
02-18 18:23:13.873 E/PR4Y_ERROR(16961): 	at android.view.ViewRootImpl$AsyncInputStage.apply(ViewRootImpl.java:8411)
02-18 18:23:13.873 E/PR4Y_ERROR(16961): 	at android.view.ViewRootImpl$InputStage.deliver(ViewRootImpl.java:8169)
02-18 18:23:13.873 E/PR4Y_ERROR(16961): 	at android.view.ViewRootImpl$InputStage.onDeliverToNext(ViewRootImpl.java:8222)
02-18 18:23:13.873 E/PR4Y_ERROR(16961): 	at android.view.ViewRootImpl$InputStage.forward(ViewRootImpl.java:8188)
02-18 18:23:13.873 E/PR4Y_ERROR(16961): 	at android.view.ViewRootImpl$InputStage.apply(ViewRootImpl.java:8196)
02-18 18:23:13.873 E/PR4Y_ERROR(16961): 	at android.view.ViewRootImpl$InputStage.deliver(ViewRootImpl.java:8169)
02-18 18:23:13.873 E/PR4Y_ERROR(16961): 	at android.view.ViewRootImpl.deliverInputEvent(ViewRootImpl.java:11483)
02-18 18:23:13.873 E/PR4Y_ERROR(16961): 	at android.view.ViewRootImpl.doProcessInputEvents(ViewRootImpl.java:11434)
02-18 18:23:13.873 E/PR4Y_ERROR(16961): 	at android.view.ViewRootImpl.enqueueInputEvent(ViewRootImpl.java:11395)
02-18 18:23:13.873 E/PR4Y_ERROR(16961): 	at android.view.ViewRootImpl$WindowInputEventReceiver.onInputEvent(ViewRootImpl.java:11667)
02-18 18:23:13.873 E/PR4Y_ERROR(16961): 	at android.view.InputEventReceiver.dispatchInputEvent(InputEventReceiver.java:337)
02-18 18:23:13.873 E/PR4Y_ERROR(16961): 	at android.os.MessageQueue.nativePollOnce(Native Method)
02-18 18:23:13.873 E/PR4Y_ERROR(16961): 	at android.os.MessageQueue.next(MessageQueue.java:355)
02-18 18:23:13.873 E/PR4Y_ERROR(16961): 	at android.os.Looper.loopOnce(Looper.java:203)
02-18 18:23:13.873 E/PR4Y_ERROR(16961): 	at android.os.Looper.loop(Looper.java:337)
02-18 18:23:13.873 E/PR4Y_ERROR(16961): 	at android.app.ActivityThread.main(ActivityThread.java:9608)
02-18 18:23:13.873 E/PR4Y_ERROR(16961): 	at java.lang.reflect.Method.invoke(Native Method)
02-18 18:23:13.873 E/PR4Y_ERROR(16961): 	at com.android.internal.os.RuntimeInit$MethodAndArgsCaller.run(RuntimeInit.java:615)
02-18 18:23:13.873 E/PR4Y_ERROR(16961): 	at com.android.internal.os.ZygoteInit.main(ZygoteInit.java:936)
02-18 18:23:13.873 I/PR4Y_APP(16961): Login: Intento sin nonce fall├│, intentando con nonce
02-18 18:23:13.893 E/libsensor-displayalgo( 2261): value of coefs 5,850.073000,4.965174,-2.685090,1.640057,-4.685160, line 101
02-18 18:23:13.904 E/LB      (16961): fail to open node: No such file or directory
02-18 18:23:13.911 E/LB      (16961): fail to open node: No such file or directory
02-18 18:23:13.928 E/LB      (16961): fail to open node: No such file or directory
02-18 18:23:13.935 E/LB      (16961): fail to open node: No such file or directory
02-18 18:23:13.938 E/LB      (16961): fail to open node: No such file or directory
02-18 18:23:13.944 E/LB      (16961): fail to open node: No such file or directory
02-18 18:23:13.951 E/LB      (16961): fail to open node: No such file or directory
02-18 18:23:13.959 E/LB      (16961): fail to open node: No such file or directory
02-18 18:23:13.967 E/LB      (16961): fail to open node: No such file or directory
02-18 18:23:13.976 E/LB      (16961): fail to open node: No such file or directory
02-18 18:23:13.984 E/LB      (16961): fail to open node: No such file or directory
02-18 18:23:13.992 E/LB      (16961): fail to open node: No such file or directory
02-18 18:23:14.000 E/LB      (16961): fail to open node: No such file or directory
02-18 18:23:14.008 E/LB      (16961): fail to open node: No such file or directory
02-18 18:23:14.018 E/LB      (16961): fail to open node: No such file or directory
02-18 18:23:14.027 E/LB      (16961): fail to open node: No such file or directory
02-18 18:23:14.034 E/LB      (16961): fail to open node: No such file or directory
02-18 18:23:14.195 E/libsensor-displayalgo( 2261): value of coefs 5,850.073000,4.965174,-2.685090,1.640057,-4.685160, line 101
02-18 18:23:14.202 E/JobScheduler.Background( 2702): Couldn't determine stopped state for unknown package: com.google.android.apps.turbo
02-18 18:23:14.203 E/JobScheduler.Background( 2702): Couldn't determine stopped state for unknown package: com.google.android.apps.turbo
02-18 18:23:14.203 E/JobScheduler.Background( 2702): Couldn't determine stopped state for unknown package: com.google.android.apps.turbo
02-18 18:23:14.204 E/JobScheduler.Background( 2702): Couldn't determine stopped state for unknown package: com.aura.oobe.deutsche
02-18 18:23:14.375 E/PR4Y_ERROR(16961): Auth error
02-18 18:23:14.375 E/PR4Y_ERROR(16961): java.lang.IllegalArgumentException: serverClientId should not be empty
02-18 18:23:14.375 E/PR4Y_ERROR(16961): 	at com.google.android.libraries.identity.googleid.GetGoogleIdOption$Builder.setServerClientId(com.google.android.libraries.identity.googleid:googleid@@1.1.1:1)
02-18 18:23:14.375 E/PR4Y_ERROR(16961): 	at com.pr4y.app.ui.viewmodel.LoginViewModel.performAuth(LoginViewModel.kt:75)
02-18 18:23:14.375 E/PR4Y_ERROR(16961): 	at com.pr4y.app.ui.viewmodel.LoginViewModel.access$performAuth(LoginViewModel.kt:44)
02-18 18:23:14.375 E/PR4Y_ERROR(16961): 	at com.pr4y.app.ui.viewmodel.LoginViewModel$onGoogleSignIn$1.invokeSuspend(LoginViewModel.kt:65)
02-18 18:23:14.375 E/PR4Y_ERROR(16961): 	at kotlin.coroutines.jvm.internal.BaseContinuationImpl.resumeWith(ContinuationImpl.kt:33)
02-18 18:23:14.375 E/PR4Y_ERROR(16961): 	at kotlinx.coroutines.DispatchedTaskKt.resume(DispatchedTask.kt:233)
02-18 18:23:14.375 E/PR4Y_ERROR(16961): 	at kotlinx.coroutines.DispatchedTaskKt.dispatch(DispatchedTask.kt:152)
02-18 18:23:14.375 E/PR4Y_ERROR(16961): 	at kotlinx.coroutines.CancellableContinuationImpl.dispatchResume(CancellableContinuationImpl.kt:470)
02-18 18:23:14.375 E/PR4Y_ERROR(16961): 	at kotlinx.coroutines.CancellableContinuationImpl.resumeImpl$kotlinx_coroutines_core(CancellableContinuationImpl.kt:504)
02-18 18:23:14.375 E/PR4Y_ERROR(16961): 	at kotlinx.coroutines.CancellableContinuationImpl.resumeImpl$kotlinx_coroutines_core$default(CancellableContinuationImpl.kt:493)
02-18 18:23:14.375 E/PR4Y_ERROR(16961): 	at kotlinx.coroutines.CancellableContinuationImpl.resumeUndispatched(CancellableContinuationImpl.kt:596)
02-18 18:23:14.375 E/PR4Y_ERROR(16961): 	at kotlinx.coroutines.android.HandlerContext.scheduleResumeAfterDelay$lambda$1(HandlerDispatcher.kt:141)
02-18 18:23:14.375 E/PR4Y_ERROR(16961): 	at kotlinx.coroutines.android.HandlerContext.$r8$lambda$1oICx0p9952ACqpdbT-DIvW6E9k(Unknown Source:0)
02-18 18:23:14.375 E/PR4Y_ERROR(16961): 	at kotlinx.coroutines.android.HandlerContext$$ExternalSyntheticLambda1.run(D8$$SyntheticClass:0)
02-18 18:23:14.375 E/PR4Y_ERROR(16961): 	at android.os.Handler.handleCallback(Handler.java:959)
02-18 18:23:14.375 E/PR4Y_ERROR(16961): 	at android.os.Handler.dispatchMessage(Handler.java:100)
02-18 18:23:14.375 E/PR4Y_ERROR(16961): 	at android.os.Looper.loopOnce(Looper.java:249)
02-18 18:23:14.375 E/PR4Y_ERROR(16961): 	at android.os.Looper.loop(Looper.java:337)
02-18 18:23:14.375 E/PR4Y_ERROR(16961): 	at android.app.ActivityThread.main(ActivityThread.java:9608)
02-18 18:23:14.375 E/PR4Y_ERROR(16961): 	at java.lang.reflect.Method.invoke(Native Method)
02-18 18:23:14.375 E/PR4Y_ERROR(16961): 	at com.android.internal.os.RuntimeInit$MethodAndArgsCaller.run(RuntimeInit.java:615)
02-18 18:23:14.375 E/PR4Y_ERROR(16961): 	at com.android.internal.os.ZygoteInit.main(ZygoteInit.java:936)
02-18 18:23:14.402 E/u4native(32704): [InfoLevelMessage] [INFO:not_a_file.cc(0)] NetworkServiceThread heartbeat, pid/tid: 32704/998, interval/index: 30s/165
02-18 18:23:14.492 E/libsensor-displayalgo( 2261): value of coefs 5,850.073000,4.965174,-2.685090,1.640057,-4.685160, line 101
02-18 18:23:14.718 E/u4native(32704): [InfoLevelMessage] [INFO:not_a_file.cc(0)] BrowserIOThread heartbeat, pid/tid: 32704/946, interval/index: 30s/165, ucCoreSoImplVersion: 5.12.11.0_250212150536
02-18 18:23:14.731 E/StackScroller( 4462): updateSidePadding: viewWidth is zero
02-18 18:23:14.736 E/HyperSentinel( 2702): -------------------------------------------------------
02-18 18:23:14.736 E/HyperSentinel( 2702): Event_OpenFileFDSize
02-18 18:23:14.737 E/HyperSentinel( 2702): -> audit event by proc 4462 "com.android.systemui": Fd increasement, peak, 839 -> 1084
02-18 18:23:14.778 E/StackScroller( 4462): updateSidePadding: viewWidth is zero
02-18 18:23:14.795 E/libsensor-displayalgo( 2261): value of coefs 5,850.073000,4.965174,-2.685090,1.640057,-4.685160, line 101
02-18 18:23:14.824 E/StackScroller( 4462): updateSidePadding: viewWidth is zero
02-18 18:23:14.840 E/StackScroller( 4462): updateSidePadding: viewWidth is zero
02-18 18:23:14.911 E/ANDR-PERF-MPCTL( 1468): Perflock Submit request limit reached.
02-18 18:23:14.994 E/libsensor-displayalgo( 2261): value of coefs 5,850.073000,4.965174,-2.685090,1.640057,-4.685160, line 101
02-18 18:23:15.473 E/sensors-hal( 1370): handle_sns_client_event:57, har-sensor-hal: time=160288274897967 data 5.000000
02-18 18:23:15.495 E/NotificationService( 2702): Package enqueue rate is 5.020256. Shedding 0|com.whatsapp|1|null|10297. package=com.whatsapp
02-18 18:23:15.559 E/ANDR-PERF-MPCTL( 1468): Perflock Submit request limit reached.
02-18 18:23:15.795 E/libsensor-displayalgo( 2261): value of coefs 5,850.073000,4.965174,-2.685090,1.640057,-4.685160, line 101
02-18 18:23:15.854 E/ANDR-PERF-MPCTL( 1468): Perflock Submit request limit reached.
02-18 18:23:15.895 E/RTMode  ( 2702): pkgName: com.pr4y.app has no permission
02-18 18:23:15.938 E/StackScroller( 4462): updateSidePadding: viewWidth is zero
02-18 18:23:15.991 E/libsensor-displayalgo( 2261): value of coefs 5,850.073000,4.965174,-2.685090,1.640057,-4.685160, line 101
02-18 18:23:15.992 E/PR4Y_ERROR(16961): Auth error
02-18 18:23:15.992 E/PR4Y_ERROR(16961): java.lang.IllegalArgumentException: serverClientId should not be empty
02-18 18:23:15.992 E/PR4Y_ERROR(16961): 	at com.google.android.libraries.identity.googleid.GetGoogleIdOption$Builder.setServerClientId(com.google.android.libraries.identity.googleid:googleid@@1.1.1:1)
02-18 18:23:15.992 E/PR4Y_ERROR(16961): 	at com.pr4y.app.ui.viewmodel.LoginViewModel.performAuth(LoginViewModel.kt:75)
02-18 18:23:15.992 E/PR4Y_ERROR(16961): 	at com.pr4y.app.ui.viewmodel.LoginViewModel.access$performAuth(LoginViewModel.kt:44)
02-18 18:23:15.992 E/PR4Y_ERROR(16961): 	at com.pr4y.app.ui.viewmodel.LoginViewModel$onGoogleSignIn$1.invokeSuspend(LoginViewModel.kt:62)
02-18 18:23:15.992 E/PR4Y_ERROR(16961): 	at kotlin.coroutines.jvm.internal.BaseContinuationImpl.resumeWith(ContinuationImpl.kt:33)
02-18 18:23:15.992 E/PR4Y_ERROR(16961): 	at kotlinx.coroutines.internal.DispatchedContinuationKt.resumeCancellableWith(DispatchedContinuation.kt:375)
02-18 18:23:15.992 E/PR4Y_ERROR(16961): 	at kotlinx.coroutines.intrinsics.CancellableKt.startCoroutineCancellable(Cancellable.kt:26)
02-18 18:23:15.992 E/PR4Y_ERROR(16961): 	at kotlinx.coroutines.CoroutineStart.invoke(CoroutineStart.kt:358)
02-18 18:23:15.992 E/PR4Y_ERROR(16961): 	at kotlinx.coroutines.AbstractCoroutine.start(AbstractCoroutine.kt:134)
02-18 18:23:15.992 E/PR4Y_ERROR(16961): 	at kotlinx.coroutines.BuildersKt__Builders_commonKt.launch(Builders.common.kt:52)
02-18 18:23:15.992 E/PR4Y_ERROR(16961): 	at kotlinx.coroutines.BuildersKt.launch(Unknown Source:1)
02-18 18:23:15.992 E/PR4Y_ERROR(16961): 	at kotlinx.coroutines.BuildersKt__Builders_commonKt.launch$default(Builders.common.kt:43)
02-18 18:23:15.992 E/PR4Y_ERROR(16961): 	at kotlinx.coroutines.BuildersKt.launch$default(Unknown Source:1)
02-18 18:23:15.992 E/PR4Y_ERROR(16961): 	at com.pr4y.app.ui.viewmodel.LoginViewModel.onGoogleSignIn(LoginViewModel.kt:59)
02-18 18:23:15.992 E/PR4Y_ERROR(16961): 	at com.pr4y.app.ui.screens.LoginScreenKt$LoginScreen$3$1$1$2.invoke$lambda$1$lambda$0(LoginScreen.kt:138)
02-18 18:23:15.992 E/PR4Y_ERROR(16961): 	at com.pr4y.app.ui.screens.LoginScreenKt$LoginScreen$3$1$1$2.$r8$lambda$xoKdiSde7Rq1NXCn-hutNzZk0zo(Unknown Source:0)
02-18 18:23:15.992 E/PR4Y_ERROR(16961): 	at com.pr4y.app.ui.screens.LoginScreenKt$LoginScreen$3$1$1$2$$ExternalSyntheticLambda0.invoke(D8$$SyntheticClass:0)
02-18 18:23:15.992 E/PR4Y_ERROR(16961): 	at androidx.compose.foundation.ClickableNode$clickPointerInput$3.invoke-k-4lQ0M(Clickable.kt:639)
02-18 18:23:15.992 E/PR4Y_ERROR(16961): 	at androidx.compose.foundation.ClickableNode$clickPointerInput$3.invoke(Clickable.kt:633)
02-18 18:23:15.992 E/PR4Y_ERROR(16961): 	at androidx.compose.foundation.gestures.TapGestureDetectorKt$detectTapAndPress$2$1.invokeSuspend(TapGestureDetector.kt:255)
02-18 18:23:15.992 E/PR4Y_ERROR(16961): 	at kotlin.coroutines.jvm.internal.BaseContinuationImpl.resumeWith(ContinuationImpl.kt:33)
02-18 18:23:15.992 E/PR4Y_ERROR(16961): 	at kotlinx.coroutines.DispatchedTaskKt.resume(DispatchedTask.kt:163)
02-18 18:23:15.992 E/PR4Y_ERROR(16961): 	at kotlinx.coroutines.DispatchedTaskKt.dispatch(DispatchedTask.kt:152)
02-18 18:23:15.992 E/PR4Y_ERROR(16961): 	at kotlinx.coroutines.CancellableContinuationImpl.dispatchResume(CancellableContinuationImpl.kt:470)
02-18 18:23:15.992 E/PR4Y_ERROR(16961): 	at kotlinx.coroutines.CancellableContinuationImpl.resumeImpl$kotlinx_coroutines_core(CancellableContinuationImpl.kt:504)
02-18 18:23:15.992 E/PR4Y_ERROR(16961): 	at kotlinx.coroutines.CancellableContinuationImpl.resumeImpl$kotlinx_coroutines_core$default(CancellableContinuationImpl.kt:493)
02-18 18:23:15.992 E/PR4Y_ERROR(16961): 	at kotlinx.coroutines.CancellableContinuationImpl.resumeWith(CancellableContinuationImpl.kt:359)
02-18 18:23:15.992 E/PR4Y_ERROR(16961): 	at androidx.compose.ui.input.pointer.SuspendingPointerInputModifierNodeImpl$PointerEventHandlerCoroutine.offerPointerEvent(SuspendingPointerInputFilter.kt:719)
02-18 18:23:15.992 E/PR4Y_ERROR(16961): 	at androidx.compose.ui.input.pointer.SuspendingPointerInputModifierNodeImpl.dispatchPointerEvent(SuspendingPointerInputFilter.kt:598)
02-18 18:23:15.992 E/PR4Y_ERROR(16961): 	at androidx.compose.ui.input.pointer.SuspendingPointerInputModifierNodeImpl.onPointerEvent-H0pRuoY(SuspendingPointerInputFilter.kt:620)
02-18 18:23:15.992 E/PR4Y_ERROR(16961): 	at androidx.compose.foundation.AbstractClickableNode.onPointerEvent-H0pRuoY(Clickable.kt:1044)
02-18 18:23:15.992 E/PR4Y_ERROR(16961): 	at androidx.compose.ui.input.pointer.Node.dispatchMainEventPass(HitPathTracker.kt:387)
02-18 18:23:15.992 E/PR4Y_ERROR(16961): 	at androidx.compose.ui.input.pointer.Node.dispatchMainEventPass(HitPathTracker.kt:373)
02-18 18:23:15.992 E/PR4Y_ERROR(16961): 	at androidx.compose.ui.input.pointer.Node.dispatchMainEventPass(HitPathTracker.kt:373)
02-18 18:23:15.992 E/PR4Y_ERROR(16961): 	at androidx.compose.ui.input.pointer.NodeParent.dispatchMainEventPass(HitPathTracker.kt:229)
02-18 18:23:15.992 E/PR4Y_ERROR(16961): 	at androidx.compose.ui.input.pointer.HitPathTracker.dispatchChanges(HitPathTracker.kt:144)
02-18 18:23:15.992 E/PR4Y_ERROR(16961): 	at androidx.compose.ui.input.pointer.PointerInputEventProcessor.process-BIzXfog(PointerInputEventProcessor.kt:120)
02-18 18:23:15.992 E/PR4Y_ERROR(16961): 	at androidx.compose.ui.platform.AndroidComposeView.sendMotionEvent-8iAsVTc(AndroidComposeView.android.kt:1994)
02-18 18:23:15.992 E/PR4Y_ERROR(16961): 	at androidx.compose.ui.platform.AndroidComposeView.handleMotionEvent-8iAsVTc(AndroidComposeView.android.kt:1945)
02-18 18:23:15.993 E/PR4Y_ERROR(16961): 	at androidx.compose.ui.platform.AndroidComposeView.dispatchTouchEvent(AndroidComposeView.android.kt:1829)
02-18 18:23:15.993 E/PR4Y_ERROR(16961): 	at android.view.ViewGroup.dispatchTransformedTouchEvent(ViewGroup.java:3158)
02-18 18:23:15.993 E/PR4Y_ERROR(16961): 	at android.view.ViewGroup.dispatchTouchEvent(ViewGroup.java:2826)
02-18 18:23:15.993 E/PR4Y_ERROR(16961): 	at android.view.ViewGroup.dispatchTransformedTouchEvent(ViewGroup.java:3158)
02-18 18:23:15.993 E/PR4Y_ERROR(16961): 	at android.view.ViewGroup.dispatchTouchEvent(ViewGroup.java:2826)
02-18 18:23:15.993 E/PR4Y_ERROR(16961): 	at android.view.ViewGroup.dispatchTransformedTouchEvent(ViewGroup.java:3158)
02-18 18:23:15.993 E/PR4Y_ERROR(16961): 	at android.view.ViewGroup.dispatchTouchEvent(ViewGroup.java:2826)
02-18 18:23:15.993 E/PR4Y_ERROR(16961): 	at android.view.ViewGroup.dispatchTransformedTouchEvent(ViewGroup.java:3158)
02-18 18:23:15.993 E/PR4Y_ERROR(16961): 	at android.view.ViewGroup.dispatchTouchEvent(ViewGroup.java:2826)
02-18 18:23:15.993 E/PR4Y_ERROR(16961): 	at android.view.ViewGroup.dispatchTransformedTouchEvent(ViewGroup.java:3158)
02-18 18:23:15.993 E/PR4Y_ERROR(16961): 	at android.view.ViewGroup.dispatchTouchEvent(ViewGroup.java:2826)
02-18 18:23:15.993 E/PR4Y_ERROR(16961): 	at android.view.ViewGroup.dispatchTransformedTouchEvent(ViewGroup.java:3158)
02-18 18:23:15.993 E/PR4Y_ERROR(16961): 	at android.view.ViewGroup.dispatchTouchEvent(ViewGroup.java:2826)
02-18 18:23:15.993 E/PR4Y_ERROR(16961): 	at com.android.internal.policy.DecorView.superDispatchTouchEvent(DecorView.java:553)
02-18 18:23:15.993 E/PR4Y_ERROR(16961): 	at com.android.internal.policy.PhoneWindow.superDispatchTouchEvent(PhoneWindow.java:1984)
02-18 18:23:15.993 E/PR4Y_ERROR(16961): 	at android.app.Activity.dispatchTouchEvent(Activity.java:4690)
02-18 18:23:15.993 E/PR4Y_ERROR(16961): 	at androidx.appcompat.view.WindowCallbackWrapper.dispatchTouchEvent(WindowCallbackWrapper.java:69)
02-18 18:23:15.993 E/PR4Y_ERROR(16961): 	at com.android.internal.policy.DecorView.dispatchTouchEvent(DecorView.java:511)
02-18 18:23:15.993 E/PR4Y_ERROR(16961): 	at android.view.View.dispatchPointerEvent(View.java:16980)
02-18 18:23:15.993 E/PR4Y_ERROR(16961): 	at com.xiaomi.mirror.MiuiMirrorImpl.isHandled(MiuiMirrorImpl.java:152)
02-18 18:23:15.993 E/PR4Y_ERROR(16961): 	at android.view.ViewRootImpl$ViewPostImeInputStage.processPointerEvent(ViewRootImpl.java:9071)
02-18 18:23:15.993 E/PR4Y_ERROR(16961): 	at android.view.ViewRootImpl$ViewPostImeInputStage.onProcess(ViewRootImpl.java:8813)
02-18 18:23:15.993 E/PR4Y_ERROR(16961): 	at android.view.ViewRootImpl$InputStage.deliver(ViewRootImpl.java:8165)
02-18 18:23:15.993 E/PR4Y_ERROR(16961): 	at android.view.ViewRootImpl$InputStage.onDeliverToNext(ViewRootImpl.java:8222)
02-18 18:23:15.993 E/PR4Y_ERROR(16961): 	at android.view.ViewRootImpl$InputStage.forward(ViewRootImpl.java:8188)
02-18 18:23:15.993 E/PR4Y_ERROR(16961): 	at android.view.ViewRootImpl$AsyncInputStage.forward(ViewRootImpl.java:8354)
02-18 18:23:15.993 E/PR4Y_ERROR(16961): 	at android.view.ViewRootImpl$InputStage.apply(ViewRootImpl.java:8196)
02-18 18:23:15.993 E/PR4Y_ERROR(16961): 	at android.view.ViewRootImpl$AsyncInputStage.apply(ViewRootImpl.java:8411)
02-18 18:23:15.993 E/PR4Y_ERROR(16961): 	at android.view.ViewRootImpl$InputStage.deliver(ViewRootImpl.java:8169)
02-18 18:23:15.993 E/PR4Y_ERROR(16961): 	at android.view.ViewRootImpl$InputStage.onDeliverToNext(ViewRootImpl.java:8222)
02-18 18:23:15.993 E/PR4Y_ERROR(16961): 	at android.view.ViewRootImpl$InputStage.forward(ViewRootImpl.java:8188)
02-18 18:23:15.993 E/PR4Y_ERROR(16961): 	at android.view.ViewRootImpl$InputStage.apply(ViewRootImpl.java:8196)
02-18 18:23:15.993 E/PR4Y_ERROR(16961): 	at android.view.ViewRootImpl$InputStage.deliver(ViewRootImpl.java:8169)
02-18 18:23:15.993 E/PR4Y_ERROR(16961): 	at android.view.ViewRootImpl.deliverInputEvent(ViewRootImpl.java:11483)
02-18 18:23:15.993 E/PR4Y_ERROR(16961): 	at android.view.ViewRootImpl.doProcessInputEvents(ViewRootImpl.java:11434)
02-18 18:23:15.993 E/PR4Y_ERROR(16961): 	at android.view.ViewRootImpl.enqueueInputEvent(ViewRootImpl.java:11395)
02-18 18:23:15.993 E/PR4Y_ERROR(16961): 	at android.view.ViewRootImpl$WindowInputEventReceiver.onInputEvent(ViewRootImpl.java:11667)
02-18 18:23:15.993 E/PR4Y_ERROR(16961): 	at android.view.InputEventReceiver.dispatchInputEvent(InputEventReceiver.java:337)
02-18 18:23:15.993 E/PR4Y_ERROR(16961): 	at android.os.MessageQueue.nativePollOnce(Native Method)
02-18 18:23:15.993 E/PR4Y_ERROR(16961): 	at android.os.MessageQueue.next(MessageQueue.java:355)
02-18 18:23:15.993 E/PR4Y_ERROR(16961): 	at android.os.Looper.loopOnce(Looper.java:203)
02-18 18:23:15.993 E/PR4Y_ERROR(16961): 	at android.os.Looper.loop(Looper.java:337)
02-18 18:23:15.993 E/PR4Y_ERROR(16961): 	at android.app.ActivityThread.main(ActivityThread.java:9608)
02-18 18:23:15.993 E/PR4Y_ERROR(16961): 	at java.lang.reflect.Method.invoke(Native Method)
02-18 18:23:15.993 E/PR4Y_ERROR(16961): 	at com.android.internal.os.RuntimeInit$MethodAndArgsCaller.run(RuntimeInit.java:615)
02-18 18:23:15.993 E/PR4Y_ERROR(16961): 	at com.android.internal.os.ZygoteInit.main(ZygoteInit.java:936)
02-18 18:23:15.993 I/PR4Y_APP(16961): Login: Intento sin nonce fall├│, intentando con nonce
02-18 18:23:15.998 E/StackScroller( 4462): updateSidePadding: viewWidth is zero
02-18 18:23:16.010 E/StackScroller( 4462): updateSidePadding: viewWidth is zero
02-18 18:23:16.027 E/StackScroller( 4462): updateSidePadding: viewWidth is zero
02-18 18:23:16.293 E/libsensor-displayalgo( 2261): value of coefs 5,850.073000,4.965174,-2.685090,1.640057,-4.685160, line 101
02-18 18:23:16.405 E/WifiClientModeImpl[19599:wlan0]( 2702): Failed to get mlo info
02-18 18:23:16.455 E/sensors-hal( 1370): handle_sns_client_event:57, har-sensor-hal: time=160289257611457 data 0.000000
02-18 18:23:16.498 E/PR4Y_ERROR(16961): Auth error
02-18 18:23:16.498 E/PR4Y_ERROR(16961): java.lang.IllegalArgumentException: serverClientId should not be empty
02-18 18:23:16.498 E/PR4Y_ERROR(16961): 	at com.google.android.libraries.identity.googleid.GetGoogleIdOption$Builder.setServerClientId(com.google.android.libraries.identity.googleid:googleid@@1.1.1:1)
02-18 18:23:16.498 E/PR4Y_ERROR(16961): 	at com.pr4y.app.ui.viewmodel.LoginViewModel.performAuth(LoginViewModel.kt:75)
02-18 18:23:16.498 E/PR4Y_ERROR(16961): 	at com.pr4y.app.ui.viewmodel.LoginViewModel.access$performAuth(LoginViewModel.kt:44)
02-18 18:23:16.498 E/PR4Y_ERROR(16961): 	at com.pr4y.app.ui.viewmodel.LoginViewModel$onGoogleSignIn$1.invokeSuspend(LoginViewModel.kt:65)
02-18 18:23:16.498 E/PR4Y_ERROR(16961): 	at kotlin.coroutines.jvm.internal.BaseContinuationImpl.resumeWith(ContinuationImpl.kt:33)
02-18 18:23:16.498 E/PR4Y_ERROR(16961): 	at kotlinx.coroutines.DispatchedTaskKt.resume(DispatchedTask.kt:233)
02-18 18:23:16.498 E/PR4Y_ERROR(16961): 	at kotlinx.coroutines.DispatchedTaskKt.dispatch(DispatchedTask.kt:152)
02-18 18:23:16.498 E/PR4Y_ERROR(16961): 	at kotlinx.coroutines.CancellableContinuationImpl.dispatchResume(CancellableContinuationImpl.kt:470)
02-18 18:23:16.498 E/PR4Y_ERROR(16961): 	at kotlinx.coroutines.CancellableContinuationImpl.resumeImpl$kotlinx_coroutines_core(CancellableContinuationImpl.kt:504)
02-18 18:23:16.498 E/PR4Y_ERROR(16961): 	at kotlinx.coroutines.CancellableContinuationImpl.resumeImpl$kotlinx_coroutines_core$default(CancellableContinuationImpl.kt:493)
02-18 18:23:16.498 E/PR4Y_ERROR(16961): 	at kotlinx.coroutines.CancellableContinuationImpl.resumeUndispatched(CancellableContinuationImpl.kt:596)
02-18 18:23:16.498 E/PR4Y_ERROR(16961): 	at kotlinx.coroutines.android.HandlerContext.scheduleResumeAfterDelay$lambda$1(HandlerDispatcher.kt:141)
02-18 18:23:16.498 E/PR4Y_ERROR(16961): 	at kotlinx.coroutines.android.HandlerContext.$r8$lambda$1oICx0p9952ACqpdbT-DIvW6E9k(Unknown Source:0)
02-18 18:23:16.498 E/PR4Y_ERROR(16961): 	at kotlinx.coroutines.android.HandlerContext$$ExternalSyntheticLambda1.run(D8$$SyntheticClass:0)
02-18 18:23:16.498 E/PR4Y_ERROR(16961): 	at android.os.Handler.handleCallback(Handler.java:959)
02-18 18:23:16.498 E/PR4Y_ERROR(16961): 	at android.os.Handler.dispatchMessage(Handler.java:100)
02-18 18:23:16.498 E/PR4Y_ERROR(16961): 	at android.os.Looper.loopOnce(Looper.java:249)
02-18 18:23:16.498 E/PR4Y_ERROR(16961): 	at android.os.Looper.loop(Looper.java:337)
02-18 18:23:16.498 E/PR4Y_ERROR(16961): 	at android.app.ActivityThread.main(ActivityThread.java:9608)
02-18 18:23:16.498 E/PR4Y_ERROR(16961): 	at java.lang.reflect.Method.invoke(Native Method)
02-18 18:23:16.498 E/PR4Y_ERROR(16961): 	at com.android.internal.os.RuntimeInit$MethodAndArgsCaller.run(RuntimeInit.java:615)
02-18 18:23:16.498 E/PR4Y_ERROR(16961): 	at com.android.internal.os.ZygoteInit.main(ZygoteInit.java:936)
02-18 18:23:16.591 E/libsensor-displayalgo( 2261): value of coefs 5,850.073000,4.965174,-2.685090,1.640057,-4.685160, line 101
02-18 18:23:16.893 E/libsensor-displayalgo( 2261): value of coefs 5,850.073000,4.965174,-2.685090,1.640057,-4.685160, line 101
02-18 18:23:17.009 E/ANDR-PERF-MPCTL( 1468): Perflock Submit request limit reached.
02-18 18:23:17.094 E/libsensor-displayalgo( 2261): value of coefs 5,850.073000,4.965174,-2.685090,1.640057,-4.685160, line 101
02-18 18:23:17.455 E/sensors-hal( 1370): handle_sns_client_event:57, har-sensor-hal: time=160290258023175 data 5.000000
02-18 18:23:17.538 E/StackScroller( 4462): updateSidePadding: viewWidth is zero
02-18 18:23:17.546 E/ANDR-PERF-MPCTL( 1468): Perflock Submit request limit reached.
02-18 18:23:17.592 E/libsensor-displayalgo( 2261): value of coefs 5,850.073000,4.965174,-2.685090,1.640057,-4.685160, line 101
02-18 18:23:17.594 E/StackScroller( 4462): updateSidePadding: viewWidth is zero
02-18 18:23:17.612 E/HyperSentinel( 2702): -------------------------------------------------------
02-18 18:23:17.613 E/HyperSentinel( 2702): Event_OpenFileFDSize
02-18 18:23:17.613 E/HyperSentinel( 2702): -> audit event by proc 4462 "com.android.systemui": Fd increasement, peak, 1084 -> 1356
02-18 18:23:17.625 E/StackScroller( 4462): updateSidePadding: viewWidth is zero
02-18 18:23:17.641 E/StackScroller( 4462): updateSidePadding: viewWidth is zero
02-18 18:23:17.737 E/RTMode  ( 2702): pkgName: com.pr4y.app has no permission
02-18 18:23:17.783 E/ANDR-PERF-MPCTL( 1468): Perflock Submit request limit reached.
02-18 18:23:17.850 E/PR4Y_ERROR(16961): Auth error
02-18 18:23:17.850 E/PR4Y_ERROR(16961): java.lang.IllegalArgumentException: serverClientId should not be empty
02-18 18:23:17.850 E/PR4Y_ERROR(16961): 	at com.google.android.libraries.identity.googleid.GetGoogleIdOption$Builder.setServerClientId(com.google.android.libraries.identity.googleid:googleid@@1.1.1:1)
02-18 18:23:17.850 E/PR4Y_ERROR(16961): 	at com.pr4y.app.ui.viewmodel.LoginViewModel.performAuth(LoginViewModel.kt:75)
02-18 18:23:17.850 E/PR4Y_ERROR(16961): 	at com.pr4y.app.ui.viewmodel.LoginViewModel.access$performAuth(LoginViewModel.kt:44)
02-18 18:23:17.850 E/PR4Y_ERROR(16961): 	at com.pr4y.app.ui.viewmodel.LoginViewModel$onGoogleSignIn$1.invokeSuspend(LoginViewModel.kt:62)
02-18 18:23:17.850 E/PR4Y_ERROR(16961): 	at kotlin.coroutines.jvm.internal.BaseContinuationImpl.resumeWith(ContinuationImpl.kt:33)
02-18 18:23:17.850 E/PR4Y_ERROR(16961): 	at kotlinx.coroutines.internal.DispatchedContinuationKt.resumeCancellableWith(DispatchedContinuation.kt:375)
02-18 18:23:17.850 E/PR4Y_ERROR(16961): 	at kotlinx.coroutines.intrinsics.CancellableKt.startCoroutineCancellable(Cancellable.kt:26)
02-18 18:23:17.850 E/PR4Y_ERROR(16961): 	at kotlinx.coroutines.CoroutineStart.invoke(CoroutineStart.kt:358)
02-18 18:23:17.850 E/PR4Y_ERROR(16961): 	at kotlinx.coroutines.AbstractCoroutine.start(AbstractCoroutine.kt:134)
02-18 18:23:17.850 E/PR4Y_ERROR(16961): 	at kotlinx.coroutines.BuildersKt__Builders_commonKt.launch(Builders.common.kt:52)
02-18 18:23:17.850 E/PR4Y_ERROR(16961): 	at kotlinx.coroutines.BuildersKt.launch(Unknown Source:1)
02-18 18:23:17.850 E/PR4Y_ERROR(16961): 	at kotlinx.coroutines.BuildersKt__Builders_commonKt.launch$default(Builders.common.kt:43)
02-18 18:23:17.850 E/PR4Y_ERROR(16961): 	at kotlinx.coroutines.BuildersKt.launch$default(Unknown Source:1)
02-18 18:23:17.850 E/PR4Y_ERROR(16961): 	at com.pr4y.app.ui.viewmodel.LoginViewModel.onGoogleSignIn(LoginViewModel.kt:59)
02-18 18:23:17.850 E/PR4Y_ERROR(16961): 	at com.pr4y.app.ui.screens.LoginScreenKt$LoginScreen$3$1$1$2.invoke$lambda$1$lambda$0(LoginScreen.kt:138)
02-18 18:23:17.850 E/PR4Y_ERROR(16961): 	at com.pr4y.app.ui.screens.LoginScreenKt$LoginScreen$3$1$1$2.$r8$lambda$xoKdiSde7Rq1NXCn-hutNzZk0zo(Unknown Source:0)
02-18 18:23:17.850 E/PR4Y_ERROR(16961): 	at com.pr4y.app.ui.screens.LoginScreenKt$LoginScreen$3$1$1$2$$ExternalSyntheticLambda0.invoke(D8$$SyntheticClass:0)
02-18 18:23:17.850 E/PR4Y_ERROR(16961): 	at androidx.compose.foundation.ClickableNode$clickPointerInput$3.invoke-k-4lQ0M(Clickable.kt:639)
02-18 18:23:17.850 E/PR4Y_ERROR(16961): 	at androidx.compose.foundation.ClickableNode$clickPointerInput$3.invoke(Clickable.kt:633)
02-18 18:23:17.850 E/PR4Y_ERROR(16961): 	at androidx.compose.foundation.gestures.TapGestureDetectorKt$detectTapAndPress$2$1.invokeSuspend(TapGestureDetector.kt:255)
02-18 18:23:17.850 E/PR4Y_ERROR(16961): 	at kotlin.coroutines.jvm.internal.BaseContinuationImpl.resumeWith(ContinuationImpl.kt:33)
02-18 18:23:17.850 E/PR4Y_ERROR(16961): 	at kotlinx.coroutines.DispatchedTaskKt.resume(DispatchedTask.kt:163)
02-18 18:23:17.850 E/PR4Y_ERROR(16961): 	at kotlinx.coroutines.DispatchedTaskKt.dispatch(DispatchedTask.kt:152)
02-18 18:23:17.850 E/PR4Y_ERROR(16961): 	at kotlinx.coroutines.CancellableContinuationImpl.dispatchResume(CancellableContinuationImpl.kt:470)
02-18 18:23:17.850 E/PR4Y_ERROR(16961): 	at kotlinx.coroutines.CancellableContinuationImpl.resumeImpl$kotlinx_coroutines_core(CancellableContinuationImpl.kt:504)
02-18 18:23:17.850 E/PR4Y_ERROR(16961): 	at kotlinx.coroutines.CancellableContinuationImpl.resumeImpl$kotlinx_coroutines_core$default(CancellableContinuationImpl.kt:493)
02-18 18:23:17.850 E/PR4Y_ERROR(16961): 	at kotlinx.coroutines.CancellableContinuationImpl.resumeWith(CancellableContinuationImpl.kt:359)
02-18 18:23:17.850 E/PR4Y_ERROR(16961): 	at androidx.compose.ui.input.pointer.SuspendingPointerInputModifierNodeImpl$PointerEventHandlerCoroutine.offerPointerEvent(SuspendingPointerInputFilter.kt:719)
02-18 18:23:17.850 E/PR4Y_ERROR(16961): 	at androidx.compose.ui.input.pointer.SuspendingPointerInputModifierNodeImpl.dispatchPointerEvent(SuspendingPointerInputFilter.kt:598)
02-18 18:23:17.850 E/PR4Y_ERROR(16961): 	at androidx.compose.ui.input.pointer.SuspendingPointerInputModifierNodeImpl.onPointerEvent-H0pRuoY(SuspendingPointerInputFilter.kt:620)
02-18 18:23:17.850 E/PR4Y_ERROR(16961): 	at androidx.compose.foundation.AbstractClickableNode.onPointerEvent-H0pRuoY(Clickable.kt:1044)
02-18 18:23:17.850 E/PR4Y_ERROR(16961): 	at androidx.compose.ui.input.pointer.Node.dispatchMainEventPass(HitPathTracker.kt:387)
02-18 18:23:17.850 E/PR4Y_ERROR(16961): 	at androidx.compose.ui.input.pointer.Node.dispatchMainEventPass(HitPathTracker.kt:373)
02-18 18:23:17.850 E/PR4Y_ERROR(16961): 	at androidx.compose.ui.input.pointer.Node.dispatchMainEventPass(HitPathTracker.kt:373)
02-18 18:23:17.850 E/PR4Y_ERROR(16961): 	at androidx.compose.ui.input.pointer.NodeParent.dispatchMainEventPass(HitPathTracker.kt:229)
02-18 18:23:17.850 E/PR4Y_ERROR(16961): 	at androidx.compose.ui.input.pointer.HitPathTracker.dispatchChanges(HitPathTracker.kt:144)
02-18 18:23:17.850 E/PR4Y_ERROR(16961): 	at androidx.compose.ui.input.pointer.PointerInputEventProcessor.process-BIzXfog(PointerInputEventProcessor.kt:120)
02-18 18:23:17.850 E/PR4Y_ERROR(16961): 	at androidx.compose.ui.platform.AndroidComposeView.sendMotionEvent-8iAsVTc(AndroidComposeView.android.kt:1994)
02-18 18:23:17.850 E/PR4Y_ERROR(16961): 	at androidx.compose.ui.platform.AndroidComposeView.handleMotionEvent-8iAsVTc(AndroidComposeView.android.kt:1945)
02-18 18:23:17.850 E/PR4Y_ERROR(16961): 	at androidx.compose.ui.platform.AndroidComposeView.dispatchTouchEvent(AndroidComposeView.android.kt:1829)
02-18 18:23:17.850 E/PR4Y_ERROR(16961): 	at android.view.ViewGroup.dispatchTransformedTouchEvent(ViewGroup.java:3158)
02-18 18:23:17.850 E/PR4Y_ERROR(16961): 	at android.view.ViewGroup.dispatchTouchEvent(ViewGroup.java:2826)
02-18 18:23:17.850 E/PR4Y_ERROR(16961): 	at android.view.ViewGroup.dispatchTransformedTouchEvent(ViewGroup.java:3158)
02-18 18:23:17.850 E/PR4Y_ERROR(16961): 	at android.view.ViewGroup.dispatchTouchEvent(ViewGroup.java:2826)
