02-18 18:23:27.287 E/PR4Y_ERROR(16961): 	at androidx.compose.foundation.ClickableNode$clickPointerInput$3.invoke(Clickable.kt:633)
02-18 18:23:27.287 E/PR4Y_ERROR(16961): 	at androidx.compose.foundation.gestures.TapGestureDetectorKt$detectTapAndPress$2$1.invokeSuspend(TapGestureDetector.kt:255)
02-18 18:23:27.287 E/PR4Y_ERROR(16961): 	at kotlin.coroutines.jvm.internal.BaseContinuationImpl.resumeWith(ContinuationImpl.kt:33)
02-18 18:23:27.287 E/PR4Y_ERROR(16961): 	at kotlinx.coroutines.DispatchedTaskKt.resume(DispatchedTask.kt:163)
02-18 18:23:27.287 E/PR4Y_ERROR(16961): 	at kotlinx.coroutines.DispatchedTaskKt.dispatch(DispatchedTask.kt:152)
02-18 18:23:27.287 E/PR4Y_ERROR(16961): 	at kotlinx.coroutines.CancellableContinuationImpl.dispatchResume(CancellableContinuationImpl.kt:470)
02-18 18:23:27.287 E/PR4Y_ERROR(16961): 	at kotlinx.coroutines.CancellableContinuationImpl.resumeImpl$kotlinx_coroutines_core(CancellableContinuationImpl.kt:504)
02-18 18:23:27.287 E/PR4Y_ERROR(16961): 	at kotlinx.coroutines.CancellableContinuationImpl.resumeImpl$kotlinx_coroutines_core$default(CancellableContinuationImpl.kt:493)
02-18 18:23:27.287 E/PR4Y_ERROR(16961): 	at kotlinx.coroutines.CancellableContinuationImpl.resumeWith(CancellableContinuationImpl.kt:359)
02-18 18:23:27.287 E/PR4Y_ERROR(16961): 	at androidx.compose.ui.input.pointer.SuspendingPointerInputModifierNodeImpl$PointerEventHandlerCoroutine.offerPointerEvent(SuspendingPointerInputFilter.kt:719)
02-18 18:23:27.287 E/PR4Y_ERROR(16961): 	at androidx.compose.ui.input.pointer.SuspendingPointerInputModifierNodeImpl.dispatchPointerEvent(SuspendingPointerInputFilter.kt:598)
02-18 18:23:27.287 E/PR4Y_ERROR(16961): 	at androidx.compose.ui.input.pointer.SuspendingPointerInputModifierNodeImpl.onPointerEvent-H0pRuoY(SuspendingPointerInputFilter.kt:620)
02-18 18:23:27.287 E/PR4Y_ERROR(16961): 	at androidx.compose.foundation.AbstractClickableNode.onPointerEvent-H0pRuoY(Clickable.kt:1044)
02-18 18:23:27.287 E/PR4Y_ERROR(16961): 	at androidx.compose.ui.input.pointer.Node.dispatchMainEventPass(HitPathTracker.kt:387)
02-18 18:23:27.287 E/PR4Y_ERROR(16961): 	at androidx.compose.ui.input.pointer.Node.dispatchMainEventPass(HitPathTracker.kt:373)
02-18 18:23:27.287 E/PR4Y_ERROR(16961): 	at androidx.compose.ui.input.pointer.Node.dispatchMainEventPass(HitPathTracker.kt:373)
02-18 18:23:27.287 E/PR4Y_ERROR(16961): 	at androidx.compose.ui.input.pointer.NodeParent.dispatchMainEventPass(HitPathTracker.kt:229)
02-18 18:23:27.287 E/PR4Y_ERROR(16961): 	at androidx.compose.ui.input.pointer.HitPathTracker.dispatchChanges(HitPathTracker.kt:144)
02-18 18:23:27.287 E/PR4Y_ERROR(16961): 	at androidx.compose.ui.input.pointer.PointerInputEventProcessor.process-BIzXfog(PointerInputEventProcessor.kt:120)
02-18 18:23:27.287 E/PR4Y_ERROR(16961): 	at androidx.compose.ui.platform.AndroidComposeView.sendMotionEvent-8iAsVTc(AndroidComposeView.android.kt:1994)
02-18 18:23:27.287 E/PR4Y_ERROR(16961): 	at androidx.compose.ui.platform.AndroidComposeView.handleMotionEvent-8iAsVTc(AndroidComposeView.android.kt:1945)
02-18 18:23:27.288 E/PR4Y_ERROR(16961): 	at androidx.compose.ui.platform.AndroidComposeView.dispatchTouchEvent(AndroidComposeView.android.kt:1829)
02-18 18:23:27.288 E/PR4Y_ERROR(16961): 	at android.view.ViewGroup.dispatchTransformedTouchEvent(ViewGroup.java:3158)
02-18 18:23:27.288 E/PR4Y_ERROR(16961): 	at android.view.ViewGroup.dispatchTouchEvent(ViewGroup.java:2826)
02-18 18:23:27.288 E/PR4Y_ERROR(16961): 	at android.view.ViewGroup.dispatchTransformedTouchEvent(ViewGroup.java:3158)
02-18 18:23:27.288 E/PR4Y_ERROR(16961): 	at android.view.ViewGroup.dispatchTouchEvent(ViewGroup.java:2826)
02-18 18:23:27.288 E/PR4Y_ERROR(16961): 	at android.view.ViewGroup.dispatchTransformedTouchEvent(ViewGroup.java:3158)
02-18 18:23:27.288 E/PR4Y_ERROR(16961): 	at android.view.ViewGroup.dispatchTouchEvent(ViewGroup.java:2826)
02-18 18:23:27.288 E/PR4Y_ERROR(16961): 	at android.view.ViewGroup.dispatchTransformedTouchEvent(ViewGroup.java:3158)
02-18 18:23:27.288 E/PR4Y_ERROR(16961): 	at android.view.ViewGroup.dispatchTouchEvent(ViewGroup.java:2826)
02-18 18:23:27.288 E/PR4Y_ERROR(16961): 	at android.view.ViewGroup.dispatchTransformedTouchEvent(ViewGroup.java:3158)
02-18 18:23:27.288 E/PR4Y_ERROR(16961): 	at android.view.ViewGroup.dispatchTouchEvent(ViewGroup.java:2826)
02-18 18:23:27.288 E/PR4Y_ERROR(16961): 	at android.view.ViewGroup.dispatchTransformedTouchEvent(ViewGroup.java:3158)
02-18 18:23:27.288 E/PR4Y_ERROR(16961): 	at android.view.ViewGroup.dispatchTouchEvent(ViewGroup.java:2826)
02-18 18:23:27.288 E/PR4Y_ERROR(16961): 	at com.android.internal.policy.DecorView.superDispatchTouchEvent(DecorView.java:553)
02-18 18:23:27.288 E/PR4Y_ERROR(16961): 	at com.android.internal.policy.PhoneWindow.superDispatchTouchEvent(PhoneWindow.java:1984)
02-18 18:23:27.288 E/PR4Y_ERROR(16961): 	at android.app.Activity.dispatchTouchEvent(Activity.java:4690)
02-18 18:23:27.288 E/PR4Y_ERROR(16961): 	at androidx.appcompat.view.WindowCallbackWrapper.dispatchTouchEvent(WindowCallbackWrapper.java:69)
02-18 18:23:27.288 E/PR4Y_ERROR(16961): 	at com.android.internal.policy.DecorView.dispatchTouchEvent(DecorView.java:511)
02-18 18:23:27.288 E/PR4Y_ERROR(16961): 	at android.view.View.dispatchPointerEvent(View.java:16980)
02-18 18:23:27.288 E/PR4Y_ERROR(16961): 	at com.xiaomi.mirror.MiuiMirrorImpl.isHandled(MiuiMirrorImpl.java:152)
02-18 18:23:27.288 E/PR4Y_ERROR(16961): 	at android.view.ViewRootImpl$ViewPostImeInputStage.processPointerEvent(ViewRootImpl.java:9071)
02-18 18:23:27.288 E/PR4Y_ERROR(16961): 	at android.view.ViewRootImpl$ViewPostImeInputStage.onProcess(ViewRootImpl.java:8813)
02-18 18:23:27.288 E/PR4Y_ERROR(16961): 	at android.view.ViewRootImpl$InputStage.deliver(ViewRootImpl.java:8165)
02-18 18:23:27.288 E/PR4Y_ERROR(16961): 	at android.view.ViewRootImpl$InputStage.onDeliverToNext(ViewRootImpl.java:8222)
02-18 18:23:27.288 E/PR4Y_ERROR(16961): 	at android.view.ViewRootImpl$InputStage.forward(ViewRootImpl.java:8188)
02-18 18:23:27.288 E/PR4Y_ERROR(16961): 	at android.view.ViewRootImpl$AsyncInputStage.forward(ViewRootImpl.java:8354)
02-18 18:23:27.288 E/PR4Y_ERROR(16961): 	at android.view.ViewRootImpl$InputStage.apply(ViewRootImpl.java:8196)
02-18 18:23:27.288 E/PR4Y_ERROR(16961): 	at android.view.ViewRootImpl$AsyncInputStage.apply(ViewRootImpl.java:8411)
02-18 18:23:27.288 E/PR4Y_ERROR(16961): 	at android.view.ViewRootImpl$InputStage.deliver(ViewRootImpl.java:8169)
02-18 18:23:27.288 E/PR4Y_ERROR(16961): 	at android.view.ViewRootImpl$InputStage.onDeliverToNext(ViewRootImpl.java:8222)
02-18 18:23:27.288 E/PR4Y_ERROR(16961): 	at android.view.ViewRootImpl$InputStage.forward(ViewRootImpl.java:8188)
02-18 18:23:27.288 E/PR4Y_ERROR(16961): 	at android.view.ViewRootImpl$InputStage.apply(ViewRootImpl.java:8196)
02-18 18:23:27.288 E/PR4Y_ERROR(16961): 	at android.view.ViewRootImpl$InputStage.deliver(ViewRootImpl.java:8169)
02-18 18:23:27.288 E/PR4Y_ERROR(16961): 	at android.view.ViewRootImpl.deliverInputEvent(ViewRootImpl.java:11483)
02-18 18:23:27.288 E/PR4Y_ERROR(16961): 	at android.view.ViewRootImpl.doProcessInputEvents(ViewRootImpl.java:11434)
02-18 18:23:27.288 E/PR4Y_ERROR(16961): 	at android.view.ViewRootImpl.enqueueInputEvent(ViewRootImpl.java:11395)
02-18 18:23:27.288 E/PR4Y_ERROR(16961): 	at android.view.ViewRootImpl$WindowInputEventReceiver.onInputEvent(ViewRootImpl.java:11667)
02-18 18:23:27.288 E/PR4Y_ERROR(16961): 	at android.view.InputEventReceiver.dispatchInputEvent(InputEventReceiver.java:337)
02-18 18:23:27.288 E/PR4Y_ERROR(16961): 	at android.os.MessageQueue.nativePollOnce(Native Method)
02-18 18:23:27.288 E/PR4Y_ERROR(16961): 	at android.os.MessageQueue.next(MessageQueue.java:355)
02-18 18:23:27.288 E/PR4Y_ERROR(16961): 	at android.os.Looper.loopOnce(Looper.java:203)
02-18 18:23:27.288 E/PR4Y_ERROR(16961): 	at android.os.Looper.loop(Looper.java:337)
02-18 18:23:27.288 E/PR4Y_ERROR(16961): 	at android.app.ActivityThread.main(ActivityThread.java:9608)
02-18 18:23:27.288 E/PR4Y_ERROR(16961): 	at java.lang.reflect.Method.invoke(Native Method)
02-18 18:23:27.288 E/PR4Y_ERROR(16961): 	at com.android.internal.os.RuntimeInit$MethodAndArgsCaller.run(RuntimeInit.java:615)
02-18 18:23:27.288 E/PR4Y_ERROR(16961): 	at com.android.internal.os.ZygoteInit.main(ZygoteInit.java:936)
02-18 18:23:27.288 I/PR4Y_APP(16961): Login: Intento sin nonce fall├│, intentando con nonce
02-18 18:23:27.394 E/libsensor-displayalgo( 2261): value of coefs 5,850.073000,4.965174,-2.685090,1.640057,-4.685160, line 101
02-18 18:23:27.400 E/RTMode  ( 2702): pkgName: com.pr4y.app has no permission
02-18 18:23:27.464 E/PR4Y_ERROR(16961): Auth error
02-18 18:23:27.464 E/PR4Y_ERROR(16961): java.lang.IllegalArgumentException: serverClientId should not be empty
02-18 18:23:27.464 E/PR4Y_ERROR(16961): 	at com.google.android.libraries.identity.googleid.GetGoogleIdOption$Builder.setServerClientId(com.google.android.libraries.identity.googleid:googleid@@1.1.1:1)
02-18 18:23:27.464 E/PR4Y_ERROR(16961): 	at com.pr4y.app.ui.viewmodel.LoginViewModel.performAuth(LoginViewModel.kt:75)
02-18 18:23:27.464 E/PR4Y_ERROR(16961): 	at com.pr4y.app.ui.viewmodel.LoginViewModel.access$performAuth(LoginViewModel.kt:44)
02-18 18:23:27.464 E/PR4Y_ERROR(16961): 	at com.pr4y.app.ui.viewmodel.LoginViewModel$onGoogleSignIn$1.invokeSuspend(LoginViewModel.kt:62)
02-18 18:23:27.464 E/PR4Y_ERROR(16961): 	at kotlin.coroutines.jvm.internal.BaseContinuationImpl.resumeWith(ContinuationImpl.kt:33)
02-18 18:23:27.464 E/PR4Y_ERROR(16961): 	at kotlinx.coroutines.internal.DispatchedContinuationKt.resumeCancellableWith(DispatchedContinuation.kt:375)
02-18 18:23:27.464 E/PR4Y_ERROR(16961): 	at kotlinx.coroutines.intrinsics.CancellableKt.startCoroutineCancellable(Cancellable.kt:26)
02-18 18:23:27.464 E/PR4Y_ERROR(16961): 	at kotlinx.coroutines.CoroutineStart.invoke(CoroutineStart.kt:358)
02-18 18:23:27.464 E/PR4Y_ERROR(16961): 	at kotlinx.coroutines.AbstractCoroutine.start(AbstractCoroutine.kt:134)
02-18 18:23:27.464 E/PR4Y_ERROR(16961): 	at kotlinx.coroutines.BuildersKt__Builders_commonKt.launch(Builders.common.kt:52)
02-18 18:23:27.464 E/PR4Y_ERROR(16961): 	at kotlinx.coroutines.BuildersKt.launch(Unknown Source:1)
02-18 18:23:27.464 E/PR4Y_ERROR(16961): 	at kotlinx.coroutines.BuildersKt__Builders_commonKt.launch$default(Builders.common.kt:43)
02-18 18:23:27.464 E/PR4Y_ERROR(16961): 	at kotlinx.coroutines.BuildersKt.launch$default(Unknown Source:1)
02-18 18:23:27.464 E/PR4Y_ERROR(16961): 	at com.pr4y.app.ui.viewmodel.LoginViewModel.onGoogleSignIn(LoginViewModel.kt:59)
02-18 18:23:27.464 E/PR4Y_ERROR(16961): 	at com.pr4y.app.ui.screens.LoginScreenKt$LoginScreen$3$1$1$2.invoke$lambda$1$lambda$0(LoginScreen.kt:138)
02-18 18:23:27.464 E/PR4Y_ERROR(16961): 	at com.pr4y.app.ui.screens.LoginScreenKt$LoginScreen$3$1$1$2.$r8$lambda$xoKdiSde7Rq1NXCn-hutNzZk0zo(Unknown Source:0)
02-18 18:23:27.464 E/PR4Y_ERROR(16961): 	at com.pr4y.app.ui.screens.LoginScreenKt$LoginScreen$3$1$1$2$$ExternalSyntheticLambda0.invoke(D8$$SyntheticClass:0)
02-18 18:23:27.464 E/PR4Y_ERROR(16961): 	at androidx.compose.foundation.ClickableNode$clickPointerInput$3.invoke-k-4lQ0M(Clickable.kt:639)
02-18 18:23:27.464 E/PR4Y_ERROR(16961): 	at androidx.compose.foundation.ClickableNode$clickPointerInput$3.invoke(Clickable.kt:633)
02-18 18:23:27.464 E/PR4Y_ERROR(16961): 	at androidx.compose.foundation.gestures.TapGestureDetectorKt$detectTapAndPress$2$1.invokeSuspend(TapGestureDetector.kt:255)
02-18 18:23:27.464 E/PR4Y_ERROR(16961): 	at kotlin.coroutines.jvm.internal.BaseContinuationImpl.resumeWith(ContinuationImpl.kt:33)
02-18 18:23:27.464 E/PR4Y_ERROR(16961): 	at kotlinx.coroutines.DispatchedTaskKt.resume(DispatchedTask.kt:163)
02-18 18:23:27.464 E/PR4Y_ERROR(16961): 	at kotlinx.coroutines.DispatchedTaskKt.dispatch(DispatchedTask.kt:152)
02-18 18:23:27.464 E/PR4Y_ERROR(16961): 	at kotlinx.coroutines.CancellableContinuationImpl.dispatchResume(CancellableContinuationImpl.kt:470)
02-18 18:23:27.464 E/PR4Y_ERROR(16961): 	at kotlinx.coroutines.CancellableContinuationImpl.resumeImpl$kotlinx_coroutines_core(CancellableContinuationImpl.kt:504)
02-18 18:23:27.464 E/PR4Y_ERROR(16961): 	at kotlinx.coroutines.CancellableContinuationImpl.resumeImpl$kotlinx_coroutines_core$default(CancellableContinuationImpl.kt:493)
02-18 18:23:27.464 E/PR4Y_ERROR(16961): 	at kotlinx.coroutines.CancellableContinuationImpl.resumeWith(CancellableContinuationImpl.kt:359)
02-18 18:23:27.464 E/PR4Y_ERROR(16961): 	at androidx.compose.ui.input.pointer.SuspendingPointerInputModifierNodeImpl$PointerEventHandlerCoroutine.offerPointerEvent(SuspendingPointerInputFilter.kt:719)
02-18 18:23:27.464 E/PR4Y_ERROR(16961): 	at androidx.compose.ui.input.pointer.SuspendingPointerInputModifierNodeImpl.dispatchPointerEvent(SuspendingPointerInputFilter.kt:598)
02-18 18:23:27.464 E/PR4Y_ERROR(16961): 	at androidx.compose.ui.input.pointer.SuspendingPointerInputModifierNodeImpl.onPointerEvent-H0pRuoY(SuspendingPointerInputFilter.kt:620)
02-18 18:23:27.464 E/PR4Y_ERROR(16961): 	at androidx.compose.foundation.AbstractClickableNode.onPointerEvent-H0pRuoY(Clickable.kt:1044)
02-18 18:23:27.464 E/PR4Y_ERROR(16961): 	at androidx.compose.ui.input.pointer.Node.dispatchMainEventPass(HitPathTracker.kt:387)
02-18 18:23:27.464 E/PR4Y_ERROR(16961): 	at androidx.compose.ui.input.pointer.Node.dispatchMainEventPass(HitPathTracker.kt:373)
02-18 18:23:27.464 E/PR4Y_ERROR(16961): 	at androidx.compose.ui.input.pointer.Node.dispatchMainEventPass(HitPathTracker.kt:373)
02-18 18:23:27.464 E/PR4Y_ERROR(16961): 	at androidx.compose.ui.input.pointer.NodeParent.dispatchMainEventPass(HitPathTracker.kt:229)
02-18 18:23:27.464 E/PR4Y_ERROR(16961): 	at androidx.compose.ui.input.pointer.HitPathTracker.dispatchChanges(HitPathTracker.kt:144)
02-18 18:23:27.464 E/PR4Y_ERROR(16961): 	at androidx.compose.ui.input.pointer.PointerInputEventProcessor.process-BIzXfog(PointerInputEventProcessor.kt:120)
02-18 18:23:27.464 E/PR4Y_ERROR(16961): 	at androidx.compose.ui.platform.AndroidComposeView.sendMotionEvent-8iAsVTc(AndroidComposeView.android.kt:1994)
02-18 18:23:27.464 E/PR4Y_ERROR(16961): 	at androidx.compose.ui.platform.AndroidComposeView.handleMotionEvent-8iAsVTc(AndroidComposeView.android.kt:1945)
02-18 18:23:27.465 E/PR4Y_ERROR(16961): 	at androidx.compose.ui.platform.AndroidComposeView.dispatchTouchEvent(AndroidComposeView.android.kt:1829)
02-18 18:23:27.465 E/PR4Y_ERROR(16961): 	at android.view.ViewGroup.dispatchTransformedTouchEvent(ViewGroup.java:3158)
02-18 18:23:27.465 E/PR4Y_ERROR(16961): 	at android.view.ViewGroup.dispatchTouchEvent(ViewGroup.java:2826)
02-18 18:23:27.465 E/PR4Y_ERROR(16961): 	at android.view.ViewGroup.dispatchTransformedTouchEvent(ViewGroup.java:3158)
02-18 18:23:27.465 E/PR4Y_ERROR(16961): 	at android.view.ViewGroup.dispatchTouchEvent(ViewGroup.java:2826)
02-18 18:23:27.465 E/PR4Y_ERROR(16961): 	at android.view.ViewGroup.dispatchTransformedTouchEvent(ViewGroup.java:3158)
02-18 18:23:27.465 E/PR4Y_ERROR(16961): 	at android.view.ViewGroup.dispatchTouchEvent(ViewGroup.java:2826)
02-18 18:23:27.465 E/PR4Y_ERROR(16961): 	at android.view.ViewGroup.dispatchTransformedTouchEvent(ViewGroup.java:3158)
02-18 18:23:27.465 E/PR4Y_ERROR(16961): 	at android.view.ViewGroup.dispatchTouchEvent(ViewGroup.java:2826)
02-18 18:23:27.465 E/PR4Y_ERROR(16961): 	at android.view.ViewGroup.dispatchTransformedTouchEvent(ViewGroup.java:3158)
02-18 18:23:27.465 E/PR4Y_ERROR(16961): 	at android.view.ViewGroup.dispatchTouchEvent(ViewGroup.java:2826)
02-18 18:23:27.465 E/PR4Y_ERROR(16961): 	at android.view.ViewGroup.dispatchTransformedTouchEvent(ViewGroup.java:3158)
02-18 18:23:27.465 E/PR4Y_ERROR(16961): 	at android.view.ViewGroup.dispatchTouchEvent(ViewGroup.java:2826)
02-18 18:23:27.465 E/PR4Y_ERROR(16961): 	at com.android.internal.policy.DecorView.superDispatchTouchEvent(DecorView.java:553)
02-18 18:23:27.465 E/PR4Y_ERROR(16961): 	at com.android.internal.policy.PhoneWindow.superDispatchTouchEvent(PhoneWindow.java:1984)
02-18 18:23:27.465 E/PR4Y_ERROR(16961): 	at android.app.Activity.dispatchTouchEvent(Activity.java:4690)
02-18 18:23:27.465 E/PR4Y_ERROR(16961): 	at androidx.appcompat.view.WindowCallbackWrapper.dispatchTouchEvent(WindowCallbackWrapper.java:69)
02-18 18:23:27.465 E/PR4Y_ERROR(16961): 	at com.android.internal.policy.DecorView.dispatchTouchEvent(DecorView.java:511)
02-18 18:23:27.465 E/PR4Y_ERROR(16961): 	at android.view.View.dispatchPointerEvent(View.java:16980)
02-18 18:23:27.465 E/PR4Y_ERROR(16961): 	at com.xiaomi.mirror.MiuiMirrorImpl.isHandled(MiuiMirrorImpl.java:152)
02-18 18:23:27.465 E/PR4Y_ERROR(16961): 	at android.view.ViewRootImpl$ViewPostImeInputStage.processPointerEvent(ViewRootImpl.java:9071)
02-18 18:23:27.465 E/PR4Y_ERROR(16961): 	at android.view.ViewRootImpl$ViewPostImeInputStage.onProcess(ViewRootImpl.java:8813)
02-18 18:23:27.465 E/PR4Y_ERROR(16961): 	at android.view.ViewRootImpl$InputStage.deliver(ViewRootImpl.java:8165)
02-18 18:23:27.465 E/PR4Y_ERROR(16961): 	at android.view.ViewRootImpl$InputStage.onDeliverToNext(ViewRootImpl.java:8222)
02-18 18:23:27.465 E/PR4Y_ERROR(16961): 	at android.view.ViewRootImpl$InputStage.forward(ViewRootImpl.java:8188)
02-18 18:23:27.465 E/PR4Y_ERROR(16961): 	at android.view.ViewRootImpl$AsyncInputStage.forward(ViewRootImpl.java:8354)
02-18 18:23:27.465 E/PR4Y_ERROR(16961): 	at android.view.ViewRootImpl$InputStage.apply(ViewRootImpl.java:8196)
02-18 18:23:27.465 E/PR4Y_ERROR(16961): 	at android.view.ViewRootImpl$AsyncInputStage.apply(ViewRootImpl.java:8411)
02-18 18:23:27.465 E/PR4Y_ERROR(16961): 	at android.view.ViewRootImpl$InputStage.deliver(ViewRootImpl.java:8169)
02-18 18:23:27.465 E/PR4Y_ERROR(16961): 	at android.view.ViewRootImpl$InputStage.onDeliverToNext(ViewRootImpl.java:8222)
02-18 18:23:27.465 E/PR4Y_ERROR(16961): 	at android.view.ViewRootImpl$InputStage.forward(ViewRootImpl.java:8188)
02-18 18:23:27.465 E/PR4Y_ERROR(16961): 	at android.view.ViewRootImpl$InputStage.apply(ViewRootImpl.java:8196)
02-18 18:23:27.465 E/PR4Y_ERROR(16961): 	at android.view.ViewRootImpl$InputStage.deliver(ViewRootImpl.java:8169)
02-18 18:23:27.465 E/PR4Y_ERROR(16961): 	at android.view.ViewRootImpl.deliverInputEvent(ViewRootImpl.java:11483)
02-18 18:23:27.465 E/PR4Y_ERROR(16961): 	at android.view.ViewRootImpl.doProcessInputEvents(ViewRootImpl.java:11434)
02-18 18:23:27.465 E/PR4Y_ERROR(16961): 	at android.view.ViewRootImpl.enqueueInputEvent(ViewRootImpl.java:11395)
02-18 18:23:27.465 E/PR4Y_ERROR(16961): 	at android.view.ViewRootImpl$WindowInputEventReceiver.onInputEvent(ViewRootImpl.java:11667)
02-18 18:23:27.465 E/PR4Y_ERROR(16961): 	at android.view.InputEventReceiver.dispatchInputEvent(InputEventReceiver.java:337)
02-18 18:23:27.465 E/PR4Y_ERROR(16961): 	at android.os.MessageQueue.nativePollOnce(Native Method)
02-18 18:23:27.465 E/PR4Y_ERROR(16961): 	at android.os.MessageQueue.next(MessageQueue.java:355)
02-18 18:23:27.465 E/PR4Y_ERROR(16961): 	at android.os.Looper.loopOnce(Looper.java:203)
02-18 18:23:27.465 E/PR4Y_ERROR(16961): 	at android.os.Looper.loop(Looper.java:337)
02-18 18:23:27.465 E/PR4Y_ERROR(16961): 	at android.app.ActivityThread.main(ActivityThread.java:9608)
02-18 18:23:27.465 E/PR4Y_ERROR(16961): 	at java.lang.reflect.Method.invoke(Native Method)
02-18 18:23:27.465 E/PR4Y_ERROR(16961): 	at com.android.internal.os.RuntimeInit$MethodAndArgsCaller.run(RuntimeInit.java:615)
02-18 18:23:27.465 E/PR4Y_ERROR(16961): 	at com.android.internal.os.ZygoteInit.main(ZygoteInit.java:936)
02-18 18:23:27.465 I/PR4Y_APP(16961): Login: Intento sin nonce fall├│, intentando con nonce
02-18 18:23:27.539 E/RTMode  ( 2702): pkgName: com.pr4y.app has no permission
02-18 18:23:27.692 E/libsensor-displayalgo( 2261): value of coefs 5,850.073000,4.965174,-2.685090,1.640057,-4.685160, line 101
02-18 18:23:27.740 E/RTMode  ( 2702): pkgName: com.pr4y.app has no permission
02-18 18:23:27.789 E/PR4Y_ERROR(16961): Auth error
02-18 18:23:27.789 E/PR4Y_ERROR(16961): java.lang.IllegalArgumentException: serverClientId should not be empty
02-18 18:23:27.789 E/PR4Y_ERROR(16961): 	at com.google.android.libraries.identity.googleid.GetGoogleIdOption$Builder.setServerClientId(com.google.android.libraries.identity.googleid:googleid@@1.1.1:1)
02-18 18:23:27.789 E/PR4Y_ERROR(16961): 	at com.pr4y.app.ui.viewmodel.LoginViewModel.performAuth(LoginViewModel.kt:75)
02-18 18:23:27.789 E/PR4Y_ERROR(16961): 	at com.pr4y.app.ui.viewmodel.LoginViewModel.access$performAuth(LoginViewModel.kt:44)
02-18 18:23:27.789 E/PR4Y_ERROR(16961): 	at com.pr4y.app.ui.viewmodel.LoginViewModel$onGoogleSignIn$1.invokeSuspend(LoginViewModel.kt:65)
02-18 18:23:27.789 E/PR4Y_ERROR(16961): 	at kotlin.coroutines.jvm.internal.BaseContinuationImpl.resumeWith(ContinuationImpl.kt:33)
02-18 18:23:27.789 E/PR4Y_ERROR(16961): 	at kotlinx.coroutines.DispatchedTaskKt.resume(DispatchedTask.kt:233)
02-18 18:23:27.789 E/PR4Y_ERROR(16961): 	at kotlinx.coroutines.DispatchedTaskKt.dispatch(DispatchedTask.kt:152)
02-18 18:23:27.789 E/PR4Y_ERROR(16961): 	at kotlinx.coroutines.CancellableContinuationImpl.dispatchResume(CancellableContinuationImpl.kt:470)
02-18 18:23:27.789 E/PR4Y_ERROR(16961): 	at kotlinx.coroutines.CancellableContinuationImpl.resumeImpl$kotlinx_coroutines_core(CancellableContinuationImpl.kt:504)
02-18 18:23:27.789 E/PR4Y_ERROR(16961): 	at kotlinx.coroutines.CancellableContinuationImpl.resumeImpl$kotlinx_coroutines_core$default(CancellableContinuationImpl.kt:493)
02-18 18:23:27.789 E/PR4Y_ERROR(16961): 	at kotlinx.coroutines.CancellableContinuationImpl.resumeUndispatched(CancellableContinuationImpl.kt:596)
02-18 18:23:27.789 E/PR4Y_ERROR(16961): 	at kotlinx.coroutines.android.HandlerContext.scheduleResumeAfterDelay$lambda$1(HandlerDispatcher.kt:141)
02-18 18:23:27.789 E/PR4Y_ERROR(16961): 	at kotlinx.coroutines.android.HandlerContext.$r8$lambda$1oICx0p9952ACqpdbT-DIvW6E9k(Unknown Source:0)
02-18 18:23:27.789 E/PR4Y_ERROR(16961): 	at kotlinx.coroutines.android.HandlerContext$$ExternalSyntheticLambda1.run(D8$$SyntheticClass:0)
02-18 18:23:27.789 E/PR4Y_ERROR(16961): 	at android.os.Handler.handleCallback(Handler.java:959)
02-18 18:23:27.789 E/PR4Y_ERROR(16961): 	at android.os.Handler.dispatchMessage(Handler.java:100)
02-18 18:23:27.789 E/PR4Y_ERROR(16961): 	at android.os.Looper.loopOnce(Looper.java:249)
02-18 18:23:27.789 E/PR4Y_ERROR(16961): 	at android.os.Looper.loop(Looper.java:337)
02-18 18:23:27.789 E/PR4Y_ERROR(16961): 	at android.app.ActivityThread.main(ActivityThread.java:9608)
02-18 18:23:27.789 E/PR4Y_ERROR(16961): 	at java.lang.reflect.Method.invoke(Native Method)
02-18 18:23:27.789 E/PR4Y_ERROR(16961): 	at com.android.internal.os.RuntimeInit$MethodAndArgsCaller.run(RuntimeInit.java:615)
02-18 18:23:27.789 E/PR4Y_ERROR(16961): 	at com.android.internal.os.ZygoteInit.main(ZygoteInit.java:936)
02-18 18:23:27.908 E/RTMode  ( 2702): pkgName: com.pr4y.app has no permission
02-18 18:23:27.966 E/PR4Y_ERROR(16961): Auth error
02-18 18:23:27.966 E/PR4Y_ERROR(16961): java.lang.IllegalArgumentException: serverClientId should not be empty
02-18 18:23:27.966 E/PR4Y_ERROR(16961): 	at com.google.android.libraries.identity.googleid.GetGoogleIdOption$Builder.setServerClientId(com.google.android.libraries.identity.googleid:googleid@@1.1.1:1)
02-18 18:23:27.966 E/PR4Y_ERROR(16961): 	at com.pr4y.app.ui.viewmodel.LoginViewModel.performAuth(LoginViewModel.kt:75)
02-18 18:23:27.966 E/PR4Y_ERROR(16961): 	at com.pr4y.app.ui.viewmodel.LoginViewModel.access$performAuth(LoginViewModel.kt:44)
02-18 18:23:27.966 E/PR4Y_ERROR(16961): 	at com.pr4y.app.ui.viewmodel.LoginViewModel$onGoogleSignIn$1.invokeSuspend(LoginViewModel.kt:65)
02-18 18:23:27.966 E/PR4Y_ERROR(16961): 	at kotlin.coroutines.jvm.internal.BaseContinuationImpl.resumeWith(ContinuationImpl.kt:33)
02-18 18:23:27.966 E/PR4Y_ERROR(16961): 	at kotlinx.coroutines.DispatchedTaskKt.resume(DispatchedTask.kt:233)
02-18 18:23:27.966 E/PR4Y_ERROR(16961): 	at kotlinx.coroutines.DispatchedTaskKt.dispatch(DispatchedTask.kt:152)
02-18 18:23:27.966 E/PR4Y_ERROR(16961): 	at kotlinx.coroutines.CancellableContinuationImpl.dispatchResume(CancellableContinuationImpl.kt:470)
02-18 18:23:27.966 E/PR4Y_ERROR(16961): 	at kotlinx.coroutines.CancellableContinuationImpl.resumeImpl$kotlinx_coroutines_core(CancellableContinuationImpl.kt:504)
02-18 18:23:27.966 E/PR4Y_ERROR(16961): 	at kotlinx.coroutines.CancellableContinuationImpl.resumeImpl$kotlinx_coroutines_core$default(CancellableContinuationImpl.kt:493)
02-18 18:23:27.966 E/PR4Y_ERROR(16961): 	at kotlinx.coroutines.CancellableContinuationImpl.resumeUndispatched(CancellableContinuationImpl.kt:596)
02-18 18:23:27.966 E/PR4Y_ERROR(16961): 	at kotlinx.coroutines.android.HandlerContext.scheduleResumeAfterDelay$lambda$1(HandlerDispatcher.kt:141)
02-18 18:23:27.966 E/PR4Y_ERROR(16961): 	at kotlinx.coroutines.android.HandlerContext.$r8$lambda$1oICx0p9952ACqpdbT-DIvW6E9k(Unknown Source:0)
02-18 18:23:27.966 E/PR4Y_ERROR(16961): 	at kotlinx.coroutines.android.HandlerContext$$ExternalSyntheticLambda1.run(D8$$SyntheticClass:0)
02-18 18:23:27.966 E/PR4Y_ERROR(16961): 	at android.os.Handler.handleCallback(Handler.java:959)
02-18 18:23:27.966 E/PR4Y_ERROR(16961): 	at android.os.Handler.dispatchMessage(Handler.java:100)
02-18 18:23:27.966 E/PR4Y_ERROR(16961): 	at android.os.Looper.loopOnce(Looper.java:249)
02-18 18:23:27.966 E/PR4Y_ERROR(16961): 	at android.os.Looper.loop(Looper.java:337)
02-18 18:23:27.966 E/PR4Y_ERROR(16961): 	at android.app.ActivityThread.main(ActivityThread.java:9608)
02-18 18:23:27.966 E/PR4Y_ERROR(16961): 	at java.lang.reflect.Method.invoke(Native Method)
02-18 18:23:27.966 E/PR4Y_ERROR(16961): 	at com.android.internal.os.RuntimeInit$MethodAndArgsCaller.run(RuntimeInit.java:615)
02-18 18:23:27.966 E/PR4Y_ERROR(16961): 	at com.android.internal.os.ZygoteInit.main(ZygoteInit.java:936)
02-18 18:23:27.994 E/libsensor-displayalgo( 2261): value of coefs 5,850.073000,4.965174,-2.685090,1.640057,-4.685160, line 101
02-18 18:23:28.000 E/PR4Y_ERROR(16961): Auth error
02-18 18:23:28.000 E/PR4Y_ERROR(16961): java.lang.IllegalArgumentException: serverClientId should not be empty
02-18 18:23:28.000 E/PR4Y_ERROR(16961): 	at com.google.android.libraries.identity.googleid.GetGoogleIdOption$Builder.setServerClientId(com.google.android.libraries.identity.googleid:googleid@@1.1.1:1)
02-18 18:23:28.000 E/PR4Y_ERROR(16961): 	at com.pr4y.app.ui.viewmodel.LoginViewModel.performAuth(LoginViewModel.kt:75)
02-18 18:23:28.000 E/PR4Y_ERROR(16961): 	at com.pr4y.app.ui.viewmodel.LoginViewModel.access$performAuth(LoginViewModel.kt:44)
02-18 18:23:28.000 E/PR4Y_ERROR(16961): 	at com.pr4y.app.ui.viewmodel.LoginViewModel$onGoogleSignIn$1.invokeSuspend(LoginViewModel.kt:62)
02-18 18:23:28.000 E/PR4Y_ERROR(16961): 	at kotlin.coroutines.jvm.internal.BaseContinuationImpl.resumeWith(ContinuationImpl.kt:33)
02-18 18:23:28.000 E/PR4Y_ERROR(16961): 	at kotlinx.coroutines.internal.DispatchedContinuationKt.resumeCancellableWith(DispatchedContinuation.kt:375)
02-18 18:23:28.000 E/PR4Y_ERROR(16961): 	at kotlinx.coroutines.intrinsics.CancellableKt.startCoroutineCancellable(Cancellable.kt:26)
02-18 18:23:28.000 E/PR4Y_ERROR(16961): 	at kotlinx.coroutines.CoroutineStart.invoke(CoroutineStart.kt:358)
02-18 18:23:28.000 E/PR4Y_ERROR(16961): 	at kotlinx.coroutines.AbstractCoroutine.start(AbstractCoroutine.kt:134)
02-18 18:23:28.000 E/PR4Y_ERROR(16961): 	at kotlinx.coroutines.BuildersKt__Builders_commonKt.launch(Builders.common.kt:52)
02-18 18:23:28.000 E/PR4Y_ERROR(16961): 	at kotlinx.coroutines.BuildersKt.launch(Unknown Source:1)
02-18 18:23:28.000 E/PR4Y_ERROR(16961): 	at kotlinx.coroutines.BuildersKt__Builders_commonKt.launch$default(Builders.common.kt:43)
02-18 18:23:28.000 E/PR4Y_ERROR(16961): 	at kotlinx.coroutines.BuildersKt.launch$default(Unknown Source:1)
02-18 18:23:28.000 E/PR4Y_ERROR(16961): 	at com.pr4y.app.ui.viewmodel.LoginViewModel.onGoogleSignIn(LoginViewModel.kt:59)
02-18 18:23:28.000 E/PR4Y_ERROR(16961): 	at com.pr4y.app.ui.screens.LoginScreenKt$LoginScreen$3$1$1$2.invoke$lambda$1$lambda$0(LoginScreen.kt:138)
02-18 18:23:28.000 E/PR4Y_ERROR(16961): 	at com.pr4y.app.ui.screens.LoginScreenKt$LoginScreen$3$1$1$2.$r8$lambda$xoKdiSde7Rq1NXCn-hutNzZk0zo(Unknown Source:0)
02-18 18:23:28.000 E/PR4Y_ERROR(16961): 	at com.pr4y.app.ui.screens.LoginScreenKt$LoginScreen$3$1$1$2$$ExternalSyntheticLambda0.invoke(D8$$SyntheticClass:0)
02-18 18:23:28.000 E/PR4Y_ERROR(16961): 	at androidx.compose.foundation.ClickableNode$clickPointerInput$3.invoke-k-4lQ0M(Clickable.kt:639)
02-18 18:23:28.000 E/PR4Y_ERROR(16961): 	at androidx.compose.foundation.ClickableNode$clickPointerInput$3.invoke(Clickable.kt:633)
02-18 18:23:28.000 E/PR4Y_ERROR(16961): 	at androidx.compose.foundation.gestures.TapGestureDetectorKt$detectTapAndPress$2$1.invokeSuspend(TapGestureDetector.kt:255)
02-18 18:23:28.000 E/PR4Y_ERROR(16961): 	at kotlin.coroutines.jvm.internal.BaseContinuationImpl.resumeWith(ContinuationImpl.kt:33)
02-18 18:23:28.000 E/PR4Y_ERROR(16961): 	at kotlinx.coroutines.DispatchedTaskKt.resume(DispatchedTask.kt:163)
02-18 18:23:28.000 E/PR4Y_ERROR(16961): 	at kotlinx.coroutines.DispatchedTaskKt.dispatch(DispatchedTask.kt:152)
02-18 18:23:28.000 E/PR4Y_ERROR(16961): 	at kotlinx.coroutines.CancellableContinuationImpl.dispatchResume(CancellableContinuationImpl.kt:470)
02-18 18:23:28.000 E/PR4Y_ERROR(16961): 	at kotlinx.coroutines.CancellableContinuationImpl.resumeImpl$kotlinx_coroutines_core(CancellableContinuationImpl.kt:504)
02-18 18:23:28.000 E/PR4Y_ERROR(16961): 	at kotlinx.coroutines.CancellableContinuationImpl.resumeImpl$kotlinx_coroutines_core$default(CancellableContinuationImpl.kt:493)
02-18 18:23:28.000 E/PR4Y_ERROR(16961): 	at kotlinx.coroutines.CancellableContinuationImpl.resumeWith(CancellableContinuationImpl.kt:359)
02-18 18:23:28.000 E/PR4Y_ERROR(16961): 	at androidx.compose.ui.input.pointer.SuspendingPointerInputModifierNodeImpl$PointerEventHandlerCoroutine.offerPointerEvent(SuspendingPointerInputFilter.kt:719)
02-18 18:23:28.000 E/PR4Y_ERROR(16961): 	at androidx.compose.ui.input.pointer.SuspendingPointerInputModifierNodeImpl.dispatchPointerEvent(SuspendingPointerInputFilter.kt:598)
02-18 18:23:28.000 E/PR4Y_ERROR(16961): 	at androidx.compose.ui.input.pointer.SuspendingPointerInputModifierNodeImpl.onPointerEvent-H0pRuoY(SuspendingPointerInputFilter.kt:620)
02-18 18:23:28.000 E/PR4Y_ERROR(16961): 	at androidx.compose.foundation.AbstractClickableNode.onPointerEvent-H0pRuoY(Clickable.kt:1044)
02-18 18:23:28.000 E/PR4Y_ERROR(16961): 	at androidx.compose.ui.input.pointer.Node.dispatchMainEventPass(HitPathTracker.kt:387)
02-18 18:23:28.000 E/PR4Y_ERROR(16961): 	at androidx.compose.ui.input.pointer.Node.dispatchMainEventPass(HitPathTracker.kt:373)
02-18 18:23:28.000 E/PR4Y_ERROR(16961): 	at androidx.compose.ui.input.pointer.Node.dispatchMainEventPass(HitPathTracker.kt:373)
02-18 18:23:28.000 E/PR4Y_ERROR(16961): 	at androidx.compose.ui.input.pointer.NodeParent.dispatchMainEventPass(HitPathTracker.kt:229)
02-18 18:23:28.000 E/PR4Y_ERROR(16961): 	at androidx.compose.ui.input.pointer.HitPathTracker.dispatchChanges(HitPathTracker.kt:144)
02-18 18:23:28.000 E/PR4Y_ERROR(16961): 	at androidx.compose.ui.input.pointer.PointerInputEventProcessor.process-BIzXfog(PointerInputEventProcessor.kt:120)
02-18 18:23:28.000 E/PR4Y_ERROR(16961): 	at androidx.compose.ui.platform.AndroidComposeView.sendMotionEvent-8iAsVTc(AndroidComposeView.android.kt:1994)
02-18 18:23:28.000 E/PR4Y_ERROR(16961): 	at androidx.compose.ui.platform.AndroidComposeView.handleMotionEvent-8iAsVTc(AndroidComposeView.android.kt:1945)
02-18 18:23:28.001 E/PR4Y_ERROR(16961): 	at androidx.compose.ui.platform.AndroidComposeView.dispatchTouchEvent(AndroidComposeView.android.kt:1829)
02-18 18:23:28.001 E/PR4Y_ERROR(16961): 	at android.view.ViewGroup.dispatchTransformedTouchEvent(ViewGroup.java:3158)
02-18 18:23:28.001 E/PR4Y_ERROR(16961): 	at android.view.ViewGroup.dispatchTouchEvent(ViewGroup.java:2826)
02-18 18:23:28.001 E/PR4Y_ERROR(16961): 	at android.view.ViewGroup.dispatchTransformedTouchEvent(ViewGroup.java:3158)
02-18 18:23:28.001 E/PR4Y_ERROR(16961): 	at android.view.ViewGroup.dispatchTouchEvent(ViewGroup.java:2826)
02-18 18:23:28.001 E/PR4Y_ERROR(16961): 	at android.view.ViewGroup.dispatchTransformedTouchEvent(ViewGroup.java:3158)
02-18 18:23:28.001 E/PR4Y_ERROR(16961): 	at android.view.ViewGroup.dispatchTouchEvent(ViewGroup.java:2826)
02-18 18:23:28.001 E/PR4Y_ERROR(16961): 	at android.view.ViewGroup.dispatchTransformedTouchEvent(ViewGroup.java:3158)
02-18 18:23:28.001 E/PR4Y_ERROR(16961): 	at android.view.ViewGroup.dispatchTouchEvent(ViewGroup.java:2826)
02-18 18:23:28.001 E/PR4Y_ERROR(16961): 	at android.view.ViewGroup.dispatchTransformedTouchEvent(ViewGroup.java:3158)
02-18 18:23:28.001 E/PR4Y_ERROR(16961): 	at android.view.ViewGroup.dispatchTouchEvent(ViewGroup.java:2826)
02-18 18:23:28.001 E/PR4Y_ERROR(16961): 	at android.view.ViewGroup.dispatchTransformedTouchEvent(ViewGroup.java:3158)
02-18 18:23:28.001 E/PR4Y_ERROR(16961): 	at android.view.ViewGroup.dispatchTouchEvent(ViewGroup.java:2826)
02-18 18:23:28.001 E/PR4Y_ERROR(16961): 	at com.android.internal.policy.DecorView.superDispatchTouchEvent(DecorView.java:553)
02-18 18:23:28.001 E/PR4Y_ERROR(16961): 	at com.android.internal.policy.PhoneWindow.superDispatchTouchEvent(PhoneWindow.java:1984)
02-18 18:23:28.001 E/PR4Y_ERROR(16961): 	at android.app.Activity.dispatchTouchEvent(Activity.java:4690)
02-18 18:23:28.001 E/PR4Y_ERROR(16961): 	at androidx.appcompat.view.WindowCallbackWrapper.dispatchTouchEvent(WindowCallbackWrapper.java:69)
02-18 18:23:28.001 E/PR4Y_ERROR(16961): 	at com.android.internal.policy.DecorView.dispatchTouchEvent(DecorView.java:511)
02-18 18:23:28.001 E/PR4Y_ERROR(16961): 	at android.view.View.dispatchPointerEvent(View.java:16980)
02-18 18:23:28.001 E/PR4Y_ERROR(16961): 	at com.xiaomi.mirror.MiuiMirrorImpl.isHandled(MiuiMirrorImpl.java:152)
02-18 18:23:28.001 E/PR4Y_ERROR(16961): 	at android.view.ViewRootImpl$ViewPostImeInputStage.processPointerEvent(ViewRootImpl.java:9071)
02-18 18:23:28.001 E/PR4Y_ERROR(16961): 	at android.view.ViewRootImpl$ViewPostImeInputStage.onProcess(ViewRootImpl.java:8813)
02-18 18:23:28.001 E/PR4Y_ERROR(16961): 	at android.view.ViewRootImpl$InputStage.deliver(ViewRootImpl.java:8165)
02-18 18:23:28.001 E/PR4Y_ERROR(16961): 	at android.view.ViewRootImpl$InputStage.onDeliverToNext(ViewRootImpl.java:8222)
02-18 18:23:28.001 E/PR4Y_ERROR(16961): 	at android.view.ViewRootImpl$InputStage.forward(ViewRootImpl.java:8188)
02-18 18:23:28.001 E/PR4Y_ERROR(16961): 	at android.view.ViewRootImpl$AsyncInputStage.forward(ViewRootImpl.java:8354)
02-18 18:23:28.001 E/PR4Y_ERROR(16961): 	at android.view.ViewRootImpl$InputStage.apply(ViewRootImpl.java:8196)
02-18 18:23:28.001 E/PR4Y_ERROR(16961): 	at android.view.ViewRootImpl$AsyncInputStage.apply(ViewRootImpl.java:8411)
02-18 18:23:28.001 E/PR4Y_ERROR(16961): 	at android.view.ViewRootImpl$InputStage.deliver(ViewRootImpl.java:8169)
02-18 18:23:28.001 E/PR4Y_ERROR(16961): 	at android.view.ViewRootImpl$InputStage.onDeliverToNext(ViewRootImpl.java:8222)
02-18 18:23:28.001 E/PR4Y_ERROR(16961): 	at android.view.ViewRootImpl$InputStage.forward(ViewRootImpl.java:8188)
02-18 18:23:28.001 E/PR4Y_ERROR(16961): 	at android.view.ViewRootImpl$InputStage.apply(ViewRootImpl.java:8196)
02-18 18:23:28.001 E/PR4Y_ERROR(16961): 	at android.view.ViewRootImpl$InputStage.deliver(ViewRootImpl.java:8169)
02-18 18:23:28.001 E/PR4Y_ERROR(16961): 	at android.view.ViewRootImpl.deliverInputEvent(ViewRootImpl.java:11483)
02-18 18:23:28.001 E/PR4Y_ERROR(16961): 	at android.view.ViewRootImpl.doProcessInputEvents(ViewRootImpl.java:11434)
02-18 18:23:28.001 E/PR4Y_ERROR(16961): 	at android.view.ViewRootImpl.enqueueInputEvent(ViewRootImpl.java:11395)
02-18 18:23:28.001 E/PR4Y_ERROR(16961): 	at android.view.ViewRootImpl$WindowInputEventReceiver.onInputEvent(ViewRootImpl.java:11667)
02-18 18:23:28.001 E/PR4Y_ERROR(16961): 	at android.view.InputEventReceiver.dispatchInputEvent(InputEventReceiver.java:337)
02-18 18:23:28.001 E/PR4Y_ERROR(16961): 	at android.os.MessageQueue.nativePollOnce(Native Method)
02-18 18:23:28.001 E/PR4Y_ERROR(16961): 	at android.os.MessageQueue.next(MessageQueue.java:355)
02-18 18:23:28.001 E/PR4Y_ERROR(16961): 	at android.os.Looper.loopOnce(Looper.java:203)
02-18 18:23:28.001 E/PR4Y_ERROR(16961): 	at android.os.Looper.loop(Looper.java:337)
02-18 18:23:28.001 E/PR4Y_ERROR(16961): 	at android.app.ActivityThread.main(ActivityThread.java:9608)
02-18 18:23:28.001 E/PR4Y_ERROR(16961): 	at java.lang.reflect.Method.invoke(Native Method)
02-18 18:23:28.001 E/PR4Y_ERROR(16961): 	at com.android.internal.os.RuntimeInit$MethodAndArgsCaller.run(RuntimeInit.java:615)
02-18 18:23:28.001 E/PR4Y_ERROR(16961): 	at com.android.internal.os.ZygoteInit.main(ZygoteInit.java:936)
02-18 18:23:28.001 I/PR4Y_APP(16961): Login: Intento sin nonce fall├│, intentando con nonce
02-18 18:23:28.293 E/libsensor-displayalgo( 2261): value of coefs 5,850.073000,4.965174,-2.685090,1.640057,-4.685160, line 101
02-18 18:23:28.309 E/RTMode  ( 2702): pkgName: com.pr4y.app has no permission
02-18 18:23:28.488 E/sensors-hal( 1370): handle_sns_client_event:57, har-sensor-hal: time=160301291055207 data 5.000000
02-18 18:23:28.493 E/WifiClientModeImpl[19599:wlan0]( 2702): Failed to get mlo info
02-18 18:23:28.493 E/RTMode  ( 2702): pkgName: com.pr4y.app has no permission
02-18 18:23:28.504 E/PR4Y_ERROR(16961): Auth error
02-18 18:23:28.504 E/PR4Y_ERROR(16961): java.lang.IllegalArgumentException: serverClientId should not be empty
02-18 18:23:28.504 E/PR4Y_ERROR(16961): 	at com.google.android.libraries.identity.googleid.GetGoogleIdOption$Builder.setServerClientId(com.google.android.libraries.identity.googleid:googleid@@1.1.1:1)
02-18 18:23:28.504 E/PR4Y_ERROR(16961): 	at com.pr4y.app.ui.viewmodel.LoginViewModel.performAuth(LoginViewModel.kt:75)
02-18 18:23:28.504 E/PR4Y_ERROR(16961): 	at com.pr4y.app.ui.viewmodel.LoginViewModel.access$performAuth(LoginViewModel.kt:44)
02-18 18:23:28.504 E/PR4Y_ERROR(16961): 	at com.pr4y.app.ui.viewmodel.LoginViewModel$onGoogleSignIn$1.invokeSuspend(LoginViewModel.kt:65)
02-18 18:23:28.504 E/PR4Y_ERROR(16961): 	at kotlin.coroutines.jvm.internal.BaseContinuationImpl.resumeWith(ContinuationImpl.kt:33)
02-18 18:23:28.504 E/PR4Y_ERROR(16961): 	at kotlinx.coroutines.DispatchedTaskKt.resume(DispatchedTask.kt:233)
02-18 18:23:28.504 E/PR4Y_ERROR(16961): 	at kotlinx.coroutines.DispatchedTaskKt.dispatch(DispatchedTask.kt:152)
02-18 18:23:28.504 E/PR4Y_ERROR(16961): 	at kotlinx.coroutines.CancellableContinuationImpl.dispatchResume(CancellableContinuationImpl.kt:470)
02-18 18:23:28.504 E/PR4Y_ERROR(16961): 	at kotlinx.coroutines.CancellableContinuationImpl.resumeImpl$kotlinx_coroutines_core(CancellableContinuationImpl.kt:504)
02-18 18:23:28.504 E/PR4Y_ERROR(16961): 	at kotlinx.coroutines.CancellableContinuationImpl.resumeImpl$kotlinx_coroutines_core$default(CancellableContinuationImpl.kt:493)
02-18 18:23:28.504 E/PR4Y_ERROR(16961): 	at kotlinx.coroutines.CancellableContinuationImpl.resumeUndispatched(CancellableContinuationImpl.kt:596)
02-18 18:23:28.504 E/PR4Y_ERROR(16961): 	at kotlinx.coroutines.android.HandlerContext.scheduleResumeAfterDelay$lambda$1(HandlerDispatcher.kt:141)
02-18 18:23:28.504 E/PR4Y_ERROR(16961): 	at kotlinx.coroutines.android.HandlerContext.$r8$lambda$1oICx0p9952ACqpdbT-DIvW6E9k(Unknown Source:0)
02-18 18:23:28.504 E/PR4Y_ERROR(16961): 	at kotlinx.coroutines.android.HandlerContext$$ExternalSyntheticLambda1.run(D8$$SyntheticClass:0)
02-18 18:23:28.504 E/PR4Y_ERROR(16961): 	at android.os.Handler.handleCallback(Handler.java:959)
02-18 18:23:28.504 E/PR4Y_ERROR(16961): 	at android.os.Handler.dispatchMessage(Handler.java:100)
02-18 18:23:28.504 E/PR4Y_ERROR(16961): 	at android.os.Looper.loopOnce(Looper.java:249)
02-18 18:23:28.504 E/PR4Y_ERROR(16961): 	at android.os.Looper.loop(Looper.java:337)
02-18 18:23:28.504 E/PR4Y_ERROR(16961): 	at android.app.ActivityThread.main(ActivityThread.java:9608)
02-18 18:23:28.504 E/PR4Y_ERROR(16961): 	at java.lang.reflect.Method.invoke(Native Method)
02-18 18:23:28.504 E/PR4Y_ERROR(16961): 	at com.android.internal.os.RuntimeInit$MethodAndArgsCaller.run(RuntimeInit.java:615)
02-18 18:23:28.504 E/PR4Y_ERROR(16961): 	at com.android.internal.os.ZygoteInit.main(ZygoteInit.java:936)
02-18 18:23:28.591 E/libsensor-displayalgo( 2261): value of coefs 5,850.073000,4.965174,-2.685090,1.640057,-4.685160, line 101
02-18 18:23:28.693 E/RTMode  ( 2702): pkgName: com.pr4y.app has no permission
02-18 18:23:28.780 E/PR4Y_ERROR(16961): Auth error
02-18 18:23:28.780 E/PR4Y_ERROR(16961): java.lang.IllegalArgumentException: serverClientId should not be empty
02-18 18:23:28.780 E/PR4Y_ERROR(16961): 	at com.google.android.libraries.identity.googleid.GetGoogleIdOption$Builder.setServerClientId(com.google.android.libraries.identity.googleid:googleid@@1.1.1:1)
02-18 18:23:28.780 E/PR4Y_ERROR(16961): 	at com.pr4y.app.ui.viewmodel.LoginViewModel.performAuth(LoginViewModel.kt:75)
02-18 18:23:28.780 E/PR4Y_ERROR(16961): 	at com.pr4y.app.ui.viewmodel.LoginViewModel.access$performAuth(LoginViewModel.kt:44)
02-18 18:23:28.780 E/PR4Y_ERROR(16961): 	at com.pr4y.app.ui.viewmodel.LoginViewModel$onGoogleSignIn$1.invokeSuspend(LoginViewModel.kt:62)
02-18 18:23:28.780 E/PR4Y_ERROR(16961): 	at kotlin.coroutines.jvm.internal.BaseContinuationImpl.resumeWith(ContinuationImpl.kt:33)
02-18 18:23:28.780 E/PR4Y_ERROR(16961): 	at kotlinx.coroutines.internal.DispatchedContinuationKt.resumeCancellableWith(DispatchedContinuation.kt:375)
02-18 18:23:28.780 E/PR4Y_ERROR(16961): 	at kotlinx.coroutines.intrinsics.CancellableKt.startCoroutineCancellable(Cancellable.kt:26)
02-18 18:23:28.780 E/PR4Y_ERROR(16961): 	at kotlinx.coroutines.CoroutineStart.invoke(CoroutineStart.kt:358)
02-18 18:23:28.780 E/PR4Y_ERROR(16961): 	at kotlinx.coroutines.AbstractCoroutine.start(AbstractCoroutine.kt:134)
02-18 18:23:28.780 E/PR4Y_ERROR(16961): 	at kotlinx.coroutines.BuildersKt__Builders_commonKt.launch(Builders.common.kt:52)
02-18 18:23:28.780 E/PR4Y_ERROR(16961): 	at kotlinx.coroutines.BuildersKt.launch(Unknown Source:1)
02-18 18:23:28.780 E/PR4Y_ERROR(16961): 	at kotlinx.coroutines.BuildersKt__Builders_commonKt.launch$default(Builders.common.kt:43)
02-18 18:23:28.780 E/PR4Y_ERROR(16961): 	at kotlinx.coroutines.BuildersKt.launch$default(Unknown Source:1)
02-18 18:23:28.780 E/PR4Y_ERROR(16961): 	at com.pr4y.app.ui.viewmodel.LoginViewModel.onGoogleSignIn(LoginViewModel.kt:59)
02-18 18:23:28.780 E/PR4Y_ERROR(16961): 	at com.pr4y.app.ui.screens.LoginScreenKt$LoginScreen$3$1$1$2.invoke$lambda$1$lambda$0(LoginScreen.kt:138)
02-18 18:23:28.780 E/PR4Y_ERROR(16961): 	at com.pr4y.app.ui.screens.LoginScreenKt$LoginScreen$3$1$1$2.$r8$lambda$xoKdiSde7Rq1NXCn-hutNzZk0zo(Unknown Source:0)
02-18 18:23:28.780 E/PR4Y_ERROR(16961): 	at com.pr4y.app.ui.screens.LoginScreenKt$LoginScreen$3$1$1$2$$ExternalSyntheticLambda0.invoke(D8$$SyntheticClass:0)
02-18 18:23:28.780 E/PR4Y_ERROR(16961): 	at androidx.compose.foundation.ClickableNode$clickPointerInput$3.invoke-k-4lQ0M(Clickable.kt:639)
02-18 18:23:28.780 E/PR4Y_ERROR(16961): 	at androidx.compose.foundation.ClickableNode$clickPointerInput$3.invoke(Clickable.kt:633)
02-18 18:23:28.780 E/PR4Y_ERROR(16961): 	at androidx.compose.foundation.gestures.TapGestureDetectorKt$detectTapAndPress$2$1.invokeSuspend(TapGestureDetector.kt:255)
02-18 18:23:28.780 E/PR4Y_ERROR(16961): 	at kotlin.coroutines.jvm.internal.BaseContinuationImpl.resumeWith(ContinuationImpl.kt:33)
02-18 18:23:28.780 E/PR4Y_ERROR(16961): 	at kotlinx.coroutines.DispatchedTaskKt.resume(DispatchedTask.kt:163)
02-18 18:23:28.780 E/PR4Y_ERROR(16961): 	at kotlinx.coroutines.DispatchedTaskKt.dispatch(DispatchedTask.kt:152)
02-18 18:23:28.780 E/PR4Y_ERROR(16961): 	at kotlinx.coroutines.CancellableContinuationImpl.dispatchResume(CancellableContinuationImpl.kt:470)
02-18 18:23:28.780 E/PR4Y_ERROR(16961): 	at kotlinx.coroutines.CancellableContinuationImpl.resumeImpl$kotlinx_coroutines_core(CancellableContinuationImpl.kt:504)
02-18 18:23:28.780 E/PR4Y_ERROR(16961): 	at kotlinx.coroutines.CancellableContinuationImpl.resumeImpl$kotlinx_coroutines_core$default(CancellableContinuationImpl.kt:493)
02-18 18:23:28.780 E/PR4Y_ERROR(16961): 	at kotlinx.coroutines.CancellableContinuationImpl.resumeWith(CancellableContinuationImpl.kt:359)
02-18 18:23:28.780 E/PR4Y_ERROR(16961): 	at androidx.compose.ui.input.pointer.SuspendingPointerInputModifierNodeImpl$PointerEventHandlerCoroutine.offerPointerEvent(SuspendingPointerInputFilter.kt:719)
02-18 18:23:28.780 E/PR4Y_ERROR(16961): 	at androidx.compose.ui.input.pointer.SuspendingPointerInputModifierNodeImpl.dispatchPointerEvent(SuspendingPointerInputFilter.kt:598)
02-18 18:23:28.780 E/PR4Y_ERROR(16961): 	at androidx.compose.ui.input.pointer.SuspendingPointerInputModifierNodeImpl.onPointerEvent-H0pRuoY(SuspendingPointerInputFilter.kt:620)
02-18 18:23:28.780 E/PR4Y_ERROR(16961): 	at androidx.compose.foundation.AbstractClickableNode.onPointerEvent-H0pRuoY(Clickable.kt:1044)
02-18 18:23:28.780 E/PR4Y_ERROR(16961): 	at androidx.compose.ui.input.pointer.Node.dispatchMainEventPass(HitPathTracker.kt:387)
02-18 18:23:28.780 E/PR4Y_ERROR(16961): 	at androidx.compose.ui.input.pointer.Node.dispatchMainEventPass(HitPathTracker.kt:373)
02-18 18:23:28.780 E/PR4Y_ERROR(16961): 	at androidx.compose.ui.input.pointer.Node.dispatchMainEventPass(HitPathTracker.kt:373)
02-18 18:23:28.780 E/PR4Y_ERROR(16961): 	at androidx.compose.ui.input.pointer.NodeParent.dispatchMainEventPass(HitPathTracker.kt:229)
02-18 18:23:28.780 E/PR4Y_ERROR(16961): 	at androidx.compose.ui.input.pointer.HitPathTracker.dispatchChanges(HitPathTracker.kt:144)
02-18 18:23:28.780 E/PR4Y_ERROR(16961): 	at androidx.compose.ui.input.pointer.PointerInputEventProcessor.process-BIzXfog(PointerInputEventProcessor.kt:120)
02-18 18:23:28.780 E/PR4Y_ERROR(16961): 	at androidx.compose.ui.platform.AndroidComposeView.sendMotionEvent-8iAsVTc(AndroidComposeView.android.kt:1994)
02-18 18:23:28.780 E/PR4Y_ERROR(16961): 	at androidx.compose.ui.platform.AndroidComposeView.handleMotionEvent-8iAsVTc(AndroidComposeView.android.kt:1945)
02-18 18:23:28.780 E/PR4Y_ERROR(16961): 	at androidx.compose.ui.platform.AndroidComposeView.dispatchTouchEvent(AndroidComposeView.android.kt:1829)
02-18 18:23:28.780 E/PR4Y_ERROR(16961): 	at android.view.ViewGroup.dispatchTransformedTouchEvent(ViewGroup.java:3158)
02-18 18:23:28.780 E/PR4Y_ERROR(16961): 	at android.view.ViewGroup.dispatchTouchEvent(ViewGroup.java:2826)
02-18 18:23:28.780 E/PR4Y_ERROR(16961): 	at android.view.ViewGroup.dispatchTransformedTouchEvent(ViewGroup.java:3158)
02-18 18:23:28.780 E/PR4Y_ERROR(16961): 	at android.view.ViewGroup.dispatchTouchEvent(ViewGroup.java:2826)
02-18 18:23:28.780 E/PR4Y_ERROR(16961): 	at android.view.ViewGroup.dispatchTransformedTouchEvent(ViewGroup.java:3158)
02-18 18:23:28.780 E/PR4Y_ERROR(16961): 	at android.view.ViewGroup.dispatchTouchEvent(ViewGroup.java:2826)
02-18 18:23:28.780 E/PR4Y_ERROR(16961): 	at android.view.ViewGroup.dispatchTransformedTouchEvent(ViewGroup.java:3158)
02-18 18:23:28.780 E/PR4Y_ERROR(16961): 	at android.view.ViewGroup.dispatchTouchEvent(ViewGroup.java:2826)
02-18 18:23:28.780 E/PR4Y_ERROR(16961): 	at android.view.ViewGroup.dispatchTransformedTouchEvent(ViewGroup.java:3158)
02-18 18:23:28.780 E/PR4Y_ERROR(16961): 	at android.view.ViewGroup.dispatchTouchEvent(ViewGroup.java:2826)
02-18 18:23:28.780 E/PR4Y_ERROR(16961): 	at android.view.ViewGroup.dispatchTransformedTouchEvent(ViewGroup.java:3158)
02-18 18:23:28.780 E/PR4Y_ERROR(16961): 	at android.view.ViewGroup.dispatchTouchEvent(ViewGroup.java:2826)
02-18 18:23:28.780 E/PR4Y_ERROR(16961): 	at com.android.internal.policy.DecorView.superDispatchTouchEvent(DecorView.java:553)
02-18 18:23:28.780 E/PR4Y_ERROR(16961): 	at com.android.internal.policy.PhoneWindow.superDispatchTouchEvent(PhoneWindow.java:1984)
02-18 18:23:28.780 E/PR4Y_ERROR(16961): 	at android.app.Activity.dispatchTouchEvent(Activity.java:4690)
02-18 18:23:28.780 E/PR4Y_ERROR(16961): 	at androidx.appcompat.view.WindowCallbackWrapper.dispatchTouchEvent(WindowCallbackWrapper.java:69)
02-18 18:23:28.780 E/PR4Y_ERROR(16961): 	at com.android.internal.policy.DecorView.dispatchTouchEvent(DecorView.java:511)
02-18 18:23:28.780 E/PR4Y_ERROR(16961): 	at android.view.View.dispatchPointerEvent(View.java:16980)
02-18 18:23:28.780 E/PR4Y_ERROR(16961): 	at com.xiaomi.mirror.MiuiMirrorImpl.isHandled(MiuiMirrorImpl.java:152)
02-18 18:23:28.780 E/PR4Y_ERROR(16961): 	at android.view.ViewRootImpl$ViewPostImeInputStage.processPointerEvent(ViewRootImpl.java:9071)
02-18 18:23:28.780 E/PR4Y_ERROR(16961): 	at android.view.ViewRootImpl$ViewPostImeInputStage.onProcess(ViewRootImpl.java:8813)
02-18 18:23:28.780 E/PR4Y_ERROR(16961): 	at android.view.ViewRootImpl$InputStage.deliver(ViewRootImpl.java:8165)
02-18 18:23:28.780 E/PR4Y_ERROR(16961): 	at android.view.ViewRootImpl$InputStage.onDeliverToNext(ViewRootImpl.java:8222)
02-18 18:23:28.780 E/PR4Y_ERROR(16961): 	at android.view.ViewRootImpl$InputStage.forward(ViewRootImpl.java:8188)
02-18 18:23:28.780 E/PR4Y_ERROR(16961): 	at android.view.ViewRootImpl$AsyncInputStage.forward(ViewRootImpl.java:8354)
02-18 18:23:28.780 E/PR4Y_ERROR(16961): 	at android.view.ViewRootImpl$InputStage.apply(ViewRootImpl.java:8196)
02-18 18:23:28.780 E/PR4Y_ERROR(16961): 	at android.view.ViewRootImpl$AsyncInputStage.apply(ViewRootImpl.java:8411)
02-18 18:23:28.780 E/PR4Y_ERROR(16961): 	at android.view.ViewRootImpl$InputStage.deliver(ViewRootImpl.java:8169)
02-18 18:23:28.780 E/PR4Y_ERROR(16961): 	at android.view.ViewRootImpl$InputStage.onDeliverToNext(ViewRootImpl.java:8222)
02-18 18:23:28.780 E/PR4Y_ERROR(16961): 	at android.view.ViewRootImpl$InputStage.forward(ViewRootImpl.java:8188)
02-18 18:23:28.780 E/PR4Y_ERROR(16961): 	at android.view.ViewRootImpl$InputStage.apply(ViewRootImpl.java:8196)
02-18 18:23:28.780 E/PR4Y_ERROR(16961): 	at android.view.ViewRootImpl$InputStage.deliver(ViewRootImpl.java:8169)
