02-18 21:45:59.591 E/libsensor-displayalgo( 2261): value of coefs 5,850.073000,4.965174,-2.685090,1.640057,-4.685160, line 101
02-18 21:45:59.891 E/libsensor-displayalgo( 2261): value of coefs 5,850.073000,4.965174,-2.685090,1.640057,-4.685160, line 101
02-18 21:46:00.012 E/AnimationHelper( 4462): updateTime mToAod:false mHasNotification: true, mClockType: classic
02-18 21:46:00.016 E/StackScroller( 4462): updateSidePadding: viewWidth is zero
02-18 21:46:00.190 E/libsensor-displayalgo( 2261): value of coefs 5,850.073000,4.965174,-2.685090,1.640057,-4.685160, line 101
02-18 21:46:00.494 E/libsensor-displayalgo( 2261): value of coefs 5,850.073000,4.965174,-2.685090,1.640057,-4.685160, line 101
02-18 21:46:00.793 E/libsensor-displayalgo( 2261): value of coefs 5,850.073000,4.965174,-2.685090,1.640057,-4.685160, line 101
02-18 21:46:01.092 E/libsensor-displayalgo( 2261): value of coefs 5,850.073000,4.965174,-2.685090,1.640057,-4.685160, line 101
02-18 21:46:01.181 E/WifiClientModeImpl[19599:wlan0]( 2702): Failed to get mlo info
02-18 21:46:01.249 E/MediaSyncManager_11940_11940(11940): NotifyService isNotificationListenersEnabled false
02-18 21:46:01.393 E/libsensor-displayalgo( 2261): value of coefs 5,850.073000,4.965174,-2.685090,1.640057,-4.685160, line 101
02-18 21:46:01.442 E/HyperSentinel( 2702): -------------------------------------------------------
02-18 21:46:01.442 E/HyperSentinel( 2702): Event_ThreadAmount
02-18 21:46:01.443 E/HyperSentinel( 2702): -> audit event by proc 5536 "com.alibaba.aliexpresshd:support": running threads amount, 0 -> 25
02-18 21:46:01.443 E/HyperSentinel( 2702): -------------------------------------------------------
02-18 21:46:01.443 E/HyperSentinel( 2702): Event_ThreadAmount
02-18 21:46:01.443 E/HyperSentinel( 2702): -> audit event by proc 5594 "com.alibaba.aliexpresshd:tool": running threads amount, 0 -> 25
02-18 21:46:01.694 E/libsensor-displayalgo( 2261): value of coefs 5,850.073000,4.965174,-2.685090,1.640057,-4.685160, line 101
02-18 21:46:01.993 E/libsensor-displayalgo( 2261): value of coefs 5,850.073000,4.965174,-2.685090,1.640057,-4.685160, line 101
02-18 21:46:02.292 E/libsensor-displayalgo( 2261): value of coefs 5,850.073000,4.965174,-2.685090,1.640057,-4.685160, line 101
02-18 21:46:02.594 E/libsensor-displayalgo( 2261): value of coefs 5,850.073000,4.965174,-2.685090,1.640057,-4.685160, line 101
02-18 21:46:02.891 E/libsensor-displayalgo( 2261): value of coefs 5,850.073000,4.965174,-2.685090,1.640057,-4.685160, line 101
02-18 21:46:03.191 E/libsensor-displayalgo( 2261): value of coefs 5,850.073000,4.965174,-2.685090,1.640057,-4.685160, line 101
02-18 21:46:03.305 E/app_process64( 5681): Error reading named image component header for /system/framework/boot.art, error: Image header from "/system/framework/arm64/boot.art" is invalid
02-18 21:46:03.305 E/app_process64( 5681): Could not create image space with image file '/system/framework/boot.art!/apex/com.android.art/etc/boot-image.prof!/system/etc/boot-image.prof:/system/framework/boot-framework-adservices.art'. Attempting to fall back to imageless running. Error was: Image header from "/system/framework/arm64/boot.art" is invalid
02-18 21:46:03.490 E/sensors-hal( 1370): handle_sns_client_event:57, har-sensor-hal: time=172456292970060 data 0.000000
02-18 21:46:03.490 E/libsensor-displayalgo( 2261): value of coefs 5,850.073000,4.965174,-2.685090,1.640057,-4.685160, line 101
02-18 21:46:03.567 E/app_process64( 5687): Error reading named image component header for /system/framework/boot.art, error: Image header from "/system/framework/arm64/boot.art" is invalid
02-18 21:46:03.567 E/app_process64( 5687): Could not create image space with image file '/system/framework/boot.art!/apex/com.android.art/etc/boot-image.prof!/system/etc/boot-image.prof:/system/framework/boot-framework-adservices.art'. Attempting to fall back to imageless running. Error was: Image header from "/system/framework/arm64/boot.art" is invalid
02-18 21:46:03.790 E/libsensor-displayalgo( 2261): value of coefs 5,850.073000,4.965174,-2.685090,1.640057,-4.685160, line 101
02-18 21:46:04.190 E/libsensor-displayalgo( 2261): value of coefs 5,850.073000,4.965174,-2.685090,1.640057,-4.685160, line 101
02-18 21:46:04.202 E/WifiClientModeImpl[19599:wlan0]( 2702): Failed to get mlo info
02-18 21:46:04.263 E/MediaSyncManager_11940_11940(11940): NotifyService isNotificationListenersEnabled false
02-18 21:46:04.490 E/libsensor-displayalgo( 2261): value of coefs 5,850.073000,4.965174,-2.685090,1.640057,-4.685160, line 101
02-18 21:46:04.544 E/RTMode  ( 2702): pkgName: com.pr4y.app.dev has no permission
02-18 21:46:04.791 E/libsensor-displayalgo( 2261): value of coefs 5,850.073000,4.965174,-2.685090,1.640057,-4.685160, line 101
02-18 21:46:05.090 E/libsensor-displayalgo( 2261): value of coefs 5,850.073000,4.965174,-2.685090,1.640057,-4.685160, line 101
02-18 21:46:05.390 E/libsensor-displayalgo( 2261): value of coefs 5,850.073000,4.965174,-2.685090,1.640057,-4.685160, line 101
02-18 21:46:05.533 E/sensors-hal( 1370): handle_sns_client_event:57, har-sensor-hal: time=172458336029227 data 1.000000
02-18 21:46:05.690 E/libsensor-displayalgo( 2261): value of coefs 5,850.073000,4.965174,-2.685090,1.640057,-4.685160, line 101
02-18 21:46:05.991 E/libsensor-displayalgo( 2261): value of coefs 5,850.073000,4.965174,-2.685090,1.640057,-4.685160, line 101
02-18 21:46:06.292 E/libsensor-displayalgo( 2261): value of coefs 5,850.073000,4.965174,-2.685090,1.640057,-4.685160, line 101
02-18 21:46:06.302 E/RTMode  ( 2702): pkgName: com.pr4y.app.dev has no permission
02-18 21:46:06.591 E/libsensor-displayalgo( 2261): value of coefs 5,850.073000,4.965174,-2.685090,1.640057,-4.685160, line 101
02-18 21:46:06.721 E/BluetoothUtils( 4271): isDeepDozeMode? false
02-18 21:46:06.891 E/libsensor-displayalgo( 2261): value of coefs 5,850.073000,4.965174,-2.685090,1.640057,-4.685160, line 101
02-18 21:46:07.192 E/libsensor-displayalgo( 2261): value of coefs 5,850.073000,4.965174,-2.685090,1.640057,-4.685160, line 101
02-18 21:46:07.229 E/WifiClientModeImpl[19599:wlan0]( 2702): Failed to get mlo info
02-18 21:46:07.492 E/libsensor-displayalgo( 2261): value of coefs 5,850.073000,4.965174,-2.685090,1.640057,-4.685160, line 101
02-18 21:46:07.792 E/libsensor-displayalgo( 2261): value of coefs 5,850.073000,4.965174,-2.685090,1.640057,-4.685160, line 101
02-18 21:46:08.092 E/libsensor-displayalgo( 2261): value of coefs 5,850.073000,4.965174,-2.685090,1.640057,-4.685160, line 101
02-18 21:46:08.393 E/libsensor-displayalgo( 2261): value of coefs 5,850.073000,4.965174,-2.685090,1.640057,-4.685160, line 101
02-18 21:46:08.693 E/libsensor-displayalgo( 2261): value of coefs 5,850.073000,4.965174,-2.685090,1.640057,-4.685160, line 101
02-18 21:46:08.792 E/RTMode  ( 2702): pkgName: com.pr4y.app.dev has no permission
02-18 21:46:08.797 E/RTMode  ( 2702): pkgName: com.pr4y.app.dev has no permission
02-18 21:46:08.809 E/RTMode  ( 2702): pkgName: com.pr4y.app.dev has no permission
02-18 21:46:08.813 E/RTMode  ( 2702): pkgName: com.pr4y.app.dev has no permission
02-18 21:46:08.816 E/RTMode  ( 2702): pkgName: com.pr4y.app.dev has no permission
02-18 21:46:08.820 E/RTMode  ( 2702): pkgName: com.pr4y.app.dev has no permission
02-18 21:46:08.825 E/RTMode  ( 2702): pkgName: com.pr4y.app.dev has no permission
02-18 21:46:08.828 E/RTMode  ( 2702): pkgName: com.pr4y.app.dev has no permission
02-18 21:46:08.832 E/RTMode  ( 2702): pkgName: com.pr4y.app.dev has no permission
02-18 21:46:08.837 E/RTMode  ( 2702): pkgName: com.pr4y.app.dev has no permission
02-18 21:46:08.841 E/RTMode  ( 2702): pkgName: com.pr4y.app.dev has no permission
02-18 21:46:08.846 E/RTMode  ( 2702): pkgName: com.pr4y.app.dev has no permission
02-18 21:46:08.849 E/RTMode  ( 2702): pkgName: com.pr4y.app.dev has no permission
02-18 21:46:08.853 E/RTMode  ( 2702): pkgName: com.pr4y.app.dev has no permission
02-18 21:46:08.857 E/RTMode  ( 2702): pkgName: com.pr4y.app.dev has no permission
02-18 21:46:08.861 E/RTMode  ( 2702): pkgName: com.pr4y.app.dev has no permission
02-18 21:46:08.865 E/RTMode  ( 2702): pkgName: com.pr4y.app.dev has no permission
02-18 21:46:08.869 E/RTMode  ( 2702): pkgName: com.pr4y.app.dev has no permission
02-18 21:46:08.991 E/libsensor-displayalgo( 2261): value of coefs 5,850.073000,4.965174,-2.685090,1.640057,-4.685160, line 101
02-18 21:46:09.291 E/libsensor-displayalgo( 2261): value of coefs 5,850.073000,4.965174,-2.685090,1.640057,-4.685160, line 101
02-18 21:46:09.591 E/libsensor-displayalgo( 2261): value of coefs 5,850.073000,4.965174,-2.685090,1.640057,-4.685160, line 101
02-18 21:46:09.891 E/libsensor-displayalgo( 2261): value of coefs 5,850.073000,4.965174,-2.685090,1.640057,-4.685160, line 101
02-18 21:46:10.192 E/libsensor-displayalgo( 2261): value of coefs 5,850.073000,4.965174,-2.685090,1.640057,-4.685160, line 101
02-18 21:46:10.254 E/WifiClientModeImpl[19599:wlan0]( 2702): Failed to get mlo info
02-18 21:46:10.492 E/libsensor-displayalgo( 2261): value of coefs 5,850.073000,4.965174,-2.685090,1.640057,-4.685160, line 101
02-18 21:46:10.792 E/libsensor-displayalgo( 2261): value of coefs 5,850.073000,4.965174,-2.685090,1.640057,-4.685160, line 101
02-18 21:46:10.813 E/RTMode  ( 2702): pkgName: com.pr4y.app.dev has no permission
02-18 21:46:11.092 E/libsensor-displayalgo( 2261): value of coefs 5,850.073000,4.965174,-2.685090,1.640057,-4.685160, line 101
02-18 21:46:11.244 E/RTMode  ( 2702): pkgName: com.pr4y.app.dev has no permission
02-18 21:46:11.391 E/libsensor-displayalgo( 2261): value of coefs 5,850.073000,4.965174,-2.685090,1.640057,-4.685160, line 101
02-18 21:46:11.474 E/RTMode  ( 2702): pkgName: com.pr4y.app.dev has no permission
02-18 21:46:11.692 E/libsensor-displayalgo( 2261): value of coefs 5,850.073000,4.965174,-2.685090,1.640057,-4.685160, line 101
02-18 21:46:11.720 E/RTMode  ( 2702): pkgName: com.pr4y.app.dev has no permission
02-18 21:46:11.733 E/RTMode  ( 2702): pkgName: com.pr4y.app.dev has no permission
02-18 21:46:11.738 E/RTMode  ( 2702): pkgName: com.pr4y.app.dev has no permission
02-18 21:46:11.741 E/RTMode  ( 2702): pkgName: com.pr4y.app.dev has no permission
02-18 21:46:11.745 E/RTMode  ( 2702): pkgName: com.pr4y.app.dev has no permission
02-18 21:46:11.749 E/RTMode  ( 2702): pkgName: com.pr4y.app.dev has no permission
02-18 21:46:11.753 E/RTMode  ( 2702): pkgName: com.pr4y.app.dev has no permission
02-18 21:46:11.757 E/RTMode  ( 2702): pkgName: com.pr4y.app.dev has no permission
02-18 21:46:11.761 E/RTMode  ( 2702): pkgName: com.pr4y.app.dev has no permission
02-18 21:46:11.770 E/RTMode  ( 2702): pkgName: com.pr4y.app.dev has no permission
02-18 21:46:11.774 E/RTMode  ( 2702): pkgName: com.pr4y.app.dev has no permission
02-18 21:46:11.778 E/RTMode  ( 2702): pkgName: com.pr4y.app.dev has no permission
02-18 21:46:11.990 E/libsensor-displayalgo( 2261): value of coefs 5,850.073000,4.965174,-2.685090,1.640057,-4.685160, line 101
02-18 21:46:12.046 E/RTMode  ( 2702): pkgName: com.pr4y.app.dev has no permission
02-18 21:46:12.182 E/RTMode  ( 2702): pkgName: com.pr4y.app.dev has no permission
02-18 21:46:12.257 E/RTMode  ( 2702): pkgName: com.pr4y.app.dev has no permission
02-18 21:46:12.261 E/RTMode  ( 2702): pkgName: com.pr4y.app.dev has no permission
02-18 21:46:12.265 E/RTMode  ( 2702): pkgName: com.pr4y.app.dev has no permission
02-18 21:46:12.291 E/libsensor-displayalgo( 2261): value of coefs 5,850.073000,4.965174,-2.685090,1.640057,-4.685160, line 101
02-18 21:46:12.460 E/RTMode  ( 2702): pkgName: com.pr4y.app.dev has no permission
02-18 21:46:12.590 E/libsensor-displayalgo( 2261): value of coefs 5,850.073000,4.965174,-2.685090,1.640057,-4.685160, line 101
02-18 21:46:12.594 E/RTMode  ( 2702): pkgName: com.pr4y.app.dev has no permission
02-18 21:46:12.730 E/RTMode  ( 2702): pkgName: com.pr4y.app.dev has no permission
02-18 21:46:12.991 E/libsensor-displayalgo( 2261): value of coefs 5,850.073000,4.965174,-2.685090,1.640057,-4.685160, line 101
02-18 21:46:13.170 E/RTMode  ( 2702): pkgName: com.pr4y.app.dev has no permission
02-18 21:46:13.271 E/WifiClientModeImpl[19599:wlan0]( 2702): Failed to get mlo info
02-18 21:46:13.291 E/libsensor-displayalgo( 2261): value of coefs 5,850.073000,4.965174,-2.685090,1.640057,-4.685160, line 101
02-18 21:46:13.592 E/libsensor-displayalgo( 2261): value of coefs 5,850.073000,4.965174,-2.685090,1.640057,-4.685160, line 101
02-18 21:46:13.830 E/vendor.xiaomi.hardware.micharge@1.0-service( 1520): Failed to open node /sys/class/qcom-battery/reverse_chg_mode
02-18 21:46:13.883 E/RTMode  ( 2702): pkgName: com.pr4y.app.dev has no permission
02-18 21:46:13.890 E/libsensor-displayalgo( 2261): value of coefs 5,850.073000,4.965174,-2.685090,1.640057,-4.685160, line 101
02-18 21:46:13.930 E/RTMode  ( 2702): pkgName: com.pr4y.app.dev has no permission
02-18 21:46:13.934 E/RTMode  ( 2702): pkgName: com.pr4y.app.dev has no permission
02-18 21:46:13.938 E/RTMode  ( 2702): pkgName: com.pr4y.app.dev has no permission
02-18 21:46:13.942 E/RTMode  ( 2702): pkgName: com.pr4y.app.dev has no permission
02-18 21:46:13.946 E/RTMode  ( 2702): pkgName: com.pr4y.app.dev has no permission
