--------- beginning of main
02-18 20:47:04.691 E/libsensor-displayalgo( 2261): value of coefs 5,850.073000,4.965174,-2.685090,1.640057,-4.685160, line 101
02-18 20:47:04.992 E/libsensor-displayalgo( 2261): value of coefs 5,850.073000,4.965174,-2.685090,1.640057,-4.685160, line 101
02-18 20:47:05.293 E/libsensor-displayalgo( 2261): value of coefs 5,850.073000,4.965174,-2.685090,1.640057,-4.685160, line 101
02-18 20:47:05.592 E/libsensor-displayalgo( 2261): value of coefs 5,850.073000,4.965174,-2.685090,1.640057,-4.685160, line 101
02-18 20:47:05.893 E/libsensor-displayalgo( 2261): value of coefs 5,850.073000,4.965174,-2.685090,1.640057,-4.685160, line 101
02-18 20:47:06.193 E/libsensor-displayalgo( 2261): value of coefs 5,850.073000,4.965174,-2.685090,1.640057,-4.685160, line 101
02-18 20:47:06.493 E/libsensor-displayalgo( 2261): value of coefs 5,850.073000,4.965174,-2.685090,1.640057,-4.685160, line 101
02-18 20:47:06.793 E/libsensor-displayalgo( 2261): value of coefs 5,850.073000,4.965174,-2.685090,1.640057,-4.685160, line 101
02-18 20:47:07.092 E/libsensor-displayalgo( 2261): value of coefs 5,850.073000,4.965174,-2.685090,1.640057,-4.685160, line 101
02-18 20:47:07.384 E/WifiClientModeImpl[19599:wlan0]( 2702): Failed to get mlo info
02-18 20:47:07.392 E/libsensor-displayalgo( 2261): value of coefs 5,850.073000,4.965174,-2.685090,1.640057,-4.685160, line 101
02-18 20:47:07.693 E/libsensor-displayalgo( 2261): value of coefs 5,850.073000,4.965174,-2.685090,1.640057,-4.685160, line 101
02-18 20:47:07.994 E/libsensor-displayalgo( 2261): value of coefs 5,850.073000,4.965174,-2.685090,1.640057,-4.685160, line 101
02-18 20:47:08.293 E/libsensor-displayalgo( 2261): value of coefs 5,850.073000,4.965174,-2.685090,1.640057,-4.685160, line 101
02-18 20:47:08.593 E/libsensor-displayalgo( 2261): value of coefs 5,850.073000,4.965174,-2.685090,1.640057,-4.685160, line 101
02-18 20:47:08.893 E/libsensor-displayalgo( 2261): value of coefs 5,850.073000,4.965174,-2.685090,1.640057,-4.685160, line 101
02-18 20:47:09.194 E/libsensor-displayalgo( 2261): value of coefs 5,850.073000,4.965174,-2.685090,1.640057,-4.685160, line 101
02-18 20:47:09.495 E/libsensor-displayalgo( 2261): value of coefs 5,850.073000,4.965174,-2.685090,1.640057,-4.685160, line 101
02-18 20:47:09.795 E/libsensor-displayalgo( 2261): value of coefs 5,850.073000,4.965174,-2.685090,1.640057,-4.685160, line 101
02-18 20:47:10.095 E/libsensor-displayalgo( 2261): value of coefs 5,850.073000,4.965174,-2.685090,1.640057,-4.685160, line 101
02-18 20:47:10.394 E/libsensor-displayalgo( 2261): value of coefs 5,850.073000,4.965174,-2.685090,1.640057,-4.685160, line 101
02-18 20:47:10.407 E/WifiClientModeImpl[19599:wlan0]( 2702): Failed to get mlo info
02-18 20:47:10.696 E/libsensor-displayalgo( 2261): value of coefs 5,850.073000,4.965174,-2.685090,1.640057,-4.685160, line 101
02-18 20:47:10.785 E/sensors-hal( 1370): handle_sns_client_event:57, har-sensor-hal: time=168923586335211 data 0.000000
02-18 20:47:10.994 E/libsensor-displayalgo( 2261): value of coefs 5,850.073000,4.965174,-2.685090,1.640057,-4.685160, line 101
02-18 20:47:11.294 E/libsensor-displayalgo( 2261): value of coefs 5,850.073000,4.965174,-2.685090,1.640057,-4.685160, line 101
02-18 20:47:11.594 E/libsensor-displayalgo( 2261): value of coefs 5,850.073000,4.965174,-2.685090,1.640057,-4.685160, line 101
02-18 20:47:11.658 E/PreStartUtils( 3966): preLaunchProcess success infoPackage: com.pr4y.app
02-18 20:47:11.695 E/Launcher.application( 3966): setClickAppWaitForCallback = true
02-18 20:47:11.696 E/Launcher.application( 3966): setClickAppWaitForCallback = true
02-18 20:47:11.697 E/ANDR-PERF-MPCTL( 1468): Perflock Submit request limit reached.
02-18 20:47:11.697 E/Launcher( 3966): superStartActivity   type=13
--------- beginning of system
02-18 20:47:11.702 E/WindowManager( 2702): setClientVisible ActivityRecord{1aa38b6 u0 com.pr4y.app/.MainActivity true
02-18 20:47:11.704 E/ANDR-PERF-MPCTL( 1468): Perflock Submit request limit reached.
02-18 20:47:11.704 E/ANDR-PERF-MPCTL( 1468): Perflock Submit request limit reached.
02-18 20:47:11.704 E/ANDR-PERF-MPCTL( 1468): Perflock Submit request limit reached.
02-18 20:47:11.704 E/ANDR-PERF-LM( 1468): MetaMeter: handleAsync() 166: AdaptLaunch Invalid Async
02-18 20:47:11.705 E/ANDR-PERF-LM( 1468): MetaMeter: handleAsync() 166: AdaptLaunch Invalid Async
02-18 20:47:11.706 E/ANDR-PERF-JNI( 2702): com_qualcomm_qtiperformance_native_perf_io_prefetch_start
02-18 20:47:11.713 E/Zygote  (23309): process_name_ptr:23309 com.pr4y.app
02-18 20:47:11.714 E/Zygote  (23309): SetMemoryProtected process_name_ptr:23309 com.pr4y.app
02-18 20:47:11.719 E/ANDR-PERF-LM( 1468): MetaMeter: handleAsync() 166: AdaptLaunch Invalid Async
02-18 20:47:11.719 E/ANDR-PERF-MPCTL( 1468): Perflock Submit request limit reached.
02-18 20:47:11.719 E/ANDR-PERF-LM( 1468): MetaMeter: handleAsync() 166: AdaptLaunch Invalid Async
02-18 20:47:11.723 E/ANDR-IOP( 1457): io prefetch is disabled
02-18 20:47:11.735 E/WindowManager( 2702): setClientVisible ActivityRecord{1aa38b6 u0 com.pr4y.app/.MainActivity t419} true
02-18 20:47:11.765 E/WindowManager( 2702): setClientVisible ActivityRecord{1aa38b6 u0 com.pr4y.app/.MainActivity t419} true
02-18 20:47:11.776 E/KeyguardTransitionHandlerImpl( 4462): activityCount = 0
02-18 20:47:11.780 E/onWindowDecorRectChanged( 4462): start size:1
02-18 20:47:11.780 E/onWindowDecorRectChanged( 4462): windowDecorRect: Rect(535, 10 - 684, 128)
02-18 20:47:11.783 E/WindowTransitionCompat( 3966): startAnimation isFastLaunch = false
02-18 20:47:11.783 E/ANDR-PERF-MPCTL( 1468): Perflock Submit request limit reached.
02-18 20:47:11.785 E/WindowTransitionCompat( 3966): printLeash::index = 0, root = Surface(name=Transition Root #3367: Task=419#43432)/@0x779aafb
02-18 20:47:11.785 E/WindowTransitionCompat( 3966): 0, check isClosingType type = 1, mode = 1
02-18 20:47:11.785 E/WindowTransitionCompat( 3966): 1, check isClosingType type = 2, mode = 4
02-18 20:47:11.794 E/WindowAnimParamsProvider( 3966): getWindowTargetBounds    bounds=Rect(0, 0 - 1220, 2712)
02-18 20:47:11.794 E/ClipAnimationHelper( 3966): updateSourceStack  mSourceInsets=Rect(0, 0 - 0, 0), mSourceStackBounds=Rect(0, 0 - 1220, 2712)
02-18 20:47:11.794 E/ClipAnimationHelper( 3966): updateHomeStack  mSourceInsets=Rect(0, 0 - 0, 0), mHomeStackBounds=Rect(0, 0 - 1220, 2712)
02-18 20:47:11.794 E/ClipAnimationHelper( 3966): updateTargetRect  mSourceRect=RectF(0.0, 0.0, 1220.0, 2712.0)   mTargetRect=RectF(0.0, 0.0, 1220.0, 2712.0)   mSourceWindowClipInsets=RectF(0.0, 0.0, 0.0, 0.0)   mHomeStackBounds=Rect(0, 0 - 1220, 2712)   targetRect=Rect(0, 0 - 1220, 2712)
02-18 20:47:11.799 E/MultiSpringDynamicAnimation8b22d52( 3966): ERROR Not Found Bundle scaleY
02-18 20:47:11.799 E/Launcher.application( 3966): setClickAppWaitForCallback = false
02-18 20:47:11.806 E/ANDR-PERF-MPCTL( 1468): Perflock Submit request limit reached.
02-18 20:47:11.808 E/MI-SF   ( 1606): surfaceflinger setAffinity success
02-18 20:47:11.808 E/MI-SF   ( 1606): surfaceflinger setAffinity success
02-18 20:47:11.820 E/NativeTurboSchedManagerJni( 2702): ioctl 8 failed!
02-18 20:47:11.832 E/ActivityManagerWrapper( 3966): get all recent tasks force including 419
02-18 20:47:11.836 E/ActivityManagerWrapper( 3966): getRecentTasksForceIncludingTaskIdIfValid: getRecentTasks: size=1
02-18 20:47:11.836 E/ActivityManagerWrapper( 3966):  mainTaskId=419   userId=0   windowMode=1   baseIntent=Intent { act=android.intent.action.MAIN flag=270532608 cmp=ComponentInfo{com.pr4y.app/com.pr4y.app.MainActivity} }
02-18 20:47:11.845 E/ActivityManagerWrapper( 3966): get all recent tasks force including 419
02-18 20:47:11.847 E/ActivityManagerWrapper( 3966): getRecentTasksForceIncludingTaskIdIfValid: getRecentTasks: size=1
02-18 20:47:11.847 E/ActivityManagerWrapper( 3966):  mainTaskId=419   userId=0   windowMode=1   baseIntent=Intent { act=android.intent.action.MAIN flag=270532608 cmp=ComponentInfo{com.pr4y.app/com.pr4y.app.MainActivity} }
02-18 20:47:11.895 E/libsensor-displayalgo( 2261): value of coefs 5,850.073000,4.965174,-2.685090,1.640057,-4.685160, line 101
02-18 20:47:12.047 E/ANDR-PERF-MPCTL( 1468): Perflock Submit request limit reached.
02-18 20:47:12.048 E/ANDR-PERF-LM( 1468): MetaMeter: handleAsync() 166: AdaptLaunch Invalid Async
02-18 20:47:12.066 E/HyperSentinel( 2702): -------------------------------------------------------
02-18 20:47:12.069 E/HyperSentinel( 2702): Event_ThreadAmount
02-18 20:47:12.073 E/HyperSentinel( 2702): -> audit event by proc 23309 "usap64": running threads amount, 0 -> 12
02-18 20:47:12.077 E/HyperSentinel( 2702): -------------------------------------------------------
02-18 20:47:12.077 E/HyperSentinel( 2702): Event_ResidentSize
02-18 20:47:12.078 E/HyperSentinel( 2702): -> audit event by proc 23309 "usap64": RSS increasement, peak 70008kb -> 105160kb
02-18 20:47:12.195 E/libsensor-displayalgo( 2261): value of coefs 5,850.073000,4.965174,-2.685090,1.640057,-4.685160, line 101
02-18 20:47:12.265 E/HyperSentinel( 2702): -------------------------------------------------------
02-18 20:47:12.266 E/HyperSentinel( 2702): Event_ResidentSize
02-18 20:47:12.266 E/HyperSentinel( 2702): -> audit event by proc 23309 "usap64": RSS increasement, peak 105160kb -> 157952kb
02-18 20:47:12.467 E/JobScheduler.Background( 2702): Couldn't determine stopped state for unknown package: com.google.android.apps.turbo
02-18 20:47:12.468 E/JobScheduler.Background( 2702): Couldn't determine stopped state for unknown package: com.google.android.apps.turbo
02-18 20:47:12.468 E/JobScheduler.Background( 2702): Couldn't determine stopped state for unknown package: com.google.android.apps.turbo
02-18 20:47:12.469 E/JobScheduler.Background( 2702): Couldn't determine stopped state for unknown package: com.aura.oobe.deutsche
02-18 20:47:12.492 E/libsensor-displayalgo( 2261): value of coefs 5,850.073000,4.965174,-2.685090,1.640057,-4.685160, line 101
02-18 20:47:12.561 E/WindowTransitionCompat( 3966): com.android.systemui.shared.recents.system.WindowTransitionCompat@da631b7 finishTransition toHome = false
02-18 20:47:12.577 E/WindowManager( 2702): setClientVisible ActivityRecord{7e2ed68 u0 com.miui.home/.launcher.Launcher t2} false
02-18 20:47:12.580 E/MI-SF   ( 1606): surfaceflinger setAffinity failed, error=22
02-18 20:47:12.580 E/WindowManager( 2702): setClientVisible WallpaperWindowToken{6516dda token=android.os.Binder@8bc8bc9} false
02-18 20:47:12.581 E/WindowManager( 2702): setClientVisible WallpaperWindowToken{bf25d92 token=android.os.Binder@97d971d} false
02-18 20:47:12.583 E/MI-SF   ( 1606): surfaceflinger resetAffinity failed.
02-18 20:47:12.596 E/WindowManager( 2702): setClientVisible WallpaperWindowToken{6516dda token=android.os.Binder@8bc8bc9} false
02-18 20:47:12.597 E/WindowManager( 2702): setClientVisible WallpaperWindowToken{bf25d92 token=android.os.Binder@97d971d} false
02-18 20:47:12.597 E/WindowManager( 2702): setClientVisible WallpaperWindowToken{6516dda token=android.os.Binder@8bc8bc9} false
02-18 20:47:12.597 E/WindowManager( 2702): setClientVisible WallpaperWindowToken{bf25d92 token=android.os.Binder@97d971d} false
02-18 20:47:12.600 E/WindowManager( 2702): setClientVisible WallpaperWindowToken{6516dda token=android.os.Binder@8bc8bc9} false
02-18 20:47:12.601 E/WindowManager( 2702): setClientVisible WallpaperWindowToken{bf25d92 token=android.os.Binder@97d971d} false
02-18 20:47:12.607 E/NativeTurboSchedManagerJni( 2702): ioctl 8 failed!
02-18 20:47:12.621 E/ActivityManagerWrapper( 3966): get all recent tasks force including 419
02-18 20:47:12.622 E/sensors-hal( 1370): handle_sns_client_event:57, har-sensor-hal: time=168925424592273 data 5.000000
02-18 20:47:12.626 E/ActivityManagerWrapper( 3966): getRecentTasksForceIncludingTaskIdIfValid: getRecentTasks: size=1
02-18 20:47:12.626 E/ActivityManagerWrapper( 3966):  mainTaskId=419   userId=0   windowMode=1   baseIntent=Intent { act=android.intent.action.MAIN flag=270532608 cmp=ComponentInfo{com.pr4y.app/com.pr4y.app.MainActivity} }
02-18 20:47:12.702 I/PR4Y_DEBUG(23309): Pr4yApp.onCreate|pkg=com.pr4y.app|pid=23309|uid=10305|userId=0|hypothesisId=H1,H5
02-18 20:47:12.745 E/BluetoothAdapterService( 4271): getActiveDevices: LeAudioService is null
02-18 20:47:12.794 E/libsensor-displayalgo( 2261): value of coefs 5,850.073000,4.965174,-2.685090,1.640057,-4.685160, line 101
02-18 20:47:12.827 E/ANDR-PERF-LM( 1468): VmRssMeter:: start() 358: Could not find pid, can not collect vmrss data
02-18 20:47:12.827 E/ANDR-PERF-LM( 1468): AdaptiveLaunch: writeToDataBase() 64: Meter aborted or could not get meter data for this run
02-18 20:47:12.828 E/ANDR-PERF-LM( 1468): VmRssMeter:: start() 358: Could not find pid, can not collect vmrss data
02-18 20:47:12.915 E/FramePredict(23309): registerContentObserver fail
02-18 20:47:12.942 E/HyperSentinel( 2702): -------------------------------------------------------
02-18 20:47:12.944 E/HyperSentinel( 2702): Event_ResidentSize
02-18 20:47:12.944 E/HyperSentinel( 2702): -> audit event by proc 23309 "usap64": RSS increasement, peak 157952kb -> 237584kb
02-18 20:47:12.944 E/HyperSentinel( 2702): -------------------------------------------------------
02-18 20:47:12.945 E/HyperSentinel( 2702): Event_ThreadAmount
02-18 20:47:12.945 E/HyperSentinel( 2702): -> audit event by proc 23309 "usap64": running threads amount, 12 -> 23
02-18 20:47:13.094 E/libsensor-displayalgo( 2261): value of coefs 5,850.073000,4.965174,-2.685090,1.640057,-4.685160, line 101
02-18 20:47:13.226 E/LB      (23309): fail to open node: No such file or directory
02-18 20:47:13.260 E/LB      (23309): fail to open node: No such file or directory
02-18 20:47:13.265 E/LB      (23309): fail to open node: No such file or directory
02-18 20:47:13.274 E/LB      (23309): fail to open node: No such file or directory
02-18 20:47:13.284 E/LB      (23309): fail to open node: No such file or directory
02-18 20:47:13.285 E/Launcher.application( 3966): setClickAppWaitForCallback = false
02-18 20:47:13.292 E/LB      (23309): fail to open node: No such file or directory
02-18 20:47:13.300 E/LB      (23309): fail to open node: No such file or directory
02-18 20:47:13.311 E/LB      (23309): fail to open node: No such file or directory
02-18 20:47:13.321 E/LB      (23309): fail to open node: No such file or directory
02-18 20:47:13.336 E/LB      (23309): fail to open node: No such file or directory
02-18 20:47:13.343 E/LB      (23309): fail to open node: No such file or directory
02-18 20:47:13.348 E/LB      (23309): fail to open node: No such file or directory
02-18 20:47:13.356 E/LB      (23309): fail to open node: No such file or directory
02-18 20:47:13.364 E/LB      (23309): fail to open node: No such file or directory
02-18 20:47:13.373 E/LB      (23309): fail to open node: No such file or directory
02-18 20:47:13.381 E/LB      (23309): fail to open node: No such file or directory
02-18 20:47:13.389 E/LB      (23309): fail to open node: No such file or directory
02-18 20:47:13.392 E/libsensor-displayalgo( 2261): value of coefs 5,850.073000,4.965174,-2.685090,1.640057,-4.685160, line 101
02-18 20:47:13.398 E/LB      (23309): fail to open node: No such file or directory
02-18 20:47:13.407 E/LB      (23309): fail to open node: No such file or directory
02-18 20:47:13.415 E/LB      (23309): fail to open node: No such file or directory
02-18 20:47:13.424 E/LB      (23309): fail to open node: No such file or directory
02-18 20:47:13.430 E/WifiClientModeImpl[19599:wlan0]( 2702): Failed to get mlo info
02-18 20:47:13.433 E/LB      (23309): fail to open node: No such file or directory
02-18 20:47:13.441 E/LB      (23309): fail to open node: No such file or directory
02-18 20:47:13.449 E/LB      (23309): fail to open node: No such file or directory
02-18 20:47:13.457 E/LB      (23309): fail to open node: No such file or directory
02-18 20:47:13.465 E/LB      (23309): fail to open node: No such file or directory
02-18 20:47:13.473 E/LB      (23309): fail to open node: No such file or directory
02-18 20:47:13.482 E/LB      (23309): fail to open node: No such file or directory
02-18 20:47:13.490 E/LB      (23309): fail to open node: No such file or directory
02-18 20:47:13.498 E/LB      (23309): fail to open node: No such file or directory
02-18 20:47:13.506 E/LB      (23309): fail to open node: No such file or directory
02-18 20:47:13.515 E/LB      (23309): fail to open node: No such file or directory
02-18 20:47:13.523 E/LB      (23309): fail to open node: No such file or directory
02-18 20:47:13.532 E/LB      (23309): fail to open node: No such file or directory
02-18 20:47:13.533 I/PR4Y_APP(23309): --- Iniciando B├║nker PR4Y (Async) ---
02-18 20:47:13.538 I/PR4Y_CRYPTO(23309): Inicializando almac├⌐n de hardware (Intento 1)...
02-18 20:47:13.543 E/LB      (23309): fail to open node: No such file or directory
02-18 20:47:13.549 E/LB      (23309): fail to open node: No such file or directory
02-18 20:47:13.557 E/LB      (23309): fail to open node: No such file or directory
02-18 20:47:13.565 E/LB      (23309): fail to open node: No such file or directory
02-18 20:47:13.573 E/LB      (23309): fail to open node: No such file or directory
02-18 20:47:13.586 E/LB      (23309): fail to open node: No such file or directory
02-18 20:47:13.590 E/LB      (23309): fail to open node: No such file or directory
02-18 20:47:13.599 E/LB      (23309): fail to open node: No such file or directory
02-18 20:47:13.607 E/LB      (23309): fail to open node: No such file or directory
02-18 20:47:13.616 E/LB      (23309): fail to open node: No such file or directory
02-18 20:47:13.623 E/LB      (23309): fail to open node: No such file or directory
02-18 20:47:13.628 E/KeymasterUtils(  870): rsp_header->status: -28
02-18 20:47:13.628 E/KeyMasterHalDevice(  870): abort_operation
02-18 20:47:13.628 E/KeyMasterHalDevice(  870): ret: -28
02-18 20:47:13.633 E/LB      (23309): fail to open node: No such file or directory
02-18 20:47:13.641 E/LB      (23309): fail to open node: No such file or directory
02-18 20:47:13.646 E/KeymasterUtils(  870): rsp_header->status: -28
02-18 20:47:13.646 E/KeyMasterHalDevice(  870): abort_operation
02-18 20:47:13.646 E/KeyMasterHalDevice(  870): ret: -28
02-18 20:47:13.652 E/LB      (23309): fail to open node: No such file or directory
02-18 20:47:13.659 E/LB      (23309): fail to open node: No such file or directory
02-18 20:47:13.666 E/LB      (23309): fail to open node: No such file or directory
02-18 20:47:13.667 E/KeymasterUtils(  870): rsp_header->status: -28
02-18 20:47:13.667 E/KeyMasterHalDevice(  870): abort_operation
02-18 20:47:13.667 E/KeyMasterHalDevice(  870): ret: -28
02-18 20:47:13.673 E/LB      (23309): fail to open node: No such file or directory
02-18 20:47:13.681 E/LB      (23309): fail to open node: No such file or directory
02-18 20:47:13.685 E/KeymasterUtils(  870): rsp_header->status: -28
02-18 20:47:13.685 E/KeyMasterHalDevice(  870): abort_operation
02-18 20:47:13.685 E/KeyMasterHalDevice(  870): ret: -28
02-18 20:47:13.690 E/LB      (23309): fail to open node: No such file or directory
02-18 20:47:13.692 E/libsensor-displayalgo( 2261): value of coefs 5,850.073000,4.965174,-2.685090,1.640057,-4.685160, line 101
02-18 20:47:13.699 E/LB      (23309): fail to open node: No such file or directory
02-18 20:47:13.702 E/KeymasterUtils(  870): rsp_header->status: -28
02-18 20:47:13.702 E/KeyMasterHalDevice(  870): abort_operation
02-18 20:47:13.702 E/KeyMasterHalDevice(  870): ret: -28
02-18 20:47:13.706 E/LB      (23309): fail to open node: No such file or directory
02-18 20:47:13.714 E/LB      (23309): fail to open node: No such file or directory
02-18 20:47:13.719 E/KeymasterUtils(  870): rsp_header->status: -28
02-18 20:47:13.719 E/KeyMasterHalDevice(  870): abort_operation
02-18 20:47:13.719 E/KeyMasterHalDevice(  870): ret: -28
02-18 20:47:13.721 I/PR4Y_CRYPTO(23309): Almac├⌐n cifrado listo.
02-18 20:47:13.724 E/LB      (23309): fail to open node: No such file or directory
02-18 20:47:13.732 E/LB      (23309): fail to open node: No such file or directory
02-18 20:47:13.739 E/LB      (23309): fail to open node: No such file or directory
02-18 20:47:13.745 E/KeymasterUtils(  870): rsp_header->status: -28
02-18 20:47:13.745 E/KeyMasterHalDevice(  870): abort_operation
02-18 20:47:13.745 E/KeyMasterHalDevice(  870): ret: -28
02-18 20:47:13.749 E/LB      (23309): fail to open node: No such file or directory
02-18 20:47:13.756 E/LB      (23309): fail to open node: No such file or directory
02-18 20:47:13.765 E/KeymasterUtils(  870): rsp_header->status: -28
02-18 20:47:13.765 E/KeyMasterHalDevice(  870): abort_operation
02-18 20:47:13.765 E/KeyMasterHalDevice(  870): ret: -28
02-18 20:47:13.766 E/LB      (23309): fail to open node: No such file or directory
02-18 20:47:13.773 E/LB      (23309): fail to open node: No such file or directory
02-18 20:47:13.783 E/LB      (23309): fail to open node: No such file or directory
02-18 20:47:13.783 E/KeymasterUtils(  870): rsp_header->status: -28
02-18 20:47:13.783 E/KeyMasterHalDevice(  870): abort_operation
02-18 20:47:13.783 E/KeyMasterHalDevice(  870): ret: -28
02-18 20:47:13.791 E/LB      (23309): fail to open node: No such file or directory
02-18 20:47:13.799 E/LB      (23309): fail to open node: No such file or directory
02-18 20:47:13.803 E/KeymasterUtils(  870): rsp_header->status: -28
02-18 20:47:13.804 E/KeyMasterHalDevice(  870): abort_operation
02-18 20:47:13.804 E/KeyMasterHalDevice(  870): ret: -28
02-18 20:47:13.807 E/LB      (23309): fail to open node: No such file or directory
02-18 20:47:13.815 E/LB      (23309): fail to open node: No such file or directory
02-18 20:47:13.820 E/KeymasterUtils(  870): rsp_header->status: -28
02-18 20:47:13.820 E/KeyMasterHalDevice(  870): abort_operation
02-18 20:47:13.820 E/KeyMasterHalDevice(  870): ret: -28
02-18 20:47:13.824 E/LB      (23309): fail to open node: No such file or directory
02-18 20:47:13.832 E/LB      (23309): fail to open node: No such file or directory
02-18 20:47:13.835 E/KeymasterUtils(  870): rsp_header->status: -28
02-18 20:47:13.835 E/KeyMasterHalDevice(  870): abort_operation
02-18 20:47:13.835 E/KeyMasterHalDevice(  870): ret: -28
02-18 20:47:13.841 E/LB      (23309): fail to open node: No such file or directory
02-18 20:47:13.848 E/LB      (23309): fail to open node: No such file or directory
02-18 20:47:13.857 E/LB      (23309): fail to open node: No such file or directory
02-18 20:47:13.866 E/LB      (23309): fail to open node: No such file or directory
02-18 20:47:13.874 E/LB      (23309): fail to open node: No such file or directory
02-18 20:47:13.882 E/LB      (23309): fail to open node: No such file or directory
02-18 20:47:13.890 E/LB      (23309): fail to open node: No such file or directory
02-18 20:47:13.926 E/KeymasterUtils(  870): rsp_header->status: -28
02-18 20:47:13.926 E/KeyMasterHalDevice(  870): abort_operation
02-18 20:47:13.926 E/KeyMasterHalDevice(  870): ret: -28
02-18 20:47:13.942 E/KeymasterUtils(  870): rsp_header->status: -28
02-18 20:47:13.942 E/KeyMasterHalDevice(  870): abort_operation
02-18 20:47:13.942 E/KeyMasterHalDevice(  870): ret: -28
02-18 20:47:13.960 E/KeymasterUtils(  870): rsp_header->status: -28
02-18 20:47:13.960 E/KeyMasterHalDevice(  870): abort_operation
02-18 20:47:13.960 E/KeyMasterHalDevice(  870): ret: -28
02-18 20:47:13.982 E/KeymasterUtils(  870): rsp_header->status: -28
02-18 20:47:13.982 E/KeyMasterHalDevice(  870): abort_operation
02-18 20:47:13.982 E/KeyMasterHalDevice(  870): ret: -28
02-18 20:47:13.992 E/libsensor-displayalgo( 2261): value of coefs 5,850.073000,4.965174,-2.685090,1.640057,-4.685160, line 101
02-18 20:47:13.999 E/KeymasterUtils(  870): rsp_header->status: -28
02-18 20:47:13.999 E/KeyMasterHalDevice(  870): abort_operation
02-18 20:47:13.999 E/KeyMasterHalDevice(  870): ret: -28
02-18 20:47:14.016 E/KeymasterUtils(  870): rsp_header->status: -28
02-18 20:47:14.016 E/KeyMasterHalDevice(  870): abort_operation
02-18 20:47:14.016 E/KeyMasterHalDevice(  870): ret: -28
02-18 20:47:14.043 E/KeymasterUtils(  870): rsp_header->status: -28
02-18 20:47:14.043 E/KeyMasterHalDevice(  870): abort_operation
02-18 20:47:14.043 E/KeyMasterHalDevice(  870): ret: -28
02-18 20:47:14.060 E/KeymasterUtils(  870): rsp_header->status: -28
02-18 20:47:14.060 E/KeyMasterHalDevice(  870): abort_operation
02-18 20:47:14.060 E/KeyMasterHalDevice(  870): ret: -28
02-18 20:47:14.078 E/KeymasterUtils(  870): rsp_header->status: -28
02-18 20:47:14.078 E/KeyMasterHalDevice(  870): abort_operation
02-18 20:47:14.078 E/KeyMasterHalDevice(  870): ret: -28
02-18 20:47:14.098 E/KeymasterUtils(  870): rsp_header->status: -28
02-18 20:47:14.098 E/KeyMasterHalDevice(  870): abort_operation
02-18 20:47:14.098 E/KeyMasterHalDevice(  870): ret: -28
02-18 20:47:14.114 E/KeymasterUtils(  870): rsp_header->status: -28
02-18 20:47:14.114 E/KeyMasterHalDevice(  870): abort_operation
02-18 20:47:14.114 E/KeyMasterHalDevice(  870): ret: -28
02-18 20:47:14.132 E/KeymasterUtils(  870): rsp_header->status: -28
02-18 20:47:14.132 E/KeyMasterHalDevice(  870): abort_operation
02-18 20:47:14.132 E/KeyMasterHalDevice(  870): ret: -28
02-18 20:47:14.291 E/libsensor-displayalgo( 2261): value of coefs 5,850.073000,4.965174,-2.685090,1.640057,-4.685160, line 101
02-18 20:47:14.313 E/LB      (23309): fail to open node: No such file or directory
02-18 20:47:14.593 E/libsensor-displayalgo( 2261): value of coefs 5,850.073000,4.965174,-2.685090,1.640057,-4.685160, line 101
02-18 20:47:14.893 E/libsensor-displayalgo( 2261): value of coefs 5,850.073000,4.965174,-2.685090,1.640057,-4.685160, line 101
02-18 20:47:15.164 E/RTMode  ( 2702): pkgName: com.pr4y.app has no permission
02-18 20:47:15.193 E/libsensor-displayalgo( 2261): value of coefs 5,850.073000,4.965174,-2.685090,1.640057,-4.685160, line 101
02-18 20:47:15.230 E/LB      (23309): fail to open node: No such file or directory
02-18 20:47:15.233 E/LB      (23309): fail to open node: No such file or directory
02-18 20:47:15.241 E/LB      (23309): fail to open node: No such file or directory
02-18 20:47:15.249 E/LB      (23309): fail to open node: No such file or directory
02-18 20:47:15.260 E/LB      (23309): fail to open node: No such file or directory
02-18 20:47:15.269 E/LB      (23309): fail to open node: No such file or directory
02-18 20:47:15.303 E/LB      (23309): fail to open node: No such file or directory
02-18 20:47:15.321 E/LB      (23309): fail to open node: No such file or directory
02-18 20:47:15.323 E/LB      (23309): fail to open node: No such file or directory
02-18 20:47:15.331 E/LB      (23309): fail to open node: No such file or directory
02-18 20:47:15.338 E/LB      (23309): fail to open node: No such file or directory
02-18 20:47:15.345 E/LB      (23309): fail to open node: No such file or directory
02-18 20:47:15.353 E/LB      (23309): fail to open node: No such file or directory
02-18 20:47:15.360 E/LB      (23309): fail to open node: No such file or directory
02-18 20:47:15.369 E/LB      (23309): fail to open node: No such file or directory
02-18 20:47:15.378 E/LB      (23309): fail to open node: No such file or directory
02-18 20:47:15.386 E/LB      (23309): fail to open node: No such file or directory
02-18 20:47:15.393 E/LB      (23309): fail to open node: No such file or directory
02-18 20:47:15.402 E/LB      (23309): fail to open node: No such file or directory
02-18 20:47:15.411 E/LB      (23309): fail to open node: No such file or directory
02-18 20:47:15.418 E/LB      (23309): fail to open node: No such file or directory
02-18 20:47:15.426 E/LB      (23309): fail to open node: No such file or directory
02-18 20:47:15.435 E/LB      (23309): fail to open node: No such file or directory
02-18 20:47:15.492 E/libsensor-displayalgo( 2261): value of coefs 5,850.073000,4.965174,-2.685090,1.640057,-4.685160, line 101
02-18 20:47:15.586 E/PR4Y_ERROR(23309): Login: NoCredentialException (useNonce=false)
02-18 20:47:15.587 I/PR4Y_APP(23309): Login: Intento sin nonce fall├│ o no devolvi├│ credencial, intentando con nonce
02-18 20:47:15.610 E/KeymasterUtils(  870): rsp_header->status: -28
02-18 20:47:15.610 E/KeyMasterHalDevice(  870): abort_operation
02-18 20:47:15.610 E/KeyMasterHalDevice(  870): ret: -28
02-18 20:47:15.635 E/KeymasterUtils(  870): rsp_header->status: -28
02-18 20:47:15.635 E/KeyMasterHalDevice(  870): abort_operation
02-18 20:47:15.635 E/KeyMasterHalDevice(  870): ret: -28
02-18 20:47:15.668 E/KeymasterUtils(  870): rsp_header->status: -28
02-18 20:47:15.668 E/KeyMasterHalDevice(  870): abort_operation
02-18 20:47:15.668 E/KeyMasterHalDevice(  870): ret: -28
02-18 20:47:15.735 E/KeymasterUtils(  870): rsp_header->status: -28
02-18 20:47:15.735 E/KeyMasterHalDevice(  870): abort_operation
02-18 20:47:15.735 E/KeyMasterHalDevice(  870): ret: -28
02-18 20:47:15.792 E/libsensor-displayalgo( 2261): value of coefs 5,850.073000,4.965174,-2.685090,1.640057,-4.685160, line 101
02-18 20:47:16.093 E/libsensor-displayalgo( 2261): value of coefs 5,850.073000,4.965174,-2.685090,1.640057,-4.685160, line 101
02-18 20:47:16.302 E/PR4Y_ERROR(23309): Login: NoCredentialException (useNonce=true)
02-18 20:47:16.335 E/WindowManager( 2702): setClientVisible ActivityRecord{b444407 u0 com.pr4y.app/com.google.android.gms.auth.api.signin.internal.SignInHubActivity true
02-18 20:47:16.337 E/ANDR-PERF-MPCTL( 1468): Perflock Submit request limit reached.
02-18 20:47:16.338 E/ANDR-PERF-LM( 1468): MetaMeter: handleAsync() 166: AdaptLaunch Invalid Async
02-18 20:47:16.341 E/ANDR-PERF-MPCTL( 1468): Perflock Submit request limit reached.
02-18 20:47:16.361 E/ANDR-PERF-MPCTL( 1468): Perflock Submit request limit reached.
02-18 20:47:16.364 E/WindowManager( 2702): setClientVisible ActivityRecord{b444407 u0 com.pr4y.app/com.google.android.gms.auth.api.signin.internal.SignInHubActivity t419} true
02-18 20:47:16.365 E/WindowManager( 2702): setClientVisible ActivityRecord{b444407 u0 com.pr4y.app/com.google.android.gms.auth.api.signin.internal.SignInHubActivity t419} true
02-18 20:47:16.365 E/ANDR-PERF-LM( 1468): MetaMeter: handleAsync() 166: AdaptLaunch Invalid Async
02-18 20:47:16.382 E/KeymasterUtils(  870): rsp_header->status: -28
02-18 20:47:16.382 E/KeyMasterHalDevice(  870): abort_operation
02-18 20:47:16.382 E/KeyMasterHalDevice(  870): ret: -28
02-18 20:47:16.392 E/WindowManager( 2702): setClientVisible ActivityRecord{3217115 u0 com.google.android.gms/.auth.api.signin.ui.SignInActivity true
02-18 20:47:16.393 E/libsensor-displayalgo( 2261): value of coefs 5,850.073000,4.965174,-2.685090,1.640057,-4.685160, line 101
02-18 20:47:16.394 E/ANDR-PERF-MPCTL( 1468): Perflock Submit request limit reached.
02-18 20:47:16.395 E/ANDR-PERF-LM( 1468): MetaMeter: handleAsync() 166: AdaptLaunch Invalid Async
02-18 20:47:16.399 E/ANDR-PERF-MPCTL( 1468): Perflock Submit request limit reached.
02-18 20:47:16.412 E/KeymasterUtils(  870): rsp_header->status: -28
02-18 20:47:16.412 E/KeyMasterHalDevice(  870): abort_operation
02-18 20:47:16.412 E/KeyMasterHalDevice(  870): ret: -28
02-18 20:47:16.429 E/KeymasterUtils(  870): rsp_header->status: -28
02-18 20:47:16.429 E/KeyMasterHalDevice(  870): abort_operation
02-18 20:47:16.429 E/KeyMasterHalDevice(  870): ret: -28
02-18 20:47:16.442 E/WifiClientModeImpl[19599:wlan0]( 2702): Failed to get mlo info
02-18 20:47:16.445 E/ANDR-PERF-MPCTL( 1468): Perflock Submit request limit reached.
02-18 20:47:16.449 E/ANDR-PERF-LM( 1468): MetaMeter: handleAsync() 166: AdaptLaunch Invalid Async
02-18 20:47:16.450 E/WindowManager( 2702): setClientVisible ActivityRecord{3217115 u0 com.google.android.gms/.auth.api.signin.ui.SignInActivity t419} true
02-18 20:47:16.451 E/WindowManager( 2702): setClientVisible ActivityRecord{3217115 u0 com.google.android.gms/.auth.api.signin.ui.SignInActivity t419} true
02-18 20:47:16.455 E/KeymasterUtils(  870): rsp_header->status: -28
02-18 20:47:16.455 E/KeyMasterHalDevice(  870): abort_operation
02-18 20:47:16.455 E/KeyMasterHalDevice(  870): ret: -28
02-18 20:47:16.482 E/BluetoothAdapterService( 4271): getActiveDevices: LeAudioService is null
02-18 20:47:16.549 E/NativeTurboSchedManagerJni(31110): open /dev/metis failed!
02-18 20:47:16.550 E/NativeTurboSchedManagerJni(31110): open /dev/metis failed!
02-18 20:47:16.554 E/WindowManager( 2702): setClientVisible ActivityRecord{3217115 u0 com.google.android.gms/.auth.api.signin.ui.SignInActivity t419} true
02-18 20:47:16.563 E/KeyguardTransitionHandlerImpl( 4462): activityCount = 2
02-18 20:47:16.563 E/KeyguardTransitionHandlerImpl( 4462): activityCount = 2
02-18 20:47:16.582 E/NativeTurboSchedManagerJni( 2702): ioctl 8 failed!
02-18 20:47:16.589 E/WindowManager( 2702): setClientVisible ActivityRecord{f572f51 u0 com.google.android.gms/.common.api.GoogleApiActivity true
02-18 20:47:16.591 E/ANDR-PERF-MPCTL( 1468): Perflock Submit request limit reached.
02-18 20:47:16.592 E/ANDR-PERF-LM( 1468): MetaMeter: handleAsync() 166: AdaptLaunch Invalid Async
02-18 20:47:16.595 E/ANDR-PERF-MPCTL( 1468): Perflock Submit request limit reached.
02-18 20:47:16.609 E/ANDR-PERF-MPCTL( 1468): Perflock Submit request limit reached.
02-18 20:47:16.611 E/WindowManager( 2702): setClientVisible ActivityRecord{f572f51 u0 com.google.android.gms/.common.api.GoogleApiActivity t419} true
02-18 20:47:16.611 E/ANDR-PERF-LM( 1468): MetaMeter: handleAsync() 166: AdaptLaunch Invalid Async
02-18 20:47:16.616 E/ActivityManagerWrapper( 3966): get all recent tasks force including 419
02-18 20:47:16.616 E/WindowManager( 2702): setClientVisible ActivityRecord{f572f51 u0 com.google.android.gms/.common.api.GoogleApiActivity t419} true
02-18 20:47:16.627 E/ActivityManagerWrapper( 3966): getRecentTasksForceIncludingTaskIdIfValid: getRecentTasks: size=1
02-18 20:47:16.627 E/ActivityManagerWrapper( 3966):  mainTaskId=419   userId=0   windowMode=1   baseIntent=Intent { act=android.intent.action.MAIN flag=270532608 cmp=ComponentInfo{com.pr4y.app/com.pr4y.app.MainActivity} }
02-18 20:47:16.639 E/PhoneAdapter( 4437): get ntnphones failed, exception: java.lang.IllegalStateException: Default phones haven't been made yet!
02-18 20:47:16.653 E/WindowManager( 2702): setClientVisible ActivityRecord{d9ec666 u0 com.google.android.gms/.signin.activity.SignInActivity true
02-18 20:47:16.661 E/ANDR-PERF-MPCTL( 1468): Perflock Submit request limit reached.
02-18 20:47:16.661 E/ANDR-PERF-LM( 1468): MetaMeter: handleAsync() 166: AdaptLaunch Invalid Async
02-18 20:47:16.668 E/ANDR-PERF-MPCTL( 1468): Perflock Submit request limit reached.
02-18 20:47:16.692 E/libsensor-displayalgo( 2261): value of coefs 5,850.073000,4.965174,-2.685090,1.640057,-4.685160, line 101
02-18 20:47:16.698 E/ANDR-PERF-MPCTL( 1468): Perflock Submit request limit reached.
02-18 20:47:16.703 E/ANDR-PERF-LM( 1468): MetaMeter: handleAsync() 166: AdaptLaunch Invalid Async
02-18 20:47:16.705 E/WindowManager( 2702): setClientVisible ActivityRecord{d9ec666 u0 com.google.android.gms/.signin.activity.SignInActivity t419} true
02-18 20:47:16.709 E/WindowManager( 2702): setClientVisible ActivityRecord{d9ec666 u0 com.google.android.gms/.signin.activity.SignInActivity t419} true
02-18 20:47:16.735 E/NativeTurboSchedManagerJni(31110): open /dev/metis failed!
02-18 20:47:16.736 E/NativeTurboSchedManagerJni(31110): open /dev/metis failed!
02-18 20:47:16.750 E/ActivityThread( 3966): Failed to find provider info for com.miui.personalassistant.servicedeliver.system.provider
02-18 20:47:16.752 E/ServiceDeliveryCompat( 3966): isSupportServiceDelivery
02-18 20:47:16.752 E/ServiceDeliveryCompat( 3966): java.lang.IllegalArgumentException: Unknown authority com.miui.personalassistant.servicedeliver.system.provider
02-18 20:47:16.752 E/ServiceDeliveryCompat( 3966): 	at android.content.ContentResolver.call(ContentResolver.java:2466)
02-18 20:47:16.752 E/ServiceDeliveryCompat( 3966): 	at android.content.ContentResolver.call(ContentResolver.java:2449)
02-18 20:47:16.752 E/ServiceDeliveryCompat( 3966): 	at com.miui.home.launcher.servicedeliver.ServiceDeliveryUtils.isSupportServiceDelivery(ServiceDeliveryUtils.kt:28)
02-18 20:47:16.752 E/ServiceDeliveryCompat( 3966): 	at com.miui.home.launcher.servicedeliver.ServiceDeliveryReplaceHelper.lambda$tryReplaceToServiceDelivery$1(ServiceDeliveryReplaceHelper.java:67)
02-18 20:47:16.752 E/ServiceDeliveryCompat( 3966): 	at com.miui.home.launcher.servicedeliver.ServiceDeliveryReplaceHelper.$r8$lambda$WUWmthv-UjITX40FJ8ag1YKl6O8(Unknown Source:0)
02-18 20:47:16.752 E/ServiceDeliveryCompat( 3966): 	at com.miui.home.launcher.servicedeliver.ServiceDeliveryReplaceHelper$$ExternalSyntheticLambda1.run(Unknown Source:2)
02-18 20:47:16.752 E/ServiceDeliveryCompat( 3966): 	at java.util.concurrent.Executors$RunnableAdapter.call(Executors.java:520)
02-18 20:47:16.752 E/ServiceDeliveryCompat( 3966): 	at java.util.concurrent.FutureTask.run(FutureTask.java:317)
02-18 20:47:16.752 E/ServiceDeliveryCompat( 3966): 	at java.util.concurrent.ThreadPoolExecutor.runWorker(ThreadPoolExecutor.java:1154)
02-18 20:47:16.752 E/ServiceDeliveryCompat( 3966): 	at java.util.concurrent.ThreadPoolExecutor$Worker.run(ThreadPoolExecutor.java:652)
02-18 20:47:16.752 E/ServiceDeliveryCompat( 3966): 	at java.lang.Thread.run(Thread.java:1563)
02-18 20:47:16.754 E/jccc    (31110): *~*~*~ Previous channel {0} was garbage collected without being shut down! ~*~*~*
02-18 20:47:16.754 E/jccc    (31110):     Make sure to call shutdown()/shutdownNow()
02-18 20:47:16.754 E/jccc    (31110): java.lang.RuntimeException: ManagedChannel allocation site
02-18 20:47:16.754 E/jccc    (31110): 	at jccb.<init>(:com.google.android.gms@260438035@26.04.38 (260400-867839860):21)
02-18 20:47:16.754 E/jccc    (31110): 	at jccc.<init>(:com.google.android.gms@260438035@26.04.38 (260400-867839860):10)
02-18 20:47:16.754 E/jccc    (31110): 	at jcca.a(:com.google.android.gms@260438035@26.04.38 (260400-867839860):300)
02-18 20:47:16.754 E/jccc    (31110): 	at jbma.a(:com.google.android.gms@260438035@26.04.38 (260400-867839860):5)
02-18 20:47:16.754 E/jccc    (31110): 	at bfck.a(:com.google.android.gms@260438035@26.04.38 (260400-867839860):85)
02-18 20:47:16.754 E/jccc    (31110): 	at bfcb.t(:com.google.android.gms@260438035@26.04.38 (260400-867839860):119)
02-18 20:47:16.754 E/jccc    (31110): 	at bfcb.G(:com.google.android.gms@260438035@26.04.38 (260400-867839860):5)
02-18 20:47:16.754 E/jccc    (31110): 	at ezcg.call(:com.google.android.gms@260438035@26.04.38 (260400-867839860):265)
02-18 20:47:16.754 E/jccc    (31110): 	at java.util.concurrent.FutureTask.run(FutureTask.java:317)
02-18 20:47:16.754 E/jccc    (31110): 	at bfin.c(:com.google.android.gms@260438035@26.04.38 (260400-867839860):50)
02-18 20:47:16.754 E/jccc    (31110): 	at bfin.run(:com.google.android.gms@260438035@26.04.38 (260400-867839860):73)
02-18 20:47:16.754 E/jccc    (31110): 	at java.util.concurrent.ThreadPoolExecutor.runWorker(ThreadPoolExecutor.java:1154)
02-18 20:47:16.754 E/jccc    (31110): 	at java.util.concurrent.ThreadPoolExecutor$Worker.run(ThreadPoolExecutor.java:652)
02-18 20:47:16.754 E/jccc    (31110): 	at bfoe.run(:com.google.android.gms@260438035@26.04.38 (260400-867839860):8)
02-18 20:47:16.754 E/jccc    (31110): 	at java.lang.Thread.run(Thread.java:1563)
02-18 20:47:16.791 E/NativeTurboSchedManagerJni(31110): open /dev/metis failed!
02-18 20:47:16.793 E/NativeTurboSchedManagerJni(31110): open /dev/metis failed!
02-18 20:47:16.796 E/WindowManager( 2702): setClientVisible ActivityRecord{f572f51 u0 com.google.android.gms/.common.api.GoogleApiActivity t419} true
02-18 20:47:16.796 E/WindowManager( 2702): setClientVisible ActivityRecord{d9ec666 u0 com.google.android.gms/.signin.activity.SignInActivity t419} true
02-18 20:47:16.811 E/KeyguardTransitionHandlerImpl( 4462): activityCount = 2
02-18 20:47:16.811 E/KeyguardTransitionHandlerImpl( 4462): activityCount = 2
02-18 20:47:16.821 E/ActivityManagerWrapper( 3966): get all recent tasks force including 419
02-18 20:47:16.823 E/ActivityManagerWrapper( 3966): getRecentTasksForceIncludingTaskIdIfValid: getRecentTasks: size=1
02-18 20:47:16.823 E/ActivityManagerWrapper( 3966):  mainTaskId=419   userId=0   windowMode=1   baseIntent=Intent { act=android.intent.action.MAIN flag=270532608 cmp=ComponentInfo{com.pr4y.app/com.pr4y.app.MainActivity} }
02-18 20:47:16.939 E/WindowManager( 2702): setClientVisible ActivityRecord{f51511 u0 com.google.android.gms/.common.account.AccountPickerActivity true
02-18 20:47:16.943 E/ANDR-PERF-MPCTL( 1468): Perflock Submit request limit reached.
02-18 20:47:16.944 E/ANDR-PERF-LM( 1468): MetaMeter: handleAsync() 166: AdaptLaunch Invalid Async
02-18 20:47:16.950 E/ANDR-PERF-MPCTL( 1468): Perflock Submit request limit reached.
02-18 20:47:16.958 E/ANDR-PERF-MPCTL( 1468): Perflock Submit request limit reached.
02-18 20:47:16.962 E/WindowManager( 2702): setClientVisible ActivityRecord{f51511 u0 com.google.android.gms/.common.account.AccountPickerActivity t419} true
02-18 20:47:16.962 E/ANDR-PERF-LM( 1468): MetaMeter: handleAsync() 166: AdaptLaunch Invalid Async
02-18 20:47:16.962 E/WindowManager( 2702): setClientVisible ActivityRecord{f51511 u0 com.google.android.gms/.common.account.AccountPickerActivity t419} true
02-18 20:47:16.982 E/MI-SF   ( 1606): surfaceflinger setAffinity success
02-18 20:47:16.982 E/MI-SF   ( 1606): surfaceflinger setAffinity success
02-18 20:47:16.985 E/MI-SF   ( 1606): surfaceflinger setAffinity success
02-18 20:47:16.987 E/.android.gms.ui(31110): Invalid resource ID 0x00000000.
02-18 20:47:17.055 E/NativeTurboSchedManagerJni(31110): open /dev/metis failed!
02-18 20:47:17.055 E/NativeTurboSchedManagerJni(31110): open /dev/metis failed!
02-18 20:47:17.057 E/WindowManager( 2702): setClientVisible ActivityRecord{f51511 u0 com.google.android.gms/.common.account.AccountPickerActivity t419} true
02-18 20:47:17.067 E/KeyguardTransitionHandlerImpl( 4462): activityCount = 1
02-18 20:47:17.067 E/KeyguardTransitionHandlerImpl( 4462): activityCount = 1
02-18 20:47:17.083 E/.android.gms.ui(31110): Invalid resource ID 0x00000000.
02-18 20:47:17.084 E/ActivityManagerWrapper( 3966): get all recent tasks force including 419
02-18 20:47:17.088 E/ActivityManagerWrapper( 3966): getRecentTasksForceIncludingTaskIdIfValid: getRecentTasks: size=1
02-18 20:47:17.088 E/ActivityManagerWrapper( 3966):  mainTaskId=419   userId=0   windowMode=1   baseIntent=Intent { act=android.intent.action.MAIN flag=270532608 cmp=ComponentInfo{com.pr4y.app/com.pr4y.app.MainActivity} }
02-18 20:47:17.092 E/libsensor-displayalgo( 2261): value of coefs 5,850.073000,4.965174,-2.685090,1.640057,-4.685160, line 101
02-18 20:47:17.283 E/MI-SF   ( 1606): surfaceflinger setAffinity failed, error=22
02-18 20:47:17.284 E/MI-SF   ( 1606): surfaceflinger setAffinity failed.
02-18 20:47:17.284 E/MI-SF   ( 1606): surfaceflinger setAffinity failed, error=22
02-18 20:47:17.284 E/MI-SF   ( 1606): surfaceflinger setreAffinity failed.
02-18 20:47:17.290 E/MI-SF   ( 1606): surfaceflinger setAffinity failed, error=22
02-18 20:47:17.290 E/MI-SF   ( 1606): surfaceflinger resetAffinity failed.
02-18 20:47:17.395 E/libsensor-displayalgo( 2261): value of coefs 5,850.073000,4.965174,-2.685090,1.640057,-4.685160, line 101
02-18 20:47:17.400 E/ANDR-PERF-LM( 1468): VmRssMeter:: start() 358: Could not find pid, can not collect vmrss data
02-18 20:47:17.400 E/ANDR-PERF-LM( 1468): AdaptiveLaunch: writeToDataBase() 64: Meter aborted or could not get meter data for this run
02-18 20:47:17.402 E/ANDR-PERF-LM( 1468): VmRssMeter:: start() 358: Could not find pid, can not collect vmrss data
02-18 20:47:17.582 E/MI-SF   ( 1606): surfaceflinger setAffinity failed, error=22
02-18 20:47:17.582 E/MI-SF   ( 1606): surfaceflinger setAffinity failed.
02-18 20:47:17.582 E/MI-SF   ( 1606): surfaceflinger setAffinity failed, error=22
02-18 20:47:17.582 E/MI-SF   ( 1606): surfaceflinger setreAffinity failed.
02-18 20:47:17.588 E/MI-SF   ( 1606): surfaceflinger setAffinity failed, error=22
02-18 20:47:17.588 E/MI-SF   ( 1606): surfaceflinger resetAffinity failed.
02-18 20:47:17.693 E/libsensor-displayalgo( 2261): value of coefs 5,850.073000,4.965174,-2.685090,1.640057,-4.685160, line 101
02-18 20:47:17.883 E/MI-SF   ( 1606): surfaceflinger setAffinity failed, error=22
02-18 20:47:17.883 E/MI-SF   ( 1606): surfaceflinger setAffinity failed.
02-18 20:47:17.883 E/MI-SF   ( 1606): surfaceflinger setAffinity failed, error=22
02-18 20:47:17.883 E/MI-SF   ( 1606): surfaceflinger setreAffinity failed.
02-18 20:47:17.889 E/MI-SF   ( 1606): surfaceflinger setAffinity failed, error=22
02-18 20:47:17.889 E/MI-SF   ( 1606): surfaceflinger resetAffinity failed.
02-18 20:47:17.992 E/libsensor-displayalgo( 2261): value of coefs 5,850.073000,4.965174,-2.685090,1.640057,-4.685160, line 101
02-18 20:47:18.183 E/MI-SF   ( 1606): surfaceflinger setAffinity failed, error=22
02-18 20:47:18.183 E/MI-SF   ( 1606): surfaceflinger setAffinity failed.
02-18 20:47:18.183 E/MI-SF   ( 1606): surfaceflinger setAffinity failed, error=22
02-18 20:47:18.184 E/MI-SF   ( 1606): surfaceflinger setreAffinity failed.
02-18 20:47:18.189 E/MI-SF   ( 1606): surfaceflinger setAffinity failed, error=22
02-18 20:47:18.189 E/MI-SF   ( 1606): surfaceflinger resetAffinity failed.
02-18 20:47:18.227 E/com.pr4y.app(23309): FrameInsert open fail: No such file or directory
02-18 20:47:18.293 E/libsensor-displayalgo( 2261): value of coefs 5,850.073000,4.965174,-2.685090,1.640057,-4.685160, line 101
02-18 20:47:18.485 E/MI-SF   ( 1606): surfaceflinger setAffinity failed, error=22
02-18 20:47:18.485 E/MI-SF   ( 1606): surfaceflinger setAffinity failed.
02-18 20:47:18.485 E/MI-SF   ( 1606): surfaceflinger setAffinity failed, error=22
02-18 20:47:18.485 E/MI-SF   ( 1606): surfaceflinger setreAffinity failed.
02-18 20:47:18.490 E/MI-SF   ( 1606): surfaceflinger setAffinity failed, error=22
02-18 20:47:18.490 E/MI-SF   ( 1606): surfaceflinger resetAffinity failed.
02-18 20:47:18.504 E/RTMode  ( 2702): pkgName: com.google.android.gms has no permission
02-18 20:47:18.592 E/libsensor-displayalgo( 2261): value of coefs 5,850.073000,4.965174,-2.685090,1.640057,-4.685160, line 101
02-18 20:47:18.649 E/ANDR-PERF-MPCTL( 1468): Perflock Submit request limit reached.
02-18 20:47:18.674 E/KeyguardTransitionHandlerImpl( 4462): activityCount = 1
02-18 20:47:18.674 E/KeyguardTransitionHandlerImpl( 4462): activityCount = 1
02-18 20:47:18.678 E/WindowManager( 2702): setClientVisible ActivityRecord{f51511 u0 com.google.android.gms/.common.account.AccountPickerActivity t419 f}} false
02-18 20:47:18.764 E/NativeTurboSchedManagerJni( 2702): ioctl 8 failed!
02-18 20:47:18.768 E/ActivityManagerWrapper( 3966): get all recent tasks force including 419
02-18 20:47:18.773 E/ActivityManagerWrapper( 3966): getRecentTasksForceIncludingTaskIdIfValid: getRecentTasks: size=1
02-18 20:47:18.773 E/ActivityManagerWrapper( 3966):  mainTaskId=419   userId=0   windowMode=1   baseIntent=Intent { act=android.intent.action.MAIN flag=270532608 cmp=ComponentInfo{com.pr4y.app/com.pr4y.app.MainActivity} }
02-18 20:47:18.790 E/MI-SF   ( 1606): surfaceflinger setAffinity success
02-18 20:47:18.790 E/MI-SF   ( 1606): surfaceflinger setAffinity success
02-18 20:47:18.795 E/MI-SF   ( 1606): surfaceflinger setAffinity success
02-18 20:47:18.891 E/libsensor-displayalgo( 2261): value of coefs 5,850.073000,4.965174,-2.685090,1.640057,-4.685160, line 101
02-18 20:47:18.903 E/SysUtils(24978): cancelNotificationById: 5,showRedDot:-1
02-18 20:47:18.943 E/Zygote  (26843): process_name_ptr:26843 com.miui.cloudservice
02-18 20:47:18.943 E/Zygote  (26843): SetMemoryProtected process_name_ptr:26843 com.miui.cloudservice
02-18 20:47:18.999 E/KeymasterUtils(  870): rsp_header->status: -28
02-18 20:47:18.999 E/KeyMasterHalDevice(  870): abort_operation
02-18 20:47:18.999 E/KeyMasterHalDevice(  870): ret: -28
02-18 20:47:19.097 E/MI-SF   ( 1606): surfaceflinger setAffinity success
02-18 20:47:19.097 E/MI-SF   ( 1606): surfaceflinger setAffinity success
02-18 20:47:19.104 E/MI-SF   ( 1606): surfaceflinger setAffinity success
02-18 20:47:19.113 E/JobScheduler( 2702): ResourceBudgetManagerInternal is null
02-18 20:47:19.191 E/libsensor-displayalgo( 2261): value of coefs 5,850.073000,4.965174,-2.685090,1.640057,-4.685160, line 101
02-18 20:47:19.236 E/JobScheduler( 2702): ResourceBudgetManagerInternal is null
02-18 20:47:19.310 E/JobScheduler( 2702): ResourceBudgetManagerInternal is null
02-18 20:47:19.318 E/KeymasterUtils(  870): rsp_header->status: -28
02-18 20:47:19.318 E/KeyMasterHalDevice(  870): abort_operation
02-18 20:47:19.318 E/KeyMasterHalDevice(  870): ret: -28
02-18 20:47:19.330 E/Zygote  (26894): process_name_ptr:26894 com.xiaomi.finddevice
02-18 20:47:19.330 E/Zygote  (26894): SetMemoryProtected process_name_ptr:26894 com.xiaomi.finddevice
02-18 20:47:19.336 E/ANDR-PERF-MPCTL( 1468): Perflock Submit request limit reached.
02-18 20:47:19.364 E/KeyguardTransitionHandlerImpl( 4462): activityCount = 1
02-18 20:47:19.364 E/KeyguardTransitionHandlerImpl( 4462): activityCount = 1
02-18 20:47:19.372 E/WindowManager( 2702): setClientVisible ActivityRecord{d9ec666 u0 com.google.android.gms/.signin.activity.SignInActivity t419 f}} false
02-18 20:47:19.398 E/MI-SF   ( 1606): surfaceflinger setAffinity success
02-18 20:47:19.398 E/MI-SF   ( 1606): surfaceflinger setAffinity success
02-18 20:47:19.405 E/MI-SF   ( 1606): surfaceflinger setAffinity success
02-18 20:47:19.407 E/ANDR-PERF-MPCTL( 1468): Perflock Submit request limit reached.
02-18 20:47:19.429 E/KeyguardTransitionHandlerImpl( 4462): activityCount = 1
02-18 20:47:19.429 E/KeyguardTransitionHandlerImpl( 4462): activityCount = 1
02-18 20:47:19.433 E/WindowManager( 2702): setClientVisible ActivityRecord{f572f51 u0 com.google.android.gms/.common.api.GoogleApiActivity t419 f}} false
02-18 20:47:19.457 E/libprocessgroup( 2702): Failed to open /sys/fs/cgroup/uid_10421/pid_21353/cgroup.procs: No such file or directory
